[2026-07-24T19:31:50.617Z] Install started for core database skylynx_install_probe on host.docker.internal:1433.
[2026-07-24T19:31:50.619Z] Schema files: 01_schemas.sql, 02_types.sql, 03_tables.sql, 04_constraints.sql, 05_relationships.sql, 06_indexes.sql, 07_functions.sql, 08_views.sql, 09_stored_procedures.sql, 10_triggers.sql
[2026-07-24T19:31:50.621Z] Seed files: 001_Payments.Provider.sql, 002_Payments.Webhook.sql, 003_dbo.AspNetRoles.sql, 004_dbo.AspNetUsers.sql, 005_dbo.DyForm.sql, 006_dbo.DyFormDataSourceDefinition.sql, 007_dbo.DyFormDomainType.sql, 008_dbo.DyFormFieldType.sql, 009_dbo.DyFormResolverContext.sql, 010_dbo.DyFormResolverType.sql, 011_dbo.DyFormRuleSyntax.sql, 012_dbo.DyFormRuleType.sql, 013_dbo.DyFormSection.sql, 014_dbo.DyFormViewModelDefinition.sql, 015_dbo.ISO6391_Languages.sql, 016_dbo.LayoutTypes.sql, 017_dbo.OwnerTypes.sql, 018_dbo.Portals.sql, 019_dbo.ProfileProviders.sql, 020_dbo.ProtosDataModelDefinition.sql, 021_dbo.ProtosTargetType.sql, 022_dbo.ProtosTemplate.sql, 023_dbo.ProtosTemplateStatus.sql, 024_dbo.ProviderProfileFieldType.sql, 025_dbo.ResolverTypes.sql, 026_dbo.Resolvers.sql, 027_dbo.StateProvinces.sql, 028_dbo.StyledTypes.sql, 029_dbo.SystemFileTypes.sql, 030_dbo.SystemLogs.sql, 031_dbo.SystemValueTypes.sql, 032_dbo.ThemeDefinitions.sql, 033_Payments.Intent.sql, 034_Payments.ProviderSecret.sql, 035_dbo.API_Owners.sql, 036_dbo.Address.sql, 037_dbo.AspNetUserClaims.sql, 038_dbo.AspNetUserLogins.sql, 039_dbo.AspNetUserRoles.sql, 040_dbo.AspNetUserTokens.sql, 041_dbo.BankAccounts.sql, 042_dbo.CustomerProfile_Providers.sql, 043_dbo.DyFormDomains.sql, 044_dbo.DyFormExpression.sql, 045_dbo.DyFormFieldRule.sql, 046_dbo.DyFormSectionResolvers.sql, 047_dbo.DyFormSections.sql, 048_dbo.DyFormViewModelLineage.sql, 049_dbo.Layouts.sql, 050_dbo.Modules.sql, 051_dbo.PageDefinition.sql, 052_dbo.PaymentMethods.sql, 053_dbo.PortalOwners.sql, 054_dbo.PortalProfileProviders.sql, 055_dbo.PortalRoles.sql, 056_dbo.ProtosTemplateVersion.sql, 057_dbo.ProviderProfileFields.sql, 058_dbo.SubscriptionPlans.sql, 059_Payments.TargetLink.sql, 060_Payments.Txn.sql, 061_dbo.API_KEYS.sql, 062_dbo.DefaultUserRoles.sql, 063_dbo.DyFormDomainValues.sql, 064_dbo.DyFormField.sql, 065_dbo.DyFormRuleDefinition.sql, 066_dbo.PortalPageModules.sql, 067_dbo.ProtosTemplateLineage.sql, 068_dbo.ProtosTemplateLink.sql, 069_dbo.ProtosTemplateTree.sql, 070_dbo.SettingKeys.sql, 071_dbo.SkyLynxConfig_PackagedModules.sql, 072_dbo.Transactions.sql, 073_dbo.UserProfiles.sql, 074_dbo.UserProviderProfiles.sql, 075_dbo.DyFormFieldSectionDefinition.sql, 076_dbo.DyFormRuleTarget.sql, 077_dbo.GlobalModuleSettings.sql, 078_dbo.GlobalPortalSettings.sql, 079_dbo.ModuleSettings.sql, 080_dbo.PortalSettings.sql, 081_dbo.ProtosViewModelDefinition.sql, 082_dbo.SkyLynxConfig_PackagedManifest.sql
[2026-07-24T19:31:50.653Z] Transaction started.
[2026-07-24T19:31:50.659Z] Executing 01_schemas.sql batch 1.
[2026-07-24T19:31:50.664Z] Executing 01_schemas.sql batch 2.
[2026-07-24T19:31:50.673Z] Executing 02_types.sql batch 1.
[2026-07-24T19:31:50.677Z] Executing 02_types.sql batch 2.
[2026-07-24T19:31:50.688Z] Executing 02_types.sql batch 3.
[2026-07-24T19:31:50.698Z] Executing 02_types.sql batch 4.
[2026-07-24T19:31:50.705Z] Executing 02_types.sql batch 5.
[2026-07-24T19:31:50.720Z] Executing 03_tables.sql batch 1.
[2026-07-24T19:31:50.726Z] Executing 03_tables.sql batch 2.
[2026-07-24T19:31:50.737Z] Executing 03_tables.sql batch 3.
[2026-07-24T19:31:50.747Z] Executing 03_tables.sql batch 4.
[2026-07-24T19:31:50.753Z] Executing 03_tables.sql batch 5.
[2026-07-24T19:31:50.759Z] Executing 03_tables.sql batch 6.
[2026-07-24T19:31:50.767Z] Executing 03_tables.sql batch 7.
[2026-07-24T19:31:50.774Z] Executing 03_tables.sql batch 8.
[2026-07-24T19:31:50.782Z] Executing 03_tables.sql batch 9.
[2026-07-24T19:31:50.792Z] Executing 03_tables.sql batch 10.
[2026-07-24T19:31:50.799Z] Executing 03_tables.sql batch 11.
[2026-07-24T19:31:50.808Z] Executing 03_tables.sql batch 12.
[2026-07-24T19:31:50.815Z] Executing 03_tables.sql batch 13.
[2026-07-24T19:31:50.822Z] Executing 03_tables.sql batch 14.
[2026-07-24T19:31:50.830Z] Executing 03_tables.sql batch 15.
[2026-07-24T19:31:50.839Z] Executing 03_tables.sql batch 16.
[2026-07-24T19:31:50.848Z] Executing 03_tables.sql batch 17.
[2026-07-24T19:31:50.857Z] Executing 03_tables.sql batch 18.
[2026-07-24T19:31:50.867Z] Executing 03_tables.sql batch 19.
[2026-07-24T19:31:50.879Z] Executing 03_tables.sql batch 20.
[2026-07-24T19:31:50.888Z] Executing 03_tables.sql batch 21.
[2026-07-24T19:31:50.900Z] Executing 03_tables.sql batch 22.
[2026-07-24T19:31:50.908Z] Executing 03_tables.sql batch 23.
[2026-07-24T19:31:50.916Z] Executing 03_tables.sql batch 24.
[2026-07-24T19:31:50.922Z] Executing 03_tables.sql batch 25.
[2026-07-24T19:31:50.929Z] Executing 03_tables.sql batch 26.
[2026-07-24T19:31:50.936Z] Executing 03_tables.sql batch 27.
[2026-07-24T19:31:50.944Z] Executing 03_tables.sql batch 28.
[2026-07-24T19:31:50.951Z] Executing 03_tables.sql batch 29.
[2026-07-24T19:31:50.958Z] Executing 03_tables.sql batch 30.
[2026-07-24T19:31:50.965Z] Executing 03_tables.sql batch 31.
[2026-07-24T19:31:50.972Z] Executing 03_tables.sql batch 32.
[2026-07-24T19:31:50.979Z] Executing 03_tables.sql batch 33.
[2026-07-24T19:31:50.986Z] Executing 03_tables.sql batch 34.
[2026-07-24T19:31:50.993Z] Executing 03_tables.sql batch 35.
[2026-07-24T19:31:51.000Z] Executing 03_tables.sql batch 36.
[2026-07-24T19:31:51.006Z] Executing 03_tables.sql batch 37.
[2026-07-24T19:31:51.012Z] Executing 03_tables.sql batch 38.
[2026-07-24T19:31:51.021Z] Executing 03_tables.sql batch 39.
[2026-07-24T19:31:51.029Z] Executing 03_tables.sql batch 40.
[2026-07-24T19:31:51.036Z] Executing 03_tables.sql batch 41.
[2026-07-24T19:31:51.043Z] Executing 03_tables.sql batch 42.
[2026-07-24T19:31:51.049Z] Executing 03_tables.sql batch 43.
[2026-07-24T19:31:51.057Z] Executing 03_tables.sql batch 44.
[2026-07-24T19:31:51.063Z] Executing 03_tables.sql batch 45.
[2026-07-24T19:31:51.070Z] Executing 03_tables.sql batch 46.
[2026-07-24T19:31:51.076Z] Executing 03_tables.sql batch 47.
[2026-07-24T19:31:51.083Z] Executing 03_tables.sql batch 48.
[2026-07-24T19:31:51.089Z] Executing 03_tables.sql batch 49.
[2026-07-24T19:31:51.096Z] Executing 03_tables.sql batch 50.
[2026-07-24T19:31:51.102Z] Executing 03_tables.sql batch 51.
[2026-07-24T19:31:51.109Z] Executing 03_tables.sql batch 52.
[2026-07-24T19:31:51.116Z] Executing 03_tables.sql batch 53.
[2026-07-24T19:31:51.122Z] Executing 03_tables.sql batch 54.
[2026-07-24T19:31:51.129Z] Executing 03_tables.sql batch 55.
[2026-07-24T19:31:51.135Z] Executing 03_tables.sql batch 56.
[2026-07-24T19:31:51.141Z] Executing 03_tables.sql batch 57.
[2026-07-24T19:31:51.149Z] Executing 03_tables.sql batch 58.
[2026-07-24T19:31:51.154Z] Executing 03_tables.sql batch 59.
[2026-07-24T19:31:51.162Z] Executing 03_tables.sql batch 60.
[2026-07-24T19:31:51.169Z] Executing 03_tables.sql batch 61.
[2026-07-24T19:31:51.177Z] Executing 03_tables.sql batch 62.
[2026-07-24T19:31:51.184Z] Executing 03_tables.sql batch 63.
[2026-07-24T19:31:51.191Z] Executing 03_tables.sql batch 64.
[2026-07-24T19:31:51.198Z] Executing 03_tables.sql batch 65.
[2026-07-24T19:31:51.203Z] Executing 03_tables.sql batch 66.
[2026-07-24T19:31:51.210Z] Executing 03_tables.sql batch 67.
[2026-07-24T19:31:51.216Z] Executing 03_tables.sql batch 68.
[2026-07-24T19:31:51.221Z] Executing 03_tables.sql batch 69.
[2026-07-24T19:31:51.227Z] Executing 03_tables.sql batch 70.
[2026-07-24T19:31:51.234Z] Executing 03_tables.sql batch 71.
[2026-07-24T19:31:51.239Z] Executing 03_tables.sql batch 72.
[2026-07-24T19:31:51.245Z] Executing 03_tables.sql batch 73.
[2026-07-24T19:31:51.251Z] Executing 03_tables.sql batch 74.
[2026-07-24T19:31:51.257Z] Executing 03_tables.sql batch 75.
[2026-07-24T19:31:51.264Z] Executing 03_tables.sql batch 76.
[2026-07-24T19:31:51.269Z] Executing 03_tables.sql batch 77.
[2026-07-24T19:31:51.274Z] Executing 03_tables.sql batch 78.
[2026-07-24T19:31:51.281Z] Executing 03_tables.sql batch 79.
[2026-07-24T19:31:51.288Z] Executing 03_tables.sql batch 80.
[2026-07-24T19:31:51.294Z] Executing 03_tables.sql batch 81.
[2026-07-24T19:31:51.299Z] Executing 03_tables.sql batch 82.
[2026-07-24T19:31:51.305Z] Executing 03_tables.sql batch 83.
[2026-07-24T19:31:51.317Z] Executing 04_constraints.sql batch 1.
[2026-07-24T19:31:51.321Z] Executing 04_constraints.sql batch 2.
[2026-07-24T19:31:51.333Z] Executing 04_constraints.sql batch 3.
[2026-07-24T19:31:51.344Z] Executing 04_constraints.sql batch 4.
[2026-07-24T19:31:51.356Z] Executing 04_constraints.sql batch 5.
[2026-07-24T19:31:51.371Z] Executing 04_constraints.sql batch 6.
[2026-07-24T19:31:51.386Z] Executing 04_constraints.sql batch 7.
[2026-07-24T19:31:51.402Z] Executing 04_constraints.sql batch 8.
[2026-07-24T19:31:51.416Z] Executing 04_constraints.sql batch 9.
[2026-07-24T19:31:51.430Z] Executing 04_constraints.sql batch 10.
[2026-07-24T19:31:51.447Z] Executing 04_constraints.sql batch 11.
[2026-07-24T19:31:51.461Z] Executing 04_constraints.sql batch 12.
[2026-07-24T19:31:51.473Z] Executing 04_constraints.sql batch 13.
[2026-07-24T19:31:51.487Z] Executing 04_constraints.sql batch 14.
[2026-07-24T19:31:51.501Z] Executing 04_constraints.sql batch 15.
[2026-07-24T19:31:51.515Z] Executing 04_constraints.sql batch 16.
[2026-07-24T19:31:51.531Z] Executing 04_constraints.sql batch 17.
[2026-07-24T19:31:51.548Z] Executing 04_constraints.sql batch 18.
[2026-07-24T19:31:51.563Z] Executing 04_constraints.sql batch 19.
[2026-07-24T19:31:51.579Z] Executing 04_constraints.sql batch 20.
[2026-07-24T19:31:51.593Z] Executing 04_constraints.sql batch 21.
[2026-07-24T19:31:51.607Z] Executing 04_constraints.sql batch 22.
[2026-07-24T19:31:51.621Z] Executing 04_constraints.sql batch 23.
[2026-07-24T19:31:51.635Z] Executing 04_constraints.sql batch 24.
[2026-07-24T19:31:51.648Z] Executing 04_constraints.sql batch 25.
[2026-07-24T19:31:51.662Z] Executing 04_constraints.sql batch 26.
[2026-07-24T19:31:51.675Z] Executing 04_constraints.sql batch 27.
[2026-07-24T19:31:51.687Z] Executing 04_constraints.sql batch 28.
[2026-07-24T19:31:51.699Z] Executing 04_constraints.sql batch 29.
[2026-07-24T19:31:51.711Z] Executing 04_constraints.sql batch 30.
[2026-07-24T19:31:51.723Z] Executing 04_constraints.sql batch 31.
[2026-07-24T19:31:51.735Z] Executing 04_constraints.sql batch 32.
[2026-07-24T19:31:51.746Z] Executing 04_constraints.sql batch 33.
[2026-07-24T19:31:51.756Z] Executing 04_constraints.sql batch 34.
[2026-07-24T19:31:51.767Z] Executing 04_constraints.sql batch 35.
[2026-07-24T19:31:51.779Z] Executing 04_constraints.sql batch 36.
[2026-07-24T19:31:51.789Z] Executing 04_constraints.sql batch 37.
[2026-07-24T19:31:51.800Z] Executing 04_constraints.sql batch 38.
[2026-07-24T19:31:51.812Z] Executing 04_constraints.sql batch 39.
[2026-07-24T19:31:51.823Z] Executing 04_constraints.sql batch 40.
[2026-07-24T19:31:51.835Z] Executing 04_constraints.sql batch 41.
[2026-07-24T19:31:51.846Z] Executing 04_constraints.sql batch 42.
[2026-07-24T19:31:51.858Z] Executing 04_constraints.sql batch 43.
[2026-07-24T19:31:51.869Z] Executing 04_constraints.sql batch 44.
[2026-07-24T19:31:51.880Z] Executing 04_constraints.sql batch 45.
[2026-07-24T19:31:51.891Z] Executing 04_constraints.sql batch 46.
[2026-07-24T19:31:51.902Z] Executing 04_constraints.sql batch 47.
[2026-07-24T19:31:51.914Z] Executing 04_constraints.sql batch 48.
[2026-07-24T19:31:51.925Z] Executing 04_constraints.sql batch 49.
[2026-07-24T19:31:51.936Z] Executing 04_constraints.sql batch 50.
[2026-07-24T19:31:51.949Z] Executing 04_constraints.sql batch 51.
[2026-07-24T19:31:51.961Z] Executing 04_constraints.sql batch 52.
[2026-07-24T19:31:51.972Z] Executing 04_constraints.sql batch 53.
[2026-07-24T19:31:51.984Z] Executing 04_constraints.sql batch 54.
[2026-07-24T19:31:51.996Z] Executing 04_constraints.sql batch 55.
[2026-07-24T19:31:52.007Z] Executing 04_constraints.sql batch 56.
[2026-07-24T19:31:52.020Z] Executing 04_constraints.sql batch 57.
[2026-07-24T19:31:52.033Z] Executing 04_constraints.sql batch 58.
[2026-07-24T19:31:52.047Z] Executing 04_constraints.sql batch 59.
[2026-07-24T19:31:52.062Z] Executing 04_constraints.sql batch 60.
[2026-07-24T19:31:52.075Z] Executing 04_constraints.sql batch 61.
[2026-07-24T19:31:52.088Z] Executing 04_constraints.sql batch 62.
[2026-07-24T19:31:52.102Z] Executing 04_constraints.sql batch 63.
[2026-07-24T19:31:52.115Z] Executing 04_constraints.sql batch 64.
[2026-07-24T19:31:52.128Z] Executing 04_constraints.sql batch 65.
[2026-07-24T19:31:52.140Z] Executing 04_constraints.sql batch 66.
[2026-07-24T19:31:52.152Z] Executing 04_constraints.sql batch 67.
[2026-07-24T19:31:52.163Z] Executing 04_constraints.sql batch 68.
[2026-07-24T19:31:52.176Z] Executing 04_constraints.sql batch 69.
[2026-07-24T19:31:52.192Z] Executing 04_constraints.sql batch 70.
[2026-07-24T19:31:52.203Z] Executing 04_constraints.sql batch 71.
[2026-07-24T19:31:52.214Z] Executing 04_constraints.sql batch 72.
[2026-07-24T19:31:52.229Z] Executing 04_constraints.sql batch 73.
[2026-07-24T19:31:52.248Z] Executing 04_constraints.sql batch 74.
[2026-07-24T19:31:52.267Z] Executing 04_constraints.sql batch 75.
[2026-07-24T19:31:52.288Z] Executing 04_constraints.sql batch 76.
[2026-07-24T19:31:52.300Z] Executing 04_constraints.sql batch 77.
[2026-07-24T19:31:52.311Z] Executing 04_constraints.sql batch 78.
[2026-07-24T19:31:52.323Z] Executing 04_constraints.sql batch 79.
[2026-07-24T19:31:52.335Z] Executing 04_constraints.sql batch 80.
[2026-07-24T19:31:52.347Z] Executing 04_constraints.sql batch 81.
[2026-07-24T19:31:52.359Z] Executing 04_constraints.sql batch 82.
[2026-07-24T19:31:52.370Z] Executing 04_constraints.sql batch 83.
[2026-07-24T19:31:52.382Z] Executing 04_constraints.sql batch 84.
[2026-07-24T19:31:52.394Z] Executing 04_constraints.sql batch 85.
[2026-07-24T19:31:52.407Z] Executing 04_constraints.sql batch 86.
[2026-07-24T19:31:52.419Z] Executing 04_constraints.sql batch 87.
[2026-07-24T19:31:52.435Z] Executing 04_constraints.sql batch 88.
[2026-07-24T19:31:52.455Z] Executing 04_constraints.sql batch 89.
[2026-07-24T19:31:52.475Z] Executing 04_constraints.sql batch 90.
[2026-07-24T19:31:52.496Z] Executing 04_constraints.sql batch 91.
[2026-07-24T19:31:52.518Z] Executing 04_constraints.sql batch 92.
[2026-07-24T19:31:52.541Z] Executing 04_constraints.sql batch 93.
[2026-07-24T19:31:52.555Z] Executing 04_constraints.sql batch 94.
[2026-07-24T19:31:52.568Z] Executing 04_constraints.sql batch 95.
[2026-07-24T19:31:52.579Z] Executing 04_constraints.sql batch 96.
[2026-07-24T19:31:52.591Z] Executing 04_constraints.sql batch 97.
[2026-07-24T19:31:52.603Z] Executing 04_constraints.sql batch 98.
[2026-07-24T19:31:52.615Z] Executing 04_constraints.sql batch 99.
[2026-07-24T19:31:52.627Z] Executing 04_constraints.sql batch 100.
[2026-07-24T19:31:52.640Z] Executing 04_constraints.sql batch 101.
[2026-07-24T19:31:52.652Z] Executing 04_constraints.sql batch 102.
[2026-07-24T19:31:52.663Z] Executing 04_constraints.sql batch 103.
[2026-07-24T19:31:52.675Z] Executing 04_constraints.sql batch 104.
[2026-07-24T19:31:52.687Z] Executing 04_constraints.sql batch 105.
[2026-07-24T19:31:52.698Z] Executing 04_constraints.sql batch 106.
[2026-07-24T19:31:52.719Z] Executing 04_constraints.sql batch 107.
[2026-07-24T19:31:52.731Z] Executing 04_constraints.sql batch 108.
[2026-07-24T19:31:52.741Z] Executing 04_constraints.sql batch 109.
[2026-07-24T19:31:52.749Z] Executing 04_constraints.sql batch 110.
[2026-07-24T19:31:52.758Z] Executing 04_constraints.sql batch 111.
[2026-07-24T19:31:52.767Z] Executing 04_constraints.sql batch 112.
[2026-07-24T19:31:52.776Z] Executing 04_constraints.sql batch 113.
[2026-07-24T19:31:52.784Z] Executing 04_constraints.sql batch 114.
[2026-07-24T19:31:52.793Z] Executing 04_constraints.sql batch 115.
[2026-07-24T19:31:52.801Z] Executing 04_constraints.sql batch 116.
[2026-07-24T19:31:52.811Z] Executing 04_constraints.sql batch 117.
[2026-07-24T19:31:52.824Z] Executing 05_relationships.sql batch 1.
[2026-07-24T19:31:52.829Z] Executing 05_relationships.sql batch 2.
[2026-07-24T19:31:52.838Z] Executing 05_relationships.sql batch 3.
[2026-07-24T19:31:52.848Z] Executing 05_relationships.sql batch 4.
[2026-07-24T19:31:52.858Z] Executing 05_relationships.sql batch 5.
[2026-07-24T19:31:52.867Z] Executing 05_relationships.sql batch 6.
[2026-07-24T19:31:52.877Z] Executing 05_relationships.sql batch 7.
[2026-07-24T19:31:52.886Z] Executing 05_relationships.sql batch 8.
[2026-07-24T19:31:52.896Z] Executing 05_relationships.sql batch 9.
[2026-07-24T19:31:52.907Z] Executing 05_relationships.sql batch 10.
[2026-07-24T19:31:52.917Z] Executing 05_relationships.sql batch 11.
[2026-07-24T19:31:52.927Z] Executing 05_relationships.sql batch 12.
[2026-07-24T19:31:52.937Z] Executing 05_relationships.sql batch 13.
[2026-07-24T19:31:52.946Z] Executing 05_relationships.sql batch 14.
[2026-07-24T19:31:52.956Z] Executing 05_relationships.sql batch 15.
[2026-07-24T19:31:52.966Z] Executing 05_relationships.sql batch 16.
[2026-07-24T19:31:52.976Z] Executing 05_relationships.sql batch 17.
[2026-07-24T19:31:52.985Z] Executing 05_relationships.sql batch 18.
[2026-07-24T19:31:52.995Z] Executing 05_relationships.sql batch 19.
[2026-07-24T19:31:53.005Z] Executing 05_relationships.sql batch 20.
[2026-07-24T19:31:53.015Z] Executing 05_relationships.sql batch 21.
[2026-07-24T19:31:53.026Z] Executing 05_relationships.sql batch 22.
[2026-07-24T19:31:53.035Z] Executing 05_relationships.sql batch 23.
[2026-07-24T19:31:53.045Z] Executing 05_relationships.sql batch 24.
[2026-07-24T19:31:53.055Z] Executing 05_relationships.sql batch 25.
[2026-07-24T19:31:53.065Z] Executing 05_relationships.sql batch 26.
[2026-07-24T19:31:53.075Z] Executing 05_relationships.sql batch 27.
[2026-07-24T19:31:53.084Z] Executing 05_relationships.sql batch 28.
[2026-07-24T19:31:53.095Z] Executing 05_relationships.sql batch 29.
[2026-07-24T19:31:53.105Z] Executing 05_relationships.sql batch 30.
[2026-07-24T19:31:53.114Z] Executing 05_relationships.sql batch 31.
[2026-07-24T19:31:53.124Z] Executing 05_relationships.sql batch 32.
[2026-07-24T19:31:53.133Z] Executing 05_relationships.sql batch 33.
[2026-07-24T19:31:53.143Z] Executing 05_relationships.sql batch 34.
[2026-07-24T19:31:53.152Z] Executing 05_relationships.sql batch 35.
[2026-07-24T19:31:53.162Z] Executing 05_relationships.sql batch 36.
[2026-07-24T19:31:53.172Z] Executing 05_relationships.sql batch 37.
[2026-07-24T19:31:53.182Z] Executing 05_relationships.sql batch 38.
[2026-07-24T19:31:53.192Z] Executing 05_relationships.sql batch 39.
[2026-07-24T19:31:53.201Z] Executing 05_relationships.sql batch 40.
[2026-07-24T19:31:53.212Z] Executing 05_relationships.sql batch 41.
[2026-07-24T19:31:53.221Z] Executing 05_relationships.sql batch 42.
[2026-07-24T19:31:53.231Z] Executing 05_relationships.sql batch 43.
[2026-07-24T19:31:53.241Z] Executing 05_relationships.sql batch 44.
[2026-07-24T19:31:53.251Z] Executing 05_relationships.sql batch 45.
[2026-07-24T19:31:53.260Z] Executing 05_relationships.sql batch 46.
[2026-07-24T19:31:53.269Z] Executing 05_relationships.sql batch 47.
[2026-07-24T19:31:53.279Z] Executing 05_relationships.sql batch 48.
[2026-07-24T19:31:53.290Z] Executing 05_relationships.sql batch 49.
[2026-07-24T19:31:53.302Z] Executing 05_relationships.sql batch 50.
[2026-07-24T19:31:53.314Z] Executing 05_relationships.sql batch 51.
[2026-07-24T19:31:53.324Z] Executing 05_relationships.sql batch 52.
[2026-07-24T19:31:53.334Z] Executing 05_relationships.sql batch 53.
[2026-07-24T19:31:53.346Z] Executing 05_relationships.sql batch 54.
[2026-07-24T19:31:53.358Z] Executing 05_relationships.sql batch 55.
[2026-07-24T19:31:53.368Z] Executing 05_relationships.sql batch 56.
[2026-07-24T19:31:53.378Z] Executing 05_relationships.sql batch 57.
[2026-07-24T19:31:53.388Z] Executing 05_relationships.sql batch 58.
[2026-07-24T19:31:53.397Z] Executing 05_relationships.sql batch 59.
[2026-07-24T19:31:53.410Z] Executing 05_relationships.sql batch 60.
[2026-07-24T19:31:53.419Z] Executing 05_relationships.sql batch 61.
[2026-07-24T19:31:53.429Z] Executing 05_relationships.sql batch 62.
[2026-07-24T19:31:53.439Z] Executing 05_relationships.sql batch 63.
[2026-07-24T19:31:53.448Z] Executing 05_relationships.sql batch 64.
[2026-07-24T19:31:53.460Z] Executing 05_relationships.sql batch 65.
[2026-07-24T19:31:53.473Z] Executing 05_relationships.sql batch 66.
[2026-07-24T19:31:53.484Z] Executing 05_relationships.sql batch 67.
[2026-07-24T19:31:53.495Z] Executing 05_relationships.sql batch 68.
[2026-07-24T19:31:53.504Z] Executing 05_relationships.sql batch 69.
[2026-07-24T19:31:53.514Z] Executing 05_relationships.sql batch 70.
[2026-07-24T19:31:53.523Z] Executing 05_relationships.sql batch 71.
[2026-07-24T19:31:53.532Z] Executing 05_relationships.sql batch 72.
[2026-07-24T19:31:53.543Z] Executing 05_relationships.sql batch 73.
[2026-07-24T19:31:53.553Z] Executing 05_relationships.sql batch 74.
[2026-07-24T19:31:53.563Z] Executing 05_relationships.sql batch 75.
[2026-07-24T19:31:53.573Z] Executing 05_relationships.sql batch 76.
[2026-07-24T19:31:53.583Z] Executing 05_relationships.sql batch 77.
[2026-07-24T19:31:53.593Z] Executing 05_relationships.sql batch 78.
[2026-07-24T19:31:53.603Z] Executing 05_relationships.sql batch 79.
[2026-07-24T19:31:53.614Z] Executing 05_relationships.sql batch 80.
[2026-07-24T19:31:53.624Z] Executing 05_relationships.sql batch 81.
[2026-07-24T19:31:53.635Z] Executing 05_relationships.sql batch 82.
[2026-07-24T19:31:53.648Z] Executing 05_relationships.sql batch 83.
[2026-07-24T19:31:53.660Z] Executing 05_relationships.sql batch 84.
[2026-07-24T19:31:53.673Z] Executing 05_relationships.sql batch 85.
[2026-07-24T19:31:53.687Z] Executing 05_relationships.sql batch 86.
[2026-07-24T19:31:53.700Z] Executing 05_relationships.sql batch 87.
[2026-07-24T19:31:53.714Z] Executing 05_relationships.sql batch 88.
[2026-07-24T19:31:53.726Z] Executing 05_relationships.sql batch 89.
[2026-07-24T19:31:53.739Z] Executing 05_relationships.sql batch 90.
[2026-07-24T19:31:53.750Z] Executing 05_relationships.sql batch 91.
[2026-07-24T19:31:53.764Z] Executing 05_relationships.sql batch 92.
[2026-07-24T19:31:53.776Z] Executing 05_relationships.sql batch 93.
[2026-07-24T19:31:53.786Z] Executing 05_relationships.sql batch 94.
[2026-07-24T19:31:53.797Z] Executing 05_relationships.sql batch 95.
[2026-07-24T19:31:53.816Z] Executing 06_indexes.sql batch 1.
[2026-07-24T19:31:53.820Z] Executing 06_indexes.sql batch 2.
[2026-07-24T19:31:53.840Z] Executing 06_indexes.sql batch 3.
[2026-07-24T19:31:53.850Z] Executing 06_indexes.sql batch 4.
[2026-07-24T19:31:53.859Z] Executing 06_indexes.sql batch 5.
[2026-07-24T19:31:53.868Z] Executing 06_indexes.sql batch 6.
[2026-07-24T19:31:53.877Z] Executing 06_indexes.sql batch 7.
[2026-07-24T19:31:53.886Z] Executing 06_indexes.sql batch 8.
[2026-07-24T19:31:53.895Z] Executing 06_indexes.sql batch 9.
[2026-07-24T19:31:53.904Z] Executing 06_indexes.sql batch 10.
[2026-07-24T19:31:53.913Z] Executing 06_indexes.sql batch 11.
[2026-07-24T19:31:53.921Z] Executing 06_indexes.sql batch 12.
[2026-07-24T19:31:53.934Z] Executing 07_functions.sql batch 1.
[2026-07-24T19:31:53.938Z] Executing 07_functions.sql batch 2.
[2026-07-24T19:31:53.944Z] Executing 07_functions.sql batch 3.
[2026-07-24T19:31:53.948Z] Executing 07_functions.sql batch 4.
[2026-07-24T19:31:53.952Z] Executing 07_functions.sql batch 5.
[2026-07-24T19:31:53.957Z] Executing 07_functions.sql batch 6.
[2026-07-24T19:31:53.962Z] Executing 07_functions.sql batch 7.
[2026-07-24T19:31:53.966Z] Executing 07_functions.sql batch 8.
[2026-07-24T19:31:53.971Z] Executing 07_functions.sql batch 9.
[2026-07-24T19:31:53.976Z] Executing 07_functions.sql batch 10.
[2026-07-24T19:31:53.980Z] Executing 07_functions.sql batch 11.
[2026-07-24T19:31:53.988Z] Executing 08_views.sql batch 1.
[2026-07-24T19:31:53.993Z] Executing 08_views.sql batch 2.
[2026-07-24T19:31:53.998Z] Executing 08_views.sql batch 3.
[2026-07-24T19:31:54.003Z] Executing 08_views.sql batch 4.
[2026-07-24T19:31:54.011Z] Skipping 08_views.sql batch 5: legacy view vw_DyForm_ActiveDomainsUsed does not match current DyForm schema.
[2026-07-24T19:31:54.013Z] Skipping 08_views.sql batch 6: legacy view vw_DyForm_CompleteFieldMap does not match current DyForm schema.
[2026-07-24T19:31:54.015Z] Executing 08_views.sql batch 7.
[2026-07-24T19:31:54.020Z] Skipping 08_views.sql batch 8: legacy view vw_DyForm_FieldExpressions does not match current DyForm schema.
[2026-07-24T19:31:54.022Z] Skipping 08_views.sql batch 9: legacy view vw_DyForm_FieldRules does not match current DyForm schema.
[2026-07-24T19:31:54.024Z] Executing 08_views.sql batch 10.
[2026-07-24T19:31:54.030Z] Executing 08_views.sql batch 11.
[2026-07-24T19:31:54.035Z] Skipping 08_views.sql batch 12: legacy view vw_DyForm_UnusedTypesOrDomains does not match current DyForm schema.
[2026-07-24T19:31:54.037Z] Executing 08_views.sql batch 13.
[2026-07-24T19:31:54.046Z] Executing 08_views.sql batch 14.
[2026-07-24T19:31:54.051Z] Executing 08_views.sql batch 15.
[2026-07-24T19:31:54.057Z] Executing 08_views.sql batch 16.
[2026-07-24T19:31:54.065Z] Executing 08_views.sql batch 17.
[2026-07-24T19:31:54.073Z] Skipping 08_views.sql batch 18: legacy view vw_PortalModules does not match current DyForm schema.
[2026-07-24T19:31:54.075Z] Executing 08_views.sql batch 19.
[2026-07-24T19:31:54.080Z] Executing 08_views.sql batch 20.
[2026-07-24T19:31:54.086Z] Executing 08_views.sql batch 21.
[2026-07-24T19:31:54.095Z] Executing 08_views.sql batch 22.
[2026-07-24T19:31:54.103Z] Executing 08_views.sql batch 23.
[2026-07-24T19:31:54.109Z] Executing 08_views.sql batch 24.
[2026-07-24T19:31:54.114Z] Executing 08_views.sql batch 25.
[2026-07-24T19:31:54.119Z] Executing 08_views.sql batch 26.
[2026-07-24T19:31:54.125Z] Executing 08_views.sql batch 27.
[2026-07-24T19:31:54.130Z] Executing 08_views.sql batch 28.
[2026-07-24T19:31:54.134Z] Executing 08_views.sql batch 29.
[2026-07-24T19:31:54.140Z] Executing 08_views.sql batch 30.
[2026-07-24T19:31:54.146Z] Executing 08_views.sql batch 31.
[2026-07-24T19:31:54.151Z] Executing 08_views.sql batch 32.
[2026-07-24T19:31:54.157Z] Executing 08_views.sql batch 33.
[2026-07-24T19:31:54.162Z] Executing 08_views.sql batch 34.
[2026-07-24T19:31:54.168Z] Executing 08_views.sql batch 35.
[2026-07-24T19:31:54.187Z] Executing 09_stored_procedures.sql batch 1.
[2026-07-24T19:31:54.193Z] Skipping 09_stored_procedures.sql batch 2: legacy procedure AssignModuleToPortal references removed schema objects.
[2026-07-24T19:31:54.195Z] Executing 09_stored_procedures.sql batch 3.
[2026-07-24T19:31:54.201Z] Executing 09_stored_procedures.sql batch 4.
[2026-07-24T19:31:54.207Z] Executing 09_stored_procedures.sql batch 5.
[2026-07-24T19:31:54.214Z] Executing 09_stored_procedures.sql batch 6.
[2026-07-24T19:31:54.220Z] Executing 09_stored_procedures.sql batch 7.
[2026-07-24T19:31:54.228Z] Executing 09_stored_procedures.sql batch 8.
[2026-07-24T19:31:54.235Z] Executing 09_stored_procedures.sql batch 9.
[2026-07-24T19:31:54.242Z] Executing 09_stored_procedures.sql batch 10.
[2026-07-24T19:31:54.258Z] Executing 09_stored_procedures.sql batch 11.
[2026-07-24T19:31:54.265Z] Executing 09_stored_procedures.sql batch 12.
[2026-07-24T19:31:54.272Z] Executing 09_stored_procedures.sql batch 13.
[2026-07-24T19:31:54.279Z] Executing 09_stored_procedures.sql batch 14.
[2026-07-24T19:31:54.284Z] Executing 09_stored_procedures.sql batch 15.
[2026-07-24T19:31:54.290Z] Executing 09_stored_procedures.sql batch 16.
[2026-07-24T19:31:54.296Z] Executing 09_stored_procedures.sql batch 17.
[2026-07-24T19:31:54.301Z] Executing 09_stored_procedures.sql batch 18.
[2026-07-24T19:31:54.307Z] Executing 09_stored_procedures.sql batch 19.
[2026-07-24T19:31:54.312Z] Executing 09_stored_procedures.sql batch 20.
[2026-07-24T19:31:54.317Z] Executing 09_stored_procedures.sql batch 21.
[2026-07-24T19:31:54.322Z] Executing 09_stored_procedures.sql batch 22.
[2026-07-24T19:31:54.327Z] Executing 09_stored_procedures.sql batch 23.
[2026-07-24T19:31:54.332Z] Executing 09_stored_procedures.sql batch 24.
[2026-07-24T19:31:54.336Z] Executing 09_stored_procedures.sql batch 25.
[2026-07-24T19:31:54.342Z] Executing 09_stored_procedures.sql batch 26.
[2026-07-24T19:31:54.347Z] Executing 09_stored_procedures.sql batch 27.
[2026-07-24T19:31:54.352Z] Executing 09_stored_procedures.sql batch 28.
[2026-07-24T19:31:54.357Z] Executing 09_stored_procedures.sql batch 29.
[2026-07-24T19:31:54.362Z] Executing 09_stored_procedures.sql batch 30.
[2026-07-24T19:31:54.366Z] Executing 09_stored_procedures.sql batch 31.
[2026-07-24T19:31:54.371Z] Executing 09_stored_procedures.sql batch 32.
[2026-07-24T19:31:54.376Z] Executing 09_stored_procedures.sql batch 33.
[2026-07-24T19:31:54.380Z] Executing 09_stored_procedures.sql batch 34.
[2026-07-24T19:31:54.385Z] Executing 09_stored_procedures.sql batch 35.
[2026-07-24T19:31:54.390Z] Executing 09_stored_procedures.sql batch 36.
[2026-07-24T19:31:54.396Z] Executing 09_stored_procedures.sql batch 37.
[2026-07-24T19:31:54.401Z] Executing 09_stored_procedures.sql batch 38.
[2026-07-24T19:31:54.406Z] Executing 09_stored_procedures.sql batch 39.
[2026-07-24T19:31:54.411Z] Executing 09_stored_procedures.sql batch 40.
[2026-07-24T19:31:54.416Z] Executing 09_stored_procedures.sql batch 41.
[2026-07-24T19:31:54.421Z] Executing 09_stored_procedures.sql batch 42.
[2026-07-24T19:31:54.427Z] Executing 09_stored_procedures.sql batch 43.
[2026-07-24T19:31:54.432Z] Executing 09_stored_procedures.sql batch 44.
[2026-07-24T19:31:54.437Z] Executing 09_stored_procedures.sql batch 45.
[2026-07-24T19:31:54.442Z] Executing 09_stored_procedures.sql batch 46.
[2026-07-24T19:31:54.448Z] Executing 09_stored_procedures.sql batch 47.
[2026-07-24T19:31:54.452Z] Executing 09_stored_procedures.sql batch 48.
[2026-07-24T19:31:54.458Z] Executing 09_stored_procedures.sql batch 49.
[2026-07-24T19:31:54.463Z] Executing 09_stored_procedures.sql batch 50.
[2026-07-24T19:31:54.467Z] Executing 09_stored_procedures.sql batch 51.
[2026-07-24T19:31:54.473Z] Executing 09_stored_procedures.sql batch 52.
[2026-07-24T19:31:54.481Z] Executing 09_stored_procedures.sql batch 53.
[2026-07-24T19:31:54.486Z] Executing 09_stored_procedures.sql batch 54.
[2026-07-24T19:31:54.492Z] Executing 09_stored_procedures.sql batch 55.
[2026-07-24T19:31:54.497Z] Executing 09_stored_procedures.sql batch 56.
[2026-07-24T19:31:54.502Z] Executing 09_stored_procedures.sql batch 57.
[2026-07-24T19:31:54.508Z] Executing 09_stored_procedures.sql batch 58.
[2026-07-24T19:31:54.512Z] Executing 09_stored_procedures.sql batch 59.
[2026-07-24T19:31:54.517Z] Executing 09_stored_procedures.sql batch 60.
[2026-07-24T19:31:54.523Z] Executing 09_stored_procedures.sql batch 61.
[2026-07-24T19:31:54.529Z] Executing 09_stored_procedures.sql batch 62.
[2026-07-24T19:31:54.534Z] Executing 09_stored_procedures.sql batch 63.
[2026-07-24T19:31:54.539Z] Executing 09_stored_procedures.sql batch 64.
[2026-07-24T19:31:54.545Z] Executing 09_stored_procedures.sql batch 65.
[2026-07-24T19:31:54.549Z] Executing 09_stored_procedures.sql batch 66.
[2026-07-24T19:31:54.559Z] Executing 09_stored_procedures.sql batch 67.
[2026-07-24T19:31:54.564Z] Executing 09_stored_procedures.sql batch 68.
[2026-07-24T19:31:54.568Z] Executing 09_stored_procedures.sql batch 69.
[2026-07-24T19:31:54.574Z] Executing 09_stored_procedures.sql batch 70.
[2026-07-24T19:31:54.579Z] Executing 09_stored_procedures.sql batch 71.
[2026-07-24T19:31:54.584Z] Executing 09_stored_procedures.sql batch 72.
[2026-07-24T19:31:54.588Z] Executing 09_stored_procedures.sql batch 73.
[2026-07-24T19:31:54.593Z] Executing 09_stored_procedures.sql batch 74.
[2026-07-24T19:31:54.598Z] Executing 09_stored_procedures.sql batch 75.
[2026-07-24T19:31:54.603Z] Executing 09_stored_procedures.sql batch 76.
[2026-07-24T19:31:54.608Z] Executing 09_stored_procedures.sql batch 77.
[2026-07-24T19:31:54.613Z] Executing 09_stored_procedures.sql batch 78.
[2026-07-24T19:31:54.617Z] Executing 09_stored_procedures.sql batch 79.
[2026-07-24T19:31:54.623Z] Executing 09_stored_procedures.sql batch 80.
[2026-07-24T19:31:54.627Z] Executing 09_stored_procedures.sql batch 81.
[2026-07-24T19:31:54.632Z] Executing 09_stored_procedures.sql batch 82.
[2026-07-24T19:31:54.636Z] Executing 09_stored_procedures.sql batch 83.
[2026-07-24T19:31:54.642Z] Executing 09_stored_procedures.sql batch 84.
[2026-07-24T19:31:54.647Z] Executing 09_stored_procedures.sql batch 85.
[2026-07-24T19:31:54.652Z] Executing 09_stored_procedures.sql batch 86.
[2026-07-24T19:31:54.657Z] Executing 09_stored_procedures.sql batch 87.
[2026-07-24T19:31:54.663Z] Executing 09_stored_procedures.sql batch 88.
[2026-07-24T19:31:54.668Z] Executing 09_stored_procedures.sql batch 89.
[2026-07-24T19:31:54.674Z] Executing 09_stored_procedures.sql batch 90.
[2026-07-24T19:31:54.679Z] Executing 09_stored_procedures.sql batch 91.
[2026-07-24T19:31:54.686Z] Executing 09_stored_procedures.sql batch 92.
[2026-07-24T19:31:54.692Z] Executing 09_stored_procedures.sql batch 93.
[2026-07-24T19:31:54.698Z] Executing 09_stored_procedures.sql batch 94.
[2026-07-24T19:31:54.704Z] Executing 09_stored_procedures.sql batch 95.
[2026-07-24T19:31:54.711Z] Executing 09_stored_procedures.sql batch 96.
[2026-07-24T19:31:54.716Z] Executing 09_stored_procedures.sql batch 97.
[2026-07-24T19:31:54.722Z] Executing 09_stored_procedures.sql batch 98.
[2026-07-24T19:31:54.728Z] Executing 09_stored_procedures.sql batch 99.
[2026-07-24T19:31:54.732Z] Executing 09_stored_procedures.sql batch 100.
[2026-07-24T19:31:54.738Z] Executing 09_stored_procedures.sql batch 101.
[2026-07-24T19:31:54.743Z] Executing 09_stored_procedures.sql batch 102.
[2026-07-24T19:31:54.748Z] Executing 09_stored_procedures.sql batch 103.
[2026-07-24T19:31:54.753Z] Executing 09_stored_procedures.sql batch 104.
[2026-07-24T19:31:54.759Z] Executing 09_stored_procedures.sql batch 105.
[2026-07-24T19:31:54.764Z] Executing 09_stored_procedures.sql batch 106.
[2026-07-24T19:31:54.768Z] Executing 09_stored_procedures.sql batch 107.
[2026-07-24T19:31:54.774Z] Executing 09_stored_procedures.sql batch 108.
[2026-07-24T19:31:54.779Z] Executing 09_stored_procedures.sql batch 109.
[2026-07-24T19:31:54.783Z] Executing 09_stored_procedures.sql batch 110.
[2026-07-24T19:31:54.788Z] Executing 09_stored_procedures.sql batch 111.
[2026-07-24T19:31:54.793Z] Executing 09_stored_procedures.sql batch 112.
[2026-07-24T19:31:54.798Z] Executing 09_stored_procedures.sql batch 113.
[2026-07-24T19:31:54.804Z] Executing 09_stored_procedures.sql batch 114.
[2026-07-24T19:31:54.810Z] Executing 09_stored_procedures.sql batch 115.
[2026-07-24T19:31:54.814Z] Executing 09_stored_procedures.sql batch 116.
[2026-07-24T19:31:54.819Z] Executing 09_stored_procedures.sql batch 117.
[2026-07-24T19:31:54.825Z] Executing 09_stored_procedures.sql batch 118.
[2026-07-24T19:31:54.830Z] Executing 09_stored_procedures.sql batch 119.
[2026-07-24T19:31:54.836Z] Executing 09_stored_procedures.sql batch 120.
[2026-07-24T19:31:54.841Z] Executing 09_stored_procedures.sql batch 121.
[2026-07-24T19:31:54.845Z] Executing 09_stored_procedures.sql batch 122.
[2026-07-24T19:31:54.850Z] Executing 09_stored_procedures.sql batch 123.
[2026-07-24T19:31:54.856Z] Executing 09_stored_procedures.sql batch 124.
[2026-07-24T19:31:54.862Z] Executing 09_stored_procedures.sql batch 125.
[2026-07-24T19:31:54.868Z] Executing 09_stored_procedures.sql batch 126.
[2026-07-24T19:31:54.874Z] Executing 09_stored_procedures.sql batch 127.
[2026-07-24T19:31:54.880Z] Executing 09_stored_procedures.sql batch 128.
[2026-07-24T19:31:54.886Z] Executing 09_stored_procedures.sql batch 129.
[2026-07-24T19:31:54.891Z] Executing 09_stored_procedures.sql batch 130.
[2026-07-24T19:31:54.896Z] Executing 09_stored_procedures.sql batch 131.
[2026-07-24T19:31:54.901Z] Executing 09_stored_procedures.sql batch 132.
[2026-07-24T19:31:54.907Z] Executing 09_stored_procedures.sql batch 133.
[2026-07-24T19:31:54.913Z] Executing 09_stored_procedures.sql batch 134.
[2026-07-24T19:31:54.919Z] Executing 09_stored_procedures.sql batch 135.
[2026-07-24T19:31:54.930Z] Skipping 09_stored_procedures.sql batch 136: legacy procedure GenerateApiKey references removed schema objects.
[2026-07-24T19:31:54.932Z] Executing 09_stored_procedures.sql batch 137.
[2026-07-24T19:31:54.939Z] Executing 09_stored_procedures.sql batch 138.
[2026-07-24T19:31:54.945Z] Executing 09_stored_procedures.sql batch 139.
[2026-07-24T19:31:54.950Z] Skipping 09_stored_procedures.sql batch 140: legacy procedure GetAllDyFormDFormDomainss references removed schema objects.
[2026-07-24T19:31:54.952Z] Skipping 09_stored_procedures.sql batch 141: legacy procedure GetAllDyFormDFormDomainValuess references removed schema objects.
[2026-07-24T19:31:54.954Z] Skipping 09_stored_procedures.sql batch 142: legacy procedure GetAllDyFormDFormFieldRules references removed schema objects.
[2026-07-24T19:31:54.956Z] Skipping 09_stored_procedures.sql batch 143: legacy procedure GetAllDyFormDFormFields references removed schema objects.
[2026-07-24T19:31:54.958Z] Skipping 09_stored_procedures.sql batch 144: legacy procedure GetAllDyFormDForms references removed schema objects.
[2026-07-24T19:31:54.959Z] Skipping 09_stored_procedures.sql batch 145: legacy procedure GetAllDyFormDFormSections references removed schema objects.
[2026-07-24T19:31:54.961Z] Executing 09_stored_procedures.sql batch 146.
[2026-07-24T19:31:54.966Z] Executing 09_stored_procedures.sql batch 147.
[2026-07-24T19:31:54.972Z] Executing 09_stored_procedures.sql batch 148.
[2026-07-24T19:31:54.978Z] Executing 09_stored_procedures.sql batch 149.
[2026-07-24T19:31:54.983Z] Executing 09_stored_procedures.sql batch 150.
[2026-07-24T19:31:54.990Z] Executing 09_stored_procedures.sql batch 151.
[2026-07-24T19:31:54.995Z] Executing 09_stored_procedures.sql batch 152.
[2026-07-24T19:31:55.001Z] Executing 09_stored_procedures.sql batch 153.
[2026-07-24T19:31:55.007Z] Executing 09_stored_procedures.sql batch 154.
[2026-07-24T19:31:55.012Z] Executing 09_stored_procedures.sql batch 155.
[2026-07-24T19:31:55.017Z] Executing 09_stored_procedures.sql batch 156.
[2026-07-24T19:31:55.023Z] Executing 09_stored_procedures.sql batch 157.
[2026-07-24T19:31:55.028Z] Executing 09_stored_procedures.sql batch 158.
[2026-07-24T19:31:55.033Z] Executing 09_stored_procedures.sql batch 159.
[2026-07-24T19:31:55.037Z] Executing 09_stored_procedures.sql batch 160.
[2026-07-24T19:31:55.043Z] Executing 09_stored_procedures.sql batch 161.
[2026-07-24T19:31:55.047Z] Executing 09_stored_procedures.sql batch 162.
[2026-07-24T19:31:55.054Z] Executing 09_stored_procedures.sql batch 163.
[2026-07-24T19:31:55.059Z] Executing 09_stored_procedures.sql batch 164.
[2026-07-24T19:31:55.064Z] Executing 09_stored_procedures.sql batch 165.
[2026-07-24T19:31:55.069Z] Executing 09_stored_procedures.sql batch 166.
[2026-07-24T19:31:55.076Z] Executing 09_stored_procedures.sql batch 167.
[2026-07-24T19:31:55.081Z] Executing 09_stored_procedures.sql batch 168.
[2026-07-24T19:31:55.086Z] Executing 09_stored_procedures.sql batch 169.
[2026-07-24T19:31:55.093Z] Executing 09_stored_procedures.sql batch 170.
[2026-07-24T19:31:55.100Z] Executing 09_stored_procedures.sql batch 171.
[2026-07-24T19:31:55.107Z] Executing 09_stored_procedures.sql batch 172.
[2026-07-24T19:31:55.115Z] Executing 09_stored_procedures.sql batch 173.
[2026-07-24T19:31:55.121Z] Executing 09_stored_procedures.sql batch 174.
[2026-07-24T19:31:55.129Z] ERROR in 09_stored_procedures.sql batch 174: Invalid column name 'ModuleID'. | Invalid column name 'PortalID'.
[2026-07-24T19:31:55.345Z] Transaction rolled back.
[2026-07-24T19:31:55.349Z] SQL connection closed.
