[2026-07-24T19:46:44.530Z] Install started for core database skylynxnet_coredb_west on host.docker.internal:1433.
[2026-07-24T19:46:44.532Z] Schema files: 01_schemas.sql, 02_types.sql, 03_tables.sql, 04_constraints.sql, 05_relationships.sql, 06_indexes.sql, 07_functions.sql, 08_views.sql, 09_stored_procedures.sql, 10_triggers.sql
[2026-07-24T19:46:44.534Z] Seed files: 001_Payments.Provider.sql, 002_Payments.Webhook.sql, 003_dbo.AspNetRoles.sql, 004_dbo.AspNetUsers.sql, 005_dbo.DyForm.sql, 006_dbo.DyFormDataSourceDefinition.sql, 007_dbo.DyFormDomainType.sql, 008_dbo.DyFormFieldType.sql, 009_dbo.DyFormResolverContext.sql, 010_dbo.DyFormResolverType.sql, 011_dbo.DyFormRuleSyntax.sql, 012_dbo.DyFormRuleType.sql, 013_dbo.DyFormSection.sql, 014_dbo.DyFormViewModelDefinition.sql, 015_dbo.ISO6391_Languages.sql, 016_dbo.LayoutTypes.sql, 017_dbo.OwnerTypes.sql, 018_dbo.Portals.sql, 019_dbo.ProfileProviders.sql, 020_dbo.ProtosDataModelDefinition.sql, 021_dbo.ProtosTargetType.sql, 022_dbo.ProtosTemplate.sql, 023_dbo.ProtosTemplateStatus.sql, 024_dbo.ProviderProfileFieldType.sql, 025_dbo.ResolverTypes.sql, 026_dbo.Resolvers.sql, 027_dbo.StateProvinces.sql, 028_dbo.StyledTypes.sql, 029_dbo.SystemFileTypes.sql, 030_dbo.SystemLogs.sql, 031_dbo.SystemValueTypes.sql, 032_dbo.ThemeDefinitions.sql, 033_Payments.Intent.sql, 034_Payments.ProviderSecret.sql, 035_dbo.API_Owners.sql, 036_dbo.Address.sql, 037_dbo.AspNetUserClaims.sql, 038_dbo.AspNetUserLogins.sql, 039_dbo.AspNetUserRoles.sql, 040_dbo.AspNetUserTokens.sql, 041_dbo.BankAccounts.sql, 042_dbo.CustomerProfile_Providers.sql, 043_dbo.DyFormDomains.sql, 044_dbo.DyFormExpression.sql, 045_dbo.DyFormFieldRule.sql, 046_dbo.DyFormSectionResolvers.sql, 047_dbo.DyFormSections.sql, 048_dbo.DyFormViewModelLineage.sql, 049_dbo.Layouts.sql, 050_dbo.Modules.sql, 051_dbo.PageDefinition.sql, 052_dbo.PaymentMethods.sql, 053_dbo.PortalOwners.sql, 054_dbo.PortalProfileProviders.sql, 055_dbo.PortalRoles.sql, 056_dbo.ProtosTemplateVersion.sql, 057_dbo.ProviderProfileFields.sql, 058_dbo.SubscriptionPlans.sql, 059_Payments.TargetLink.sql, 060_Payments.Txn.sql, 061_dbo.API_KEYS.sql, 062_dbo.DefaultUserRoles.sql, 063_dbo.DyFormDomainValues.sql, 064_dbo.DyFormField.sql, 065_dbo.DyFormRuleDefinition.sql, 066_dbo.PortalPageModules.sql, 067_dbo.ProtosTemplateLineage.sql, 068_dbo.ProtosTemplateLink.sql, 069_dbo.ProtosTemplateTree.sql, 070_dbo.SettingKeys.sql, 071_dbo.SkyLynxConfig_PackagedModules.sql, 072_dbo.Transactions.sql, 073_dbo.UserProfiles.sql, 074_dbo.UserProviderProfiles.sql, 075_dbo.DyFormFieldSectionDefinition.sql, 076_dbo.DyFormRuleTarget.sql, 077_dbo.GlobalModuleSettings.sql, 078_dbo.GlobalPortalSettings.sql, 079_dbo.ModuleSettings.sql, 080_dbo.PortalSettings.sql, 081_dbo.ProtosViewModelDefinition.sql, 082_dbo.SkyLynxConfig_PackagedManifest.sql
[2026-07-24T19:46:44.558Z] Transaction started.
[2026-07-24T19:46:44.563Z] Executing 01_schemas.sql batch 1.
[2026-07-24T19:46:44.567Z] Executing 01_schemas.sql batch 2.
[2026-07-24T19:46:44.575Z] Executing 02_types.sql batch 1.
[2026-07-24T19:46:44.578Z] Executing 02_types.sql batch 2.
[2026-07-24T19:46:44.586Z] Executing 02_types.sql batch 3.
[2026-07-24T19:46:44.592Z] Executing 02_types.sql batch 4.
[2026-07-24T19:46:44.597Z] Executing 02_types.sql batch 5.
[2026-07-24T19:46:44.608Z] Executing 03_tables.sql batch 1.
[2026-07-24T19:46:44.613Z] Executing 03_tables.sql batch 2.
[2026-07-24T19:46:44.620Z] Executing 03_tables.sql batch 3.
[2026-07-24T19:46:44.627Z] Executing 03_tables.sql batch 4.
[2026-07-24T19:46:44.633Z] Executing 03_tables.sql batch 5.
[2026-07-24T19:46:44.638Z] Executing 03_tables.sql batch 6.
[2026-07-24T19:46:44.643Z] Executing 03_tables.sql batch 7.
[2026-07-24T19:46:44.648Z] Executing 03_tables.sql batch 8.
[2026-07-24T19:46:44.653Z] Executing 03_tables.sql batch 9.
[2026-07-24T19:46:44.659Z] Executing 03_tables.sql batch 10.
[2026-07-24T19:46:44.665Z] Executing 03_tables.sql batch 11.
[2026-07-24T19:46:44.671Z] Executing 03_tables.sql batch 12.
[2026-07-24T19:46:44.676Z] Executing 03_tables.sql batch 13.
[2026-07-24T19:46:44.681Z] Executing 03_tables.sql batch 14.
[2026-07-24T19:46:44.687Z] Executing 03_tables.sql batch 15.
[2026-07-24T19:46:44.692Z] Executing 03_tables.sql batch 16.
[2026-07-24T19:46:44.698Z] Executing 03_tables.sql batch 17.
[2026-07-24T19:46:44.703Z] Executing 03_tables.sql batch 18.
[2026-07-24T19:46:44.709Z] Executing 03_tables.sql batch 19.
[2026-07-24T19:46:44.714Z] Executing 03_tables.sql batch 20.
[2026-07-24T19:46:44.721Z] Executing 03_tables.sql batch 21.
[2026-07-24T19:46:44.727Z] Executing 03_tables.sql batch 22.
[2026-07-24T19:46:44.733Z] Executing 03_tables.sql batch 23.
[2026-07-24T19:46:44.739Z] Executing 03_tables.sql batch 24.
[2026-07-24T19:46:44.745Z] Executing 03_tables.sql batch 25.
[2026-07-24T19:46:44.752Z] Executing 03_tables.sql batch 26.
[2026-07-24T19:46:44.757Z] Executing 03_tables.sql batch 27.
[2026-07-24T19:46:44.762Z] Executing 03_tables.sql batch 28.
[2026-07-24T19:46:44.767Z] Executing 03_tables.sql batch 29.
[2026-07-24T19:46:44.772Z] Executing 03_tables.sql batch 30.
[2026-07-24T19:46:44.778Z] Executing 03_tables.sql batch 31.
[2026-07-24T19:46:44.784Z] Executing 03_tables.sql batch 32.
[2026-07-24T19:46:44.790Z] Executing 03_tables.sql batch 33.
[2026-07-24T19:46:44.794Z] Executing 03_tables.sql batch 34.
[2026-07-24T19:46:44.799Z] Executing 03_tables.sql batch 35.
[2026-07-24T19:46:44.805Z] Executing 03_tables.sql batch 36.
[2026-07-24T19:46:44.810Z] Executing 03_tables.sql batch 37.
[2026-07-24T19:46:44.814Z] Executing 03_tables.sql batch 38.
[2026-07-24T19:46:44.821Z] Executing 03_tables.sql batch 39.
[2026-07-24T19:46:44.826Z] Executing 03_tables.sql batch 40.
[2026-07-24T19:46:44.832Z] Executing 03_tables.sql batch 41.
[2026-07-24T19:46:44.837Z] Executing 03_tables.sql batch 42.
[2026-07-24T19:46:44.841Z] Executing 03_tables.sql batch 43.
[2026-07-24T19:46:44.846Z] Executing 03_tables.sql batch 44.
[2026-07-24T19:46:44.851Z] Executing 03_tables.sql batch 45.
[2026-07-24T19:46:44.857Z] Executing 03_tables.sql batch 46.
[2026-07-24T19:46:44.861Z] Executing 03_tables.sql batch 47.
[2026-07-24T19:46:44.867Z] Executing 03_tables.sql batch 48.
[2026-07-24T19:46:44.871Z] Executing 03_tables.sql batch 49.
[2026-07-24T19:46:44.877Z] Executing 03_tables.sql batch 50.
[2026-07-24T19:46:44.882Z] Executing 03_tables.sql batch 51.
[2026-07-24T19:46:44.888Z] Executing 03_tables.sql batch 52.
[2026-07-24T19:46:44.893Z] Executing 03_tables.sql batch 53.
[2026-07-24T19:46:44.898Z] Executing 03_tables.sql batch 54.
[2026-07-24T19:46:44.904Z] Executing 03_tables.sql batch 55.
[2026-07-24T19:46:44.910Z] Executing 03_tables.sql batch 56.
[2026-07-24T19:46:44.917Z] Executing 03_tables.sql batch 57.
[2026-07-24T19:46:44.922Z] Executing 03_tables.sql batch 58.
[2026-07-24T19:46:44.927Z] Executing 03_tables.sql batch 59.
[2026-07-24T19:46:44.933Z] Executing 03_tables.sql batch 60.
[2026-07-24T19:46:44.939Z] Executing 03_tables.sql batch 61.
[2026-07-24T19:46:44.944Z] Executing 03_tables.sql batch 62.
[2026-07-24T19:46:44.949Z] Executing 03_tables.sql batch 63.
[2026-07-24T19:46:44.955Z] Executing 03_tables.sql batch 64.
[2026-07-24T19:46:44.959Z] Executing 03_tables.sql batch 65.
[2026-07-24T19:46:44.964Z] Executing 03_tables.sql batch 66.
[2026-07-24T19:46:44.969Z] Executing 03_tables.sql batch 67.
[2026-07-24T19:46:44.974Z] Executing 03_tables.sql batch 68.
[2026-07-24T19:46:44.979Z] Executing 03_tables.sql batch 69.
[2026-07-24T19:46:44.983Z] Executing 03_tables.sql batch 70.
[2026-07-24T19:46:44.989Z] Executing 03_tables.sql batch 71.
[2026-07-24T19:46:44.994Z] Executing 03_tables.sql batch 72.
[2026-07-24T19:46:44.999Z] Executing 03_tables.sql batch 73.
[2026-07-24T19:46:45.005Z] Executing 03_tables.sql batch 74.
[2026-07-24T19:46:45.011Z] Executing 03_tables.sql batch 75.
[2026-07-24T19:46:45.017Z] Executing 03_tables.sql batch 76.
[2026-07-24T19:46:45.022Z] Executing 03_tables.sql batch 77.
[2026-07-24T19:46:45.027Z] Executing 03_tables.sql batch 78.
[2026-07-24T19:46:45.033Z] Executing 03_tables.sql batch 79.
[2026-07-24T19:46:45.040Z] Executing 03_tables.sql batch 80.
[2026-07-24T19:46:45.045Z] Executing 03_tables.sql batch 81.
[2026-07-24T19:46:45.050Z] Executing 03_tables.sql batch 82.
[2026-07-24T19:46:45.055Z] Executing 03_tables.sql batch 83.
[2026-07-24T19:46:45.063Z] Executing 04_constraints.sql batch 1.
[2026-07-24T19:46:45.067Z] Executing 04_constraints.sql batch 2.
[2026-07-24T19:46:45.080Z] Executing 04_constraints.sql batch 3.
[2026-07-24T19:46:45.090Z] Executing 04_constraints.sql batch 4.
[2026-07-24T19:46:45.101Z] Executing 04_constraints.sql batch 5.
[2026-07-24T19:46:45.112Z] Executing 04_constraints.sql batch 6.
[2026-07-24T19:46:45.124Z] Executing 04_constraints.sql batch 7.
[2026-07-24T19:46:45.139Z] Executing 04_constraints.sql batch 8.
[2026-07-24T19:46:45.156Z] Executing 04_constraints.sql batch 9.
[2026-07-24T19:46:45.174Z] Executing 04_constraints.sql batch 10.
[2026-07-24T19:46:45.196Z] Executing 04_constraints.sql batch 11.
[2026-07-24T19:46:45.218Z] Executing 04_constraints.sql batch 12.
[2026-07-24T19:46:45.237Z] Executing 04_constraints.sql batch 13.
[2026-07-24T19:46:45.258Z] Executing 04_constraints.sql batch 14.
[2026-07-24T19:46:45.272Z] Executing 04_constraints.sql batch 15.
[2026-07-24T19:46:45.287Z] Executing 04_constraints.sql batch 16.
[2026-07-24T19:46:45.300Z] Executing 04_constraints.sql batch 17.
[2026-07-24T19:46:45.312Z] Executing 04_constraints.sql batch 18.
[2026-07-24T19:46:45.325Z] Executing 04_constraints.sql batch 19.
[2026-07-24T19:46:45.337Z] Executing 04_constraints.sql batch 20.
[2026-07-24T19:46:45.350Z] Executing 04_constraints.sql batch 21.
[2026-07-24T19:46:45.362Z] Executing 04_constraints.sql batch 22.
[2026-07-24T19:46:45.373Z] Executing 04_constraints.sql batch 23.
[2026-07-24T19:46:45.384Z] Executing 04_constraints.sql batch 24.
[2026-07-24T19:46:45.394Z] Executing 04_constraints.sql batch 25.
[2026-07-24T19:46:45.405Z] Executing 04_constraints.sql batch 26.
[2026-07-24T19:46:45.416Z] Executing 04_constraints.sql batch 27.
[2026-07-24T19:46:45.428Z] Executing 04_constraints.sql batch 28.
[2026-07-24T19:46:45.441Z] Executing 04_constraints.sql batch 29.
[2026-07-24T19:46:45.453Z] Executing 04_constraints.sql batch 30.
[2026-07-24T19:46:45.467Z] Executing 04_constraints.sql batch 31.
[2026-07-24T19:46:45.479Z] Executing 04_constraints.sql batch 32.
[2026-07-24T19:46:45.490Z] Executing 04_constraints.sql batch 33.
[2026-07-24T19:46:45.502Z] Executing 04_constraints.sql batch 34.
[2026-07-24T19:46:45.515Z] Executing 04_constraints.sql batch 35.
[2026-07-24T19:46:45.527Z] Executing 04_constraints.sql batch 36.
[2026-07-24T19:46:45.540Z] Executing 04_constraints.sql batch 37.
[2026-07-24T19:46:45.553Z] Executing 04_constraints.sql batch 38.
[2026-07-24T19:46:45.566Z] Executing 04_constraints.sql batch 39.
[2026-07-24T19:46:45.578Z] Executing 04_constraints.sql batch 40.
[2026-07-24T19:46:45.590Z] Executing 04_constraints.sql batch 41.
[2026-07-24T19:46:45.603Z] Executing 04_constraints.sql batch 42.
[2026-07-24T19:46:45.614Z] Executing 04_constraints.sql batch 43.
[2026-07-24T19:46:45.626Z] Executing 04_constraints.sql batch 44.
[2026-07-24T19:46:45.637Z] Executing 04_constraints.sql batch 45.
[2026-07-24T19:46:45.649Z] Executing 04_constraints.sql batch 46.
[2026-07-24T19:46:45.661Z] Executing 04_constraints.sql batch 47.
[2026-07-24T19:46:45.673Z] Executing 04_constraints.sql batch 48.
[2026-07-24T19:46:45.686Z] Executing 04_constraints.sql batch 49.
[2026-07-24T19:46:45.699Z] Executing 04_constraints.sql batch 50.
[2026-07-24T19:46:45.712Z] Executing 04_constraints.sql batch 51.
[2026-07-24T19:46:45.725Z] Executing 04_constraints.sql batch 52.
[2026-07-24T19:46:45.738Z] Executing 04_constraints.sql batch 53.
[2026-07-24T19:46:45.752Z] Executing 04_constraints.sql batch 54.
[2026-07-24T19:46:45.766Z] Executing 04_constraints.sql batch 55.
[2026-07-24T19:46:45.779Z] Executing 04_constraints.sql batch 56.
[2026-07-24T19:46:45.791Z] Executing 04_constraints.sql batch 57.
[2026-07-24T19:46:45.803Z] Executing 04_constraints.sql batch 58.
[2026-07-24T19:46:45.815Z] Executing 04_constraints.sql batch 59.
[2026-07-24T19:46:45.825Z] Executing 04_constraints.sql batch 60.
[2026-07-24T19:46:45.836Z] Executing 04_constraints.sql batch 61.
[2026-07-24T19:46:45.847Z] Executing 04_constraints.sql batch 62.
[2026-07-24T19:46:45.859Z] Executing 04_constraints.sql batch 63.
[2026-07-24T19:46:45.872Z] Executing 04_constraints.sql batch 64.
[2026-07-24T19:46:45.883Z] Executing 04_constraints.sql batch 65.
[2026-07-24T19:46:45.896Z] Executing 04_constraints.sql batch 66.
[2026-07-24T19:46:45.920Z] Executing 04_constraints.sql batch 67.
[2026-07-24T19:46:45.933Z] Executing 04_constraints.sql batch 68.
[2026-07-24T19:46:45.947Z] Executing 04_constraints.sql batch 69.
[2026-07-24T19:46:45.959Z] Executing 04_constraints.sql batch 70.
[2026-07-24T19:46:45.971Z] Executing 04_constraints.sql batch 71.
[2026-07-24T19:46:45.984Z] Executing 04_constraints.sql batch 72.
[2026-07-24T19:46:45.996Z] Executing 04_constraints.sql batch 73.
[2026-07-24T19:46:46.008Z] Executing 04_constraints.sql batch 74.
[2026-07-24T19:46:46.021Z] Executing 04_constraints.sql batch 75.
[2026-07-24T19:46:46.035Z] Executing 04_constraints.sql batch 76.
[2026-07-24T19:46:46.048Z] Executing 04_constraints.sql batch 77.
[2026-07-24T19:46:46.062Z] Executing 04_constraints.sql batch 78.
[2026-07-24T19:46:46.075Z] Executing 04_constraints.sql batch 79.
[2026-07-24T19:46:46.087Z] Executing 04_constraints.sql batch 80.
[2026-07-24T19:46:46.100Z] Executing 04_constraints.sql batch 81.
[2026-07-24T19:46:46.112Z] Executing 04_constraints.sql batch 82.
[2026-07-24T19:46:46.124Z] Executing 04_constraints.sql batch 83.
[2026-07-24T19:46:46.137Z] Executing 04_constraints.sql batch 84.
[2026-07-24T19:46:46.149Z] Executing 04_constraints.sql batch 85.
[2026-07-24T19:46:46.160Z] Executing 04_constraints.sql batch 86.
[2026-07-24T19:46:46.172Z] Executing 04_constraints.sql batch 87.
[2026-07-24T19:46:46.185Z] Executing 04_constraints.sql batch 88.
[2026-07-24T19:46:46.197Z] Executing 04_constraints.sql batch 89.
[2026-07-24T19:46:46.209Z] Executing 04_constraints.sql batch 90.
[2026-07-24T19:46:46.221Z] Executing 04_constraints.sql batch 91.
[2026-07-24T19:46:46.233Z] Executing 04_constraints.sql batch 92.
[2026-07-24T19:46:46.245Z] Executing 04_constraints.sql batch 93.
[2026-07-24T19:46:46.258Z] Executing 04_constraints.sql batch 94.
[2026-07-24T19:46:46.270Z] Executing 04_constraints.sql batch 95.
[2026-07-24T19:46:46.283Z] Executing 04_constraints.sql batch 96.
[2026-07-24T19:46:46.295Z] Executing 04_constraints.sql batch 97.
[2026-07-24T19:46:46.307Z] Executing 04_constraints.sql batch 98.
[2026-07-24T19:46:46.319Z] Executing 04_constraints.sql batch 99.
[2026-07-24T19:46:46.331Z] Executing 04_constraints.sql batch 100.
[2026-07-24T19:46:46.344Z] Executing 04_constraints.sql batch 101.
[2026-07-24T19:46:46.357Z] Executing 04_constraints.sql batch 102.
[2026-07-24T19:46:46.370Z] Executing 04_constraints.sql batch 103.
[2026-07-24T19:46:46.383Z] Executing 04_constraints.sql batch 104.
[2026-07-24T19:46:46.394Z] Executing 04_constraints.sql batch 105.
[2026-07-24T19:46:46.406Z] Executing 04_constraints.sql batch 106.
[2026-07-24T19:46:46.419Z] Executing 04_constraints.sql batch 107.
[2026-07-24T19:46:46.433Z] Executing 04_constraints.sql batch 108.
[2026-07-24T19:46:46.447Z] Executing 04_constraints.sql batch 109.
[2026-07-24T19:46:46.457Z] Executing 04_constraints.sql batch 110.
[2026-07-24T19:46:46.468Z] Executing 04_constraints.sql batch 111.
[2026-07-24T19:46:46.478Z] Executing 04_constraints.sql batch 112.
[2026-07-24T19:46:46.488Z] Executing 04_constraints.sql batch 113.
[2026-07-24T19:46:46.499Z] Executing 04_constraints.sql batch 114.
[2026-07-24T19:46:46.508Z] Executing 04_constraints.sql batch 115.
[2026-07-24T19:46:46.517Z] Executing 04_constraints.sql batch 116.
[2026-07-24T19:46:46.525Z] Executing 04_constraints.sql batch 117.
[2026-07-24T19:46:46.547Z] Executing 05_relationships.sql batch 1.
[2026-07-24T19:46:46.551Z] Executing 05_relationships.sql batch 2.
[2026-07-24T19:46:46.561Z] Executing 05_relationships.sql batch 3.
[2026-07-24T19:46:46.571Z] Executing 05_relationships.sql batch 4.
[2026-07-24T19:46:46.582Z] Executing 05_relationships.sql batch 5.
[2026-07-24T19:46:46.591Z] Executing 05_relationships.sql batch 6.
[2026-07-24T19:46:46.601Z] Executing 05_relationships.sql batch 7.
[2026-07-24T19:46:46.611Z] Executing 05_relationships.sql batch 8.
[2026-07-24T19:46:46.621Z] Executing 05_relationships.sql batch 9.
[2026-07-24T19:46:46.634Z] Executing 05_relationships.sql batch 10.
[2026-07-24T19:46:46.648Z] Executing 05_relationships.sql batch 11.
[2026-07-24T19:46:46.660Z] Executing 05_relationships.sql batch 12.
[2026-07-24T19:46:46.674Z] Executing 05_relationships.sql batch 13.
[2026-07-24T19:46:46.685Z] Executing 05_relationships.sql batch 14.
[2026-07-24T19:46:46.697Z] Executing 05_relationships.sql batch 15.
[2026-07-24T19:46:46.708Z] Executing 05_relationships.sql batch 16.
[2026-07-24T19:46:46.719Z] Executing 05_relationships.sql batch 17.
[2026-07-24T19:46:46.729Z] Executing 05_relationships.sql batch 18.
[2026-07-24T19:46:46.739Z] Executing 05_relationships.sql batch 19.
[2026-07-24T19:46:46.749Z] Executing 05_relationships.sql batch 20.
[2026-07-24T19:46:46.759Z] Executing 05_relationships.sql batch 21.
[2026-07-24T19:46:46.769Z] Executing 05_relationships.sql batch 22.
[2026-07-24T19:46:46.778Z] Executing 05_relationships.sql batch 23.
[2026-07-24T19:46:46.787Z] Executing 05_relationships.sql batch 24.
[2026-07-24T19:46:46.797Z] Executing 05_relationships.sql batch 25.
[2026-07-24T19:46:46.806Z] Executing 05_relationships.sql batch 26.
[2026-07-24T19:46:46.815Z] Executing 05_relationships.sql batch 27.
[2026-07-24T19:46:46.824Z] Executing 05_relationships.sql batch 28.
[2026-07-24T19:46:46.834Z] Executing 05_relationships.sql batch 29.
[2026-07-24T19:46:46.844Z] Executing 05_relationships.sql batch 30.
[2026-07-24T19:46:46.854Z] Executing 05_relationships.sql batch 31.
[2026-07-24T19:46:46.863Z] Executing 05_relationships.sql batch 32.
[2026-07-24T19:46:46.873Z] Executing 05_relationships.sql batch 33.
[2026-07-24T19:46:46.882Z] Executing 05_relationships.sql batch 34.
[2026-07-24T19:46:46.891Z] Executing 05_relationships.sql batch 35.
[2026-07-24T19:46:46.900Z] Executing 05_relationships.sql batch 36.
[2026-07-24T19:46:46.909Z] Executing 05_relationships.sql batch 37.
[2026-07-24T19:46:46.918Z] Executing 05_relationships.sql batch 38.
[2026-07-24T19:46:46.927Z] Executing 05_relationships.sql batch 39.
[2026-07-24T19:46:46.938Z] Executing 05_relationships.sql batch 40.
[2026-07-24T19:46:46.947Z] Executing 05_relationships.sql batch 41.
[2026-07-24T19:46:46.956Z] Executing 05_relationships.sql batch 42.
[2026-07-24T19:46:46.965Z] Executing 05_relationships.sql batch 43.
[2026-07-24T19:46:46.975Z] Executing 05_relationships.sql batch 44.
[2026-07-24T19:46:46.984Z] Executing 05_relationships.sql batch 45.
[2026-07-24T19:46:46.993Z] Executing 05_relationships.sql batch 46.
[2026-07-24T19:46:47.002Z] Executing 05_relationships.sql batch 47.
[2026-07-24T19:46:47.011Z] Executing 05_relationships.sql batch 48.
[2026-07-24T19:46:47.020Z] Executing 05_relationships.sql batch 49.
[2026-07-24T19:46:47.029Z] Executing 05_relationships.sql batch 50.
[2026-07-24T19:46:47.037Z] Executing 05_relationships.sql batch 51.
[2026-07-24T19:46:47.046Z] Executing 05_relationships.sql batch 52.
[2026-07-24T19:46:47.055Z] Executing 05_relationships.sql batch 53.
[2026-07-24T19:46:47.065Z] Executing 05_relationships.sql batch 54.
[2026-07-24T19:46:47.074Z] Executing 05_relationships.sql batch 55.
[2026-07-24T19:46:47.083Z] Executing 05_relationships.sql batch 56.
[2026-07-24T19:46:47.092Z] Executing 05_relationships.sql batch 57.
[2026-07-24T19:46:47.102Z] Executing 05_relationships.sql batch 58.
[2026-07-24T19:46:47.111Z] Executing 05_relationships.sql batch 59.
[2026-07-24T19:46:47.120Z] Executing 05_relationships.sql batch 60.
[2026-07-24T19:46:47.130Z] Executing 05_relationships.sql batch 61.
[2026-07-24T19:46:47.139Z] Executing 05_relationships.sql batch 62.
[2026-07-24T19:46:47.148Z] Executing 05_relationships.sql batch 63.
[2026-07-24T19:46:47.157Z] Executing 05_relationships.sql batch 64.
[2026-07-24T19:46:47.166Z] Executing 05_relationships.sql batch 65.
[2026-07-24T19:46:47.175Z] Executing 05_relationships.sql batch 66.
[2026-07-24T19:46:47.184Z] Executing 05_relationships.sql batch 67.
[2026-07-24T19:46:47.193Z] Executing 05_relationships.sql batch 68.
[2026-07-24T19:46:47.202Z] Executing 05_relationships.sql batch 69.
[2026-07-24T19:46:47.211Z] Executing 05_relationships.sql batch 70.
[2026-07-24T19:46:47.219Z] Executing 05_relationships.sql batch 71.
[2026-07-24T19:46:47.228Z] Executing 05_relationships.sql batch 72.
[2026-07-24T19:46:47.237Z] Executing 05_relationships.sql batch 73.
[2026-07-24T19:46:47.245Z] Executing 05_relationships.sql batch 74.
[2026-07-24T19:46:47.254Z] Executing 05_relationships.sql batch 75.
[2026-07-24T19:46:47.264Z] Executing 05_relationships.sql batch 76.
[2026-07-24T19:46:47.273Z] Executing 05_relationships.sql batch 77.
[2026-07-24T19:46:47.282Z] Executing 05_relationships.sql batch 78.
[2026-07-24T19:46:47.291Z] Executing 05_relationships.sql batch 79.
[2026-07-24T19:46:47.300Z] Executing 05_relationships.sql batch 80.
[2026-07-24T19:46:47.310Z] Executing 05_relationships.sql batch 81.
[2026-07-24T19:46:47.319Z] Executing 05_relationships.sql batch 82.
[2026-07-24T19:46:47.328Z] Executing 05_relationships.sql batch 83.
[2026-07-24T19:46:47.337Z] Executing 05_relationships.sql batch 84.
[2026-07-24T19:46:47.346Z] Executing 05_relationships.sql batch 85.
[2026-07-24T19:46:47.355Z] Executing 05_relationships.sql batch 86.
[2026-07-24T19:46:47.364Z] Executing 05_relationships.sql batch 87.
[2026-07-24T19:46:47.374Z] Executing 05_relationships.sql batch 88.
[2026-07-24T19:46:47.384Z] Executing 05_relationships.sql batch 89.
[2026-07-24T19:46:47.393Z] Executing 05_relationships.sql batch 90.
[2026-07-24T19:46:47.403Z] Executing 05_relationships.sql batch 91.
[2026-07-24T19:46:47.414Z] Executing 05_relationships.sql batch 92.
[2026-07-24T19:46:47.425Z] Executing 05_relationships.sql batch 93.
[2026-07-24T19:46:47.435Z] Executing 05_relationships.sql batch 94.
[2026-07-24T19:46:47.446Z] Executing 05_relationships.sql batch 95.
[2026-07-24T19:46:47.465Z] Executing 06_indexes.sql batch 1.
[2026-07-24T19:46:47.469Z] Executing 06_indexes.sql batch 2.
[2026-07-24T19:46:47.490Z] Executing 06_indexes.sql batch 3.
[2026-07-24T19:46:47.499Z] Executing 06_indexes.sql batch 4.
[2026-07-24T19:46:47.507Z] Executing 06_indexes.sql batch 5.
[2026-07-24T19:46:47.516Z] Executing 06_indexes.sql batch 6.
[2026-07-24T19:46:47.525Z] Executing 06_indexes.sql batch 7.
[2026-07-24T19:46:47.533Z] Executing 06_indexes.sql batch 8.
[2026-07-24T19:46:47.542Z] Executing 06_indexes.sql batch 9.
[2026-07-24T19:46:47.551Z] Executing 06_indexes.sql batch 10.
[2026-07-24T19:46:47.561Z] Executing 06_indexes.sql batch 11.
[2026-07-24T19:46:47.570Z] Executing 06_indexes.sql batch 12.
[2026-07-24T19:46:47.582Z] Executing 07_functions.sql batch 1.
[2026-07-24T19:46:47.588Z] Executing 07_functions.sql batch 2.
[2026-07-24T19:46:47.594Z] Executing 07_functions.sql batch 3.
[2026-07-24T19:46:47.599Z] Executing 07_functions.sql batch 4.
[2026-07-24T19:46:47.604Z] Executing 07_functions.sql batch 5.
[2026-07-24T19:46:47.609Z] Executing 07_functions.sql batch 6.
[2026-07-24T19:46:47.614Z] Executing 07_functions.sql batch 7.
[2026-07-24T19:46:47.618Z] Executing 07_functions.sql batch 8.
[2026-07-24T19:46:47.623Z] Executing 07_functions.sql batch 9.
[2026-07-24T19:46:47.627Z] Executing 07_functions.sql batch 10.
[2026-07-24T19:46:47.632Z] Executing 07_functions.sql batch 11.
[2026-07-24T19:46:47.640Z] Executing 08_views.sql batch 1.
[2026-07-24T19:46:47.644Z] Executing 08_views.sql batch 2.
[2026-07-24T19:46:47.649Z] Executing 08_views.sql batch 3.
[2026-07-24T19:46:47.654Z] Executing 08_views.sql batch 4.
[2026-07-24T19:46:47.658Z] Skipping 08_views.sql batch 5: legacy view vw_DyForm_ActiveDomainsUsed does not match current DyForm schema.
[2026-07-24T19:46:47.660Z] Skipping 08_views.sql batch 6: legacy view vw_DyForm_CompleteFieldMap does not match current DyForm schema.
[2026-07-24T19:46:47.662Z] Executing 08_views.sql batch 7.
[2026-07-24T19:46:47.667Z] Skipping 08_views.sql batch 8: legacy view vw_DyForm_FieldExpressions does not match current DyForm schema.
[2026-07-24T19:46:47.668Z] Skipping 08_views.sql batch 9: legacy view vw_DyForm_FieldRules does not match current DyForm schema.
[2026-07-24T19:46:47.670Z] Executing 08_views.sql batch 10.
[2026-07-24T19:46:47.675Z] Executing 08_views.sql batch 11.
[2026-07-24T19:46:47.680Z] Skipping 08_views.sql batch 12: legacy view vw_DyForm_UnusedTypesOrDomains does not match current DyForm schema.
[2026-07-24T19:46:47.682Z] Executing 08_views.sql batch 13.
[2026-07-24T19:46:47.689Z] Executing 08_views.sql batch 14.
[2026-07-24T19:46:47.694Z] Executing 08_views.sql batch 15.
[2026-07-24T19:46:47.700Z] Executing 08_views.sql batch 16.
[2026-07-24T19:46:47.706Z] Executing 08_views.sql batch 17.
[2026-07-24T19:46:47.712Z] Skipping 08_views.sql batch 18: legacy view vw_PortalModules does not match current DyForm schema.
[2026-07-24T19:46:47.713Z] Executing 08_views.sql batch 19.
[2026-07-24T19:46:47.718Z] Executing 08_views.sql batch 20.
[2026-07-24T19:46:47.722Z] Executing 08_views.sql batch 21.
[2026-07-24T19:46:47.727Z] Executing 08_views.sql batch 22.
[2026-07-24T19:46:47.733Z] Executing 08_views.sql batch 23.
[2026-07-24T19:46:47.738Z] Executing 08_views.sql batch 24.
[2026-07-24T19:46:47.743Z] Executing 08_views.sql batch 25.
[2026-07-24T19:46:47.747Z] Executing 08_views.sql batch 26.
[2026-07-24T19:46:47.753Z] Executing 08_views.sql batch 27.
[2026-07-24T19:46:47.757Z] Executing 08_views.sql batch 28.
[2026-07-24T19:46:47.762Z] Executing 08_views.sql batch 29.
[2026-07-24T19:46:47.767Z] Executing 08_views.sql batch 30.
[2026-07-24T19:46:47.772Z] Executing 08_views.sql batch 31.
[2026-07-24T19:46:47.777Z] Executing 08_views.sql batch 32.
[2026-07-24T19:46:47.781Z] Executing 08_views.sql batch 33.
[2026-07-24T19:46:47.786Z] Executing 08_views.sql batch 34.
[2026-07-24T19:46:47.790Z] Executing 08_views.sql batch 35.
[2026-07-24T19:46:47.805Z] Executing 09_stored_procedures.sql batch 1.
[2026-07-24T19:46:47.808Z] Skipping 09_stored_procedures.sql batch 2: legacy procedure AssignModuleToPortal references removed schema objects.
[2026-07-24T19:46:47.810Z] Executing 09_stored_procedures.sql batch 3.
[2026-07-24T19:46:47.814Z] Executing 09_stored_procedures.sql batch 4.
[2026-07-24T19:46:47.818Z] Executing 09_stored_procedures.sql batch 5.
[2026-07-24T19:46:47.823Z] Executing 09_stored_procedures.sql batch 6.
[2026-07-24T19:46:47.827Z] Executing 09_stored_procedures.sql batch 7.
[2026-07-24T19:46:47.832Z] Executing 09_stored_procedures.sql batch 8.
[2026-07-24T19:46:47.837Z] Executing 09_stored_procedures.sql batch 9.
[2026-07-24T19:46:47.842Z] Executing 09_stored_procedures.sql batch 10.
[2026-07-24T19:46:47.846Z] Executing 09_stored_procedures.sql batch 11.
[2026-07-24T19:46:47.851Z] Executing 09_stored_procedures.sql batch 12.
[2026-07-24T19:46:47.855Z] Executing 09_stored_procedures.sql batch 13.
[2026-07-24T19:46:47.860Z] Executing 09_stored_procedures.sql batch 14.
[2026-07-24T19:46:47.864Z] Executing 09_stored_procedures.sql batch 15.
[2026-07-24T19:46:47.868Z] Executing 09_stored_procedures.sql batch 16.
[2026-07-24T19:46:47.872Z] Executing 09_stored_procedures.sql batch 17.
[2026-07-24T19:46:47.877Z] Executing 09_stored_procedures.sql batch 18.
[2026-07-24T19:46:47.882Z] Executing 09_stored_procedures.sql batch 19.
[2026-07-24T19:46:47.887Z] Executing 09_stored_procedures.sql batch 20.
[2026-07-24T19:46:47.891Z] Executing 09_stored_procedures.sql batch 21.
[2026-07-24T19:46:47.896Z] Executing 09_stored_procedures.sql batch 22.
[2026-07-24T19:46:47.901Z] Executing 09_stored_procedures.sql batch 23.
[2026-07-24T19:46:47.905Z] Executing 09_stored_procedures.sql batch 24.
[2026-07-24T19:46:47.910Z] Executing 09_stored_procedures.sql batch 25.
[2026-07-24T19:46:47.915Z] Executing 09_stored_procedures.sql batch 26.
[2026-07-24T19:46:47.919Z] Executing 09_stored_procedures.sql batch 27.
[2026-07-24T19:46:47.924Z] Executing 09_stored_procedures.sql batch 28.
[2026-07-24T19:46:47.929Z] Executing 09_stored_procedures.sql batch 29.
[2026-07-24T19:46:47.933Z] Executing 09_stored_procedures.sql batch 30.
[2026-07-24T19:46:47.938Z] Executing 09_stored_procedures.sql batch 31.
[2026-07-24T19:46:47.946Z] Executing 09_stored_procedures.sql batch 32.
[2026-07-24T19:46:47.951Z] Executing 09_stored_procedures.sql batch 33.
[2026-07-24T19:46:47.955Z] Executing 09_stored_procedures.sql batch 34.
[2026-07-24T19:46:47.960Z] Executing 09_stored_procedures.sql batch 35.
[2026-07-24T19:46:47.965Z] Executing 09_stored_procedures.sql batch 36.
[2026-07-24T19:46:47.970Z] Executing 09_stored_procedures.sql batch 37.
[2026-07-24T19:46:47.974Z] Executing 09_stored_procedures.sql batch 38.
[2026-07-24T19:46:47.978Z] Executing 09_stored_procedures.sql batch 39.
[2026-07-24T19:46:47.983Z] Executing 09_stored_procedures.sql batch 40.
[2026-07-24T19:46:47.988Z] Executing 09_stored_procedures.sql batch 41.
[2026-07-24T19:46:47.993Z] Executing 09_stored_procedures.sql batch 42.
[2026-07-24T19:46:47.998Z] Executing 09_stored_procedures.sql batch 43.
[2026-07-24T19:46:48.002Z] Executing 09_stored_procedures.sql batch 44.
[2026-07-24T19:46:48.007Z] Executing 09_stored_procedures.sql batch 45.
[2026-07-24T19:46:48.011Z] Executing 09_stored_procedures.sql batch 46.
[2026-07-24T19:46:48.017Z] Executing 09_stored_procedures.sql batch 47.
[2026-07-24T19:46:48.022Z] Executing 09_stored_procedures.sql batch 48.
[2026-07-24T19:46:48.027Z] Executing 09_stored_procedures.sql batch 49.
[2026-07-24T19:46:48.032Z] Executing 09_stored_procedures.sql batch 50.
[2026-07-24T19:46:48.036Z] Executing 09_stored_procedures.sql batch 51.
[2026-07-24T19:46:48.040Z] Executing 09_stored_procedures.sql batch 52.
[2026-07-24T19:46:48.049Z] Executing 09_stored_procedures.sql batch 53.
[2026-07-24T19:46:48.055Z] Executing 09_stored_procedures.sql batch 54.
[2026-07-24T19:46:48.060Z] Executing 09_stored_procedures.sql batch 55.
[2026-07-24T19:46:48.065Z] Executing 09_stored_procedures.sql batch 56.
[2026-07-24T19:46:48.069Z] Executing 09_stored_procedures.sql batch 57.
[2026-07-24T19:46:48.073Z] Executing 09_stored_procedures.sql batch 58.
[2026-07-24T19:46:48.078Z] Executing 09_stored_procedures.sql batch 59.
[2026-07-24T19:46:48.083Z] Executing 09_stored_procedures.sql batch 60.
[2026-07-24T19:46:48.087Z] Executing 09_stored_procedures.sql batch 61.
[2026-07-24T19:46:48.093Z] Executing 09_stored_procedures.sql batch 62.
[2026-07-24T19:46:48.097Z] Executing 09_stored_procedures.sql batch 63.
[2026-07-24T19:46:48.102Z] Executing 09_stored_procedures.sql batch 64.
[2026-07-24T19:46:48.106Z] Executing 09_stored_procedures.sql batch 65.
[2026-07-24T19:46:48.111Z] Executing 09_stored_procedures.sql batch 66.
[2026-07-24T19:46:48.121Z] Executing 09_stored_procedures.sql batch 67.
[2026-07-24T19:46:48.126Z] Executing 09_stored_procedures.sql batch 68.
[2026-07-24T19:46:48.131Z] Executing 09_stored_procedures.sql batch 69.
[2026-07-24T19:46:48.135Z] Executing 09_stored_procedures.sql batch 70.
[2026-07-24T19:46:48.140Z] Executing 09_stored_procedures.sql batch 71.
[2026-07-24T19:46:48.145Z] Executing 09_stored_procedures.sql batch 72.
[2026-07-24T19:46:48.149Z] Executing 09_stored_procedures.sql batch 73.
[2026-07-24T19:46:48.154Z] Executing 09_stored_procedures.sql batch 74.
[2026-07-24T19:46:48.158Z] Executing 09_stored_procedures.sql batch 75.
[2026-07-24T19:46:48.162Z] Executing 09_stored_procedures.sql batch 76.
[2026-07-24T19:46:48.166Z] Executing 09_stored_procedures.sql batch 77.
[2026-07-24T19:46:48.170Z] Executing 09_stored_procedures.sql batch 78.
[2026-07-24T19:46:48.174Z] Executing 09_stored_procedures.sql batch 79.
[2026-07-24T19:46:48.179Z] Executing 09_stored_procedures.sql batch 80.
[2026-07-24T19:46:48.184Z] Executing 09_stored_procedures.sql batch 81.
[2026-07-24T19:46:48.188Z] Executing 09_stored_procedures.sql batch 82.
[2026-07-24T19:46:48.192Z] Executing 09_stored_procedures.sql batch 83.
[2026-07-24T19:46:48.197Z] Executing 09_stored_procedures.sql batch 84.
[2026-07-24T19:46:48.201Z] Executing 09_stored_procedures.sql batch 85.
[2026-07-24T19:46:48.205Z] Executing 09_stored_procedures.sql batch 86.
[2026-07-24T19:46:48.209Z] Executing 09_stored_procedures.sql batch 87.
[2026-07-24T19:46:48.213Z] Executing 09_stored_procedures.sql batch 88.
[2026-07-24T19:46:48.217Z] Executing 09_stored_procedures.sql batch 89.
[2026-07-24T19:46:48.221Z] Executing 09_stored_procedures.sql batch 90.
[2026-07-24T19:46:48.225Z] Executing 09_stored_procedures.sql batch 91.
[2026-07-24T19:46:48.229Z] Executing 09_stored_procedures.sql batch 92.
[2026-07-24T19:46:48.233Z] Executing 09_stored_procedures.sql batch 93.
[2026-07-24T19:46:48.237Z] Executing 09_stored_procedures.sql batch 94.
[2026-07-24T19:46:48.242Z] Executing 09_stored_procedures.sql batch 95.
[2026-07-24T19:46:48.247Z] Executing 09_stored_procedures.sql batch 96.
[2026-07-24T19:46:48.251Z] Executing 09_stored_procedures.sql batch 97.
[2026-07-24T19:46:48.255Z] Executing 09_stored_procedures.sql batch 98.
[2026-07-24T19:46:48.259Z] Executing 09_stored_procedures.sql batch 99.
[2026-07-24T19:46:48.264Z] Executing 09_stored_procedures.sql batch 100.
[2026-07-24T19:46:48.267Z] Executing 09_stored_procedures.sql batch 101.
[2026-07-24T19:46:48.272Z] Executing 09_stored_procedures.sql batch 102.
[2026-07-24T19:46:48.276Z] Executing 09_stored_procedures.sql batch 103.
[2026-07-24T19:46:48.280Z] Executing 09_stored_procedures.sql batch 104.
[2026-07-24T19:46:48.284Z] Executing 09_stored_procedures.sql batch 105.
[2026-07-24T19:46:48.289Z] Executing 09_stored_procedures.sql batch 106.
[2026-07-24T19:46:48.294Z] Executing 09_stored_procedures.sql batch 107.
[2026-07-24T19:46:48.299Z] Executing 09_stored_procedures.sql batch 108.
[2026-07-24T19:46:48.304Z] Executing 09_stored_procedures.sql batch 109.
[2026-07-24T19:46:48.309Z] Executing 09_stored_procedures.sql batch 110.
[2026-07-24T19:46:48.313Z] Executing 09_stored_procedures.sql batch 111.
[2026-07-24T19:46:48.317Z] Executing 09_stored_procedures.sql batch 112.
[2026-07-24T19:46:48.322Z] Executing 09_stored_procedures.sql batch 113.
[2026-07-24T19:46:48.326Z] Executing 09_stored_procedures.sql batch 114.
[2026-07-24T19:46:48.330Z] Executing 09_stored_procedures.sql batch 115.
[2026-07-24T19:46:48.334Z] Executing 09_stored_procedures.sql batch 116.
[2026-07-24T19:46:48.338Z] Executing 09_stored_procedures.sql batch 117.
[2026-07-24T19:46:48.342Z] Executing 09_stored_procedures.sql batch 118.
[2026-07-24T19:46:48.346Z] Executing 09_stored_procedures.sql batch 119.
[2026-07-24T19:46:48.350Z] Executing 09_stored_procedures.sql batch 120.
[2026-07-24T19:46:48.355Z] Executing 09_stored_procedures.sql batch 121.
[2026-07-24T19:46:48.359Z] Executing 09_stored_procedures.sql batch 122.
[2026-07-24T19:46:48.363Z] Executing 09_stored_procedures.sql batch 123.
[2026-07-24T19:46:48.367Z] Executing 09_stored_procedures.sql batch 124.
[2026-07-24T19:46:48.371Z] Executing 09_stored_procedures.sql batch 125.
[2026-07-24T19:46:48.375Z] Executing 09_stored_procedures.sql batch 126.
[2026-07-24T19:46:48.379Z] Executing 09_stored_procedures.sql batch 127.
[2026-07-24T19:46:48.383Z] Executing 09_stored_procedures.sql batch 128.
[2026-07-24T19:46:48.387Z] Executing 09_stored_procedures.sql batch 129.
[2026-07-24T19:46:48.391Z] Executing 09_stored_procedures.sql batch 130.
[2026-07-24T19:46:48.395Z] Executing 09_stored_procedures.sql batch 131.
[2026-07-24T19:46:48.400Z] Executing 09_stored_procedures.sql batch 132.
[2026-07-24T19:46:48.403Z] Executing 09_stored_procedures.sql batch 133.
[2026-07-24T19:46:48.407Z] Executing 09_stored_procedures.sql batch 134.
[2026-07-24T19:46:48.412Z] Executing 09_stored_procedures.sql batch 135.
[2026-07-24T19:46:48.417Z] Skipping 09_stored_procedures.sql batch 136: legacy procedure GenerateApiKey references removed schema objects.
[2026-07-24T19:46:48.419Z] Executing 09_stored_procedures.sql batch 137.
[2026-07-24T19:46:48.424Z] Executing 09_stored_procedures.sql batch 138.
[2026-07-24T19:46:48.428Z] Executing 09_stored_procedures.sql batch 139.
[2026-07-24T19:46:48.432Z] Skipping 09_stored_procedures.sql batch 140: legacy procedure GetAllDyFormDFormDomainss references removed schema objects.
[2026-07-24T19:46:48.434Z] Skipping 09_stored_procedures.sql batch 141: legacy procedure GetAllDyFormDFormDomainValuess references removed schema objects.
[2026-07-24T19:46:48.435Z] Skipping 09_stored_procedures.sql batch 142: legacy procedure GetAllDyFormDFormFieldRules references removed schema objects.
[2026-07-24T19:46:48.436Z] Skipping 09_stored_procedures.sql batch 143: legacy procedure GetAllDyFormDFormFields references removed schema objects.
[2026-07-24T19:46:48.438Z] Skipping 09_stored_procedures.sql batch 144: legacy procedure GetAllDyFormDForms references removed schema objects.
[2026-07-24T19:46:48.439Z] Skipping 09_stored_procedures.sql batch 145: legacy procedure GetAllDyFormDFormSections references removed schema objects.
[2026-07-24T19:46:48.441Z] Executing 09_stored_procedures.sql batch 146.
[2026-07-24T19:46:48.445Z] Executing 09_stored_procedures.sql batch 147.
[2026-07-24T19:46:48.452Z] Executing 09_stored_procedures.sql batch 148.
[2026-07-24T19:46:48.461Z] Executing 09_stored_procedures.sql batch 149.
[2026-07-24T19:46:48.468Z] Executing 09_stored_procedures.sql batch 150.
[2026-07-24T19:46:48.474Z] Executing 09_stored_procedures.sql batch 151.
[2026-07-24T19:46:48.479Z] Executing 09_stored_procedures.sql batch 152.
[2026-07-24T19:46:48.485Z] Executing 09_stored_procedures.sql batch 153.
[2026-07-24T19:46:48.490Z] Executing 09_stored_procedures.sql batch 154.
[2026-07-24T19:46:48.496Z] Executing 09_stored_procedures.sql batch 155.
[2026-07-24T19:46:48.502Z] Executing 09_stored_procedures.sql batch 156.
[2026-07-24T19:46:48.508Z] Executing 09_stored_procedures.sql batch 157.
[2026-07-24T19:46:48.514Z] Executing 09_stored_procedures.sql batch 158.
[2026-07-24T19:46:48.520Z] Executing 09_stored_procedures.sql batch 159.
[2026-07-24T19:46:48.525Z] Executing 09_stored_procedures.sql batch 160.
[2026-07-24T19:46:48.531Z] Executing 09_stored_procedures.sql batch 161.
[2026-07-24T19:46:48.537Z] Executing 09_stored_procedures.sql batch 162.
[2026-07-24T19:46:48.543Z] Executing 09_stored_procedures.sql batch 163.
[2026-07-24T19:46:48.549Z] Executing 09_stored_procedures.sql batch 164.
[2026-07-24T19:46:48.555Z] Executing 09_stored_procedures.sql batch 165.
[2026-07-24T19:46:48.561Z] Executing 09_stored_procedures.sql batch 166.
[2026-07-24T19:46:48.567Z] Executing 09_stored_procedures.sql batch 167.
[2026-07-24T19:46:48.574Z] Executing 09_stored_procedures.sql batch 168.
[2026-07-24T19:46:48.580Z] Executing 09_stored_procedures.sql batch 169.
[2026-07-24T19:46:48.586Z] Executing 09_stored_procedures.sql batch 170.
[2026-07-24T19:46:48.593Z] Executing 09_stored_procedures.sql batch 171.
[2026-07-24T19:46:48.599Z] Executing 09_stored_procedures.sql batch 172.
[2026-07-24T19:46:48.604Z] Executing 09_stored_procedures.sql batch 173.
[2026-07-24T19:46:48.611Z] Executing 09_stored_procedures.sql batch 174.
[2026-07-24T19:46:48.627Z] Executing 09_stored_procedures.sql batch 175.
[2026-07-24T19:46:48.633Z] Executing 09_stored_procedures.sql batch 176.
[2026-07-24T19:46:48.639Z] Executing 09_stored_procedures.sql batch 177.
[2026-07-24T19:46:48.647Z] Executing 09_stored_procedures.sql batch 178.
[2026-07-24T19:46:48.653Z] Executing 09_stored_procedures.sql batch 179.
[2026-07-24T19:46:48.658Z] Executing 09_stored_procedures.sql batch 180.
[2026-07-24T19:46:48.663Z] Executing 09_stored_procedures.sql batch 181.
[2026-07-24T19:46:48.669Z] Executing 09_stored_procedures.sql batch 182.
[2026-07-24T19:46:48.674Z] Executing 09_stored_procedures.sql batch 183.
[2026-07-24T19:46:48.681Z] Executing 09_stored_procedures.sql batch 184.
[2026-07-24T19:46:48.686Z] Executing 09_stored_procedures.sql batch 185.
[2026-07-24T19:46:48.690Z] Executing 09_stored_procedures.sql batch 186.
[2026-07-24T19:46:48.695Z] Executing 09_stored_procedures.sql batch 187.
[2026-07-24T19:46:48.699Z] Executing 09_stored_procedures.sql batch 188.
[2026-07-24T19:46:48.703Z] Executing 09_stored_procedures.sql batch 189.
[2026-07-24T19:46:48.708Z] Executing 09_stored_procedures.sql batch 190.
[2026-07-24T19:46:48.712Z] Executing 09_stored_procedures.sql batch 191.
[2026-07-24T19:46:48.717Z] Executing 09_stored_procedures.sql batch 192.
[2026-07-24T19:46:48.722Z] Executing 09_stored_procedures.sql batch 193.
[2026-07-24T19:46:48.726Z] Executing 09_stored_procedures.sql batch 194.
[2026-07-24T19:46:48.731Z] Executing 09_stored_procedures.sql batch 195.
[2026-07-24T19:46:48.737Z] Executing 09_stored_procedures.sql batch 196.
[2026-07-24T19:46:48.742Z] Executing 09_stored_procedures.sql batch 197.
[2026-07-24T19:46:48.746Z] Executing 09_stored_procedures.sql batch 198.
[2026-07-24T19:46:48.751Z] Executing 09_stored_procedures.sql batch 199.
[2026-07-24T19:46:48.763Z] Executing 09_stored_procedures.sql batch 200.
[2026-07-24T19:46:48.768Z] Executing 09_stored_procedures.sql batch 201.
[2026-07-24T19:46:48.773Z] Executing 09_stored_procedures.sql batch 202.
[2026-07-24T19:46:48.777Z] Executing 09_stored_procedures.sql batch 203.
[2026-07-24T19:46:48.781Z] Executing 09_stored_procedures.sql batch 204.
[2026-07-24T19:46:48.786Z] Executing 09_stored_procedures.sql batch 205.
[2026-07-24T19:46:48.790Z] Executing 09_stored_procedures.sql batch 206.
[2026-07-24T19:46:48.794Z] Executing 09_stored_procedures.sql batch 207.
[2026-07-24T19:46:48.799Z] Executing 09_stored_procedures.sql batch 208.
[2026-07-24T19:46:48.802Z] Executing 09_stored_procedures.sql batch 209.
[2026-07-24T19:46:48.806Z] Executing 09_stored_procedures.sql batch 210.
[2026-07-24T19:46:48.811Z] Executing 09_stored_procedures.sql batch 211.
[2026-07-24T19:46:48.815Z] Executing 09_stored_procedures.sql batch 212.
[2026-07-24T19:46:48.819Z] Executing 09_stored_procedures.sql batch 213.
[2026-07-24T19:46:48.823Z] Executing 09_stored_procedures.sql batch 214.
[2026-07-24T19:46:48.827Z] Executing 09_stored_procedures.sql batch 215.
[2026-07-24T19:46:48.831Z] Executing 09_stored_procedures.sql batch 216.
[2026-07-24T19:46:48.836Z] Executing 09_stored_procedures.sql batch 217.
[2026-07-24T19:46:48.840Z] Executing 09_stored_procedures.sql batch 218.
[2026-07-24T19:46:48.844Z] Executing 09_stored_procedures.sql batch 219.
[2026-07-24T19:46:48.848Z] Executing 09_stored_procedures.sql batch 220.
[2026-07-24T19:46:48.853Z] Executing 09_stored_procedures.sql batch 221.
[2026-07-24T19:46:48.857Z] Executing 09_stored_procedures.sql batch 222.
[2026-07-24T19:46:48.861Z] Executing 09_stored_procedures.sql batch 223.
[2026-07-24T19:46:48.865Z] Executing 09_stored_procedures.sql batch 224.
[2026-07-24T19:46:48.869Z] Skipping 09_stored_procedures.sql batch 225: legacy procedure GetModuleIDbyKey references removed schema objects.
[2026-07-24T19:46:48.870Z] Skipping 09_stored_procedures.sql batch 226: legacy procedure GetModulesByPortal references removed schema objects.
[2026-07-24T19:46:48.872Z] Executing 09_stored_procedures.sql batch 227.
[2026-07-24T19:46:48.877Z] Executing 09_stored_procedures.sql batch 228.
[2026-07-24T19:46:48.881Z] Executing 09_stored_procedures.sql batch 229.
[2026-07-24T19:46:48.885Z] Executing 09_stored_procedures.sql batch 230.
[2026-07-24T19:46:48.889Z] Executing 09_stored_procedures.sql batch 231.
[2026-07-24T19:46:48.891Z] Executing 09_stored_procedures.sql batch 232.
[2026-07-24T19:46:48.896Z] Executing 09_stored_procedures.sql batch 233.
[2026-07-24T19:46:48.900Z] Skipping 09_stored_procedures.sql batch 234: legacy procedure GetPortalIDbyKey references removed schema objects.
[2026-07-24T19:46:48.901Z] Executing 09_stored_procedures.sql batch 235.
[2026-07-24T19:46:48.905Z] Executing 09_stored_procedures.sql batch 236.
[2026-07-24T19:46:48.909Z] Executing 09_stored_procedures.sql batch 237.
[2026-07-24T19:46:48.913Z] Executing 09_stored_procedures.sql batch 238.
[2026-07-24T19:46:48.918Z] Executing 09_stored_procedures.sql batch 239.
[2026-07-24T19:46:48.922Z] Executing 09_stored_procedures.sql batch 240.
[2026-07-24T19:46:48.926Z] Executing 09_stored_procedures.sql batch 241.
[2026-07-24T19:46:48.930Z] Executing 09_stored_procedures.sql batch 242.
[2026-07-24T19:46:48.934Z] Executing 09_stored_procedures.sql batch 243.
[2026-07-24T19:46:48.938Z] Executing 09_stored_procedures.sql batch 244.
[2026-07-24T19:46:48.943Z] Executing 09_stored_procedures.sql batch 245.
[2026-07-24T19:46:48.947Z] Executing 09_stored_procedures.sql batch 246.
[2026-07-24T19:46:48.951Z] Executing 09_stored_procedures.sql batch 247.
[2026-07-24T19:46:48.955Z] Executing 09_stored_procedures.sql batch 248.
[2026-07-24T19:46:48.959Z] Executing 09_stored_procedures.sql batch 249.
[2026-07-24T19:46:48.963Z] Executing 09_stored_procedures.sql batch 250.
[2026-07-24T19:46:48.968Z] Executing 09_stored_procedures.sql batch 251.
[2026-07-24T19:46:48.972Z] Executing 09_stored_procedures.sql batch 252.
[2026-07-24T19:46:48.976Z] Executing 09_stored_procedures.sql batch 253.
[2026-07-24T19:46:48.981Z] Executing 09_stored_procedures.sql batch 254.
[2026-07-24T19:46:48.985Z] Executing 09_stored_procedures.sql batch 255.
[2026-07-24T19:46:48.989Z] Executing 09_stored_procedures.sql batch 256.
[2026-07-24T19:46:48.995Z] Executing 09_stored_procedures.sql batch 257.
[2026-07-24T19:46:49.003Z] Executing 09_stored_procedures.sql batch 258.
[2026-07-24T19:46:49.009Z] Executing 09_stored_procedures.sql batch 259.
[2026-07-24T19:46:49.014Z] Skipping 09_stored_procedures.sql batch 260: legacy procedure GetUserIDbyKey references removed schema objects.
[2026-07-24T19:46:49.016Z] Executing 09_stored_procedures.sql batch 261.
[2026-07-24T19:46:49.020Z] Executing 09_stored_procedures.sql batch 262.
[2026-07-24T19:46:49.024Z] Executing 09_stored_procedures.sql batch 263.
[2026-07-24T19:46:49.029Z] Executing 09_stored_procedures.sql batch 264.
[2026-07-24T19:46:49.035Z] Executing 09_stored_procedures.sql batch 265.
[2026-07-24T19:46:49.039Z] Executing 09_stored_procedures.sql batch 266.
[2026-07-24T19:46:49.043Z] Executing 09_stored_procedures.sql batch 267.
[2026-07-24T19:46:49.047Z] Executing 09_stored_procedures.sql batch 268.
[2026-07-24T19:46:49.051Z] Executing 09_stored_procedures.sql batch 269.
[2026-07-24T19:46:49.055Z] Executing 09_stored_procedures.sql batch 270.
[2026-07-24T19:46:49.060Z] Executing 09_stored_procedures.sql batch 271.
[2026-07-24T19:46:49.064Z] Executing 09_stored_procedures.sql batch 272.
[2026-07-24T19:46:49.070Z] Executing 09_stored_procedures.sql batch 273.
[2026-07-24T19:46:49.077Z] Executing 09_stored_procedures.sql batch 274.
[2026-07-24T19:46:49.082Z] Executing 09_stored_procedures.sql batch 275.
[2026-07-24T19:46:49.087Z] Skipping 09_stored_procedures.sql batch 276: legacy procedure RemoveModuleFromPortal references removed schema objects.
[2026-07-24T19:46:49.088Z] Executing 09_stored_procedures.sql batch 277.
[2026-07-24T19:46:49.093Z] Executing 09_stored_procedures.sql batch 278.
[2026-07-24T19:46:49.098Z] Executing 09_stored_procedures.sql batch 279.
[2026-07-24T19:46:49.102Z] Executing 09_stored_procedures.sql batch 280.
[2026-07-24T19:46:49.106Z] Executing 09_stored_procedures.sql batch 281.
[2026-07-24T19:46:49.111Z] Executing 09_stored_procedures.sql batch 282.
[2026-07-24T19:46:49.115Z] Executing 09_stored_procedures.sql batch 283.
[2026-07-24T19:46:49.119Z] Executing 09_stored_procedures.sql batch 284.
[2026-07-24T19:46:49.123Z] Executing 09_stored_procedures.sql batch 285.
[2026-07-24T19:46:49.128Z] Executing 09_stored_procedures.sql batch 286.
[2026-07-24T19:46:49.132Z] Executing 09_stored_procedures.sql batch 287.
[2026-07-24T19:46:49.136Z] Executing 09_stored_procedures.sql batch 288.
[2026-07-24T19:46:49.140Z] Executing 09_stored_procedures.sql batch 289.
[2026-07-24T19:46:49.144Z] Executing 09_stored_procedures.sql batch 290.
[2026-07-24T19:46:49.148Z] Executing 09_stored_procedures.sql batch 291.
[2026-07-24T19:46:49.152Z] Executing 09_stored_procedures.sql batch 292.
[2026-07-24T19:46:49.157Z] Executing 09_stored_procedures.sql batch 293.
[2026-07-24T19:46:49.161Z] Executing 09_stored_procedures.sql batch 294.
[2026-07-24T19:46:49.165Z] Executing 09_stored_procedures.sql batch 295.
[2026-07-24T19:46:49.169Z] Executing 09_stored_procedures.sql batch 296.
[2026-07-24T19:46:49.173Z] Executing 09_stored_procedures.sql batch 297.
[2026-07-24T19:46:49.177Z] Executing 09_stored_procedures.sql batch 298.
[2026-07-24T19:46:49.181Z] Executing 09_stored_procedures.sql batch 299.
[2026-07-24T19:46:49.186Z] Executing 09_stored_procedures.sql batch 300.
[2026-07-24T19:46:49.192Z] Executing 09_stored_procedures.sql batch 301.
[2026-07-24T19:46:49.197Z] Executing 09_stored_procedures.sql batch 302.
[2026-07-24T19:46:49.202Z] Executing 09_stored_procedures.sql batch 303.
[2026-07-24T19:46:49.206Z] Executing 09_stored_procedures.sql batch 304.
[2026-07-24T19:46:49.211Z] Executing 09_stored_procedures.sql batch 305.
[2026-07-24T19:46:49.216Z] Executing 09_stored_procedures.sql batch 306.
[2026-07-24T19:46:49.220Z] Executing 09_stored_procedures.sql batch 307.
[2026-07-24T19:46:49.225Z] Executing 09_stored_procedures.sql batch 308.
[2026-07-24T19:46:49.229Z] Executing 09_stored_procedures.sql batch 309.
[2026-07-24T19:46:49.233Z] Executing 09_stored_procedures.sql batch 310.
[2026-07-24T19:46:49.238Z] Executing 09_stored_procedures.sql batch 311.
[2026-07-24T19:46:49.242Z] Executing 09_stored_procedures.sql batch 312.
[2026-07-24T19:46:49.246Z] Executing 09_stored_procedures.sql batch 313.
[2026-07-24T19:46:49.250Z] Executing 09_stored_procedures.sql batch 314.
[2026-07-24T19:46:49.255Z] Executing 09_stored_procedures.sql batch 315.
[2026-07-24T19:46:49.260Z] Executing 09_stored_procedures.sql batch 316.
[2026-07-24T19:46:49.264Z] Executing 09_stored_procedures.sql batch 317.
[2026-07-24T19:46:49.269Z] Executing 09_stored_procedures.sql batch 318.
[2026-07-24T19:46:49.273Z] Executing 09_stored_procedures.sql batch 319.
[2026-07-24T19:46:49.278Z] Executing 09_stored_procedures.sql batch 320.
[2026-07-24T19:46:49.282Z] Executing 09_stored_procedures.sql batch 321.
[2026-07-24T19:46:49.286Z] Executing 09_stored_procedures.sql batch 322.
[2026-07-24T19:46:49.291Z] Executing 09_stored_procedures.sql batch 323.
[2026-07-24T19:46:49.295Z] Executing 09_stored_procedures.sql batch 324.
[2026-07-24T19:46:49.299Z] Executing 09_stored_procedures.sql batch 325.
[2026-07-24T19:46:49.303Z] Executing 09_stored_procedures.sql batch 326.
[2026-07-24T19:46:49.308Z] Executing 09_stored_procedures.sql batch 327.
[2026-07-24T19:46:49.312Z] Executing 09_stored_procedures.sql batch 328.
[2026-07-24T19:46:49.319Z] Executing 09_stored_procedures.sql batch 329.
[2026-07-24T19:46:49.324Z] Executing 09_stored_procedures.sql batch 330.
[2026-07-24T19:46:49.328Z] Executing 09_stored_procedures.sql batch 331.
[2026-07-24T19:46:49.332Z] Skipping 09_stored_procedures.sql batch 332: legacy procedure UpdateUserProviderProfileDataField references removed schema objects.
[2026-07-24T19:46:49.334Z] Executing 09_stored_procedures.sql batch 333.
[2026-07-24T19:46:49.339Z] Executing 09_stored_procedures.sql batch 334.
[2026-07-24T19:46:49.343Z] Executing 09_stored_procedures.sql batch 335.
[2026-07-24T19:46:49.348Z] Executing 09_stored_procedures.sql batch 336.
[2026-07-24T19:46:49.352Z] Executing 09_stored_procedures.sql batch 337.
[2026-07-24T19:46:49.356Z] Executing 09_stored_procedures.sql batch 338.
[2026-07-24T19:46:49.360Z] Executing 09_stored_procedures.sql batch 339.
[2026-07-24T19:46:49.364Z] Executing 09_stored_procedures.sql batch 340.
[2026-07-24T19:46:49.370Z] Executing 09_stored_procedures.sql batch 341.
[2026-07-24T19:46:49.376Z] Executing 09_stored_procedures.sql batch 342.
[2026-07-24T19:46:49.382Z] Executing 09_stored_procedures.sql batch 343.
[2026-07-24T19:46:49.387Z] Executing 09_stored_procedures.sql batch 344.
[2026-07-24T19:46:49.393Z] Executing 09_stored_procedures.sql batch 345.
[2026-07-24T19:46:49.398Z] Executing 09_stored_procedures.sql batch 346.
[2026-07-24T19:46:49.402Z] Executing 09_stored_procedures.sql batch 347.
[2026-07-24T19:46:49.406Z] Executing 09_stored_procedures.sql batch 348.
[2026-07-24T19:46:49.411Z] Executing 09_stored_procedures.sql batch 349.
[2026-07-24T19:46:49.415Z] Executing 09_stored_procedures.sql batch 350.
[2026-07-24T19:46:49.420Z] Executing 09_stored_procedures.sql batch 351.
[2026-07-24T19:46:49.425Z] Executing 09_stored_procedures.sql batch 352.
[2026-07-24T19:46:49.429Z] Executing 09_stored_procedures.sql batch 353.
[2026-07-24T19:46:49.434Z] Executing 09_stored_procedures.sql batch 354.
[2026-07-24T19:46:49.439Z] Executing 09_stored_procedures.sql batch 355.
[2026-07-24T19:46:49.443Z] Executing 09_stored_procedures.sql batch 356.
[2026-07-24T19:46:49.448Z] Executing 09_stored_procedures.sql batch 357.
[2026-07-24T19:46:49.452Z] Executing 09_stored_procedures.sql batch 358.
[2026-07-24T19:46:49.460Z] Executing 10_triggers.sql batch 1.
[2026-07-24T19:46:49.463Z] Executing 10_triggers.sql batch 2.
[2026-07-24T19:46:49.468Z] Executing 10_triggers.sql batch 3.
[2026-07-24T19:46:49.472Z] Executing 10_triggers.sql batch 4.
[2026-07-24T19:46:49.477Z] Executing 10_triggers.sql batch 5.
[2026-07-24T19:46:49.481Z] Executing 10_triggers.sql batch 6.
[2026-07-24T19:46:49.485Z] Executing 10_triggers.sql batch 7.
[2026-07-24T19:46:49.494Z] Executing seed/001_Payments.Provider.sql batch 1.
[2026-07-24T19:46:49.497Z] Executing seed/001_Payments.Provider.sql batch 2.
[2026-07-24T19:46:49.508Z] Executing seed/002_Payments.Webhook.sql batch 1.
[2026-07-24T19:46:49.512Z] Executing seed/002_Payments.Webhook.sql batch 2.
[2026-07-24T19:46:49.522Z] Executing seed/003_dbo.AspNetRoles.sql batch 1.
[2026-07-24T19:46:49.526Z] Executing seed/003_dbo.AspNetRoles.sql batch 2.
[2026-07-24T19:46:49.536Z] Executing seed/004_dbo.AspNetUsers.sql batch 1.
[2026-07-24T19:46:49.541Z] Executing seed/004_dbo.AspNetUsers.sql batch 2.
[2026-07-24T19:46:49.554Z] Executing seed/005_dbo.DyForm.sql batch 1.
[2026-07-24T19:46:49.559Z] Executing seed/005_dbo.DyForm.sql batch 2.
[2026-07-24T19:46:49.569Z] Executing seed/006_dbo.DyFormDataSourceDefinition.sql batch 1.
[2026-07-24T19:46:49.573Z] Executing seed/006_dbo.DyFormDataSourceDefinition.sql batch 2.
[2026-07-24T19:46:49.588Z] Executing seed/007_dbo.DyFormDomainType.sql batch 1.
[2026-07-24T19:46:49.593Z] Executing seed/007_dbo.DyFormDomainType.sql batch 2.
[2026-07-24T19:46:49.602Z] Executing seed/008_dbo.DyFormFieldType.sql batch 1.
[2026-07-24T19:46:49.606Z] Executing seed/008_dbo.DyFormFieldType.sql batch 2.
[2026-07-24T19:46:49.620Z] Executing seed/009_dbo.DyFormResolverContext.sql batch 1.
[2026-07-24T19:46:49.624Z] Executing seed/009_dbo.DyFormResolverContext.sql batch 2.
[2026-07-24T19:46:49.633Z] Executing seed/010_dbo.DyFormResolverType.sql batch 1.
[2026-07-24T19:46:49.637Z] Executing seed/010_dbo.DyFormResolverType.sql batch 2.
[2026-07-24T19:46:49.646Z] Executing seed/011_dbo.DyFormRuleSyntax.sql batch 1.
[2026-07-24T19:46:49.650Z] Executing seed/011_dbo.DyFormRuleSyntax.sql batch 2.
[2026-07-24T19:46:49.660Z] Executing seed/012_dbo.DyFormRuleType.sql batch 1.
[2026-07-24T19:46:49.664Z] Executing seed/012_dbo.DyFormRuleType.sql batch 2.
[2026-07-24T19:46:49.673Z] Executing seed/013_dbo.DyFormSection.sql batch 1.
[2026-07-24T19:46:49.677Z] Executing seed/013_dbo.DyFormSection.sql batch 2.
[2026-07-24T19:46:49.686Z] Executing seed/014_dbo.DyFormViewModelDefinition.sql batch 1.
[2026-07-24T19:46:49.690Z] Executing seed/014_dbo.DyFormViewModelDefinition.sql batch 2.
[2026-07-24T19:46:49.700Z] Executing seed/015_dbo.ISO6391_Languages.sql batch 1.
[2026-07-24T19:46:49.704Z] Executing seed/015_dbo.ISO6391_Languages.sql batch 2.
[2026-07-24T19:46:49.725Z] Executing seed/016_dbo.LayoutTypes.sql batch 1.
[2026-07-24T19:46:49.729Z] Executing seed/016_dbo.LayoutTypes.sql batch 2.
[2026-07-24T19:46:49.737Z] Executing seed/017_dbo.OwnerTypes.sql batch 1.
[2026-07-24T19:46:49.741Z] Executing seed/017_dbo.OwnerTypes.sql batch 2.
[2026-07-24T19:46:49.749Z] Executing seed/018_dbo.Portals.sql batch 1.
[2026-07-24T19:46:49.753Z] Executing seed/018_dbo.Portals.sql batch 2.
[2026-07-24T19:46:49.761Z] Executing seed/019_dbo.ProfileProviders.sql batch 1.
[2026-07-24T19:46:49.765Z] Executing seed/019_dbo.ProfileProviders.sql batch 2.
[2026-07-24T19:46:49.772Z] Executing seed/020_dbo.ProtosDataModelDefinition.sql batch 1.
[2026-07-24T19:46:49.776Z] Executing seed/020_dbo.ProtosDataModelDefinition.sql batch 2.
[2026-07-24T19:46:49.783Z] Executing seed/021_dbo.ProtosTargetType.sql batch 1.
[2026-07-24T19:46:49.787Z] Executing seed/021_dbo.ProtosTargetType.sql batch 2.
[2026-07-24T19:46:49.795Z] Executing seed/022_dbo.ProtosTemplate.sql batch 1.
[2026-07-24T19:46:49.798Z] Executing seed/022_dbo.ProtosTemplate.sql batch 2.
[2026-07-24T19:46:49.813Z] Executing seed/023_dbo.ProtosTemplateStatus.sql batch 1.
[2026-07-24T19:46:49.816Z] Executing seed/023_dbo.ProtosTemplateStatus.sql batch 2.
[2026-07-24T19:46:49.824Z] Executing seed/024_dbo.ProviderProfileFieldType.sql batch 1.
[2026-07-24T19:46:49.828Z] Executing seed/024_dbo.ProviderProfileFieldType.sql batch 2.
[2026-07-24T19:46:49.836Z] Executing seed/025_dbo.ResolverTypes.sql batch 1.
[2026-07-24T19:46:49.839Z] Executing seed/025_dbo.ResolverTypes.sql batch 2.
[2026-07-24T19:46:49.849Z] Executing seed/026_dbo.Resolvers.sql batch 1.
[2026-07-24T19:46:49.852Z] Executing seed/026_dbo.Resolvers.sql batch 2.
[2026-07-24T19:46:49.862Z] Executing seed/027_dbo.StateProvinces.sql batch 1.
[2026-07-24T19:46:49.865Z] Executing seed/027_dbo.StateProvinces.sql batch 2.
[2026-07-24T19:46:49.877Z] Executing seed/028_dbo.StyledTypes.sql batch 1.
[2026-07-24T19:46:49.881Z] Executing seed/028_dbo.StyledTypes.sql batch 2.
[2026-07-24T19:46:49.900Z] Executing seed/029_dbo.SystemFileTypes.sql batch 1.
[2026-07-24T19:46:49.904Z] Executing seed/029_dbo.SystemFileTypes.sql batch 2.
[2026-07-24T19:46:49.910Z] Executing seed/030_dbo.SystemLogs.sql batch 1.
[2026-07-24T19:46:49.914Z] Executing seed/030_dbo.SystemLogs.sql batch 2.
[2026-07-24T19:46:49.922Z] Executing seed/031_dbo.SystemValueTypes.sql batch 1.
[2026-07-24T19:46:49.925Z] Executing seed/031_dbo.SystemValueTypes.sql batch 2.
[2026-07-24T19:46:49.933Z] Executing seed/032_dbo.ThemeDefinitions.sql batch 1.
[2026-07-24T19:46:49.937Z] Executing seed/032_dbo.ThemeDefinitions.sql batch 2.
[2026-07-24T19:46:49.945Z] Executing seed/033_Payments.Intent.sql batch 1.
[2026-07-24T19:46:49.948Z] Executing seed/033_Payments.Intent.sql batch 2.
[2026-07-24T19:46:49.955Z] Executing seed/034_Payments.ProviderSecret.sql batch 1.
[2026-07-24T19:46:49.958Z] Executing seed/034_Payments.ProviderSecret.sql batch 2.
[2026-07-24T19:46:49.967Z] Executing seed/035_dbo.API_Owners.sql batch 1.
[2026-07-24T19:46:49.970Z] Executing seed/035_dbo.API_Owners.sql batch 2.
[2026-07-24T19:46:49.980Z] Executing seed/036_dbo.Address.sql batch 1.
[2026-07-24T19:46:49.984Z] Executing seed/036_dbo.Address.sql batch 2.
[2026-07-24T19:46:49.993Z] Executing seed/037_dbo.AspNetUserClaims.sql batch 1.
[2026-07-24T19:46:49.997Z] Executing seed/037_dbo.AspNetUserClaims.sql batch 2.
[2026-07-24T19:46:50.003Z] Executing seed/038_dbo.AspNetUserLogins.sql batch 1.
[2026-07-24T19:46:50.006Z] Executing seed/038_dbo.AspNetUserLogins.sql batch 2.
[2026-07-24T19:46:50.012Z] Executing seed/039_dbo.AspNetUserRoles.sql batch 1.
[2026-07-24T19:46:50.016Z] Executing seed/039_dbo.AspNetUserRoles.sql batch 2.
[2026-07-24T19:46:50.024Z] Executing seed/040_dbo.AspNetUserTokens.sql batch 1.
[2026-07-24T19:46:50.028Z] Executing seed/040_dbo.AspNetUserTokens.sql batch 2.
[2026-07-24T19:46:50.034Z] Executing seed/041_dbo.BankAccounts.sql batch 1.
[2026-07-24T19:46:50.037Z] Executing seed/041_dbo.BankAccounts.sql batch 2.
[2026-07-24T19:46:50.043Z] Executing seed/042_dbo.CustomerProfile_Providers.sql batch 1.
[2026-07-24T19:46:50.046Z] Executing seed/042_dbo.CustomerProfile_Providers.sql batch 2.
[2026-07-24T19:46:50.053Z] Executing seed/043_dbo.DyFormDomains.sql batch 1.
[2026-07-24T19:46:50.056Z] Executing seed/043_dbo.DyFormDomains.sql batch 2.
[2026-07-24T19:46:50.064Z] Executing seed/044_dbo.DyFormExpression.sql batch 1.
[2026-07-24T19:46:50.067Z] Executing seed/044_dbo.DyFormExpression.sql batch 2.
[2026-07-24T19:46:50.077Z] Executing seed/045_dbo.DyFormFieldRule.sql batch 1.
[2026-07-24T19:46:50.081Z] Executing seed/045_dbo.DyFormFieldRule.sql batch 2.
[2026-07-24T19:46:50.091Z] Executing seed/046_dbo.DyFormSectionResolvers.sql batch 1.
[2026-07-24T19:46:50.095Z] Executing seed/046_dbo.DyFormSectionResolvers.sql batch 2.
[2026-07-24T19:46:50.104Z] Executing seed/047_dbo.DyFormSections.sql batch 1.
[2026-07-24T19:46:50.108Z] Executing seed/047_dbo.DyFormSections.sql batch 2.
[2026-07-24T19:46:50.122Z] Executing seed/048_dbo.DyFormViewModelLineage.sql batch 1.
[2026-07-24T19:46:50.126Z] Executing seed/048_dbo.DyFormViewModelLineage.sql batch 2.
[2026-07-24T19:46:50.137Z] Executing seed/049_dbo.Layouts.sql batch 1.
[2026-07-24T19:46:50.141Z] Executing seed/049_dbo.Layouts.sql batch 2.
[2026-07-24T19:46:50.154Z] Executing seed/050_dbo.Modules.sql batch 1.
[2026-07-24T19:46:50.158Z] Executing seed/050_dbo.Modules.sql batch 2.
[2026-07-24T19:46:50.168Z] Executing seed/051_dbo.PageDefinition.sql batch 1.
[2026-07-24T19:46:50.172Z] Executing seed/051_dbo.PageDefinition.sql batch 2.
[2026-07-24T19:46:50.185Z] Executing seed/052_dbo.PaymentMethods.sql batch 1.
[2026-07-24T19:46:50.189Z] Executing seed/052_dbo.PaymentMethods.sql batch 2.
[2026-07-24T19:46:50.200Z] Executing seed/053_dbo.PortalOwners.sql batch 1.
[2026-07-24T19:46:50.204Z] Executing seed/053_dbo.PortalOwners.sql batch 2.
[2026-07-24T19:46:50.214Z] Executing seed/054_dbo.PortalProfileProviders.sql batch 1.
[2026-07-24T19:46:50.218Z] Executing seed/054_dbo.PortalProfileProviders.sql batch 2.
[2026-07-24T19:46:50.229Z] Executing seed/055_dbo.PortalRoles.sql batch 1.
[2026-07-24T19:46:50.233Z] Executing seed/055_dbo.PortalRoles.sql batch 2.
[2026-07-24T19:46:50.244Z] Executing seed/056_dbo.ProtosTemplateVersion.sql batch 1.
[2026-07-24T19:46:50.248Z] Executing seed/056_dbo.ProtosTemplateVersion.sql batch 2.
[2026-07-24T19:46:50.262Z] Executing seed/057_dbo.ProviderProfileFields.sql batch 1.
[2026-07-24T19:46:50.266Z] Executing seed/057_dbo.ProviderProfileFields.sql batch 2.
[2026-07-24T19:46:50.275Z] Executing seed/058_dbo.SubscriptionPlans.sql batch 1.
[2026-07-24T19:46:50.279Z] Executing seed/058_dbo.SubscriptionPlans.sql batch 2.
[2026-07-24T19:46:50.289Z] Executing seed/059_Payments.TargetLink.sql batch 1.
[2026-07-24T19:46:50.292Z] Executing seed/059_Payments.TargetLink.sql batch 2.
[2026-07-24T19:46:50.300Z] Executing seed/060_Payments.Txn.sql batch 1.
[2026-07-24T19:46:50.303Z] Executing seed/060_Payments.Txn.sql batch 2.
[2026-07-24T19:46:50.310Z] Executing seed/061_dbo.API_KEYS.sql batch 1.
[2026-07-24T19:46:50.314Z] Executing seed/061_dbo.API_KEYS.sql batch 2.
[2026-07-24T19:46:50.322Z] Executing seed/062_dbo.DefaultUserRoles.sql batch 1.
[2026-07-24T19:46:50.325Z] Executing seed/062_dbo.DefaultUserRoles.sql batch 2.
[2026-07-24T19:46:50.333Z] Executing seed/063_dbo.DyFormDomainValues.sql batch 1.
[2026-07-24T19:46:50.337Z] Executing seed/063_dbo.DyFormDomainValues.sql batch 2.
[2026-07-24T19:46:50.348Z] Executing seed/064_dbo.DyFormField.sql batch 1.
[2026-07-24T19:46:50.351Z] Executing seed/064_dbo.DyFormField.sql batch 2.
[2026-07-24T19:46:50.363Z] Executing seed/065_dbo.DyFormRuleDefinition.sql batch 1.
[2026-07-24T19:46:50.366Z] Executing seed/065_dbo.DyFormRuleDefinition.sql batch 2.
[2026-07-24T19:46:50.376Z] Executing seed/066_dbo.PortalPageModules.sql batch 1.
[2026-07-24T19:46:50.379Z] Executing seed/066_dbo.PortalPageModules.sql batch 2.
[2026-07-24T19:46:50.389Z] Executing seed/067_dbo.ProtosTemplateLineage.sql batch 1.
[2026-07-24T19:46:50.392Z] Executing seed/067_dbo.ProtosTemplateLineage.sql batch 2.
[2026-07-24T19:46:50.399Z] Executing seed/068_dbo.ProtosTemplateLink.sql batch 1.
[2026-07-24T19:46:50.403Z] Executing seed/068_dbo.ProtosTemplateLink.sql batch 2.
[2026-07-24T19:46:50.421Z] Executing seed/069_dbo.ProtosTemplateTree.sql batch 1.
[2026-07-24T19:46:50.425Z] Executing seed/069_dbo.ProtosTemplateTree.sql batch 2.
[2026-07-24T19:46:50.435Z] Executing seed/070_dbo.SettingKeys.sql batch 1.
[2026-07-24T19:46:50.438Z] Executing seed/070_dbo.SettingKeys.sql batch 2.
[2026-07-24T19:46:50.455Z] Executing seed/071_dbo.SkyLynxConfig_PackagedModules.sql batch 1.
[2026-07-24T19:46:50.459Z] Executing seed/071_dbo.SkyLynxConfig_PackagedModules.sql batch 2.
[2026-07-24T19:46:50.467Z] Executing seed/072_dbo.Transactions.sql batch 1.
[2026-07-24T19:46:50.470Z] Executing seed/072_dbo.Transactions.sql batch 2.
[2026-07-24T19:46:50.479Z] Executing seed/073_dbo.UserProfiles.sql batch 1.
[2026-07-24T19:46:50.482Z] Executing seed/073_dbo.UserProfiles.sql batch 2.
[2026-07-24T19:46:50.493Z] Executing seed/074_dbo.UserProviderProfiles.sql batch 1.
[2026-07-24T19:46:50.496Z] Executing seed/074_dbo.UserProviderProfiles.sql batch 2.
[2026-07-24T19:46:50.507Z] Executing seed/075_dbo.DyFormFieldSectionDefinition.sql batch 1.
[2026-07-24T19:46:50.510Z] Executing seed/075_dbo.DyFormFieldSectionDefinition.sql batch 2.
[2026-07-24T19:46:50.522Z] Executing seed/076_dbo.DyFormRuleTarget.sql batch 1.
[2026-07-24T19:46:50.525Z] Executing seed/076_dbo.DyFormRuleTarget.sql batch 2.
[2026-07-24T19:46:50.531Z] Executing seed/077_dbo.GlobalModuleSettings.sql batch 1.
[2026-07-24T19:46:50.534Z] Executing seed/077_dbo.GlobalModuleSettings.sql batch 2.
[2026-07-24T19:46:50.552Z] Executing seed/078_dbo.GlobalPortalSettings.sql batch 1.
[2026-07-24T19:46:50.556Z] Executing seed/078_dbo.GlobalPortalSettings.sql batch 2.
[2026-07-24T19:46:50.563Z] Executing seed/079_dbo.ModuleSettings.sql batch 1.
[2026-07-24T19:46:50.567Z] Executing seed/079_dbo.ModuleSettings.sql batch 2.
[2026-07-24T19:46:50.577Z] Executing seed/080_dbo.PortalSettings.sql batch 1.
[2026-07-24T19:46:50.580Z] Executing seed/080_dbo.PortalSettings.sql batch 2.
[2026-07-24T19:46:50.588Z] Executing seed/081_dbo.ProtosViewModelDefinition.sql batch 1.
[2026-07-24T19:46:50.591Z] Executing seed/081_dbo.ProtosViewModelDefinition.sql batch 2.
[2026-07-24T19:46:50.601Z] Executing seed/082_dbo.SkyLynxConfig_PackagedManifest.sql batch 1.
[2026-07-24T19:46:50.605Z] Executing seed/082_dbo.SkyLynxConfig_PackagedManifest.sql batch 2.
[2026-07-24T19:46:50.627Z] Transaction committed. Batches executed: 869.
[2026-07-24T19:46:50.630Z] SQL connection closed.
