[2026-07-24T19:36:52.114Z] Install started for core database skylynx_install_probe on host.docker.internal:1433.
[2026-07-24T19:36:52.116Z] Schema files: 01_schemas.sql, 02_types.sql, 03_tables.sql, 04_constraints.sql, 05_relationships.sql, 06_indexes.sql, 07_functions.sql, 08_views.sql, 09_stored_procedures.sql, 10_triggers.sql
[2026-07-24T19:36:52.117Z] Seed files: 001_Payments.Provider.sql, 002_Payments.Webhook.sql, 003_dbo.AspNetRoles.sql, 004_dbo.AspNetUsers.sql, 005_dbo.DyForm.sql, 006_dbo.DyFormDataSourceDefinition.sql, 007_dbo.DyFormDomainType.sql, 008_dbo.DyFormFieldType.sql, 009_dbo.DyFormResolverContext.sql, 010_dbo.DyFormResolverType.sql, 011_dbo.DyFormRuleSyntax.sql, 012_dbo.DyFormRuleType.sql, 013_dbo.DyFormSection.sql, 014_dbo.DyFormViewModelDefinition.sql, 015_dbo.ISO6391_Languages.sql, 016_dbo.LayoutTypes.sql, 017_dbo.OwnerTypes.sql, 018_dbo.Portals.sql, 019_dbo.ProfileProviders.sql, 020_dbo.ProtosDataModelDefinition.sql, 021_dbo.ProtosTargetType.sql, 022_dbo.ProtosTemplate.sql, 023_dbo.ProtosTemplateStatus.sql, 024_dbo.ProviderProfileFieldType.sql, 025_dbo.ResolverTypes.sql, 026_dbo.Resolvers.sql, 027_dbo.StateProvinces.sql, 028_dbo.StyledTypes.sql, 029_dbo.SystemFileTypes.sql, 030_dbo.SystemLogs.sql, 031_dbo.SystemValueTypes.sql, 032_dbo.ThemeDefinitions.sql, 033_Payments.Intent.sql, 034_Payments.ProviderSecret.sql, 035_dbo.API_Owners.sql, 036_dbo.Address.sql, 037_dbo.AspNetUserClaims.sql, 038_dbo.AspNetUserLogins.sql, 039_dbo.AspNetUserRoles.sql, 040_dbo.AspNetUserTokens.sql, 041_dbo.BankAccounts.sql, 042_dbo.CustomerProfile_Providers.sql, 043_dbo.DyFormDomains.sql, 044_dbo.DyFormExpression.sql, 045_dbo.DyFormFieldRule.sql, 046_dbo.DyFormSectionResolvers.sql, 047_dbo.DyFormSections.sql, 048_dbo.DyFormViewModelLineage.sql, 049_dbo.Layouts.sql, 050_dbo.Modules.sql, 051_dbo.PageDefinition.sql, 052_dbo.PaymentMethods.sql, 053_dbo.PortalOwners.sql, 054_dbo.PortalProfileProviders.sql, 055_dbo.PortalRoles.sql, 056_dbo.ProtosTemplateVersion.sql, 057_dbo.ProviderProfileFields.sql, 058_dbo.SubscriptionPlans.sql, 059_Payments.TargetLink.sql, 060_Payments.Txn.sql, 061_dbo.API_KEYS.sql, 062_dbo.DefaultUserRoles.sql, 063_dbo.DyFormDomainValues.sql, 064_dbo.DyFormField.sql, 065_dbo.DyFormRuleDefinition.sql, 066_dbo.PortalPageModules.sql, 067_dbo.ProtosTemplateLineage.sql, 068_dbo.ProtosTemplateLink.sql, 069_dbo.ProtosTemplateTree.sql, 070_dbo.SettingKeys.sql, 071_dbo.SkyLynxConfig_PackagedModules.sql, 072_dbo.Transactions.sql, 073_dbo.UserProfiles.sql, 074_dbo.UserProviderProfiles.sql, 075_dbo.DyFormFieldSectionDefinition.sql, 076_dbo.DyFormRuleTarget.sql, 077_dbo.GlobalModuleSettings.sql, 078_dbo.GlobalPortalSettings.sql, 079_dbo.ModuleSettings.sql, 080_dbo.PortalSettings.sql, 081_dbo.ProtosViewModelDefinition.sql, 082_dbo.SkyLynxConfig_PackagedManifest.sql
[2026-07-24T19:36:52.145Z] Transaction started.
[2026-07-24T19:36:52.150Z] Executing 01_schemas.sql batch 1.
[2026-07-24T19:36:52.154Z] Executing 01_schemas.sql batch 2.
[2026-07-24T19:36:52.161Z] Executing 02_types.sql batch 1.
[2026-07-24T19:36:52.166Z] Executing 02_types.sql batch 2.
[2026-07-24T19:36:52.172Z] Executing 02_types.sql batch 3.
[2026-07-24T19:36:52.178Z] Executing 02_types.sql batch 4.
[2026-07-24T19:36:52.184Z] Executing 02_types.sql batch 5.
[2026-07-24T19:36:52.195Z] Executing 03_tables.sql batch 1.
[2026-07-24T19:36:52.199Z] Executing 03_tables.sql batch 2.
[2026-07-24T19:36:52.207Z] Executing 03_tables.sql batch 3.
[2026-07-24T19:36:52.216Z] Executing 03_tables.sql batch 4.
[2026-07-24T19:36:52.222Z] Executing 03_tables.sql batch 5.
[2026-07-24T19:36:52.228Z] Executing 03_tables.sql batch 6.
[2026-07-24T19:36:52.234Z] Executing 03_tables.sql batch 7.
[2026-07-24T19:36:52.241Z] Executing 03_tables.sql batch 8.
[2026-07-24T19:36:52.247Z] Executing 03_tables.sql batch 9.
[2026-07-24T19:36:52.255Z] Executing 03_tables.sql batch 10.
[2026-07-24T19:36:52.261Z] Executing 03_tables.sql batch 11.
[2026-07-24T19:36:52.269Z] Executing 03_tables.sql batch 12.
[2026-07-24T19:36:52.276Z] Executing 03_tables.sql batch 13.
[2026-07-24T19:36:52.283Z] Executing 03_tables.sql batch 14.
[2026-07-24T19:36:52.290Z] Executing 03_tables.sql batch 15.
[2026-07-24T19:36:52.297Z] Executing 03_tables.sql batch 16.
[2026-07-24T19:36:52.303Z] Executing 03_tables.sql batch 17.
[2026-07-24T19:36:52.310Z] Executing 03_tables.sql batch 18.
[2026-07-24T19:36:52.317Z] Executing 03_tables.sql batch 19.
[2026-07-24T19:36:52.322Z] Executing 03_tables.sql batch 20.
[2026-07-24T19:36:52.328Z] Executing 03_tables.sql batch 21.
[2026-07-24T19:36:52.335Z] Executing 03_tables.sql batch 22.
[2026-07-24T19:36:52.340Z] Executing 03_tables.sql batch 23.
[2026-07-24T19:36:52.346Z] Executing 03_tables.sql batch 24.
[2026-07-24T19:36:52.351Z] Executing 03_tables.sql batch 25.
[2026-07-24T19:36:52.356Z] Executing 03_tables.sql batch 26.
[2026-07-24T19:36:52.361Z] Executing 03_tables.sql batch 27.
[2026-07-24T19:36:52.367Z] Executing 03_tables.sql batch 28.
[2026-07-24T19:36:52.373Z] Executing 03_tables.sql batch 29.
[2026-07-24T19:36:52.378Z] Executing 03_tables.sql batch 30.
[2026-07-24T19:36:52.384Z] Executing 03_tables.sql batch 31.
[2026-07-24T19:36:52.390Z] Executing 03_tables.sql batch 32.
[2026-07-24T19:36:52.395Z] Executing 03_tables.sql batch 33.
[2026-07-24T19:36:52.400Z] Executing 03_tables.sql batch 34.
[2026-07-24T19:36:52.406Z] Executing 03_tables.sql batch 35.
[2026-07-24T19:36:52.411Z] Executing 03_tables.sql batch 36.
[2026-07-24T19:36:52.416Z] Executing 03_tables.sql batch 37.
[2026-07-24T19:36:52.421Z] Executing 03_tables.sql batch 38.
[2026-07-24T19:36:52.427Z] Executing 03_tables.sql batch 39.
[2026-07-24T19:36:52.434Z] Executing 03_tables.sql batch 40.
[2026-07-24T19:36:52.440Z] Executing 03_tables.sql batch 41.
[2026-07-24T19:36:52.445Z] Executing 03_tables.sql batch 42.
[2026-07-24T19:36:52.450Z] Executing 03_tables.sql batch 43.
[2026-07-24T19:36:52.456Z] Executing 03_tables.sql batch 44.
[2026-07-24T19:36:52.461Z] Executing 03_tables.sql batch 45.
[2026-07-24T19:36:52.467Z] Executing 03_tables.sql batch 46.
[2026-07-24T19:36:52.472Z] Executing 03_tables.sql batch 47.
[2026-07-24T19:36:52.478Z] Executing 03_tables.sql batch 48.
[2026-07-24T19:36:52.484Z] Executing 03_tables.sql batch 49.
[2026-07-24T19:36:52.489Z] Executing 03_tables.sql batch 50.
[2026-07-24T19:36:52.494Z] Executing 03_tables.sql batch 51.
[2026-07-24T19:36:52.500Z] Executing 03_tables.sql batch 52.
[2026-07-24T19:36:52.505Z] Executing 03_tables.sql batch 53.
[2026-07-24T19:36:52.511Z] Executing 03_tables.sql batch 54.
[2026-07-24T19:36:52.517Z] Executing 03_tables.sql batch 55.
[2026-07-24T19:36:52.522Z] Executing 03_tables.sql batch 56.
[2026-07-24T19:36:52.528Z] Executing 03_tables.sql batch 57.
[2026-07-24T19:36:52.535Z] Executing 03_tables.sql batch 58.
[2026-07-24T19:36:52.546Z] Executing 03_tables.sql batch 59.
[2026-07-24T19:36:52.555Z] Executing 03_tables.sql batch 60.
[2026-07-24T19:36:52.566Z] Executing 03_tables.sql batch 61.
[2026-07-24T19:36:52.576Z] Executing 03_tables.sql batch 62.
[2026-07-24T19:36:52.587Z] Executing 03_tables.sql batch 63.
[2026-07-24T19:36:52.598Z] Executing 03_tables.sql batch 64.
[2026-07-24T19:36:52.606Z] Executing 03_tables.sql batch 65.
[2026-07-24T19:36:52.619Z] Executing 03_tables.sql batch 66.
[2026-07-24T19:36:52.629Z] Executing 03_tables.sql batch 67.
[2026-07-24T19:36:52.638Z] Executing 03_tables.sql batch 68.
[2026-07-24T19:36:52.647Z] Executing 03_tables.sql batch 69.
[2026-07-24T19:36:52.655Z] Executing 03_tables.sql batch 70.
[2026-07-24T19:36:52.665Z] Executing 03_tables.sql batch 71.
[2026-07-24T19:36:52.673Z] Executing 03_tables.sql batch 72.
[2026-07-24T19:36:52.680Z] Executing 03_tables.sql batch 73.
[2026-07-24T19:36:52.687Z] Executing 03_tables.sql batch 74.
[2026-07-24T19:36:52.695Z] Executing 03_tables.sql batch 75.
[2026-07-24T19:36:52.706Z] Executing 03_tables.sql batch 76.
[2026-07-24T19:36:52.715Z] Executing 03_tables.sql batch 77.
[2026-07-24T19:36:52.722Z] Executing 03_tables.sql batch 78.
[2026-07-24T19:36:52.730Z] Executing 03_tables.sql batch 79.
[2026-07-24T19:36:52.738Z] Executing 03_tables.sql batch 80.
[2026-07-24T19:36:52.745Z] Executing 03_tables.sql batch 81.
[2026-07-24T19:36:52.752Z] Executing 03_tables.sql batch 82.
[2026-07-24T19:36:52.761Z] Executing 03_tables.sql batch 83.
[2026-07-24T19:36:52.774Z] Executing 04_constraints.sql batch 1.
[2026-07-24T19:36:52.781Z] Executing 04_constraints.sql batch 2.
[2026-07-24T19:36:52.797Z] Executing 04_constraints.sql batch 3.
[2026-07-24T19:36:52.811Z] Executing 04_constraints.sql batch 4.
[2026-07-24T19:36:52.824Z] Executing 04_constraints.sql batch 5.
[2026-07-24T19:36:52.837Z] Executing 04_constraints.sql batch 6.
[2026-07-24T19:36:52.852Z] Executing 04_constraints.sql batch 7.
[2026-07-24T19:36:52.863Z] Executing 04_constraints.sql batch 8.
[2026-07-24T19:36:52.874Z] Executing 04_constraints.sql batch 9.
[2026-07-24T19:36:52.887Z] Executing 04_constraints.sql batch 10.
[2026-07-24T19:36:52.898Z] Executing 04_constraints.sql batch 11.
[2026-07-24T19:36:52.909Z] Executing 04_constraints.sql batch 12.
[2026-07-24T19:36:52.920Z] Executing 04_constraints.sql batch 13.
[2026-07-24T19:36:52.933Z] Executing 04_constraints.sql batch 14.
[2026-07-24T19:36:52.943Z] Executing 04_constraints.sql batch 15.
[2026-07-24T19:36:52.954Z] Executing 04_constraints.sql batch 16.
[2026-07-24T19:36:52.965Z] Executing 04_constraints.sql batch 17.
[2026-07-24T19:36:52.976Z] Executing 04_constraints.sql batch 18.
[2026-07-24T19:36:52.986Z] Executing 04_constraints.sql batch 19.
[2026-07-24T19:36:52.997Z] Executing 04_constraints.sql batch 20.
[2026-07-24T19:36:53.007Z] Executing 04_constraints.sql batch 21.
[2026-07-24T19:36:53.018Z] Executing 04_constraints.sql batch 22.
[2026-07-24T19:36:53.030Z] Executing 04_constraints.sql batch 23.
[2026-07-24T19:36:53.040Z] Executing 04_constraints.sql batch 24.
[2026-07-24T19:36:53.051Z] Executing 04_constraints.sql batch 25.
[2026-07-24T19:36:53.062Z] Executing 04_constraints.sql batch 26.
[2026-07-24T19:36:53.073Z] Executing 04_constraints.sql batch 27.
[2026-07-24T19:36:53.083Z] Executing 04_constraints.sql batch 28.
[2026-07-24T19:36:53.096Z] Executing 04_constraints.sql batch 29.
[2026-07-24T19:36:53.109Z] Executing 04_constraints.sql batch 30.
[2026-07-24T19:36:53.122Z] Executing 04_constraints.sql batch 31.
[2026-07-24T19:36:53.137Z] Executing 04_constraints.sql batch 32.
[2026-07-24T19:36:53.151Z] Executing 04_constraints.sql batch 33.
[2026-07-24T19:36:53.165Z] Executing 04_constraints.sql batch 34.
[2026-07-24T19:36:53.178Z] Executing 04_constraints.sql batch 35.
[2026-07-24T19:36:53.191Z] Executing 04_constraints.sql batch 36.
[2026-07-24T19:36:53.204Z] Executing 04_constraints.sql batch 37.
[2026-07-24T19:36:53.219Z] Executing 04_constraints.sql batch 38.
[2026-07-24T19:36:53.233Z] Executing 04_constraints.sql batch 39.
[2026-07-24T19:36:53.247Z] Executing 04_constraints.sql batch 40.
[2026-07-24T19:36:53.263Z] Executing 04_constraints.sql batch 41.
[2026-07-24T19:36:53.278Z] Executing 04_constraints.sql batch 42.
[2026-07-24T19:36:53.294Z] Executing 04_constraints.sql batch 43.
[2026-07-24T19:36:53.310Z] Executing 04_constraints.sql batch 44.
[2026-07-24T19:36:53.324Z] Executing 04_constraints.sql batch 45.
[2026-07-24T19:36:53.340Z] Executing 04_constraints.sql batch 46.
[2026-07-24T19:36:53.354Z] Executing 04_constraints.sql batch 47.
[2026-07-24T19:36:53.369Z] Executing 04_constraints.sql batch 48.
[2026-07-24T19:36:53.385Z] Executing 04_constraints.sql batch 49.
[2026-07-24T19:36:53.400Z] Executing 04_constraints.sql batch 50.
[2026-07-24T19:36:53.414Z] Executing 04_constraints.sql batch 51.
[2026-07-24T19:36:53.426Z] Executing 04_constraints.sql batch 52.
[2026-07-24T19:36:53.439Z] Executing 04_constraints.sql batch 53.
[2026-07-24T19:36:53.453Z] Executing 04_constraints.sql batch 54.
[2026-07-24T19:36:53.466Z] Executing 04_constraints.sql batch 55.
[2026-07-24T19:36:53.480Z] Executing 04_constraints.sql batch 56.
[2026-07-24T19:36:53.494Z] Executing 04_constraints.sql batch 57.
[2026-07-24T19:36:53.506Z] Executing 04_constraints.sql batch 58.
[2026-07-24T19:36:53.520Z] Executing 04_constraints.sql batch 59.
[2026-07-24T19:36:53.533Z] Executing 04_constraints.sql batch 60.
[2026-07-24T19:36:53.546Z] Executing 04_constraints.sql batch 61.
[2026-07-24T19:36:53.559Z] Executing 04_constraints.sql batch 62.
[2026-07-24T19:36:53.572Z] Executing 04_constraints.sql batch 63.
[2026-07-24T19:36:53.585Z] Executing 04_constraints.sql batch 64.
[2026-07-24T19:36:53.598Z] Executing 04_constraints.sql batch 65.
[2026-07-24T19:36:53.611Z] Executing 04_constraints.sql batch 66.
[2026-07-24T19:36:53.624Z] Executing 04_constraints.sql batch 67.
[2026-07-24T19:36:53.639Z] Executing 04_constraints.sql batch 68.
[2026-07-24T19:36:53.652Z] Executing 04_constraints.sql batch 69.
[2026-07-24T19:36:53.665Z] Executing 04_constraints.sql batch 70.
[2026-07-24T19:36:53.680Z] Executing 04_constraints.sql batch 71.
[2026-07-24T19:36:53.694Z] Executing 04_constraints.sql batch 72.
[2026-07-24T19:36:53.707Z] Executing 04_constraints.sql batch 73.
[2026-07-24T19:36:53.721Z] Executing 04_constraints.sql batch 74.
[2026-07-24T19:36:53.735Z] Executing 04_constraints.sql batch 75.
[2026-07-24T19:36:53.749Z] Executing 04_constraints.sql batch 76.
[2026-07-24T19:36:53.764Z] Executing 04_constraints.sql batch 77.
[2026-07-24T19:36:53.777Z] Executing 04_constraints.sql batch 78.
[2026-07-24T19:36:53.792Z] Executing 04_constraints.sql batch 79.
[2026-07-24T19:36:53.806Z] Executing 04_constraints.sql batch 80.
[2026-07-24T19:36:53.820Z] Executing 04_constraints.sql batch 81.
[2026-07-24T19:36:53.833Z] Executing 04_constraints.sql batch 82.
[2026-07-24T19:36:53.846Z] Executing 04_constraints.sql batch 83.
[2026-07-24T19:36:53.859Z] Executing 04_constraints.sql batch 84.
[2026-07-24T19:36:53.874Z] Executing 04_constraints.sql batch 85.
[2026-07-24T19:36:53.888Z] Executing 04_constraints.sql batch 86.
[2026-07-24T19:36:53.902Z] Executing 04_constraints.sql batch 87.
[2026-07-24T19:36:53.916Z] Executing 04_constraints.sql batch 88.
[2026-07-24T19:36:53.929Z] Executing 04_constraints.sql batch 89.
[2026-07-24T19:36:53.941Z] Executing 04_constraints.sql batch 90.
[2026-07-24T19:36:53.954Z] Executing 04_constraints.sql batch 91.
[2026-07-24T19:36:53.967Z] Executing 04_constraints.sql batch 92.
[2026-07-24T19:36:53.982Z] Executing 04_constraints.sql batch 93.
[2026-07-24T19:36:53.996Z] Executing 04_constraints.sql batch 94.
[2026-07-24T19:36:54.012Z] Executing 04_constraints.sql batch 95.
[2026-07-24T19:36:54.027Z] Executing 04_constraints.sql batch 96.
[2026-07-24T19:36:54.042Z] Executing 04_constraints.sql batch 97.
[2026-07-24T19:36:54.055Z] Executing 04_constraints.sql batch 98.
[2026-07-24T19:36:54.069Z] Executing 04_constraints.sql batch 99.
[2026-07-24T19:36:54.086Z] Executing 04_constraints.sql batch 100.
[2026-07-24T19:36:54.100Z] Executing 04_constraints.sql batch 101.
[2026-07-24T19:36:54.115Z] Executing 04_constraints.sql batch 102.
[2026-07-24T19:36:54.128Z] Executing 04_constraints.sql batch 103.
[2026-07-24T19:36:54.141Z] Executing 04_constraints.sql batch 104.
[2026-07-24T19:36:54.154Z] Executing 04_constraints.sql batch 105.
[2026-07-24T19:36:54.167Z] Executing 04_constraints.sql batch 106.
[2026-07-24T19:36:54.181Z] Executing 04_constraints.sql batch 107.
[2026-07-24T19:36:54.195Z] Executing 04_constraints.sql batch 108.
[2026-07-24T19:36:54.207Z] Executing 04_constraints.sql batch 109.
[2026-07-24T19:36:54.221Z] Executing 04_constraints.sql batch 110.
[2026-07-24T19:36:54.235Z] Executing 04_constraints.sql batch 111.
[2026-07-24T19:36:54.272Z] Executing 04_constraints.sql batch 112.
[2026-07-24T19:36:54.303Z] Executing 04_constraints.sql batch 113.
[2026-07-24T19:36:54.319Z] Executing 04_constraints.sql batch 114.
[2026-07-24T19:36:54.334Z] Executing 04_constraints.sql batch 115.
[2026-07-24T19:36:54.349Z] Executing 04_constraints.sql batch 116.
[2026-07-24T19:36:54.362Z] Executing 04_constraints.sql batch 117.
[2026-07-24T19:36:54.381Z] Executing 05_relationships.sql batch 1.
[2026-07-24T19:36:54.387Z] Executing 05_relationships.sql batch 2.
[2026-07-24T19:36:54.400Z] Executing 05_relationships.sql batch 3.
[2026-07-24T19:36:54.413Z] Executing 05_relationships.sql batch 4.
[2026-07-24T19:36:54.425Z] Executing 05_relationships.sql batch 5.
[2026-07-24T19:36:54.437Z] Executing 05_relationships.sql batch 6.
[2026-07-24T19:36:54.449Z] Executing 05_relationships.sql batch 7.
[2026-07-24T19:36:54.463Z] Executing 05_relationships.sql batch 8.
[2026-07-24T19:36:54.474Z] Executing 05_relationships.sql batch 9.
[2026-07-24T19:36:54.486Z] Executing 05_relationships.sql batch 10.
[2026-07-24T19:36:54.497Z] Executing 05_relationships.sql batch 11.
[2026-07-24T19:36:54.509Z] Executing 05_relationships.sql batch 12.
[2026-07-24T19:36:54.520Z] Executing 05_relationships.sql batch 13.
[2026-07-24T19:36:54.531Z] Executing 05_relationships.sql batch 14.
[2026-07-24T19:36:54.543Z] Executing 05_relationships.sql batch 15.
[2026-07-24T19:36:54.554Z] Executing 05_relationships.sql batch 16.
[2026-07-24T19:36:54.566Z] Executing 05_relationships.sql batch 17.
[2026-07-24T19:36:54.577Z] Executing 05_relationships.sql batch 18.
[2026-07-24T19:36:54.587Z] Executing 05_relationships.sql batch 19.
[2026-07-24T19:36:54.599Z] Executing 05_relationships.sql batch 20.
[2026-07-24T19:36:54.610Z] Executing 05_relationships.sql batch 21.
[2026-07-24T19:36:54.623Z] Executing 05_relationships.sql batch 22.
[2026-07-24T19:36:54.635Z] Executing 05_relationships.sql batch 23.
[2026-07-24T19:36:54.646Z] Executing 05_relationships.sql batch 24.
[2026-07-24T19:36:54.657Z] Executing 05_relationships.sql batch 25.
[2026-07-24T19:36:54.668Z] Executing 05_relationships.sql batch 26.
[2026-07-24T19:36:54.680Z] Executing 05_relationships.sql batch 27.
[2026-07-24T19:36:54.691Z] Executing 05_relationships.sql batch 28.
[2026-07-24T19:36:54.702Z] Executing 05_relationships.sql batch 29.
[2026-07-24T19:36:54.713Z] Executing 05_relationships.sql batch 30.
[2026-07-24T19:36:54.724Z] Executing 05_relationships.sql batch 31.
[2026-07-24T19:36:54.735Z] Executing 05_relationships.sql batch 32.
[2026-07-24T19:36:54.746Z] Executing 05_relationships.sql batch 33.
[2026-07-24T19:36:54.758Z] Executing 05_relationships.sql batch 34.
[2026-07-24T19:36:54.771Z] Executing 05_relationships.sql batch 35.
[2026-07-24T19:36:54.783Z] Executing 05_relationships.sql batch 36.
[2026-07-24T19:36:54.796Z] Executing 05_relationships.sql batch 37.
[2026-07-24T19:36:54.807Z] Executing 05_relationships.sql batch 38.
[2026-07-24T19:36:54.817Z] Executing 05_relationships.sql batch 39.
[2026-07-24T19:36:54.827Z] Executing 05_relationships.sql batch 40.
[2026-07-24T19:36:54.837Z] Executing 05_relationships.sql batch 41.
[2026-07-24T19:36:54.846Z] Executing 05_relationships.sql batch 42.
[2026-07-24T19:36:54.856Z] Executing 05_relationships.sql batch 43.
[2026-07-24T19:36:54.865Z] Executing 05_relationships.sql batch 44.
[2026-07-24T19:36:54.876Z] Executing 05_relationships.sql batch 45.
[2026-07-24T19:36:54.886Z] Executing 05_relationships.sql batch 46.
[2026-07-24T19:36:54.897Z] Executing 05_relationships.sql batch 47.
[2026-07-24T19:36:54.909Z] Executing 05_relationships.sql batch 48.
[2026-07-24T19:36:54.920Z] Executing 05_relationships.sql batch 49.
[2026-07-24T19:36:54.932Z] Executing 05_relationships.sql batch 50.
[2026-07-24T19:36:54.942Z] Executing 05_relationships.sql batch 51.
[2026-07-24T19:36:54.953Z] Executing 05_relationships.sql batch 52.
[2026-07-24T19:36:54.964Z] Executing 05_relationships.sql batch 53.
[2026-07-24T19:36:54.974Z] Executing 05_relationships.sql batch 54.
[2026-07-24T19:36:54.986Z] Executing 05_relationships.sql batch 55.
[2026-07-24T19:36:54.996Z] Executing 05_relationships.sql batch 56.
[2026-07-24T19:36:55.006Z] Executing 05_relationships.sql batch 57.
[2026-07-24T19:36:55.016Z] Executing 05_relationships.sql batch 58.
[2026-07-24T19:36:55.026Z] Executing 05_relationships.sql batch 59.
[2026-07-24T19:36:55.035Z] Executing 05_relationships.sql batch 60.
[2026-07-24T19:36:55.048Z] Executing 05_relationships.sql batch 61.
[2026-07-24T19:36:55.059Z] Executing 05_relationships.sql batch 62.
[2026-07-24T19:36:55.070Z] Executing 05_relationships.sql batch 63.
[2026-07-24T19:36:55.080Z] Executing 05_relationships.sql batch 64.
[2026-07-24T19:36:55.090Z] Executing 05_relationships.sql batch 65.
[2026-07-24T19:36:55.100Z] Executing 05_relationships.sql batch 66.
[2026-07-24T19:36:55.111Z] Executing 05_relationships.sql batch 67.
[2026-07-24T19:36:55.122Z] Executing 05_relationships.sql batch 68.
[2026-07-24T19:36:55.133Z] Executing 05_relationships.sql batch 69.
[2026-07-24T19:36:55.144Z] Executing 05_relationships.sql batch 70.
[2026-07-24T19:36:55.154Z] Executing 05_relationships.sql batch 71.
[2026-07-24T19:36:55.166Z] Executing 05_relationships.sql batch 72.
[2026-07-24T19:36:55.177Z] Executing 05_relationships.sql batch 73.
[2026-07-24T19:36:55.188Z] Executing 05_relationships.sql batch 74.
[2026-07-24T19:36:55.199Z] Executing 05_relationships.sql batch 75.
[2026-07-24T19:36:55.210Z] Executing 05_relationships.sql batch 76.
[2026-07-24T19:36:55.220Z] Executing 05_relationships.sql batch 77.
[2026-07-24T19:36:55.231Z] Executing 05_relationships.sql batch 78.
[2026-07-24T19:36:55.241Z] Executing 05_relationships.sql batch 79.
[2026-07-24T19:36:55.251Z] Executing 05_relationships.sql batch 80.
[2026-07-24T19:36:55.262Z] Executing 05_relationships.sql batch 81.
[2026-07-24T19:36:55.272Z] Executing 05_relationships.sql batch 82.
[2026-07-24T19:36:55.283Z] Executing 05_relationships.sql batch 83.
[2026-07-24T19:36:55.294Z] Executing 05_relationships.sql batch 84.
[2026-07-24T19:36:55.303Z] Executing 05_relationships.sql batch 85.
[2026-07-24T19:36:55.313Z] Executing 05_relationships.sql batch 86.
[2026-07-24T19:36:55.322Z] Executing 05_relationships.sql batch 87.
[2026-07-24T19:36:55.333Z] Executing 05_relationships.sql batch 88.
[2026-07-24T19:36:55.343Z] Executing 05_relationships.sql batch 89.
[2026-07-24T19:36:55.352Z] Executing 05_relationships.sql batch 90.
[2026-07-24T19:36:55.361Z] Executing 05_relationships.sql batch 91.
[2026-07-24T19:36:55.370Z] Executing 05_relationships.sql batch 92.
[2026-07-24T19:36:55.381Z] Executing 05_relationships.sql batch 93.
[2026-07-24T19:36:55.390Z] Executing 05_relationships.sql batch 94.
[2026-07-24T19:36:55.399Z] Executing 05_relationships.sql batch 95.
[2026-07-24T19:36:55.411Z] Executing 06_indexes.sql batch 1.
[2026-07-24T19:36:55.415Z] Executing 06_indexes.sql batch 2.
[2026-07-24T19:36:55.433Z] Executing 06_indexes.sql batch 3.
[2026-07-24T19:36:55.442Z] Executing 06_indexes.sql batch 4.
[2026-07-24T19:36:55.451Z] Executing 06_indexes.sql batch 5.
[2026-07-24T19:36:55.461Z] Executing 06_indexes.sql batch 6.
[2026-07-24T19:36:55.471Z] Executing 06_indexes.sql batch 7.
[2026-07-24T19:36:55.482Z] Executing 06_indexes.sql batch 8.
[2026-07-24T19:36:55.492Z] Executing 06_indexes.sql batch 9.
[2026-07-24T19:36:55.502Z] Executing 06_indexes.sql batch 10.
[2026-07-24T19:36:55.513Z] Executing 06_indexes.sql batch 11.
[2026-07-24T19:36:55.523Z] Executing 06_indexes.sql batch 12.
[2026-07-24T19:36:55.540Z] Executing 07_functions.sql batch 1.
[2026-07-24T19:36:55.544Z] Executing 07_functions.sql batch 2.
[2026-07-24T19:36:55.550Z] Executing 07_functions.sql batch 3.
[2026-07-24T19:36:55.555Z] Executing 07_functions.sql batch 4.
[2026-07-24T19:36:55.561Z] Executing 07_functions.sql batch 5.
[2026-07-24T19:36:55.566Z] Executing 07_functions.sql batch 6.
[2026-07-24T19:36:55.570Z] Executing 07_functions.sql batch 7.
[2026-07-24T19:36:55.576Z] Executing 07_functions.sql batch 8.
[2026-07-24T19:36:55.581Z] Executing 07_functions.sql batch 9.
[2026-07-24T19:36:55.586Z] Executing 07_functions.sql batch 10.
[2026-07-24T19:36:55.592Z] Executing 07_functions.sql batch 11.
[2026-07-24T19:36:55.601Z] Executing 08_views.sql batch 1.
[2026-07-24T19:36:55.604Z] Executing 08_views.sql batch 2.
[2026-07-24T19:36:55.610Z] Executing 08_views.sql batch 3.
[2026-07-24T19:36:55.615Z] Executing 08_views.sql batch 4.
[2026-07-24T19:36:55.619Z] Skipping 08_views.sql batch 5: legacy view vw_DyForm_ActiveDomainsUsed does not match current DyForm schema.
[2026-07-24T19:36:55.621Z] Skipping 08_views.sql batch 6: legacy view vw_DyForm_CompleteFieldMap does not match current DyForm schema.
[2026-07-24T19:36:55.623Z] Executing 08_views.sql batch 7.
[2026-07-24T19:36:55.630Z] Skipping 08_views.sql batch 8: legacy view vw_DyForm_FieldExpressions does not match current DyForm schema.
[2026-07-24T19:36:55.632Z] Skipping 08_views.sql batch 9: legacy view vw_DyForm_FieldRules does not match current DyForm schema.
[2026-07-24T19:36:55.634Z] Executing 08_views.sql batch 10.
[2026-07-24T19:36:55.640Z] Executing 08_views.sql batch 11.
[2026-07-24T19:36:55.647Z] Skipping 08_views.sql batch 12: legacy view vw_DyForm_UnusedTypesOrDomains does not match current DyForm schema.
[2026-07-24T19:36:55.649Z] Executing 08_views.sql batch 13.
[2026-07-24T19:36:55.659Z] Executing 08_views.sql batch 14.
[2026-07-24T19:36:55.666Z] Executing 08_views.sql batch 15.
[2026-07-24T19:36:55.674Z] Executing 08_views.sql batch 16.
[2026-07-24T19:36:55.683Z] Executing 08_views.sql batch 17.
[2026-07-24T19:36:55.692Z] Skipping 08_views.sql batch 18: legacy view vw_PortalModules does not match current DyForm schema.
[2026-07-24T19:36:55.695Z] Executing 08_views.sql batch 19.
[2026-07-24T19:36:55.701Z] Executing 08_views.sql batch 20.
[2026-07-24T19:36:55.708Z] Executing 08_views.sql batch 21.
[2026-07-24T19:36:55.715Z] Executing 08_views.sql batch 22.
[2026-07-24T19:36:55.722Z] Executing 08_views.sql batch 23.
[2026-07-24T19:36:55.729Z] Executing 08_views.sql batch 24.
[2026-07-24T19:36:55.735Z] Executing 08_views.sql batch 25.
[2026-07-24T19:36:55.743Z] Executing 08_views.sql batch 26.
[2026-07-24T19:36:55.750Z] Executing 08_views.sql batch 27.
[2026-07-24T19:36:55.756Z] Executing 08_views.sql batch 28.
[2026-07-24T19:36:55.763Z] Executing 08_views.sql batch 29.
[2026-07-24T19:36:55.769Z] Executing 08_views.sql batch 30.
[2026-07-24T19:36:55.775Z] Executing 08_views.sql batch 31.
[2026-07-24T19:36:55.781Z] Executing 08_views.sql batch 32.
[2026-07-24T19:36:55.787Z] Executing 08_views.sql batch 33.
[2026-07-24T19:36:55.793Z] Executing 08_views.sql batch 34.
[2026-07-24T19:36:55.800Z] Executing 08_views.sql batch 35.
[2026-07-24T19:36:55.815Z] Executing 09_stored_procedures.sql batch 1.
[2026-07-24T19:36:55.820Z] Skipping 09_stored_procedures.sql batch 2: legacy procedure AssignModuleToPortal references removed schema objects.
[2026-07-24T19:36:55.823Z] Executing 09_stored_procedures.sql batch 3.
[2026-07-24T19:36:55.828Z] Executing 09_stored_procedures.sql batch 4.
[2026-07-24T19:36:55.834Z] Executing 09_stored_procedures.sql batch 5.
[2026-07-24T19:36:55.841Z] Executing 09_stored_procedures.sql batch 6.
[2026-07-24T19:36:55.846Z] Executing 09_stored_procedures.sql batch 7.
[2026-07-24T19:36:55.852Z] Executing 09_stored_procedures.sql batch 8.
[2026-07-24T19:36:55.858Z] Executing 09_stored_procedures.sql batch 9.
[2026-07-24T19:36:55.864Z] Executing 09_stored_procedures.sql batch 10.
[2026-07-24T19:36:55.869Z] Executing 09_stored_procedures.sql batch 11.
[2026-07-24T19:36:55.875Z] Executing 09_stored_procedures.sql batch 12.
[2026-07-24T19:36:55.881Z] Executing 09_stored_procedures.sql batch 13.
[2026-07-24T19:36:55.887Z] Executing 09_stored_procedures.sql batch 14.
[2026-07-24T19:36:55.892Z] Executing 09_stored_procedures.sql batch 15.
[2026-07-24T19:36:55.897Z] Executing 09_stored_procedures.sql batch 16.
[2026-07-24T19:36:55.902Z] Executing 09_stored_procedures.sql batch 17.
[2026-07-24T19:36:55.908Z] Executing 09_stored_procedures.sql batch 18.
[2026-07-24T19:36:55.914Z] Executing 09_stored_procedures.sql batch 19.
[2026-07-24T19:36:55.920Z] Executing 09_stored_procedures.sql batch 20.
[2026-07-24T19:36:55.926Z] Executing 09_stored_procedures.sql batch 21.
[2026-07-24T19:36:55.932Z] Executing 09_stored_procedures.sql batch 22.
[2026-07-24T19:36:55.938Z] Executing 09_stored_procedures.sql batch 23.
[2026-07-24T19:36:55.943Z] Executing 09_stored_procedures.sql batch 24.
[2026-07-24T19:36:55.948Z] Executing 09_stored_procedures.sql batch 25.
[2026-07-24T19:36:55.954Z] Executing 09_stored_procedures.sql batch 26.
[2026-07-24T19:36:55.959Z] Executing 09_stored_procedures.sql batch 27.
[2026-07-24T19:36:55.965Z] Executing 09_stored_procedures.sql batch 28.
[2026-07-24T19:36:55.970Z] Executing 09_stored_procedures.sql batch 29.
[2026-07-24T19:36:55.977Z] Executing 09_stored_procedures.sql batch 30.
[2026-07-24T19:36:55.982Z] Executing 09_stored_procedures.sql batch 31.
[2026-07-24T19:36:55.987Z] Executing 09_stored_procedures.sql batch 32.
[2026-07-24T19:36:55.994Z] Executing 09_stored_procedures.sql batch 33.
[2026-07-24T19:36:56.000Z] Executing 09_stored_procedures.sql batch 34.
[2026-07-24T19:36:56.005Z] Executing 09_stored_procedures.sql batch 35.
[2026-07-24T19:36:56.013Z] Executing 09_stored_procedures.sql batch 36.
[2026-07-24T19:36:56.019Z] Executing 09_stored_procedures.sql batch 37.
[2026-07-24T19:36:56.026Z] Executing 09_stored_procedures.sql batch 38.
[2026-07-24T19:36:56.031Z] Executing 09_stored_procedures.sql batch 39.
[2026-07-24T19:36:56.036Z] Executing 09_stored_procedures.sql batch 40.
[2026-07-24T19:36:56.042Z] Executing 09_stored_procedures.sql batch 41.
[2026-07-24T19:36:56.047Z] Executing 09_stored_procedures.sql batch 42.
[2026-07-24T19:36:56.051Z] Executing 09_stored_procedures.sql batch 43.
[2026-07-24T19:36:56.057Z] Executing 09_stored_procedures.sql batch 44.
[2026-07-24T19:36:56.062Z] Executing 09_stored_procedures.sql batch 45.
[2026-07-24T19:36:56.066Z] Executing 09_stored_procedures.sql batch 46.
[2026-07-24T19:36:56.071Z] Executing 09_stored_procedures.sql batch 47.
[2026-07-24T19:36:56.077Z] Executing 09_stored_procedures.sql batch 48.
[2026-07-24T19:36:56.082Z] Executing 09_stored_procedures.sql batch 49.
[2026-07-24T19:36:56.086Z] Executing 09_stored_procedures.sql batch 50.
[2026-07-24T19:36:56.092Z] Executing 09_stored_procedures.sql batch 51.
[2026-07-24T19:36:56.097Z] Executing 09_stored_procedures.sql batch 52.
[2026-07-24T19:36:56.103Z] Executing 09_stored_procedures.sql batch 53.
[2026-07-24T19:36:56.108Z] Executing 09_stored_procedures.sql batch 54.
[2026-07-24T19:36:56.113Z] Executing 09_stored_procedures.sql batch 55.
[2026-07-24T19:36:56.117Z] Executing 09_stored_procedures.sql batch 56.
[2026-07-24T19:36:56.121Z] Executing 09_stored_procedures.sql batch 57.
[2026-07-24T19:36:56.126Z] Executing 09_stored_procedures.sql batch 58.
[2026-07-24T19:36:56.130Z] Executing 09_stored_procedures.sql batch 59.
[2026-07-24T19:36:56.135Z] Executing 09_stored_procedures.sql batch 60.
[2026-07-24T19:36:56.140Z] Executing 09_stored_procedures.sql batch 61.
[2026-07-24T19:36:56.145Z] Executing 09_stored_procedures.sql batch 62.
[2026-07-24T19:36:56.150Z] Executing 09_stored_procedures.sql batch 63.
[2026-07-24T19:36:56.155Z] Executing 09_stored_procedures.sql batch 64.
[2026-07-24T19:36:56.160Z] Executing 09_stored_procedures.sql batch 65.
[2026-07-24T19:36:56.164Z] Executing 09_stored_procedures.sql batch 66.
[2026-07-24T19:36:56.172Z] Executing 09_stored_procedures.sql batch 67.
[2026-07-24T19:36:56.177Z] Executing 09_stored_procedures.sql batch 68.
[2026-07-24T19:36:56.181Z] Executing 09_stored_procedures.sql batch 69.
[2026-07-24T19:36:56.186Z] Executing 09_stored_procedures.sql batch 70.
[2026-07-24T19:36:56.191Z] Executing 09_stored_procedures.sql batch 71.
[2026-07-24T19:36:56.195Z] Executing 09_stored_procedures.sql batch 72.
[2026-07-24T19:36:56.199Z] Executing 09_stored_procedures.sql batch 73.
[2026-07-24T19:36:56.203Z] Executing 09_stored_procedures.sql batch 74.
[2026-07-24T19:36:56.209Z] Executing 09_stored_procedures.sql batch 75.
[2026-07-24T19:36:56.215Z] Executing 09_stored_procedures.sql batch 76.
[2026-07-24T19:36:56.221Z] Executing 09_stored_procedures.sql batch 77.
[2026-07-24T19:36:56.226Z] Executing 09_stored_procedures.sql batch 78.
[2026-07-24T19:36:56.231Z] Executing 09_stored_procedures.sql batch 79.
[2026-07-24T19:36:56.237Z] Executing 09_stored_procedures.sql batch 80.
[2026-07-24T19:36:56.243Z] Executing 09_stored_procedures.sql batch 81.
[2026-07-24T19:36:56.250Z] Executing 09_stored_procedures.sql batch 82.
[2026-07-24T19:36:56.256Z] Executing 09_stored_procedures.sql batch 83.
[2026-07-24T19:36:56.263Z] Executing 09_stored_procedures.sql batch 84.
[2026-07-24T19:36:56.269Z] Executing 09_stored_procedures.sql batch 85.
[2026-07-24T19:36:56.275Z] Executing 09_stored_procedures.sql batch 86.
[2026-07-24T19:36:56.281Z] Executing 09_stored_procedures.sql batch 87.
[2026-07-24T19:36:56.288Z] Executing 09_stored_procedures.sql batch 88.
[2026-07-24T19:36:56.295Z] Executing 09_stored_procedures.sql batch 89.
[2026-07-24T19:36:56.300Z] Executing 09_stored_procedures.sql batch 90.
[2026-07-24T19:36:56.306Z] Executing 09_stored_procedures.sql batch 91.
[2026-07-24T19:36:56.313Z] Executing 09_stored_procedures.sql batch 92.
[2026-07-24T19:36:56.318Z] Executing 09_stored_procedures.sql batch 93.
[2026-07-24T19:36:56.324Z] Executing 09_stored_procedures.sql batch 94.
[2026-07-24T19:36:56.331Z] Executing 09_stored_procedures.sql batch 95.
[2026-07-24T19:36:56.336Z] Executing 09_stored_procedures.sql batch 96.
[2026-07-24T19:36:56.342Z] Executing 09_stored_procedures.sql batch 97.
[2026-07-24T19:36:56.347Z] Executing 09_stored_procedures.sql batch 98.
[2026-07-24T19:36:56.352Z] Executing 09_stored_procedures.sql batch 99.
[2026-07-24T19:36:56.357Z] Executing 09_stored_procedures.sql batch 100.
[2026-07-24T19:36:56.363Z] Executing 09_stored_procedures.sql batch 101.
[2026-07-24T19:36:56.368Z] Executing 09_stored_procedures.sql batch 102.
[2026-07-24T19:36:56.374Z] Executing 09_stored_procedures.sql batch 103.
[2026-07-24T19:36:56.379Z] Executing 09_stored_procedures.sql batch 104.
[2026-07-24T19:36:56.383Z] Executing 09_stored_procedures.sql batch 105.
[2026-07-24T19:36:56.389Z] Executing 09_stored_procedures.sql batch 106.
[2026-07-24T19:36:56.394Z] Executing 09_stored_procedures.sql batch 107.
[2026-07-24T19:36:56.399Z] Executing 09_stored_procedures.sql batch 108.
[2026-07-24T19:36:56.403Z] Executing 09_stored_procedures.sql batch 109.
[2026-07-24T19:36:56.408Z] Executing 09_stored_procedures.sql batch 110.
[2026-07-24T19:36:56.413Z] Executing 09_stored_procedures.sql batch 111.
[2026-07-24T19:36:56.417Z] Executing 09_stored_procedures.sql batch 112.
[2026-07-24T19:36:56.421Z] Executing 09_stored_procedures.sql batch 113.
[2026-07-24T19:36:56.426Z] Executing 09_stored_procedures.sql batch 114.
[2026-07-24T19:36:56.431Z] Executing 09_stored_procedures.sql batch 115.
[2026-07-24T19:36:56.435Z] Executing 09_stored_procedures.sql batch 116.
[2026-07-24T19:36:56.440Z] Executing 09_stored_procedures.sql batch 117.
[2026-07-24T19:36:56.445Z] Executing 09_stored_procedures.sql batch 118.
[2026-07-24T19:36:56.450Z] Executing 09_stored_procedures.sql batch 119.
[2026-07-24T19:36:56.455Z] Executing 09_stored_procedures.sql batch 120.
[2026-07-24T19:36:56.461Z] Executing 09_stored_procedures.sql batch 121.
[2026-07-24T19:36:56.467Z] Executing 09_stored_procedures.sql batch 122.
[2026-07-24T19:36:56.472Z] Executing 09_stored_procedures.sql batch 123.
[2026-07-24T19:36:56.478Z] Executing 09_stored_procedures.sql batch 124.
[2026-07-24T19:36:56.483Z] Executing 09_stored_procedures.sql batch 125.
[2026-07-24T19:36:56.488Z] Executing 09_stored_procedures.sql batch 126.
[2026-07-24T19:36:56.494Z] Executing 09_stored_procedures.sql batch 127.
[2026-07-24T19:36:56.499Z] Executing 09_stored_procedures.sql batch 128.
[2026-07-24T19:36:56.504Z] Executing 09_stored_procedures.sql batch 129.
[2026-07-24T19:36:56.510Z] Executing 09_stored_procedures.sql batch 130.
[2026-07-24T19:36:56.516Z] Executing 09_stored_procedures.sql batch 131.
[2026-07-24T19:36:56.522Z] Executing 09_stored_procedures.sql batch 132.
[2026-07-24T19:36:56.529Z] Executing 09_stored_procedures.sql batch 133.
[2026-07-24T19:36:56.534Z] Executing 09_stored_procedures.sql batch 134.
[2026-07-24T19:36:56.541Z] Executing 09_stored_procedures.sql batch 135.
[2026-07-24T19:36:56.548Z] Skipping 09_stored_procedures.sql batch 136: legacy procedure GenerateApiKey references removed schema objects.
[2026-07-24T19:36:56.551Z] Executing 09_stored_procedures.sql batch 137.
[2026-07-24T19:36:56.559Z] Executing 09_stored_procedures.sql batch 138.
[2026-07-24T19:36:56.565Z] Executing 09_stored_procedures.sql batch 139.
[2026-07-24T19:36:56.572Z] Skipping 09_stored_procedures.sql batch 140: legacy procedure GetAllDyFormDFormDomainss references removed schema objects.
[2026-07-24T19:36:56.575Z] Skipping 09_stored_procedures.sql batch 141: legacy procedure GetAllDyFormDFormDomainValuess references removed schema objects.
[2026-07-24T19:36:56.577Z] Skipping 09_stored_procedures.sql batch 142: legacy procedure GetAllDyFormDFormFieldRules references removed schema objects.
[2026-07-24T19:36:56.578Z] Skipping 09_stored_procedures.sql batch 143: legacy procedure GetAllDyFormDFormFields references removed schema objects.
[2026-07-24T19:36:56.580Z] Skipping 09_stored_procedures.sql batch 144: legacy procedure GetAllDyFormDForms references removed schema objects.
[2026-07-24T19:36:56.581Z] Skipping 09_stored_procedures.sql batch 145: legacy procedure GetAllDyFormDFormSections references removed schema objects.
[2026-07-24T19:36:56.583Z] Executing 09_stored_procedures.sql batch 146.
[2026-07-24T19:36:56.589Z] Executing 09_stored_procedures.sql batch 147.
[2026-07-24T19:36:56.596Z] Executing 09_stored_procedures.sql batch 148.
[2026-07-24T19:36:56.601Z] Executing 09_stored_procedures.sql batch 149.
[2026-07-24T19:36:56.606Z] Executing 09_stored_procedures.sql batch 150.
[2026-07-24T19:36:56.611Z] Executing 09_stored_procedures.sql batch 151.
[2026-07-24T19:36:56.616Z] Executing 09_stored_procedures.sql batch 152.
[2026-07-24T19:36:56.620Z] Executing 09_stored_procedures.sql batch 153.
[2026-07-24T19:36:56.625Z] Executing 09_stored_procedures.sql batch 154.
[2026-07-24T19:36:56.629Z] Executing 09_stored_procedures.sql batch 155.
[2026-07-24T19:36:56.634Z] Executing 09_stored_procedures.sql batch 156.
[2026-07-24T19:36:56.639Z] Executing 09_stored_procedures.sql batch 157.
[2026-07-24T19:36:56.644Z] Executing 09_stored_procedures.sql batch 158.
[2026-07-24T19:36:56.649Z] Executing 09_stored_procedures.sql batch 159.
[2026-07-24T19:36:56.653Z] Executing 09_stored_procedures.sql batch 160.
[2026-07-24T19:36:56.658Z] Executing 09_stored_procedures.sql batch 161.
[2026-07-24T19:36:56.662Z] Executing 09_stored_procedures.sql batch 162.
[2026-07-24T19:36:56.666Z] Executing 09_stored_procedures.sql batch 163.
[2026-07-24T19:36:56.671Z] Executing 09_stored_procedures.sql batch 164.
[2026-07-24T19:36:56.676Z] Executing 09_stored_procedures.sql batch 165.
[2026-07-24T19:36:56.680Z] Executing 09_stored_procedures.sql batch 166.
[2026-07-24T19:36:56.684Z] Executing 09_stored_procedures.sql batch 167.
[2026-07-24T19:36:56.689Z] Executing 09_stored_procedures.sql batch 168.
[2026-07-24T19:36:56.694Z] Executing 09_stored_procedures.sql batch 169.
[2026-07-24T19:36:56.699Z] Executing 09_stored_procedures.sql batch 170.
[2026-07-24T19:36:56.703Z] Executing 09_stored_procedures.sql batch 171.
[2026-07-24T19:36:56.708Z] Executing 09_stored_procedures.sql batch 172.
[2026-07-24T19:36:56.713Z] Executing 09_stored_procedures.sql batch 173.
[2026-07-24T19:36:56.717Z] Executing 09_stored_procedures.sql batch 174.
[2026-07-24T19:36:56.722Z] Executing 09_stored_procedures.sql batch 175.
[2026-07-24T19:36:56.727Z] Executing 09_stored_procedures.sql batch 176.
[2026-07-24T19:36:56.731Z] Executing 09_stored_procedures.sql batch 177.
[2026-07-24T19:36:56.736Z] Executing 09_stored_procedures.sql batch 178.
[2026-07-24T19:36:56.741Z] Executing 09_stored_procedures.sql batch 179.
[2026-07-24T19:36:56.746Z] Executing 09_stored_procedures.sql batch 180.
[2026-07-24T19:36:56.750Z] Executing 09_stored_procedures.sql batch 181.
[2026-07-24T19:36:56.754Z] Executing 09_stored_procedures.sql batch 182.
[2026-07-24T19:36:56.759Z] Executing 09_stored_procedures.sql batch 183.
[2026-07-24T19:36:56.763Z] Executing 09_stored_procedures.sql batch 184.
[2026-07-24T19:36:56.767Z] Executing 09_stored_procedures.sql batch 185.
[2026-07-24T19:36:56.771Z] Executing 09_stored_procedures.sql batch 186.
[2026-07-24T19:36:56.776Z] Executing 09_stored_procedures.sql batch 187.
[2026-07-24T19:36:56.780Z] Executing 09_stored_procedures.sql batch 188.
[2026-07-24T19:36:56.784Z] Executing 09_stored_procedures.sql batch 189.
[2026-07-24T19:36:56.788Z] Executing 09_stored_procedures.sql batch 190.
[2026-07-24T19:36:56.793Z] Executing 09_stored_procedures.sql batch 191.
[2026-07-24T19:36:56.797Z] Executing 09_stored_procedures.sql batch 192.
[2026-07-24T19:36:56.801Z] Executing 09_stored_procedures.sql batch 193.
[2026-07-24T19:36:56.807Z] Executing 09_stored_procedures.sql batch 194.
[2026-07-24T19:36:56.812Z] Executing 09_stored_procedures.sql batch 195.
[2026-07-24T19:36:56.817Z] Executing 09_stored_procedures.sql batch 196.
[2026-07-24T19:36:56.823Z] Executing 09_stored_procedures.sql batch 197.
[2026-07-24T19:36:56.827Z] Executing 09_stored_procedures.sql batch 198.
[2026-07-24T19:36:56.831Z] Executing 09_stored_procedures.sql batch 199.
[2026-07-24T19:36:56.836Z] Executing 09_stored_procedures.sql batch 200.
[2026-07-24T19:36:56.841Z] Executing 09_stored_procedures.sql batch 201.
[2026-07-24T19:36:56.845Z] Executing 09_stored_procedures.sql batch 202.
[2026-07-24T19:36:56.850Z] Executing 09_stored_procedures.sql batch 203.
[2026-07-24T19:36:56.855Z] Executing 09_stored_procedures.sql batch 204.
[2026-07-24T19:36:56.860Z] Executing 09_stored_procedures.sql batch 205.
[2026-07-24T19:36:56.864Z] Executing 09_stored_procedures.sql batch 206.
[2026-07-24T19:36:56.868Z] Executing 09_stored_procedures.sql batch 207.
[2026-07-24T19:36:56.873Z] Executing 09_stored_procedures.sql batch 208.
[2026-07-24T19:36:56.878Z] Executing 09_stored_procedures.sql batch 209.
[2026-07-24T19:36:56.882Z] Executing 09_stored_procedures.sql batch 210.
[2026-07-24T19:36:56.886Z] Executing 09_stored_procedures.sql batch 211.
[2026-07-24T19:36:56.892Z] Executing 09_stored_procedures.sql batch 212.
[2026-07-24T19:36:56.896Z] Executing 09_stored_procedures.sql batch 213.
[2026-07-24T19:36:56.900Z] Executing 09_stored_procedures.sql batch 214.
[2026-07-24T19:36:56.904Z] Executing 09_stored_procedures.sql batch 215.
[2026-07-24T19:36:56.909Z] Executing 09_stored_procedures.sql batch 216.
[2026-07-24T19:36:56.913Z] Executing 09_stored_procedures.sql batch 217.
[2026-07-24T19:36:56.917Z] Executing 09_stored_procedures.sql batch 218.
[2026-07-24T19:36:56.921Z] Executing 09_stored_procedures.sql batch 219.
[2026-07-24T19:36:56.926Z] Executing 09_stored_procedures.sql batch 220.
[2026-07-24T19:36:56.930Z] Executing 09_stored_procedures.sql batch 221.
[2026-07-24T19:36:56.935Z] Executing 09_stored_procedures.sql batch 222.
[2026-07-24T19:36:56.940Z] Executing 09_stored_procedures.sql batch 223.
[2026-07-24T19:36:56.944Z] Executing 09_stored_procedures.sql batch 224.
[2026-07-24T19:36:56.949Z] Skipping 09_stored_procedures.sql batch 225: legacy procedure GetModuleIDbyKey references removed schema objects.
[2026-07-24T19:36:56.950Z] Skipping 09_stored_procedures.sql batch 226: legacy procedure GetModulesByPortal references removed schema objects.
[2026-07-24T19:36:56.952Z] Executing 09_stored_procedures.sql batch 227.
[2026-07-24T19:36:56.957Z] Executing 09_stored_procedures.sql batch 228.
[2026-07-24T19:36:56.961Z] Executing 09_stored_procedures.sql batch 229.
[2026-07-24T19:36:56.966Z] Executing 09_stored_procedures.sql batch 230.
[2026-07-24T19:36:56.970Z] Executing 09_stored_procedures.sql batch 231.
[2026-07-24T19:36:56.975Z] Executing 09_stored_procedures.sql batch 232.
[2026-07-24T19:36:56.979Z] Executing 09_stored_procedures.sql batch 233.
[2026-07-24T19:36:56.983Z] Skipping 09_stored_procedures.sql batch 234: legacy procedure GetPortalIDbyKey references removed schema objects.
[2026-07-24T19:36:56.985Z] Executing 09_stored_procedures.sql batch 235.
[2026-07-24T19:36:56.989Z] Executing 09_stored_procedures.sql batch 236.
[2026-07-24T19:36:56.994Z] Executing 09_stored_procedures.sql batch 237.
[2026-07-24T19:36:56.998Z] Executing 09_stored_procedures.sql batch 238.
[2026-07-24T19:36:57.003Z] Executing 09_stored_procedures.sql batch 239.
[2026-07-24T19:36:57.009Z] Executing 09_stored_procedures.sql batch 240.
[2026-07-24T19:36:57.014Z] Executing 09_stored_procedures.sql batch 241.
[2026-07-24T19:36:57.019Z] Executing 09_stored_procedures.sql batch 242.
[2026-07-24T19:36:57.025Z] Executing 09_stored_procedures.sql batch 243.
[2026-07-24T19:36:57.030Z] Executing 09_stored_procedures.sql batch 244.
[2026-07-24T19:36:57.035Z] Executing 09_stored_procedures.sql batch 245.
[2026-07-24T19:36:57.041Z] Executing 09_stored_procedures.sql batch 246.
[2026-07-24T19:36:57.047Z] Executing 09_stored_procedures.sql batch 247.
[2026-07-24T19:36:57.052Z] Executing 09_stored_procedures.sql batch 248.
[2026-07-24T19:36:57.059Z] Executing 09_stored_procedures.sql batch 249.
[2026-07-24T19:36:57.064Z] Executing 09_stored_procedures.sql batch 250.
[2026-07-24T19:36:57.070Z] Executing 09_stored_procedures.sql batch 251.
[2026-07-24T19:36:57.075Z] Executing 09_stored_procedures.sql batch 252.
[2026-07-24T19:36:57.080Z] Executing 09_stored_procedures.sql batch 253.
[2026-07-24T19:36:57.086Z] Executing 09_stored_procedures.sql batch 254.
[2026-07-24T19:36:57.092Z] Executing 09_stored_procedures.sql batch 255.
[2026-07-24T19:36:57.097Z] Executing 09_stored_procedures.sql batch 256.
[2026-07-24T19:36:57.102Z] Executing 09_stored_procedures.sql batch 257.
[2026-07-24T19:36:57.108Z] Executing 09_stored_procedures.sql batch 258.
[2026-07-24T19:36:57.114Z] Executing 09_stored_procedures.sql batch 259.
[2026-07-24T19:36:57.120Z] Skipping 09_stored_procedures.sql batch 260: legacy procedure GetUserIDbyKey references removed schema objects.
[2026-07-24T19:36:57.122Z] Executing 09_stored_procedures.sql batch 261.
[2026-07-24T19:36:57.127Z] Executing 09_stored_procedures.sql batch 262.
[2026-07-24T19:36:57.131Z] Executing 09_stored_procedures.sql batch 263.
[2026-07-24T19:36:57.136Z] Executing 09_stored_procedures.sql batch 264.
[2026-07-24T19:36:57.142Z] Executing 09_stored_procedures.sql batch 265.
[2026-07-24T19:36:57.147Z] Executing 09_stored_procedures.sql batch 266.
[2026-07-24T19:36:57.151Z] Executing 09_stored_procedures.sql batch 267.
[2026-07-24T19:36:57.155Z] Executing 09_stored_procedures.sql batch 268.
[2026-07-24T19:36:57.160Z] Executing 09_stored_procedures.sql batch 269.
[2026-07-24T19:36:57.164Z] Executing 09_stored_procedures.sql batch 270.
[2026-07-24T19:36:57.169Z] Executing 09_stored_procedures.sql batch 271.
[2026-07-24T19:36:57.175Z] Executing 09_stored_procedures.sql batch 272.
[2026-07-24T19:36:57.181Z] Executing 09_stored_procedures.sql batch 273.
[2026-07-24T19:36:57.187Z] Executing 09_stored_procedures.sql batch 274.
[2026-07-24T19:36:57.193Z] Executing 09_stored_procedures.sql batch 275.
[2026-07-24T19:36:57.197Z] Skipping 09_stored_procedures.sql batch 276: legacy procedure RemoveModuleFromPortal references removed schema objects.
[2026-07-24T19:36:57.199Z] Executing 09_stored_procedures.sql batch 277.
[2026-07-24T19:36:57.203Z] Executing 09_stored_procedures.sql batch 278.
[2026-07-24T19:36:57.208Z] Executing 09_stored_procedures.sql batch 279.
[2026-07-24T19:36:57.212Z] Executing 09_stored_procedures.sql batch 280.
[2026-07-24T19:36:57.216Z] Executing 09_stored_procedures.sql batch 281.
[2026-07-24T19:36:57.222Z] Executing 09_stored_procedures.sql batch 282.
[2026-07-24T19:36:57.227Z] Executing 09_stored_procedures.sql batch 283.
[2026-07-24T19:36:57.231Z] Executing 09_stored_procedures.sql batch 284.
[2026-07-24T19:36:57.235Z] Executing 09_stored_procedures.sql batch 285.
[2026-07-24T19:36:57.241Z] Executing 09_stored_procedures.sql batch 286.
[2026-07-24T19:36:57.245Z] Executing 09_stored_procedures.sql batch 287.
[2026-07-24T19:36:57.249Z] Executing 09_stored_procedures.sql batch 288.
[2026-07-24T19:36:57.253Z] Executing 09_stored_procedures.sql batch 289.
[2026-07-24T19:36:57.259Z] Executing 09_stored_procedures.sql batch 290.
[2026-07-24T19:36:57.264Z] Executing 09_stored_procedures.sql batch 291.
[2026-07-24T19:36:57.268Z] Executing 09_stored_procedures.sql batch 292.
[2026-07-24T19:36:57.273Z] Executing 09_stored_procedures.sql batch 293.
[2026-07-24T19:36:57.277Z] Executing 09_stored_procedures.sql batch 294.
[2026-07-24T19:36:57.281Z] Executing 09_stored_procedures.sql batch 295.
[2026-07-24T19:36:57.286Z] Executing 09_stored_procedures.sql batch 296.
[2026-07-24T19:36:57.291Z] Executing 09_stored_procedures.sql batch 297.
[2026-07-24T19:36:57.296Z] Executing 09_stored_procedures.sql batch 298.
[2026-07-24T19:36:57.300Z] Executing 09_stored_procedures.sql batch 299.
[2026-07-24T19:36:57.304Z] Executing 09_stored_procedures.sql batch 300.
[2026-07-24T19:36:57.309Z] Executing 09_stored_procedures.sql batch 301.
[2026-07-24T19:36:57.313Z] Executing 09_stored_procedures.sql batch 302.
[2026-07-24T19:36:57.318Z] Executing 09_stored_procedures.sql batch 303.
[2026-07-24T19:36:57.323Z] Executing 09_stored_procedures.sql batch 304.
[2026-07-24T19:36:57.327Z] Executing 09_stored_procedures.sql batch 305.
[2026-07-24T19:36:57.331Z] Executing 09_stored_procedures.sql batch 306.
[2026-07-24T19:36:57.336Z] Executing 09_stored_procedures.sql batch 307.
[2026-07-24T19:36:57.341Z] Executing 09_stored_procedures.sql batch 308.
[2026-07-24T19:36:57.346Z] Executing 09_stored_procedures.sql batch 309.
[2026-07-24T19:36:57.350Z] Executing 09_stored_procedures.sql batch 310.
[2026-07-24T19:36:57.356Z] Executing 09_stored_procedures.sql batch 311.
[2026-07-24T19:36:57.360Z] Executing 09_stored_procedures.sql batch 312.
[2026-07-24T19:36:57.366Z] Executing 09_stored_procedures.sql batch 313.
[2026-07-24T19:36:57.371Z] Executing 09_stored_procedures.sql batch 314.
[2026-07-24T19:36:57.376Z] Executing 09_stored_procedures.sql batch 315.
[2026-07-24T19:36:57.381Z] Executing 09_stored_procedures.sql batch 316.
[2026-07-24T19:36:57.385Z] Executing 09_stored_procedures.sql batch 317.
[2026-07-24T19:36:57.390Z] Executing 09_stored_procedures.sql batch 318.
[2026-07-24T19:36:57.395Z] Executing 09_stored_procedures.sql batch 319.
[2026-07-24T19:36:57.399Z] Executing 09_stored_procedures.sql batch 320.
[2026-07-24T19:36:57.403Z] Executing 09_stored_procedures.sql batch 321.
[2026-07-24T19:36:57.409Z] Executing 09_stored_procedures.sql batch 322.
[2026-07-24T19:36:57.414Z] Executing 09_stored_procedures.sql batch 323.
[2026-07-24T19:36:57.418Z] Executing 09_stored_procedures.sql batch 324.
[2026-07-24T19:36:57.423Z] Executing 09_stored_procedures.sql batch 325.
[2026-07-24T19:36:57.427Z] Executing 09_stored_procedures.sql batch 326.
[2026-07-24T19:36:57.431Z] Executing 09_stored_procedures.sql batch 327.
[2026-07-24T19:36:57.436Z] Executing 09_stored_procedures.sql batch 328.
[2026-07-24T19:36:57.445Z] Executing 09_stored_procedures.sql batch 329.
[2026-07-24T19:36:57.449Z] Executing 09_stored_procedures.sql batch 330.
[2026-07-24T19:36:57.452Z] Executing 09_stored_procedures.sql batch 331.
[2026-07-24T19:36:57.458Z] Skipping 09_stored_procedures.sql batch 332: legacy procedure UpdateUserProviderProfileDataField references removed schema objects.
[2026-07-24T19:36:57.460Z] Executing 09_stored_procedures.sql batch 333.
[2026-07-24T19:36:57.465Z] Executing 09_stored_procedures.sql batch 334.
[2026-07-24T19:36:57.470Z] Executing 09_stored_procedures.sql batch 335.
[2026-07-24T19:36:57.477Z] Executing 09_stored_procedures.sql batch 336.
[2026-07-24T19:36:57.481Z] Executing 09_stored_procedures.sql batch 337.
[2026-07-24T19:36:57.485Z] Executing 09_stored_procedures.sql batch 338.
[2026-07-24T19:36:57.490Z] Executing 09_stored_procedures.sql batch 339.
[2026-07-24T19:36:57.494Z] Executing 09_stored_procedures.sql batch 340.
[2026-07-24T19:36:57.499Z] Executing 09_stored_procedures.sql batch 341.
[2026-07-24T19:36:57.504Z] Executing 09_stored_procedures.sql batch 342.
[2026-07-24T19:36:57.509Z] Executing 09_stored_procedures.sql batch 343.
[2026-07-24T19:36:57.514Z] Executing 09_stored_procedures.sql batch 344.
[2026-07-24T19:36:57.518Z] Executing 09_stored_procedures.sql batch 345.
[2026-07-24T19:36:57.523Z] Executing 09_stored_procedures.sql batch 346.
[2026-07-24T19:36:57.528Z] Executing 09_stored_procedures.sql batch 347.
[2026-07-24T19:36:57.532Z] Executing 09_stored_procedures.sql batch 348.
[2026-07-24T19:36:57.536Z] Executing 09_stored_procedures.sql batch 349.
[2026-07-24T19:36:57.541Z] Executing 09_stored_procedures.sql batch 350.
[2026-07-24T19:36:57.546Z] Executing 09_stored_procedures.sql batch 351.
[2026-07-24T19:36:57.551Z] Executing 09_stored_procedures.sql batch 352.
[2026-07-24T19:36:57.557Z] Executing 09_stored_procedures.sql batch 353.
[2026-07-24T19:36:57.563Z] Executing 09_stored_procedures.sql batch 354.
[2026-07-24T19:36:57.567Z] Executing 09_stored_procedures.sql batch 355.
[2026-07-24T19:36:57.573Z] Executing 09_stored_procedures.sql batch 356.
[2026-07-24T19:36:57.577Z] Executing 09_stored_procedures.sql batch 357.
[2026-07-24T19:36:57.582Z] Executing 09_stored_procedures.sql batch 358.
[2026-07-24T19:36:57.591Z] Executing 10_triggers.sql batch 1.
[2026-07-24T19:36:57.595Z] Executing 10_triggers.sql batch 2.
[2026-07-24T19:36:57.602Z] Executing 10_triggers.sql batch 3.
[2026-07-24T19:36:57.607Z] Executing 10_triggers.sql batch 4.
[2026-07-24T19:36:57.613Z] Executing 10_triggers.sql batch 5.
[2026-07-24T19:36:57.618Z] Executing 10_triggers.sql batch 6.
[2026-07-24T19:36:57.623Z] Executing 10_triggers.sql batch 7.
[2026-07-24T19:36:57.631Z] Executing seed/001_Payments.Provider.sql batch 1.
[2026-07-24T19:36:57.634Z] Executing seed/001_Payments.Provider.sql batch 2.
[2026-07-24T19:36:57.648Z] Executing seed/002_Payments.Webhook.sql batch 1.
[2026-07-24T19:36:57.652Z] Executing seed/002_Payments.Webhook.sql batch 2.
[2026-07-24T19:36:57.662Z] Executing seed/003_dbo.AspNetRoles.sql batch 1.
[2026-07-24T19:36:57.666Z] Executing seed/003_dbo.AspNetRoles.sql batch 2.
[2026-07-24T19:36:57.676Z] Executing seed/004_dbo.AspNetUsers.sql batch 1.
[2026-07-24T19:36:57.681Z] Executing seed/004_dbo.AspNetUsers.sql batch 2.
[2026-07-24T19:36:57.694Z] Executing seed/005_dbo.DyForm.sql batch 1.
[2026-07-24T19:36:57.700Z] Executing seed/005_dbo.DyForm.sql batch 2.
[2026-07-24T19:36:57.710Z] Executing seed/006_dbo.DyFormDataSourceDefinition.sql batch 1.
[2026-07-24T19:36:57.714Z] Executing seed/006_dbo.DyFormDataSourceDefinition.sql batch 2.
[2026-07-24T19:36:57.727Z] Executing seed/007_dbo.DyFormDomainType.sql batch 1.
[2026-07-24T19:36:57.731Z] Executing seed/007_dbo.DyFormDomainType.sql batch 2.
[2026-07-24T19:36:57.739Z] Executing seed/008_dbo.DyFormFieldType.sql batch 1.
[2026-07-24T19:36:57.743Z] Executing seed/008_dbo.DyFormFieldType.sql batch 2.
[2026-07-24T19:36:57.753Z] Executing seed/009_dbo.DyFormResolverContext.sql batch 1.
[2026-07-24T19:36:57.757Z] Executing seed/009_dbo.DyFormResolverContext.sql batch 2.
[2026-07-24T19:36:57.765Z] Executing seed/010_dbo.DyFormResolverType.sql batch 1.
[2026-07-24T19:36:57.768Z] Executing seed/010_dbo.DyFormResolverType.sql batch 2.
[2026-07-24T19:36:57.777Z] Executing seed/011_dbo.DyFormRuleSyntax.sql batch 1.
[2026-07-24T19:36:57.780Z] Executing seed/011_dbo.DyFormRuleSyntax.sql batch 2.
[2026-07-24T19:36:57.789Z] Executing seed/012_dbo.DyFormRuleType.sql batch 1.
[2026-07-24T19:36:57.793Z] Executing seed/012_dbo.DyFormRuleType.sql batch 2.
[2026-07-24T19:36:57.801Z] Executing seed/013_dbo.DyFormSection.sql batch 1.
[2026-07-24T19:36:57.805Z] Executing seed/013_dbo.DyFormSection.sql batch 2.
[2026-07-24T19:36:57.813Z] Executing seed/014_dbo.DyFormViewModelDefinition.sql batch 1.
[2026-07-24T19:36:57.827Z] Executing seed/014_dbo.DyFormViewModelDefinition.sql batch 2.
[2026-07-24T19:36:57.835Z] Executing seed/015_dbo.ISO6391_Languages.sql batch 1.
[2026-07-24T19:36:57.839Z] Executing seed/015_dbo.ISO6391_Languages.sql batch 2.
[2026-07-24T19:36:57.863Z] Executing seed/016_dbo.LayoutTypes.sql batch 1.
[2026-07-24T19:36:57.867Z] Executing seed/016_dbo.LayoutTypes.sql batch 2.
[2026-07-24T19:36:57.876Z] Executing seed/017_dbo.OwnerTypes.sql batch 1.
[2026-07-24T19:36:57.880Z] Executing seed/017_dbo.OwnerTypes.sql batch 2.
[2026-07-24T19:36:57.888Z] Executing seed/018_dbo.Portals.sql batch 1.
[2026-07-24T19:36:57.892Z] Executing seed/018_dbo.Portals.sql batch 2.
[2026-07-24T19:36:57.902Z] Executing seed/019_dbo.ProfileProviders.sql batch 1.
[2026-07-24T19:36:57.906Z] Executing seed/019_dbo.ProfileProviders.sql batch 2.
[2026-07-24T19:36:57.914Z] Executing seed/020_dbo.ProtosDataModelDefinition.sql batch 1.
[2026-07-24T19:36:57.917Z] Executing seed/020_dbo.ProtosDataModelDefinition.sql batch 2.
[2026-07-24T19:36:57.925Z] Executing seed/021_dbo.ProtosTargetType.sql batch 1.
[2026-07-24T19:36:57.929Z] Executing seed/021_dbo.ProtosTargetType.sql batch 2.
[2026-07-24T19:36:57.939Z] Executing seed/022_dbo.ProtosTemplate.sql batch 1.
[2026-07-24T19:36:57.943Z] Executing seed/022_dbo.ProtosTemplate.sql batch 2.
[2026-07-24T19:36:58.202Z] ERROR in seed/022_dbo.ProtosTemplate.sql batch 2: The transaction ended in the trigger. The batch has been aborted. | Invalid TemplateType: Must match TargetTypeName in ProtosTargetType table.
[2026-07-24T19:36:58.206Z] ROLLBACK FAILED: Transaction has been aborted.
[2026-07-24T19:36:58.208Z] SQL connection closed.
