[2026-07-24T19:40:07.360Z] Install started for core database skylynx_install_probe on host.docker.internal:1433.
[2026-07-24T19:40:07.362Z] Schema files: 01_schemas.sql, 02_types.sql, 03_tables.sql, 04_constraints.sql, 05_relationships.sql, 06_indexes.sql, 07_functions.sql, 08_views.sql, 09_stored_procedures.sql, 10_triggers.sql
[2026-07-24T19:40:07.364Z] Seed files: 001_Payments.Provider.sql, 002_Payments.Webhook.sql, 003_dbo.AspNetRoles.sql, 004_dbo.AspNetUsers.sql, 005_dbo.DyForm.sql, 006_dbo.DyFormDataSourceDefinition.sql, 007_dbo.DyFormDomainType.sql, 008_dbo.DyFormFieldType.sql, 009_dbo.DyFormResolverContext.sql, 010_dbo.DyFormResolverType.sql, 011_dbo.DyFormRuleSyntax.sql, 012_dbo.DyFormRuleType.sql, 013_dbo.DyFormSection.sql, 014_dbo.DyFormViewModelDefinition.sql, 015_dbo.ISO6391_Languages.sql, 016_dbo.LayoutTypes.sql, 017_dbo.OwnerTypes.sql, 018_dbo.Portals.sql, 019_dbo.ProfileProviders.sql, 020_dbo.ProtosDataModelDefinition.sql, 021_dbo.ProtosTargetType.sql, 022_dbo.ProtosTemplate.sql, 023_dbo.ProtosTemplateStatus.sql, 024_dbo.ProviderProfileFieldType.sql, 025_dbo.ResolverTypes.sql, 026_dbo.Resolvers.sql, 027_dbo.StateProvinces.sql, 028_dbo.StyledTypes.sql, 029_dbo.SystemFileTypes.sql, 030_dbo.SystemLogs.sql, 031_dbo.SystemValueTypes.sql, 032_dbo.ThemeDefinitions.sql, 033_Payments.Intent.sql, 034_Payments.ProviderSecret.sql, 035_dbo.API_Owners.sql, 036_dbo.Address.sql, 037_dbo.AspNetUserClaims.sql, 038_dbo.AspNetUserLogins.sql, 039_dbo.AspNetUserRoles.sql, 040_dbo.AspNetUserTokens.sql, 041_dbo.BankAccounts.sql, 042_dbo.CustomerProfile_Providers.sql, 043_dbo.DyFormDomains.sql, 044_dbo.DyFormExpression.sql, 045_dbo.DyFormFieldRule.sql, 046_dbo.DyFormSectionResolvers.sql, 047_dbo.DyFormSections.sql, 048_dbo.DyFormViewModelLineage.sql, 049_dbo.Layouts.sql, 050_dbo.Modules.sql, 051_dbo.PageDefinition.sql, 052_dbo.PaymentMethods.sql, 053_dbo.PortalOwners.sql, 054_dbo.PortalProfileProviders.sql, 055_dbo.PortalRoles.sql, 056_dbo.ProtosTemplateVersion.sql, 057_dbo.ProviderProfileFields.sql, 058_dbo.SubscriptionPlans.sql, 059_Payments.TargetLink.sql, 060_Payments.Txn.sql, 061_dbo.API_KEYS.sql, 062_dbo.DefaultUserRoles.sql, 063_dbo.DyFormDomainValues.sql, 064_dbo.DyFormField.sql, 065_dbo.DyFormRuleDefinition.sql, 066_dbo.PortalPageModules.sql, 067_dbo.ProtosTemplateLineage.sql, 068_dbo.ProtosTemplateLink.sql, 069_dbo.ProtosTemplateTree.sql, 070_dbo.SettingKeys.sql, 071_dbo.SkyLynxConfig_PackagedModules.sql, 072_dbo.Transactions.sql, 073_dbo.UserProfiles.sql, 074_dbo.UserProviderProfiles.sql, 075_dbo.DyFormFieldSectionDefinition.sql, 076_dbo.DyFormRuleTarget.sql, 077_dbo.GlobalModuleSettings.sql, 078_dbo.GlobalPortalSettings.sql, 079_dbo.ModuleSettings.sql, 080_dbo.PortalSettings.sql, 081_dbo.ProtosViewModelDefinition.sql, 082_dbo.SkyLynxConfig_PackagedManifest.sql
[2026-07-24T19:40:07.405Z] Transaction started.
[2026-07-24T19:40:07.412Z] Executing 01_schemas.sql batch 1.
[2026-07-24T19:40:07.418Z] Executing 01_schemas.sql batch 2.
[2026-07-24T19:40:07.429Z] Executing 02_types.sql batch 1.
[2026-07-24T19:40:07.434Z] Executing 02_types.sql batch 2.
[2026-07-24T19:40:07.444Z] Executing 02_types.sql batch 3.
[2026-07-24T19:40:07.452Z] Executing 02_types.sql batch 4.
[2026-07-24T19:40:07.461Z] Executing 02_types.sql batch 5.
[2026-07-24T19:40:07.475Z] Executing 03_tables.sql batch 1.
[2026-07-24T19:40:07.481Z] Executing 03_tables.sql batch 2.
[2026-07-24T19:40:07.491Z] Executing 03_tables.sql batch 3.
[2026-07-24T19:40:07.501Z] Executing 03_tables.sql batch 4.
[2026-07-24T19:40:07.510Z] Executing 03_tables.sql batch 5.
[2026-07-24T19:40:07.517Z] Executing 03_tables.sql batch 6.
[2026-07-24T19:40:07.527Z] Executing 03_tables.sql batch 7.
[2026-07-24T19:40:07.534Z] Executing 03_tables.sql batch 8.
[2026-07-24T19:40:07.543Z] Executing 03_tables.sql batch 9.
[2026-07-24T19:40:07.552Z] Executing 03_tables.sql batch 10.
[2026-07-24T19:40:07.560Z] Executing 03_tables.sql batch 11.
[2026-07-24T19:40:07.571Z] Executing 03_tables.sql batch 12.
[2026-07-24T19:40:07.579Z] Executing 03_tables.sql batch 13.
[2026-07-24T19:40:07.585Z] Executing 03_tables.sql batch 14.
[2026-07-24T19:40:07.592Z] Executing 03_tables.sql batch 15.
[2026-07-24T19:40:07.598Z] Executing 03_tables.sql batch 16.
[2026-07-24T19:40:07.604Z] Executing 03_tables.sql batch 17.
[2026-07-24T19:40:07.610Z] Executing 03_tables.sql batch 18.
[2026-07-24T19:40:07.616Z] Executing 03_tables.sql batch 19.
[2026-07-24T19:40:07.622Z] Executing 03_tables.sql batch 20.
[2026-07-24T19:40:07.628Z] Executing 03_tables.sql batch 21.
[2026-07-24T19:40:07.634Z] Executing 03_tables.sql batch 22.
[2026-07-24T19:40:07.641Z] Executing 03_tables.sql batch 23.
[2026-07-24T19:40:07.646Z] Executing 03_tables.sql batch 24.
[2026-07-24T19:40:07.650Z] Executing 03_tables.sql batch 25.
[2026-07-24T19:40:07.655Z] Executing 03_tables.sql batch 26.
[2026-07-24T19:40:07.661Z] Executing 03_tables.sql batch 27.
[2026-07-24T19:40:07.669Z] Executing 03_tables.sql batch 28.
[2026-07-24T19:40:07.676Z] Executing 03_tables.sql batch 29.
[2026-07-24T19:40:07.682Z] Executing 03_tables.sql batch 30.
[2026-07-24T19:40:07.689Z] Executing 03_tables.sql batch 31.
[2026-07-24T19:40:07.695Z] Executing 03_tables.sql batch 32.
[2026-07-24T19:40:07.701Z] Executing 03_tables.sql batch 33.
[2026-07-24T19:40:07.707Z] Executing 03_tables.sql batch 34.
[2026-07-24T19:40:07.712Z] Executing 03_tables.sql batch 35.
[2026-07-24T19:40:07.719Z] Executing 03_tables.sql batch 36.
[2026-07-24T19:40:07.725Z] Executing 03_tables.sql batch 37.
[2026-07-24T19:40:07.730Z] Executing 03_tables.sql batch 38.
[2026-07-24T19:40:07.738Z] Executing 03_tables.sql batch 39.
[2026-07-24T19:40:07.745Z] Executing 03_tables.sql batch 40.
[2026-07-24T19:40:07.757Z] Executing 03_tables.sql batch 41.
[2026-07-24T19:40:07.764Z] Executing 03_tables.sql batch 42.
[2026-07-24T19:40:07.770Z] Executing 03_tables.sql batch 43.
[2026-07-24T19:40:07.777Z] Executing 03_tables.sql batch 44.
[2026-07-24T19:40:07.783Z] Executing 03_tables.sql batch 45.
[2026-07-24T19:40:07.789Z] Executing 03_tables.sql batch 46.
[2026-07-24T19:40:07.795Z] Executing 03_tables.sql batch 47.
[2026-07-24T19:40:07.802Z] Executing 03_tables.sql batch 48.
[2026-07-24T19:40:07.808Z] Executing 03_tables.sql batch 49.
[2026-07-24T19:40:07.815Z] Executing 03_tables.sql batch 50.
[2026-07-24T19:40:07.820Z] Executing 03_tables.sql batch 51.
[2026-07-24T19:40:07.826Z] Executing 03_tables.sql batch 52.
[2026-07-24T19:40:07.832Z] Executing 03_tables.sql batch 53.
[2026-07-24T19:40:07.839Z] Executing 03_tables.sql batch 54.
[2026-07-24T19:40:07.845Z] Executing 03_tables.sql batch 55.
[2026-07-24T19:40:07.850Z] Executing 03_tables.sql batch 56.
[2026-07-24T19:40:07.857Z] Executing 03_tables.sql batch 57.
[2026-07-24T19:40:07.863Z] Executing 03_tables.sql batch 58.
[2026-07-24T19:40:07.868Z] Executing 03_tables.sql batch 59.
[2026-07-24T19:40:07.874Z] Executing 03_tables.sql batch 60.
[2026-07-24T19:40:07.880Z] Executing 03_tables.sql batch 61.
[2026-07-24T19:40:07.886Z] Executing 03_tables.sql batch 62.
[2026-07-24T19:40:07.892Z] Executing 03_tables.sql batch 63.
[2026-07-24T19:40:07.897Z] Executing 03_tables.sql batch 64.
[2026-07-24T19:40:07.902Z] Executing 03_tables.sql batch 65.
[2026-07-24T19:40:07.909Z] Executing 03_tables.sql batch 66.
[2026-07-24T19:40:07.914Z] Executing 03_tables.sql batch 67.
[2026-07-24T19:40:07.921Z] Executing 03_tables.sql batch 68.
[2026-07-24T19:40:07.926Z] Executing 03_tables.sql batch 69.
[2026-07-24T19:40:07.932Z] Executing 03_tables.sql batch 70.
[2026-07-24T19:40:07.939Z] Executing 03_tables.sql batch 71.
[2026-07-24T19:40:07.945Z] Executing 03_tables.sql batch 72.
[2026-07-24T19:40:07.951Z] Executing 03_tables.sql batch 73.
[2026-07-24T19:40:07.957Z] Executing 03_tables.sql batch 74.
[2026-07-24T19:40:07.964Z] Executing 03_tables.sql batch 75.
[2026-07-24T19:40:07.971Z] Executing 03_tables.sql batch 76.
[2026-07-24T19:40:07.977Z] Executing 03_tables.sql batch 77.
[2026-07-24T19:40:07.983Z] Executing 03_tables.sql batch 78.
[2026-07-24T19:40:07.990Z] Executing 03_tables.sql batch 79.
[2026-07-24T19:40:07.998Z] Executing 03_tables.sql batch 80.
[2026-07-24T19:40:08.005Z] Executing 03_tables.sql batch 81.
[2026-07-24T19:40:08.011Z] Executing 03_tables.sql batch 82.
[2026-07-24T19:40:08.019Z] Executing 03_tables.sql batch 83.
[2026-07-24T19:40:08.029Z] Executing 04_constraints.sql batch 1.
[2026-07-24T19:40:08.034Z] Executing 04_constraints.sql batch 2.
[2026-07-24T19:40:08.048Z] Executing 04_constraints.sql batch 3.
[2026-07-24T19:40:08.061Z] Executing 04_constraints.sql batch 4.
[2026-07-24T19:40:08.073Z] Executing 04_constraints.sql batch 5.
[2026-07-24T19:40:08.084Z] Executing 04_constraints.sql batch 6.
[2026-07-24T19:40:08.101Z] Executing 04_constraints.sql batch 7.
[2026-07-24T19:40:08.115Z] Executing 04_constraints.sql batch 8.
[2026-07-24T19:40:08.127Z] Executing 04_constraints.sql batch 9.
[2026-07-24T19:40:08.138Z] Executing 04_constraints.sql batch 10.
[2026-07-24T19:40:08.149Z] Executing 04_constraints.sql batch 11.
[2026-07-24T19:40:08.160Z] Executing 04_constraints.sql batch 12.
[2026-07-24T19:40:08.171Z] Executing 04_constraints.sql batch 13.
[2026-07-24T19:40:08.193Z] Executing 04_constraints.sql batch 14.
[2026-07-24T19:40:08.209Z] Executing 04_constraints.sql batch 15.
[2026-07-24T19:40:08.224Z] Executing 04_constraints.sql batch 16.
[2026-07-24T19:40:08.243Z] Executing 04_constraints.sql batch 17.
[2026-07-24T19:40:08.267Z] Executing 04_constraints.sql batch 18.
[2026-07-24T19:40:08.288Z] Executing 04_constraints.sql batch 19.
[2026-07-24T19:40:08.308Z] Executing 04_constraints.sql batch 20.
[2026-07-24T19:40:08.322Z] Executing 04_constraints.sql batch 21.
[2026-07-24T19:40:08.334Z] Executing 04_constraints.sql batch 22.
[2026-07-24T19:40:08.350Z] Executing 04_constraints.sql batch 23.
[2026-07-24T19:40:08.363Z] Executing 04_constraints.sql batch 24.
[2026-07-24T19:40:08.377Z] Executing 04_constraints.sql batch 25.
[2026-07-24T19:40:08.389Z] Executing 04_constraints.sql batch 26.
[2026-07-24T19:40:08.401Z] Executing 04_constraints.sql batch 27.
[2026-07-24T19:40:08.413Z] Executing 04_constraints.sql batch 28.
[2026-07-24T19:40:08.425Z] Executing 04_constraints.sql batch 29.
[2026-07-24T19:40:08.439Z] Executing 04_constraints.sql batch 30.
[2026-07-24T19:40:08.450Z] Executing 04_constraints.sql batch 31.
[2026-07-24T19:40:08.462Z] Executing 04_constraints.sql batch 32.
[2026-07-24T19:40:08.474Z] Executing 04_constraints.sql batch 33.
[2026-07-24T19:40:08.486Z] Executing 04_constraints.sql batch 34.
[2026-07-24T19:40:08.498Z] Executing 04_constraints.sql batch 35.
[2026-07-24T19:40:08.513Z] Executing 04_constraints.sql batch 36.
[2026-07-24T19:40:08.525Z] Executing 04_constraints.sql batch 37.
[2026-07-24T19:40:08.538Z] Executing 04_constraints.sql batch 38.
[2026-07-24T19:40:08.552Z] Executing 04_constraints.sql batch 39.
[2026-07-24T19:40:08.564Z] Executing 04_constraints.sql batch 40.
[2026-07-24T19:40:08.575Z] Executing 04_constraints.sql batch 41.
[2026-07-24T19:40:08.586Z] Executing 04_constraints.sql batch 42.
[2026-07-24T19:40:08.597Z] Executing 04_constraints.sql batch 43.
[2026-07-24T19:40:08.609Z] Executing 04_constraints.sql batch 44.
[2026-07-24T19:40:08.620Z] Executing 04_constraints.sql batch 45.
[2026-07-24T19:40:08.631Z] Executing 04_constraints.sql batch 46.
[2026-07-24T19:40:08.642Z] Executing 04_constraints.sql batch 47.
[2026-07-24T19:40:08.653Z] Executing 04_constraints.sql batch 48.
[2026-07-24T19:40:08.664Z] Executing 04_constraints.sql batch 49.
[2026-07-24T19:40:08.675Z] Executing 04_constraints.sql batch 50.
[2026-07-24T19:40:08.686Z] Executing 04_constraints.sql batch 51.
[2026-07-24T19:40:08.697Z] Executing 04_constraints.sql batch 52.
[2026-07-24T19:40:08.708Z] Executing 04_constraints.sql batch 53.
[2026-07-24T19:40:08.720Z] Executing 04_constraints.sql batch 54.
[2026-07-24T19:40:08.732Z] Executing 04_constraints.sql batch 55.
[2026-07-24T19:40:08.743Z] Executing 04_constraints.sql batch 56.
[2026-07-24T19:40:08.755Z] Executing 04_constraints.sql batch 57.
[2026-07-24T19:40:08.767Z] Executing 04_constraints.sql batch 58.
[2026-07-24T19:40:08.778Z] Executing 04_constraints.sql batch 59.
[2026-07-24T19:40:08.790Z] Executing 04_constraints.sql batch 60.
[2026-07-24T19:40:08.801Z] Executing 04_constraints.sql batch 61.
[2026-07-24T19:40:08.813Z] Executing 04_constraints.sql batch 62.
[2026-07-24T19:40:08.824Z] Executing 04_constraints.sql batch 63.
[2026-07-24T19:40:08.835Z] Executing 04_constraints.sql batch 64.
[2026-07-24T19:40:08.846Z] Executing 04_constraints.sql batch 65.
[2026-07-24T19:40:08.857Z] Executing 04_constraints.sql batch 66.
[2026-07-24T19:40:08.868Z] Executing 04_constraints.sql batch 67.
[2026-07-24T19:40:08.879Z] Executing 04_constraints.sql batch 68.
[2026-07-24T19:40:08.892Z] Executing 04_constraints.sql batch 69.
[2026-07-24T19:40:08.903Z] Executing 04_constraints.sql batch 70.
[2026-07-24T19:40:08.914Z] Executing 04_constraints.sql batch 71.
[2026-07-24T19:40:08.927Z] Executing 04_constraints.sql batch 72.
[2026-07-24T19:40:08.938Z] Executing 04_constraints.sql batch 73.
[2026-07-24T19:40:08.950Z] Executing 04_constraints.sql batch 74.
[2026-07-24T19:40:08.963Z] Executing 04_constraints.sql batch 75.
[2026-07-24T19:40:08.975Z] Executing 04_constraints.sql batch 76.
[2026-07-24T19:40:08.987Z] Executing 04_constraints.sql batch 77.
[2026-07-24T19:40:08.999Z] Executing 04_constraints.sql batch 78.
[2026-07-24T19:40:09.010Z] Executing 04_constraints.sql batch 79.
[2026-07-24T19:40:09.021Z] Executing 04_constraints.sql batch 80.
[2026-07-24T19:40:09.032Z] Executing 04_constraints.sql batch 81.
[2026-07-24T19:40:09.044Z] Executing 04_constraints.sql batch 82.
[2026-07-24T19:40:09.055Z] Executing 04_constraints.sql batch 83.
[2026-07-24T19:40:09.066Z] Executing 04_constraints.sql batch 84.
[2026-07-24T19:40:09.078Z] Executing 04_constraints.sql batch 85.
[2026-07-24T19:40:09.089Z] Executing 04_constraints.sql batch 86.
[2026-07-24T19:40:09.100Z] Executing 04_constraints.sql batch 87.
[2026-07-24T19:40:09.112Z] Executing 04_constraints.sql batch 88.
[2026-07-24T19:40:09.127Z] Executing 04_constraints.sql batch 89.
[2026-07-24T19:40:09.143Z] Executing 04_constraints.sql batch 90.
[2026-07-24T19:40:09.157Z] Executing 04_constraints.sql batch 91.
[2026-07-24T19:40:09.168Z] Executing 04_constraints.sql batch 92.
[2026-07-24T19:40:09.182Z] Executing 04_constraints.sql batch 93.
[2026-07-24T19:40:09.195Z] Executing 04_constraints.sql batch 94.
[2026-07-24T19:40:09.208Z] Executing 04_constraints.sql batch 95.
[2026-07-24T19:40:09.222Z] Executing 04_constraints.sql batch 96.
[2026-07-24T19:40:09.235Z] Executing 04_constraints.sql batch 97.
[2026-07-24T19:40:09.249Z] Executing 04_constraints.sql batch 98.
[2026-07-24T19:40:09.262Z] Executing 04_constraints.sql batch 99.
[2026-07-24T19:40:09.276Z] Executing 04_constraints.sql batch 100.
[2026-07-24T19:40:09.289Z] Executing 04_constraints.sql batch 101.
[2026-07-24T19:40:09.303Z] Executing 04_constraints.sql batch 102.
[2026-07-24T19:40:09.316Z] Executing 04_constraints.sql batch 103.
[2026-07-24T19:40:09.329Z] Executing 04_constraints.sql batch 104.
[2026-07-24T19:40:09.341Z] Executing 04_constraints.sql batch 105.
[2026-07-24T19:40:09.352Z] Executing 04_constraints.sql batch 106.
[2026-07-24T19:40:09.364Z] Executing 04_constraints.sql batch 107.
[2026-07-24T19:40:09.376Z] Executing 04_constraints.sql batch 108.
[2026-07-24T19:40:09.385Z] Executing 04_constraints.sql batch 109.
[2026-07-24T19:40:09.394Z] Executing 04_constraints.sql batch 110.
[2026-07-24T19:40:09.403Z] Executing 04_constraints.sql batch 111.
[2026-07-24T19:40:09.412Z] Executing 04_constraints.sql batch 112.
[2026-07-24T19:40:09.421Z] Executing 04_constraints.sql batch 113.
[2026-07-24T19:40:09.430Z] Executing 04_constraints.sql batch 114.
[2026-07-24T19:40:09.439Z] Executing 04_constraints.sql batch 115.
[2026-07-24T19:40:09.447Z] Executing 04_constraints.sql batch 116.
[2026-07-24T19:40:09.456Z] Executing 04_constraints.sql batch 117.
[2026-07-24T19:40:09.468Z] Executing 05_relationships.sql batch 1.
[2026-07-24T19:40:09.472Z] Executing 05_relationships.sql batch 2.
[2026-07-24T19:40:09.481Z] Executing 05_relationships.sql batch 3.
[2026-07-24T19:40:09.492Z] Executing 05_relationships.sql batch 4.
[2026-07-24T19:40:09.501Z] Executing 05_relationships.sql batch 5.
[2026-07-24T19:40:09.511Z] Executing 05_relationships.sql batch 6.
[2026-07-24T19:40:09.521Z] Executing 05_relationships.sql batch 7.
[2026-07-24T19:40:09.531Z] Executing 05_relationships.sql batch 8.
[2026-07-24T19:40:09.541Z] Executing 05_relationships.sql batch 9.
[2026-07-24T19:40:09.552Z] Executing 05_relationships.sql batch 10.
[2026-07-24T19:40:09.563Z] Executing 05_relationships.sql batch 11.
[2026-07-24T19:40:09.574Z] Executing 05_relationships.sql batch 12.
[2026-07-24T19:40:09.583Z] Executing 05_relationships.sql batch 13.
[2026-07-24T19:40:09.593Z] Executing 05_relationships.sql batch 14.
[2026-07-24T19:40:09.602Z] Executing 05_relationships.sql batch 15.
[2026-07-24T19:40:09.611Z] Executing 05_relationships.sql batch 16.
[2026-07-24T19:40:09.621Z] Executing 05_relationships.sql batch 17.
[2026-07-24T19:40:09.630Z] Executing 05_relationships.sql batch 18.
[2026-07-24T19:40:09.640Z] Executing 05_relationships.sql batch 19.
[2026-07-24T19:40:09.649Z] Executing 05_relationships.sql batch 20.
[2026-07-24T19:40:09.659Z] Executing 05_relationships.sql batch 21.
[2026-07-24T19:40:09.669Z] Executing 05_relationships.sql batch 22.
[2026-07-24T19:40:09.679Z] Executing 05_relationships.sql batch 23.
[2026-07-24T19:40:09.690Z] Executing 05_relationships.sql batch 24.
[2026-07-24T19:40:09.699Z] Executing 05_relationships.sql batch 25.
[2026-07-24T19:40:09.709Z] Executing 05_relationships.sql batch 26.
[2026-07-24T19:40:09.719Z] Executing 05_relationships.sql batch 27.
[2026-07-24T19:40:09.729Z] Executing 05_relationships.sql batch 28.
[2026-07-24T19:40:09.739Z] Executing 05_relationships.sql batch 29.
[2026-07-24T19:40:09.749Z] Executing 05_relationships.sql batch 30.
[2026-07-24T19:40:09.761Z] Executing 05_relationships.sql batch 31.
[2026-07-24T19:40:09.773Z] Executing 05_relationships.sql batch 32.
[2026-07-24T19:40:09.783Z] Executing 05_relationships.sql batch 33.
[2026-07-24T19:40:09.795Z] Executing 05_relationships.sql batch 34.
[2026-07-24T19:40:09.807Z] Executing 05_relationships.sql batch 35.
[2026-07-24T19:40:09.817Z] Executing 05_relationships.sql batch 36.
[2026-07-24T19:40:09.829Z] Executing 05_relationships.sql batch 37.
[2026-07-24T19:40:09.841Z] Executing 05_relationships.sql batch 38.
[2026-07-24T19:40:09.851Z] Executing 05_relationships.sql batch 39.
[2026-07-24T19:40:09.862Z] Executing 05_relationships.sql batch 40.
[2026-07-24T19:40:09.874Z] Executing 05_relationships.sql batch 41.
[2026-07-24T19:40:09.886Z] Executing 05_relationships.sql batch 42.
[2026-07-24T19:40:09.897Z] Executing 05_relationships.sql batch 43.
[2026-07-24T19:40:09.908Z] Executing 05_relationships.sql batch 44.
[2026-07-24T19:40:09.921Z] Executing 05_relationships.sql batch 45.
[2026-07-24T19:40:09.932Z] Executing 05_relationships.sql batch 46.
[2026-07-24T19:40:09.943Z] Executing 05_relationships.sql batch 47.
[2026-07-24T19:40:09.955Z] Executing 05_relationships.sql batch 48.
[2026-07-24T19:40:09.965Z] Executing 05_relationships.sql batch 49.
[2026-07-24T19:40:09.976Z] Executing 05_relationships.sql batch 50.
[2026-07-24T19:40:09.988Z] Executing 05_relationships.sql batch 51.
[2026-07-24T19:40:10.000Z] Executing 05_relationships.sql batch 52.
[2026-07-24T19:40:10.011Z] Executing 05_relationships.sql batch 53.
[2026-07-24T19:40:10.022Z] Executing 05_relationships.sql batch 54.
[2026-07-24T19:40:10.032Z] Executing 05_relationships.sql batch 55.
[2026-07-24T19:40:10.043Z] Executing 05_relationships.sql batch 56.
[2026-07-24T19:40:10.053Z] Executing 05_relationships.sql batch 57.
[2026-07-24T19:40:10.063Z] Executing 05_relationships.sql batch 58.
[2026-07-24T19:40:10.077Z] Executing 05_relationships.sql batch 59.
[2026-07-24T19:40:10.086Z] Executing 05_relationships.sql batch 60.
[2026-07-24T19:40:10.095Z] Executing 05_relationships.sql batch 61.
[2026-07-24T19:40:10.105Z] Executing 05_relationships.sql batch 62.
[2026-07-24T19:40:10.114Z] Executing 05_relationships.sql batch 63.
[2026-07-24T19:40:10.124Z] Executing 05_relationships.sql batch 64.
[2026-07-24T19:40:10.133Z] Executing 05_relationships.sql batch 65.
[2026-07-24T19:40:10.143Z] Executing 05_relationships.sql batch 66.
[2026-07-24T19:40:10.153Z] Executing 05_relationships.sql batch 67.
[2026-07-24T19:40:10.162Z] Executing 05_relationships.sql batch 68.
[2026-07-24T19:40:10.172Z] Executing 05_relationships.sql batch 69.
[2026-07-24T19:40:10.180Z] Executing 05_relationships.sql batch 70.
[2026-07-24T19:40:10.190Z] Executing 05_relationships.sql batch 71.
[2026-07-24T19:40:10.199Z] Executing 05_relationships.sql batch 72.
[2026-07-24T19:40:10.209Z] Executing 05_relationships.sql batch 73.
[2026-07-24T19:40:10.219Z] Executing 05_relationships.sql batch 74.
[2026-07-24T19:40:10.228Z] Executing 05_relationships.sql batch 75.
[2026-07-24T19:40:10.239Z] Executing 05_relationships.sql batch 76.
[2026-07-24T19:40:10.247Z] Executing 05_relationships.sql batch 77.
[2026-07-24T19:40:10.257Z] Executing 05_relationships.sql batch 78.
[2026-07-24T19:40:10.266Z] Executing 05_relationships.sql batch 79.
[2026-07-24T19:40:10.275Z] Executing 05_relationships.sql batch 80.
[2026-07-24T19:40:10.285Z] Executing 05_relationships.sql batch 81.
[2026-07-24T19:40:10.295Z] Executing 05_relationships.sql batch 82.
[2026-07-24T19:40:10.305Z] Executing 05_relationships.sql batch 83.
[2026-07-24T19:40:10.314Z] Executing 05_relationships.sql batch 84.
[2026-07-24T19:40:10.325Z] Executing 05_relationships.sql batch 85.
[2026-07-24T19:40:10.335Z] Executing 05_relationships.sql batch 86.
[2026-07-24T19:40:10.345Z] Executing 05_relationships.sql batch 87.
[2026-07-24T19:40:10.356Z] Executing 05_relationships.sql batch 88.
[2026-07-24T19:40:10.367Z] Executing 05_relationships.sql batch 89.
[2026-07-24T19:40:10.379Z] Executing 05_relationships.sql batch 90.
[2026-07-24T19:40:10.392Z] Executing 05_relationships.sql batch 91.
[2026-07-24T19:40:10.405Z] Executing 05_relationships.sql batch 92.
[2026-07-24T19:40:10.419Z] Executing 05_relationships.sql batch 93.
[2026-07-24T19:40:10.434Z] Executing 05_relationships.sql batch 94.
[2026-07-24T19:40:10.450Z] Executing 05_relationships.sql batch 95.
[2026-07-24T19:40:10.469Z] Executing 06_indexes.sql batch 1.
[2026-07-24T19:40:10.475Z] Executing 06_indexes.sql batch 2.
[2026-07-24T19:40:10.499Z] Executing 06_indexes.sql batch 3.
[2026-07-24T19:40:10.511Z] Executing 06_indexes.sql batch 4.
[2026-07-24T19:40:10.523Z] Executing 06_indexes.sql batch 5.
[2026-07-24T19:40:10.534Z] Executing 06_indexes.sql batch 6.
[2026-07-24T19:40:10.545Z] Executing 06_indexes.sql batch 7.
[2026-07-24T19:40:10.555Z] Executing 06_indexes.sql batch 8.
[2026-07-24T19:40:10.565Z] Executing 06_indexes.sql batch 9.
[2026-07-24T19:40:10.577Z] Executing 06_indexes.sql batch 10.
[2026-07-24T19:40:10.588Z] Executing 06_indexes.sql batch 11.
[2026-07-24T19:40:10.597Z] Executing 06_indexes.sql batch 12.
[2026-07-24T19:40:10.611Z] Executing 07_functions.sql batch 1.
[2026-07-24T19:40:10.616Z] Executing 07_functions.sql batch 2.
[2026-07-24T19:40:10.622Z] Executing 07_functions.sql batch 3.
[2026-07-24T19:40:10.627Z] Executing 07_functions.sql batch 4.
[2026-07-24T19:40:10.632Z] Executing 07_functions.sql batch 5.
[2026-07-24T19:40:10.638Z] Executing 07_functions.sql batch 6.
[2026-07-24T19:40:10.644Z] Executing 07_functions.sql batch 7.
[2026-07-24T19:40:10.649Z] Executing 07_functions.sql batch 8.
[2026-07-24T19:40:10.655Z] Executing 07_functions.sql batch 9.
[2026-07-24T19:40:10.660Z] Executing 07_functions.sql batch 10.
[2026-07-24T19:40:10.665Z] Executing 07_functions.sql batch 11.
[2026-07-24T19:40:10.675Z] Executing 08_views.sql batch 1.
[2026-07-24T19:40:10.680Z] Executing 08_views.sql batch 2.
[2026-07-24T19:40:10.686Z] Executing 08_views.sql batch 3.
[2026-07-24T19:40:10.691Z] Executing 08_views.sql batch 4.
[2026-07-24T19:40:10.697Z] Skipping 08_views.sql batch 5: legacy view vw_DyForm_ActiveDomainsUsed does not match current DyForm schema.
[2026-07-24T19:40:10.699Z] Skipping 08_views.sql batch 6: legacy view vw_DyForm_CompleteFieldMap does not match current DyForm schema.
[2026-07-24T19:40:10.701Z] Executing 08_views.sql batch 7.
[2026-07-24T19:40:10.707Z] Skipping 08_views.sql batch 8: legacy view vw_DyForm_FieldExpressions does not match current DyForm schema.
[2026-07-24T19:40:10.709Z] Skipping 08_views.sql batch 9: legacy view vw_DyForm_FieldRules does not match current DyForm schema.
[2026-07-24T19:40:10.711Z] Executing 08_views.sql batch 10.
[2026-07-24T19:40:10.718Z] Executing 08_views.sql batch 11.
[2026-07-24T19:40:10.724Z] Skipping 08_views.sql batch 12: legacy view vw_DyForm_UnusedTypesOrDomains does not match current DyForm schema.
[2026-07-24T19:40:10.726Z] Executing 08_views.sql batch 13.
[2026-07-24T19:40:10.735Z] Executing 08_views.sql batch 14.
[2026-07-24T19:40:10.749Z] Executing 08_views.sql batch 15.
[2026-07-24T19:40:10.765Z] Executing 08_views.sql batch 16.
[2026-07-24T19:40:10.780Z] Executing 08_views.sql batch 17.
[2026-07-24T19:40:10.795Z] Skipping 08_views.sql batch 18: legacy view vw_PortalModules does not match current DyForm schema.
[2026-07-24T19:40:10.806Z] Executing 08_views.sql batch 19.
[2026-07-24T19:40:10.818Z] Executing 08_views.sql batch 20.
[2026-07-24T19:40:10.828Z] Executing 08_views.sql batch 21.
[2026-07-24T19:40:10.847Z] Executing 08_views.sql batch 22.
[2026-07-24T19:40:10.857Z] Executing 08_views.sql batch 23.
[2026-07-24T19:40:10.866Z] Executing 08_views.sql batch 24.
[2026-07-24T19:40:10.882Z] Executing 08_views.sql batch 25.
[2026-07-24T19:40:10.889Z] Executing 08_views.sql batch 26.
[2026-07-24T19:40:10.896Z] Executing 08_views.sql batch 27.
[2026-07-24T19:40:10.903Z] Executing 08_views.sql batch 28.
[2026-07-24T19:40:10.911Z] Executing 08_views.sql batch 29.
[2026-07-24T19:40:10.919Z] Executing 08_views.sql batch 30.
[2026-07-24T19:40:10.926Z] Executing 08_views.sql batch 31.
[2026-07-24T19:40:10.934Z] Executing 08_views.sql batch 32.
[2026-07-24T19:40:10.941Z] Executing 08_views.sql batch 33.
[2026-07-24T19:40:10.948Z] Executing 08_views.sql batch 34.
[2026-07-24T19:40:10.955Z] Executing 08_views.sql batch 35.
[2026-07-24T19:40:10.974Z] Executing 09_stored_procedures.sql batch 1.
[2026-07-24T19:40:10.979Z] Skipping 09_stored_procedures.sql batch 2: legacy procedure AssignModuleToPortal references removed schema objects.
[2026-07-24T19:40:10.981Z] Executing 09_stored_procedures.sql batch 3.
[2026-07-24T19:40:10.989Z] Executing 09_stored_procedures.sql batch 4.
[2026-07-24T19:40:10.994Z] Executing 09_stored_procedures.sql batch 5.
[2026-07-24T19:40:11.000Z] Executing 09_stored_procedures.sql batch 6.
[2026-07-24T19:40:11.007Z] Executing 09_stored_procedures.sql batch 7.
[2026-07-24T19:40:11.014Z] Executing 09_stored_procedures.sql batch 8.
[2026-07-24T19:40:11.025Z] Executing 09_stored_procedures.sql batch 9.
[2026-07-24T19:40:11.032Z] Executing 09_stored_procedures.sql batch 10.
[2026-07-24T19:40:11.040Z] Executing 09_stored_procedures.sql batch 11.
[2026-07-24T19:40:11.046Z] Executing 09_stored_procedures.sql batch 12.
[2026-07-24T19:40:11.053Z] Executing 09_stored_procedures.sql batch 13.
[2026-07-24T19:40:11.058Z] Executing 09_stored_procedures.sql batch 14.
[2026-07-24T19:40:11.063Z] Executing 09_stored_procedures.sql batch 15.
[2026-07-24T19:40:11.068Z] Executing 09_stored_procedures.sql batch 16.
[2026-07-24T19:40:11.072Z] Executing 09_stored_procedures.sql batch 17.
[2026-07-24T19:40:11.077Z] Executing 09_stored_procedures.sql batch 18.
[2026-07-24T19:40:11.083Z] Executing 09_stored_procedures.sql batch 19.
[2026-07-24T19:40:11.088Z] Executing 09_stored_procedures.sql batch 20.
[2026-07-24T19:40:11.093Z] Executing 09_stored_procedures.sql batch 21.
[2026-07-24T19:40:11.099Z] Executing 09_stored_procedures.sql batch 22.
[2026-07-24T19:40:11.107Z] Executing 09_stored_procedures.sql batch 23.
[2026-07-24T19:40:11.114Z] Executing 09_stored_procedures.sql batch 24.
[2026-07-24T19:40:11.121Z] Executing 09_stored_procedures.sql batch 25.
[2026-07-24T19:40:11.128Z] Executing 09_stored_procedures.sql batch 26.
[2026-07-24T19:40:11.136Z] Executing 09_stored_procedures.sql batch 27.
[2026-07-24T19:40:11.144Z] Executing 09_stored_procedures.sql batch 28.
[2026-07-24T19:40:11.152Z] Executing 09_stored_procedures.sql batch 29.
[2026-07-24T19:40:11.159Z] Executing 09_stored_procedures.sql batch 30.
[2026-07-24T19:40:11.167Z] Executing 09_stored_procedures.sql batch 31.
[2026-07-24T19:40:11.174Z] Executing 09_stored_procedures.sql batch 32.
[2026-07-24T19:40:11.181Z] Executing 09_stored_procedures.sql batch 33.
[2026-07-24T19:40:11.188Z] Executing 09_stored_procedures.sql batch 34.
[2026-07-24T19:40:11.194Z] Executing 09_stored_procedures.sql batch 35.
[2026-07-24T19:40:11.201Z] Executing 09_stored_procedures.sql batch 36.
[2026-07-24T19:40:11.208Z] Executing 09_stored_procedures.sql batch 37.
[2026-07-24T19:40:11.215Z] Executing 09_stored_procedures.sql batch 38.
[2026-07-24T19:40:11.222Z] Executing 09_stored_procedures.sql batch 39.
[2026-07-24T19:40:11.228Z] Executing 09_stored_procedures.sql batch 40.
[2026-07-24T19:40:11.236Z] Executing 09_stored_procedures.sql batch 41.
[2026-07-24T19:40:11.243Z] Executing 09_stored_procedures.sql batch 42.
[2026-07-24T19:40:11.250Z] Executing 09_stored_procedures.sql batch 43.
[2026-07-24T19:40:11.255Z] Executing 09_stored_procedures.sql batch 44.
[2026-07-24T19:40:11.261Z] Executing 09_stored_procedures.sql batch 45.
[2026-07-24T19:40:11.268Z] Executing 09_stored_procedures.sql batch 46.
[2026-07-24T19:40:11.275Z] Executing 09_stored_procedures.sql batch 47.
[2026-07-24T19:40:11.282Z] Executing 09_stored_procedures.sql batch 48.
[2026-07-24T19:40:11.288Z] Executing 09_stored_procedures.sql batch 49.
[2026-07-24T19:40:11.293Z] Executing 09_stored_procedures.sql batch 50.
[2026-07-24T19:40:11.300Z] Executing 09_stored_procedures.sql batch 51.
[2026-07-24T19:40:11.306Z] Executing 09_stored_procedures.sql batch 52.
[2026-07-24T19:40:11.315Z] Executing 09_stored_procedures.sql batch 53.
[2026-07-24T19:40:11.322Z] Executing 09_stored_procedures.sql batch 54.
[2026-07-24T19:40:11.328Z] Executing 09_stored_procedures.sql batch 55.
[2026-07-24T19:40:11.336Z] Executing 09_stored_procedures.sql batch 56.
[2026-07-24T19:40:11.342Z] Executing 09_stored_procedures.sql batch 57.
[2026-07-24T19:40:11.348Z] Executing 09_stored_procedures.sql batch 58.
[2026-07-24T19:40:11.356Z] Executing 09_stored_procedures.sql batch 59.
[2026-07-24T19:40:11.364Z] Executing 09_stored_procedures.sql batch 60.
[2026-07-24T19:40:11.375Z] Executing 09_stored_procedures.sql batch 61.
[2026-07-24T19:40:11.383Z] Executing 09_stored_procedures.sql batch 62.
[2026-07-24T19:40:11.390Z] Executing 09_stored_procedures.sql batch 63.
[2026-07-24T19:40:11.398Z] Executing 09_stored_procedures.sql batch 64.
[2026-07-24T19:40:11.406Z] Executing 09_stored_procedures.sql batch 65.
[2026-07-24T19:40:11.413Z] Executing 09_stored_procedures.sql batch 66.
[2026-07-24T19:40:11.424Z] Executing 09_stored_procedures.sql batch 67.
[2026-07-24T19:40:11.431Z] Executing 09_stored_procedures.sql batch 68.
[2026-07-24T19:40:11.437Z] Executing 09_stored_procedures.sql batch 69.
[2026-07-24T19:40:11.444Z] Executing 09_stored_procedures.sql batch 70.
[2026-07-24T19:40:11.452Z] Executing 09_stored_procedures.sql batch 71.
[2026-07-24T19:40:11.458Z] Executing 09_stored_procedures.sql batch 72.
[2026-07-24T19:40:11.464Z] Executing 09_stored_procedures.sql batch 73.
[2026-07-24T19:40:11.470Z] Executing 09_stored_procedures.sql batch 74.
[2026-07-24T19:40:11.476Z] Executing 09_stored_procedures.sql batch 75.
[2026-07-24T19:40:11.482Z] Executing 09_stored_procedures.sql batch 76.
[2026-07-24T19:40:11.487Z] Executing 09_stored_procedures.sql batch 77.
[2026-07-24T19:40:11.492Z] Executing 09_stored_procedures.sql batch 78.
[2026-07-24T19:40:11.498Z] Executing 09_stored_procedures.sql batch 79.
[2026-07-24T19:40:11.503Z] Executing 09_stored_procedures.sql batch 80.
[2026-07-24T19:40:11.509Z] Executing 09_stored_procedures.sql batch 81.
[2026-07-24T19:40:11.514Z] Executing 09_stored_procedures.sql batch 82.
[2026-07-24T19:40:11.520Z] Executing 09_stored_procedures.sql batch 83.
[2026-07-24T19:40:11.525Z] Executing 09_stored_procedures.sql batch 84.
[2026-07-24T19:40:11.530Z] Executing 09_stored_procedures.sql batch 85.
[2026-07-24T19:40:11.536Z] Executing 09_stored_procedures.sql batch 86.
[2026-07-24T19:40:11.543Z] Executing 09_stored_procedures.sql batch 87.
[2026-07-24T19:40:11.548Z] Executing 09_stored_procedures.sql batch 88.
[2026-07-24T19:40:11.553Z] Executing 09_stored_procedures.sql batch 89.
[2026-07-24T19:40:11.560Z] Executing 09_stored_procedures.sql batch 90.
[2026-07-24T19:40:11.565Z] Executing 09_stored_procedures.sql batch 91.
[2026-07-24T19:40:11.571Z] Executing 09_stored_procedures.sql batch 92.
[2026-07-24T19:40:11.577Z] Executing 09_stored_procedures.sql batch 93.
[2026-07-24T19:40:11.582Z] Executing 09_stored_procedures.sql batch 94.
[2026-07-24T19:40:11.588Z] Executing 09_stored_procedures.sql batch 95.
[2026-07-24T19:40:11.593Z] Executing 09_stored_procedures.sql batch 96.
[2026-07-24T19:40:11.599Z] Executing 09_stored_procedures.sql batch 97.
[2026-07-24T19:40:11.605Z] Executing 09_stored_procedures.sql batch 98.
[2026-07-24T19:40:11.610Z] Executing 09_stored_procedures.sql batch 99.
[2026-07-24T19:40:11.616Z] Executing 09_stored_procedures.sql batch 100.
[2026-07-24T19:40:11.623Z] Executing 09_stored_procedures.sql batch 101.
[2026-07-24T19:40:11.628Z] Executing 09_stored_procedures.sql batch 102.
[2026-07-24T19:40:11.633Z] Executing 09_stored_procedures.sql batch 103.
[2026-07-24T19:40:11.639Z] Executing 09_stored_procedures.sql batch 104.
[2026-07-24T19:40:11.644Z] Executing 09_stored_procedures.sql batch 105.
[2026-07-24T19:40:11.651Z] Executing 09_stored_procedures.sql batch 106.
[2026-07-24T19:40:11.656Z] Executing 09_stored_procedures.sql batch 107.
[2026-07-24T19:40:11.662Z] Executing 09_stored_procedures.sql batch 108.
[2026-07-24T19:40:11.668Z] Executing 09_stored_procedures.sql batch 109.
[2026-07-24T19:40:11.674Z] Executing 09_stored_procedures.sql batch 110.
[2026-07-24T19:40:11.679Z] Executing 09_stored_procedures.sql batch 111.
[2026-07-24T19:40:11.685Z] Executing 09_stored_procedures.sql batch 112.
[2026-07-24T19:40:11.691Z] Executing 09_stored_procedures.sql batch 113.
[2026-07-24T19:40:11.697Z] Executing 09_stored_procedures.sql batch 114.
[2026-07-24T19:40:11.704Z] Executing 09_stored_procedures.sql batch 115.
[2026-07-24T19:40:11.709Z] Executing 09_stored_procedures.sql batch 116.
[2026-07-24T19:40:11.715Z] Executing 09_stored_procedures.sql batch 117.
[2026-07-24T19:40:11.722Z] Executing 09_stored_procedures.sql batch 118.
[2026-07-24T19:40:11.729Z] Executing 09_stored_procedures.sql batch 119.
[2026-07-24T19:40:11.735Z] Executing 09_stored_procedures.sql batch 120.
[2026-07-24T19:40:11.741Z] Executing 09_stored_procedures.sql batch 121.
[2026-07-24T19:40:11.746Z] Executing 09_stored_procedures.sql batch 122.
[2026-07-24T19:40:11.754Z] Executing 09_stored_procedures.sql batch 123.
[2026-07-24T19:40:11.761Z] Executing 09_stored_procedures.sql batch 124.
[2026-07-24T19:40:11.769Z] Executing 09_stored_procedures.sql batch 125.
[2026-07-24T19:40:11.776Z] Executing 09_stored_procedures.sql batch 126.
[2026-07-24T19:40:11.783Z] Executing 09_stored_procedures.sql batch 127.
[2026-07-24T19:40:11.789Z] Executing 09_stored_procedures.sql batch 128.
[2026-07-24T19:40:11.795Z] Executing 09_stored_procedures.sql batch 129.
[2026-07-24T19:40:11.800Z] Executing 09_stored_procedures.sql batch 130.
[2026-07-24T19:40:11.806Z] Executing 09_stored_procedures.sql batch 131.
[2026-07-24T19:40:11.811Z] Executing 09_stored_procedures.sql batch 132.
[2026-07-24T19:40:11.818Z] Executing 09_stored_procedures.sql batch 133.
[2026-07-24T19:40:11.823Z] Executing 09_stored_procedures.sql batch 134.
[2026-07-24T19:40:11.828Z] Executing 09_stored_procedures.sql batch 135.
[2026-07-24T19:40:11.836Z] Skipping 09_stored_procedures.sql batch 136: legacy procedure GenerateApiKey references removed schema objects.
[2026-07-24T19:40:11.839Z] Executing 09_stored_procedures.sql batch 137.
[2026-07-24T19:40:11.845Z] Executing 09_stored_procedures.sql batch 138.
[2026-07-24T19:40:11.852Z] Executing 09_stored_procedures.sql batch 139.
[2026-07-24T19:40:11.857Z] Skipping 09_stored_procedures.sql batch 140: legacy procedure GetAllDyFormDFormDomainss references removed schema objects.
[2026-07-24T19:40:11.859Z] Skipping 09_stored_procedures.sql batch 141: legacy procedure GetAllDyFormDFormDomainValuess references removed schema objects.
[2026-07-24T19:40:11.860Z] Skipping 09_stored_procedures.sql batch 142: legacy procedure GetAllDyFormDFormFieldRules references removed schema objects.
[2026-07-24T19:40:11.863Z] Skipping 09_stored_procedures.sql batch 143: legacy procedure GetAllDyFormDFormFields references removed schema objects.
[2026-07-24T19:40:11.865Z] Skipping 09_stored_procedures.sql batch 144: legacy procedure GetAllDyFormDForms references removed schema objects.
[2026-07-24T19:40:11.867Z] Skipping 09_stored_procedures.sql batch 145: legacy procedure GetAllDyFormDFormSections references removed schema objects.
[2026-07-24T19:40:11.869Z] Executing 09_stored_procedures.sql batch 146.
[2026-07-24T19:40:11.874Z] Executing 09_stored_procedures.sql batch 147.
[2026-07-24T19:40:11.881Z] Executing 09_stored_procedures.sql batch 148.
[2026-07-24T19:40:11.887Z] Executing 09_stored_procedures.sql batch 149.
[2026-07-24T19:40:11.893Z] Executing 09_stored_procedures.sql batch 150.
[2026-07-24T19:40:11.898Z] Executing 09_stored_procedures.sql batch 151.
[2026-07-24T19:40:11.904Z] Executing 09_stored_procedures.sql batch 152.
[2026-07-24T19:40:11.909Z] Executing 09_stored_procedures.sql batch 153.
[2026-07-24T19:40:11.914Z] Executing 09_stored_procedures.sql batch 154.
[2026-07-24T19:40:11.921Z] Executing 09_stored_procedures.sql batch 155.
[2026-07-24T19:40:11.929Z] Executing 09_stored_procedures.sql batch 156.
[2026-07-24T19:40:11.937Z] Executing 09_stored_procedures.sql batch 157.
[2026-07-24T19:40:11.943Z] Executing 09_stored_procedures.sql batch 158.
[2026-07-24T19:40:11.948Z] Executing 09_stored_procedures.sql batch 159.
[2026-07-24T19:40:11.955Z] Executing 09_stored_procedures.sql batch 160.
[2026-07-24T19:40:11.960Z] Executing 09_stored_procedures.sql batch 161.
[2026-07-24T19:40:11.967Z] Executing 09_stored_procedures.sql batch 162.
[2026-07-24T19:40:11.973Z] Executing 09_stored_procedures.sql batch 163.
[2026-07-24T19:40:11.979Z] Executing 09_stored_procedures.sql batch 164.
[2026-07-24T19:40:11.985Z] Executing 09_stored_procedures.sql batch 165.
[2026-07-24T19:40:11.991Z] Executing 09_stored_procedures.sql batch 166.
[2026-07-24T19:40:11.996Z] Executing 09_stored_procedures.sql batch 167.
[2026-07-24T19:40:12.002Z] Executing 09_stored_procedures.sql batch 168.
[2026-07-24T19:40:12.008Z] Executing 09_stored_procedures.sql batch 169.
[2026-07-24T19:40:12.012Z] Executing 09_stored_procedures.sql batch 170.
[2026-07-24T19:40:12.018Z] Executing 09_stored_procedures.sql batch 171.
[2026-07-24T19:40:12.023Z] Executing 09_stored_procedures.sql batch 172.
[2026-07-24T19:40:12.029Z] Executing 09_stored_procedures.sql batch 173.
[2026-07-24T19:40:12.037Z] Executing 09_stored_procedures.sql batch 174.
[2026-07-24T19:40:12.043Z] Executing 09_stored_procedures.sql batch 175.
[2026-07-24T19:40:12.050Z] Executing 09_stored_procedures.sql batch 176.
[2026-07-24T19:40:12.056Z] Executing 09_stored_procedures.sql batch 177.
[2026-07-24T19:40:12.063Z] Executing 09_stored_procedures.sql batch 178.
[2026-07-24T19:40:12.070Z] Executing 09_stored_procedures.sql batch 179.
[2026-07-24T19:40:12.076Z] Executing 09_stored_procedures.sql batch 180.
[2026-07-24T19:40:12.082Z] Executing 09_stored_procedures.sql batch 181.
[2026-07-24T19:40:12.089Z] Executing 09_stored_procedures.sql batch 182.
[2026-07-24T19:40:12.095Z] Executing 09_stored_procedures.sql batch 183.
[2026-07-24T19:40:12.101Z] Executing 09_stored_procedures.sql batch 184.
[2026-07-24T19:40:12.108Z] Executing 09_stored_procedures.sql batch 185.
[2026-07-24T19:40:12.114Z] Executing 09_stored_procedures.sql batch 186.
[2026-07-24T19:40:12.121Z] Executing 09_stored_procedures.sql batch 187.
[2026-07-24T19:40:12.127Z] Executing 09_stored_procedures.sql batch 188.
[2026-07-24T19:40:12.134Z] Executing 09_stored_procedures.sql batch 189.
[2026-07-24T19:40:12.140Z] Executing 09_stored_procedures.sql batch 190.
[2026-07-24T19:40:12.149Z] Executing 09_stored_procedures.sql batch 191.
[2026-07-24T19:40:12.156Z] Executing 09_stored_procedures.sql batch 192.
[2026-07-24T19:40:12.163Z] Executing 09_stored_procedures.sql batch 193.
[2026-07-24T19:40:12.172Z] Executing 09_stored_procedures.sql batch 194.
[2026-07-24T19:40:12.178Z] Executing 09_stored_procedures.sql batch 195.
[2026-07-24T19:40:12.186Z] Executing 09_stored_procedures.sql batch 196.
[2026-07-24T19:40:12.192Z] Executing 09_stored_procedures.sql batch 197.
[2026-07-24T19:40:12.198Z] Executing 09_stored_procedures.sql batch 198.
[2026-07-24T19:40:12.205Z] Executing 09_stored_procedures.sql batch 199.
[2026-07-24T19:40:12.210Z] Executing 09_stored_procedures.sql batch 200.
[2026-07-24T19:40:12.217Z] Executing 09_stored_procedures.sql batch 201.
[2026-07-24T19:40:12.223Z] Executing 09_stored_procedures.sql batch 202.
[2026-07-24T19:40:12.228Z] Executing 09_stored_procedures.sql batch 203.
[2026-07-24T19:40:12.235Z] Executing 09_stored_procedures.sql batch 204.
[2026-07-24T19:40:12.241Z] Executing 09_stored_procedures.sql batch 205.
[2026-07-24T19:40:12.247Z] Executing 09_stored_procedures.sql batch 206.
[2026-07-24T19:40:12.253Z] Executing 09_stored_procedures.sql batch 207.
[2026-07-24T19:40:12.258Z] Executing 09_stored_procedures.sql batch 208.
[2026-07-24T19:40:12.264Z] Executing 09_stored_procedures.sql batch 209.
[2026-07-24T19:40:12.270Z] Executing 09_stored_procedures.sql batch 210.
[2026-07-24T19:40:12.276Z] Executing 09_stored_procedures.sql batch 211.
[2026-07-24T19:40:12.282Z] Executing 09_stored_procedures.sql batch 212.
[2026-07-24T19:40:12.288Z] Executing 09_stored_procedures.sql batch 213.
[2026-07-24T19:40:12.293Z] Executing 09_stored_procedures.sql batch 214.
[2026-07-24T19:40:12.299Z] Executing 09_stored_procedures.sql batch 215.
[2026-07-24T19:40:12.307Z] Executing 09_stored_procedures.sql batch 216.
[2026-07-24T19:40:12.314Z] Executing 09_stored_procedures.sql batch 217.
[2026-07-24T19:40:12.323Z] Executing 09_stored_procedures.sql batch 218.
[2026-07-24T19:40:12.332Z] Executing 09_stored_procedures.sql batch 219.
[2026-07-24T19:40:12.351Z] Executing 09_stored_procedures.sql batch 220.
[2026-07-24T19:40:12.385Z] Executing 09_stored_procedures.sql batch 221.
[2026-07-24T19:40:12.395Z] Executing 09_stored_procedures.sql batch 222.
[2026-07-24T19:40:12.403Z] Executing 09_stored_procedures.sql batch 223.
[2026-07-24T19:40:12.411Z] Executing 09_stored_procedures.sql batch 224.
[2026-07-24T19:40:12.419Z] Skipping 09_stored_procedures.sql batch 225: legacy procedure GetModuleIDbyKey references removed schema objects.
[2026-07-24T19:40:12.421Z] Skipping 09_stored_procedures.sql batch 226: legacy procedure GetModulesByPortal references removed schema objects.
[2026-07-24T19:40:12.424Z] Executing 09_stored_procedures.sql batch 227.
[2026-07-24T19:40:12.432Z] Executing 09_stored_procedures.sql batch 228.
[2026-07-24T19:40:12.441Z] Executing 09_stored_procedures.sql batch 229.
[2026-07-24T19:40:12.449Z] Executing 09_stored_procedures.sql batch 230.
[2026-07-24T19:40:12.455Z] Executing 09_stored_procedures.sql batch 231.
[2026-07-24T19:40:12.462Z] Executing 09_stored_procedures.sql batch 232.
[2026-07-24T19:40:12.469Z] Executing 09_stored_procedures.sql batch 233.
[2026-07-24T19:40:12.475Z] Skipping 09_stored_procedures.sql batch 234: legacy procedure GetPortalIDbyKey references removed schema objects.
[2026-07-24T19:40:12.477Z] Executing 09_stored_procedures.sql batch 235.
[2026-07-24T19:40:12.484Z] Executing 09_stored_procedures.sql batch 236.
[2026-07-24T19:40:12.490Z] Executing 09_stored_procedures.sql batch 237.
[2026-07-24T19:40:12.496Z] Executing 09_stored_procedures.sql batch 238.
[2026-07-24T19:40:12.503Z] Executing 09_stored_procedures.sql batch 239.
[2026-07-24T19:40:12.508Z] Executing 09_stored_procedures.sql batch 240.
[2026-07-24T19:40:12.514Z] Executing 09_stored_procedures.sql batch 241.
[2026-07-24T19:40:12.521Z] Executing 09_stored_procedures.sql batch 242.
[2026-07-24T19:40:12.527Z] Executing 09_stored_procedures.sql batch 243.
[2026-07-24T19:40:12.534Z] Executing 09_stored_procedures.sql batch 244.
[2026-07-24T19:40:12.541Z] Executing 09_stored_procedures.sql batch 245.
[2026-07-24T19:40:12.547Z] Executing 09_stored_procedures.sql batch 246.
[2026-07-24T19:40:12.554Z] Executing 09_stored_procedures.sql batch 247.
[2026-07-24T19:40:12.560Z] Executing 09_stored_procedures.sql batch 248.
[2026-07-24T19:40:12.567Z] Executing 09_stored_procedures.sql batch 249.
[2026-07-24T19:40:12.574Z] Executing 09_stored_procedures.sql batch 250.
[2026-07-24T19:40:12.582Z] Executing 09_stored_procedures.sql batch 251.
[2026-07-24T19:40:12.588Z] Executing 09_stored_procedures.sql batch 252.
[2026-07-24T19:40:12.595Z] Executing 09_stored_procedures.sql batch 253.
[2026-07-24T19:40:12.604Z] Executing 09_stored_procedures.sql batch 254.
[2026-07-24T19:40:12.611Z] Executing 09_stored_procedures.sql batch 255.
[2026-07-24T19:40:12.619Z] Executing 09_stored_procedures.sql batch 256.
[2026-07-24T19:40:12.626Z] Executing 09_stored_procedures.sql batch 257.
[2026-07-24T19:40:12.633Z] Executing 09_stored_procedures.sql batch 258.
[2026-07-24T19:40:12.641Z] Executing 09_stored_procedures.sql batch 259.
[2026-07-24T19:40:12.648Z] Skipping 09_stored_procedures.sql batch 260: legacy procedure GetUserIDbyKey references removed schema objects.
[2026-07-24T19:40:12.651Z] Executing 09_stored_procedures.sql batch 261.
[2026-07-24T19:40:12.658Z] Executing 09_stored_procedures.sql batch 262.
[2026-07-24T19:40:12.667Z] Executing 09_stored_procedures.sql batch 263.
[2026-07-24T19:40:12.674Z] Executing 09_stored_procedures.sql batch 264.
[2026-07-24T19:40:12.682Z] Executing 09_stored_procedures.sql batch 265.
[2026-07-24T19:40:12.689Z] Executing 09_stored_procedures.sql batch 266.
[2026-07-24T19:40:12.695Z] Executing 09_stored_procedures.sql batch 267.
[2026-07-24T19:40:12.702Z] Executing 09_stored_procedures.sql batch 268.
[2026-07-24T19:40:12.708Z] Executing 09_stored_procedures.sql batch 269.
[2026-07-24T19:40:12.713Z] Executing 09_stored_procedures.sql batch 270.
[2026-07-24T19:40:12.720Z] Executing 09_stored_procedures.sql batch 271.
[2026-07-24T19:40:12.727Z] Executing 09_stored_procedures.sql batch 272.
[2026-07-24T19:40:12.739Z] Executing 09_stored_procedures.sql batch 273.
[2026-07-24T19:40:12.749Z] Executing 09_stored_procedures.sql batch 274.
[2026-07-24T19:40:12.757Z] Executing 09_stored_procedures.sql batch 275.
[2026-07-24T19:40:12.763Z] Skipping 09_stored_procedures.sql batch 276: legacy procedure RemoveModuleFromPortal references removed schema objects.
[2026-07-24T19:40:12.766Z] Executing 09_stored_procedures.sql batch 277.
[2026-07-24T19:40:12.772Z] Executing 09_stored_procedures.sql batch 278.
[2026-07-24T19:40:12.778Z] Executing 09_stored_procedures.sql batch 279.
[2026-07-24T19:40:12.785Z] Executing 09_stored_procedures.sql batch 280.
[2026-07-24T19:40:12.792Z] Executing 09_stored_procedures.sql batch 281.
[2026-07-24T19:40:12.799Z] Executing 09_stored_procedures.sql batch 282.
[2026-07-24T19:40:12.805Z] Executing 09_stored_procedures.sql batch 283.
[2026-07-24T19:40:12.812Z] Executing 09_stored_procedures.sql batch 284.
[2026-07-24T19:40:12.819Z] Executing 09_stored_procedures.sql batch 285.
[2026-07-24T19:40:12.826Z] Executing 09_stored_procedures.sql batch 286.
[2026-07-24T19:40:12.833Z] Executing 09_stored_procedures.sql batch 287.
[2026-07-24T19:40:12.840Z] Executing 09_stored_procedures.sql batch 288.
[2026-07-24T19:40:12.845Z] Executing 09_stored_procedures.sql batch 289.
[2026-07-24T19:40:12.853Z] Executing 09_stored_procedures.sql batch 290.
[2026-07-24T19:40:12.859Z] Executing 09_stored_procedures.sql batch 291.
[2026-07-24T19:40:12.865Z] Executing 09_stored_procedures.sql batch 292.
[2026-07-24T19:40:12.871Z] Executing 09_stored_procedures.sql batch 293.
[2026-07-24T19:40:12.877Z] Executing 09_stored_procedures.sql batch 294.
[2026-07-24T19:40:12.883Z] Executing 09_stored_procedures.sql batch 295.
[2026-07-24T19:40:12.889Z] Executing 09_stored_procedures.sql batch 296.
[2026-07-24T19:40:12.895Z] Executing 09_stored_procedures.sql batch 297.
[2026-07-24T19:40:12.902Z] Executing 09_stored_procedures.sql batch 298.
[2026-07-24T19:40:12.908Z] Executing 09_stored_procedures.sql batch 299.
[2026-07-24T19:40:12.915Z] Executing 09_stored_procedures.sql batch 300.
[2026-07-24T19:40:12.921Z] Executing 09_stored_procedures.sql batch 301.
[2026-07-24T19:40:12.927Z] Executing 09_stored_procedures.sql batch 302.
[2026-07-24T19:40:12.934Z] Executing 09_stored_procedures.sql batch 303.
[2026-07-24T19:40:12.940Z] Executing 09_stored_procedures.sql batch 304.
[2026-07-24T19:40:12.946Z] Executing 09_stored_procedures.sql batch 305.
[2026-07-24T19:40:12.953Z] Executing 09_stored_procedures.sql batch 306.
[2026-07-24T19:40:12.959Z] Executing 09_stored_procedures.sql batch 307.
[2026-07-24T19:40:12.964Z] Executing 09_stored_procedures.sql batch 308.
[2026-07-24T19:40:12.970Z] Executing 09_stored_procedures.sql batch 309.
[2026-07-24T19:40:12.975Z] Executing 09_stored_procedures.sql batch 310.
[2026-07-24T19:40:12.981Z] Executing 09_stored_procedures.sql batch 311.
[2026-07-24T19:40:12.987Z] Executing 09_stored_procedures.sql batch 312.
[2026-07-24T19:40:12.992Z] Executing 09_stored_procedures.sql batch 313.
[2026-07-24T19:40:12.998Z] Executing 09_stored_procedures.sql batch 314.
[2026-07-24T19:40:13.004Z] Executing 09_stored_procedures.sql batch 315.
[2026-07-24T19:40:13.009Z] Executing 09_stored_procedures.sql batch 316.
[2026-07-24T19:40:13.014Z] Executing 09_stored_procedures.sql batch 317.
[2026-07-24T19:40:13.020Z] Executing 09_stored_procedures.sql batch 318.
[2026-07-24T19:40:13.026Z] Executing 09_stored_procedures.sql batch 319.
[2026-07-24T19:40:13.032Z] Executing 09_stored_procedures.sql batch 320.
[2026-07-24T19:40:13.038Z] Executing 09_stored_procedures.sql batch 321.
[2026-07-24T19:40:13.043Z] Executing 09_stored_procedures.sql batch 322.
[2026-07-24T19:40:13.049Z] Executing 09_stored_procedures.sql batch 323.
[2026-07-24T19:40:13.054Z] Executing 09_stored_procedures.sql batch 324.
[2026-07-24T19:40:13.059Z] Executing 09_stored_procedures.sql batch 325.
[2026-07-24T19:40:13.065Z] Executing 09_stored_procedures.sql batch 326.
[2026-07-24T19:40:13.070Z] Executing 09_stored_procedures.sql batch 327.
[2026-07-24T19:40:13.075Z] Executing 09_stored_procedures.sql batch 328.
[2026-07-24T19:40:13.087Z] Executing 09_stored_procedures.sql batch 329.
[2026-07-24T19:40:13.092Z] Executing 09_stored_procedures.sql batch 330.
[2026-07-24T19:40:13.097Z] Executing 09_stored_procedures.sql batch 331.
[2026-07-24T19:40:13.104Z] Skipping 09_stored_procedures.sql batch 332: legacy procedure UpdateUserProviderProfileDataField references removed schema objects.
[2026-07-24T19:40:13.106Z] Executing 09_stored_procedures.sql batch 333.
[2026-07-24T19:40:13.113Z] Executing 09_stored_procedures.sql batch 334.
[2026-07-24T19:40:13.120Z] Executing 09_stored_procedures.sql batch 335.
[2026-07-24T19:40:13.126Z] Executing 09_stored_procedures.sql batch 336.
[2026-07-24T19:40:13.132Z] Executing 09_stored_procedures.sql batch 337.
[2026-07-24T19:40:13.138Z] Executing 09_stored_procedures.sql batch 338.
[2026-07-24T19:40:13.143Z] Executing 09_stored_procedures.sql batch 339.
[2026-07-24T19:40:13.149Z] Executing 09_stored_procedures.sql batch 340.
[2026-07-24T19:40:13.154Z] Executing 09_stored_procedures.sql batch 341.
[2026-07-24T19:40:13.161Z] Executing 09_stored_procedures.sql batch 342.
[2026-07-24T19:40:13.174Z] Executing 09_stored_procedures.sql batch 343.
[2026-07-24T19:40:13.183Z] Executing 09_stored_procedures.sql batch 344.
[2026-07-24T19:40:13.192Z] Executing 09_stored_procedures.sql batch 345.
[2026-07-24T19:40:13.203Z] Executing 09_stored_procedures.sql batch 346.
[2026-07-24T19:40:13.212Z] Executing 09_stored_procedures.sql batch 347.
[2026-07-24T19:40:13.220Z] Executing 09_stored_procedures.sql batch 348.
[2026-07-24T19:40:13.229Z] Executing 09_stored_procedures.sql batch 349.
[2026-07-24T19:40:13.238Z] Executing 09_stored_procedures.sql batch 350.
[2026-07-24T19:40:13.245Z] Executing 09_stored_procedures.sql batch 351.
[2026-07-24T19:40:13.253Z] Executing 09_stored_procedures.sql batch 352.
[2026-07-24T19:40:13.259Z] Executing 09_stored_procedures.sql batch 353.
[2026-07-24T19:40:13.268Z] Executing 09_stored_procedures.sql batch 354.
[2026-07-24T19:40:13.274Z] Executing 09_stored_procedures.sql batch 355.
[2026-07-24T19:40:13.283Z] Executing 09_stored_procedures.sql batch 356.
[2026-07-24T19:40:13.289Z] Executing 09_stored_procedures.sql batch 357.
[2026-07-24T19:40:13.295Z] Executing 09_stored_procedures.sql batch 358.
[2026-07-24T19:40:13.305Z] Executing 10_triggers.sql batch 1.
[2026-07-24T19:40:13.309Z] Executing 10_triggers.sql batch 2.
[2026-07-24T19:40:13.316Z] Executing 10_triggers.sql batch 3.
[2026-07-24T19:40:13.322Z] Executing 10_triggers.sql batch 4.
[2026-07-24T19:40:13.328Z] Executing 10_triggers.sql batch 5.
[2026-07-24T19:40:13.335Z] Executing 10_triggers.sql batch 6.
[2026-07-24T19:40:13.341Z] Executing 10_triggers.sql batch 7.
[2026-07-24T19:40:13.350Z] Executing seed/001_Payments.Provider.sql batch 1.
[2026-07-24T19:40:13.354Z] Executing seed/001_Payments.Provider.sql batch 2.
[2026-07-24T19:40:13.363Z] Executing seed/002_Payments.Webhook.sql batch 1.
[2026-07-24T19:40:13.367Z] Executing seed/002_Payments.Webhook.sql batch 2.
[2026-07-24T19:40:13.376Z] Executing seed/003_dbo.AspNetRoles.sql batch 1.
[2026-07-24T19:40:13.381Z] Executing seed/003_dbo.AspNetRoles.sql batch 2.
[2026-07-24T19:40:13.390Z] Executing seed/004_dbo.AspNetUsers.sql batch 1.
[2026-07-24T19:40:13.394Z] Executing seed/004_dbo.AspNetUsers.sql batch 2.
[2026-07-24T19:40:13.406Z] Executing seed/005_dbo.DyForm.sql batch 1.
[2026-07-24T19:40:13.410Z] Executing seed/005_dbo.DyForm.sql batch 2.
[2026-07-24T19:40:13.420Z] Executing seed/006_dbo.DyFormDataSourceDefinition.sql batch 1.
[2026-07-24T19:40:13.424Z] Executing seed/006_dbo.DyFormDataSourceDefinition.sql batch 2.
[2026-07-24T19:40:13.436Z] Executing seed/007_dbo.DyFormDomainType.sql batch 1.
[2026-07-24T19:40:13.440Z] Executing seed/007_dbo.DyFormDomainType.sql batch 2.
[2026-07-24T19:40:13.449Z] Executing seed/008_dbo.DyFormFieldType.sql batch 1.
[2026-07-24T19:40:13.453Z] Executing seed/008_dbo.DyFormFieldType.sql batch 2.
[2026-07-24T19:40:13.465Z] Executing seed/009_dbo.DyFormResolverContext.sql batch 1.
[2026-07-24T19:40:13.470Z] Executing seed/009_dbo.DyFormResolverContext.sql batch 2.
[2026-07-24T19:40:13.479Z] Executing seed/010_dbo.DyFormResolverType.sql batch 1.
[2026-07-24T19:40:13.484Z] Executing seed/010_dbo.DyFormResolverType.sql batch 2.
[2026-07-24T19:40:13.495Z] Executing seed/011_dbo.DyFormRuleSyntax.sql batch 1.
[2026-07-24T19:40:13.500Z] Executing seed/011_dbo.DyFormRuleSyntax.sql batch 2.
[2026-07-24T19:40:13.511Z] Executing seed/012_dbo.DyFormRuleType.sql batch 1.
[2026-07-24T19:40:13.517Z] Executing seed/012_dbo.DyFormRuleType.sql batch 2.
[2026-07-24T19:40:13.529Z] Executing seed/013_dbo.DyFormSection.sql batch 1.
[2026-07-24T19:40:13.535Z] Executing seed/013_dbo.DyFormSection.sql batch 2.
[2026-07-24T19:40:13.546Z] Executing seed/014_dbo.DyFormViewModelDefinition.sql batch 1.
[2026-07-24T19:40:13.552Z] Executing seed/014_dbo.DyFormViewModelDefinition.sql batch 2.
[2026-07-24T19:40:13.565Z] Executing seed/015_dbo.ISO6391_Languages.sql batch 1.
[2026-07-24T19:40:13.570Z] Executing seed/015_dbo.ISO6391_Languages.sql batch 2.
[2026-07-24T19:40:13.594Z] Executing seed/016_dbo.LayoutTypes.sql batch 1.
[2026-07-24T19:40:13.600Z] Executing seed/016_dbo.LayoutTypes.sql batch 2.
[2026-07-24T19:40:13.612Z] Executing seed/017_dbo.OwnerTypes.sql batch 1.
[2026-07-24T19:40:13.617Z] Executing seed/017_dbo.OwnerTypes.sql batch 2.
[2026-07-24T19:40:13.627Z] Executing seed/018_dbo.Portals.sql batch 1.
[2026-07-24T19:40:13.632Z] Executing seed/018_dbo.Portals.sql batch 2.
[2026-07-24T19:40:13.642Z] Executing seed/019_dbo.ProfileProviders.sql batch 1.
[2026-07-24T19:40:13.647Z] Executing seed/019_dbo.ProfileProviders.sql batch 2.
[2026-07-24T19:40:13.657Z] Executing seed/020_dbo.ProtosDataModelDefinition.sql batch 1.
[2026-07-24T19:40:13.661Z] Executing seed/020_dbo.ProtosDataModelDefinition.sql batch 2.
[2026-07-24T19:40:13.672Z] Executing seed/021_dbo.ProtosTargetType.sql batch 1.
[2026-07-24T19:40:13.676Z] Executing seed/021_dbo.ProtosTargetType.sql batch 2.
[2026-07-24T19:40:13.688Z] Executing seed/022_dbo.ProtosTemplate.sql batch 1.
[2026-07-24T19:40:13.692Z] Executing seed/022_dbo.ProtosTemplate.sql batch 2.
[2026-07-24T19:40:13.718Z] Executing seed/023_dbo.ProtosTemplateStatus.sql batch 1.
[2026-07-24T19:40:13.722Z] Executing seed/023_dbo.ProtosTemplateStatus.sql batch 2.
[2026-07-24T19:40:13.732Z] Executing seed/024_dbo.ProviderProfileFieldType.sql batch 1.
[2026-07-24T19:40:13.736Z] Executing seed/024_dbo.ProviderProfileFieldType.sql batch 2.
[2026-07-24T19:40:13.746Z] Executing seed/025_dbo.ResolverTypes.sql batch 1.
[2026-07-24T19:40:13.751Z] Executing seed/025_dbo.ResolverTypes.sql batch 2.
[2026-07-24T19:40:13.761Z] Executing seed/026_dbo.Resolvers.sql batch 1.
[2026-07-24T19:40:13.766Z] Executing seed/026_dbo.Resolvers.sql batch 2.
[2026-07-24T19:40:13.778Z] Executing seed/027_dbo.StateProvinces.sql batch 1.
[2026-07-24T19:40:13.782Z] Executing seed/027_dbo.StateProvinces.sql batch 2.
[2026-07-24T19:40:13.796Z] Executing seed/028_dbo.StyledTypes.sql batch 1.
[2026-07-24T19:40:13.800Z] Executing seed/028_dbo.StyledTypes.sql batch 2.
[2026-07-24T19:40:13.815Z] Executing seed/029_dbo.SystemFileTypes.sql batch 1.
[2026-07-24T19:40:13.818Z] Executing seed/029_dbo.SystemFileTypes.sql batch 2.
[2026-07-24T19:40:13.825Z] Executing seed/030_dbo.SystemLogs.sql batch 1.
[2026-07-24T19:40:13.829Z] Executing seed/030_dbo.SystemLogs.sql batch 2.
[2026-07-24T19:40:13.845Z] Executing seed/031_dbo.SystemValueTypes.sql batch 1.
[2026-07-24T19:40:13.849Z] Executing seed/031_dbo.SystemValueTypes.sql batch 2.
[2026-07-24T19:40:13.857Z] Executing seed/032_dbo.ThemeDefinitions.sql batch 1.
[2026-07-24T19:40:13.861Z] Executing seed/032_dbo.ThemeDefinitions.sql batch 2.
[2026-07-24T19:40:13.870Z] Executing seed/033_Payments.Intent.sql batch 1.
[2026-07-24T19:40:13.874Z] Executing seed/033_Payments.Intent.sql batch 2.
[2026-07-24T19:40:13.880Z] Executing seed/034_Payments.ProviderSecret.sql batch 1.
[2026-07-24T19:40:13.884Z] Executing seed/034_Payments.ProviderSecret.sql batch 2.
[2026-07-24T19:40:13.893Z] Executing seed/035_dbo.API_Owners.sql batch 1.
[2026-07-24T19:40:13.896Z] Executing seed/035_dbo.API_Owners.sql batch 2.
[2026-07-24T19:40:13.905Z] Executing seed/036_dbo.Address.sql batch 1.
[2026-07-24T19:40:13.909Z] Executing seed/036_dbo.Address.sql batch 2.
[2026-07-24T19:40:13.919Z] Executing seed/037_dbo.AspNetUserClaims.sql batch 1.
[2026-07-24T19:40:13.923Z] Executing seed/037_dbo.AspNetUserClaims.sql batch 2.
[2026-07-24T19:40:13.929Z] Executing seed/038_dbo.AspNetUserLogins.sql batch 1.
[2026-07-24T19:40:13.933Z] Executing seed/038_dbo.AspNetUserLogins.sql batch 2.
[2026-07-24T19:40:13.940Z] Executing seed/039_dbo.AspNetUserRoles.sql batch 1.
[2026-07-24T19:40:13.943Z] Executing seed/039_dbo.AspNetUserRoles.sql batch 2.
[2026-07-24T19:40:13.952Z] Executing seed/040_dbo.AspNetUserTokens.sql batch 1.
[2026-07-24T19:40:13.956Z] Executing seed/040_dbo.AspNetUserTokens.sql batch 2.
[2026-07-24T19:40:13.982Z] Executing seed/041_dbo.BankAccounts.sql batch 1.
[2026-07-24T19:40:13.988Z] Executing seed/041_dbo.BankAccounts.sql batch 2.
[2026-07-24T19:40:13.996Z] Executing seed/042_dbo.CustomerProfile_Providers.sql batch 1.
[2026-07-24T19:40:14.000Z] Executing seed/042_dbo.CustomerProfile_Providers.sql batch 2.
[2026-07-24T19:40:14.008Z] Executing seed/043_dbo.DyFormDomains.sql batch 1.
[2026-07-24T19:40:14.011Z] Executing seed/043_dbo.DyFormDomains.sql batch 2.
[2026-07-24T19:40:14.020Z] Executing seed/044_dbo.DyFormExpression.sql batch 1.
[2026-07-24T19:40:14.024Z] Executing seed/044_dbo.DyFormExpression.sql batch 2.
[2026-07-24T19:40:14.033Z] Executing seed/045_dbo.DyFormFieldRule.sql batch 1.
[2026-07-24T19:40:14.036Z] Executing seed/045_dbo.DyFormFieldRule.sql batch 2.
[2026-07-24T19:40:14.043Z] Executing seed/046_dbo.DyFormSectionResolvers.sql batch 1.
[2026-07-24T19:40:14.047Z] Executing seed/046_dbo.DyFormSectionResolvers.sql batch 2.
[2026-07-24T19:40:14.055Z] Executing seed/047_dbo.DyFormSections.sql batch 1.
[2026-07-24T19:40:14.058Z] Executing seed/047_dbo.DyFormSections.sql batch 2.
[2026-07-24T19:40:14.069Z] Executing seed/048_dbo.DyFormViewModelLineage.sql batch 1.
[2026-07-24T19:40:14.073Z] Executing seed/048_dbo.DyFormViewModelLineage.sql batch 2.
[2026-07-24T19:40:14.082Z] Executing seed/049_dbo.Layouts.sql batch 1.
[2026-07-24T19:40:14.086Z] Executing seed/049_dbo.Layouts.sql batch 2.
[2026-07-24T19:40:14.110Z] Executing seed/050_dbo.Modules.sql batch 1.
[2026-07-24T19:40:14.113Z] Executing seed/050_dbo.Modules.sql batch 2.
[2026-07-24T19:40:14.122Z] Executing seed/051_dbo.PageDefinition.sql batch 1.
[2026-07-24T19:40:14.127Z] Executing seed/051_dbo.PageDefinition.sql batch 2.
[2026-07-24T19:40:14.139Z] Executing seed/052_dbo.PaymentMethods.sql batch 1.
[2026-07-24T19:40:14.143Z] Executing seed/052_dbo.PaymentMethods.sql batch 2.
[2026-07-24T19:40:14.152Z] Executing seed/053_dbo.PortalOwners.sql batch 1.
[2026-07-24T19:40:14.156Z] Executing seed/053_dbo.PortalOwners.sql batch 2.
[2026-07-24T19:40:14.164Z] Executing seed/054_dbo.PortalProfileProviders.sql batch 1.
[2026-07-24T19:40:14.168Z] Executing seed/054_dbo.PortalProfileProviders.sql batch 2.
[2026-07-24T19:40:14.177Z] Executing seed/055_dbo.PortalRoles.sql batch 1.
[2026-07-24T19:40:14.181Z] Executing seed/055_dbo.PortalRoles.sql batch 2.
[2026-07-24T19:40:14.190Z] Executing seed/056_dbo.ProtosTemplateVersion.sql batch 1.
[2026-07-24T19:40:14.194Z] Executing seed/056_dbo.ProtosTemplateVersion.sql batch 2.
[2026-07-24T19:40:14.207Z] Executing seed/057_dbo.ProviderProfileFields.sql batch 1.
[2026-07-24T19:40:14.211Z] Executing seed/057_dbo.ProviderProfileFields.sql batch 2.
[2026-07-24T19:40:14.221Z] Executing seed/058_dbo.SubscriptionPlans.sql batch 1.
[2026-07-24T19:40:14.225Z] Executing seed/058_dbo.SubscriptionPlans.sql batch 2.
[2026-07-24T19:40:14.235Z] Executing seed/059_Payments.TargetLink.sql batch 1.
[2026-07-24T19:40:14.239Z] Executing seed/059_Payments.TargetLink.sql batch 2.
[2026-07-24T19:40:14.246Z] Executing seed/060_Payments.Txn.sql batch 1.
[2026-07-24T19:40:14.250Z] Executing seed/060_Payments.Txn.sql batch 2.
[2026-07-24T19:40:14.257Z] Executing seed/061_dbo.API_KEYS.sql batch 1.
[2026-07-24T19:40:14.260Z] Executing seed/061_dbo.API_KEYS.sql batch 2.
[2026-07-24T19:40:14.270Z] Executing seed/062_dbo.DefaultUserRoles.sql batch 1.
[2026-07-24T19:40:14.273Z] Executing seed/062_dbo.DefaultUserRoles.sql batch 2.
[2026-07-24T19:40:14.282Z] Executing seed/063_dbo.DyFormDomainValues.sql batch 1.
[2026-07-24T19:40:14.286Z] Executing seed/063_dbo.DyFormDomainValues.sql batch 2.
[2026-07-24T19:40:14.296Z] Executing seed/064_dbo.DyFormField.sql batch 1.
[2026-07-24T19:40:14.300Z] Executing seed/064_dbo.DyFormField.sql batch 2.
[2026-07-24T19:40:14.316Z] Executing seed/065_dbo.DyFormRuleDefinition.sql batch 1.
[2026-07-24T19:40:14.320Z] Executing seed/065_dbo.DyFormRuleDefinition.sql batch 2.
[2026-07-24T19:40:14.329Z] Executing seed/066_dbo.PortalPageModules.sql batch 1.
[2026-07-24T19:40:14.333Z] Executing seed/066_dbo.PortalPageModules.sql batch 2.
[2026-07-24T19:40:14.344Z] Executing seed/067_dbo.ProtosTemplateLineage.sql batch 1.
[2026-07-24T19:40:14.348Z] Executing seed/067_dbo.ProtosTemplateLineage.sql batch 2.
[2026-07-24T19:40:14.355Z] Executing seed/068_dbo.ProtosTemplateLink.sql batch 1.
[2026-07-24T19:40:14.358Z] Executing seed/068_dbo.ProtosTemplateLink.sql batch 2.
[2026-07-24T19:40:14.374Z] Executing seed/069_dbo.ProtosTemplateTree.sql batch 1.
[2026-07-24T19:40:14.378Z] Executing seed/069_dbo.ProtosTemplateTree.sql batch 2.
[2026-07-24T19:40:14.388Z] Executing seed/070_dbo.SettingKeys.sql batch 1.
[2026-07-24T19:40:14.392Z] Executing seed/070_dbo.SettingKeys.sql batch 2.
[2026-07-24T19:40:14.412Z] Executing seed/071_dbo.SkyLynxConfig_PackagedModules.sql batch 1.
[2026-07-24T19:40:14.417Z] Executing seed/071_dbo.SkyLynxConfig_PackagedModules.sql batch 2.
[2026-07-24T19:40:14.426Z] Executing seed/072_dbo.Transactions.sql batch 1.
[2026-07-24T19:40:14.430Z] Executing seed/072_dbo.Transactions.sql batch 2.
[2026-07-24T19:40:14.439Z] Executing seed/073_dbo.UserProfiles.sql batch 1.
[2026-07-24T19:40:14.443Z] Executing seed/073_dbo.UserProfiles.sql batch 2.
[2026-07-24T19:40:14.455Z] Executing seed/074_dbo.UserProviderProfiles.sql batch 1.
[2026-07-24T19:40:14.458Z] Executing seed/074_dbo.UserProviderProfiles.sql batch 2.
[2026-07-24T19:40:14.470Z] Executing seed/075_dbo.DyFormFieldSectionDefinition.sql batch 1.
[2026-07-24T19:40:14.474Z] Executing seed/075_dbo.DyFormFieldSectionDefinition.sql batch 2.
[2026-07-24T19:40:14.487Z] Executing seed/076_dbo.DyFormRuleTarget.sql batch 1.
[2026-07-24T19:40:14.491Z] Executing seed/076_dbo.DyFormRuleTarget.sql batch 2.
[2026-07-24T19:40:14.499Z] Executing seed/077_dbo.GlobalModuleSettings.sql batch 1.
[2026-07-24T19:40:14.503Z] Executing seed/077_dbo.GlobalModuleSettings.sql batch 2.
[2026-07-24T19:40:14.529Z] Executing seed/078_dbo.GlobalPortalSettings.sql batch 1.
[2026-07-24T19:40:14.533Z] Executing seed/078_dbo.GlobalPortalSettings.sql batch 2.
[2026-07-24T19:40:14.540Z] Executing seed/079_dbo.ModuleSettings.sql batch 1.
[2026-07-24T19:40:14.544Z] Executing seed/079_dbo.ModuleSettings.sql batch 2.
[2026-07-24T19:40:14.555Z] Executing seed/080_dbo.PortalSettings.sql batch 1.
[2026-07-24T19:40:14.558Z] Executing seed/080_dbo.PortalSettings.sql batch 2.
[2026-07-24T19:40:14.564Z] Executing seed/081_dbo.ProtosViewModelDefinition.sql batch 1.
[2026-07-24T19:40:14.568Z] Executing seed/081_dbo.ProtosViewModelDefinition.sql batch 2.
[2026-07-24T19:40:14.576Z] Executing seed/082_dbo.SkyLynxConfig_PackagedManifest.sql batch 1.
[2026-07-24T19:40:14.581Z] Executing seed/082_dbo.SkyLynxConfig_PackagedManifest.sql batch 2.
[2026-07-24T19:40:14.608Z] Transaction committed. Batches executed: 869.
[2026-07-24T19:40:14.610Z] SQL connection closed.
