[2026-07-24T19:34:14.959Z] Install started for core database skylynx_install_probe on host.docker.internal:1433.
[2026-07-24T19:34:14.961Z] Schema files: 01_schemas.sql, 02_types.sql, 03_tables.sql, 04_constraints.sql, 05_relationships.sql, 06_indexes.sql, 07_functions.sql, 08_views.sql, 09_stored_procedures.sql, 10_triggers.sql
[2026-07-24T19:34:14.963Z] Seed files: 001_Payments.Provider.sql, 002_Payments.Webhook.sql, 003_dbo.AspNetRoles.sql, 004_dbo.AspNetUsers.sql, 005_dbo.DyForm.sql, 006_dbo.DyFormDataSourceDefinition.sql, 007_dbo.DyFormDomainType.sql, 008_dbo.DyFormFieldType.sql, 009_dbo.DyFormResolverContext.sql, 010_dbo.DyFormResolverType.sql, 011_dbo.DyFormRuleSyntax.sql, 012_dbo.DyFormRuleType.sql, 013_dbo.DyFormSection.sql, 014_dbo.DyFormViewModelDefinition.sql, 015_dbo.ISO6391_Languages.sql, 016_dbo.LayoutTypes.sql, 017_dbo.OwnerTypes.sql, 018_dbo.Portals.sql, 019_dbo.ProfileProviders.sql, 020_dbo.ProtosDataModelDefinition.sql, 021_dbo.ProtosTargetType.sql, 022_dbo.ProtosTemplate.sql, 023_dbo.ProtosTemplateStatus.sql, 024_dbo.ProviderProfileFieldType.sql, 025_dbo.ResolverTypes.sql, 026_dbo.Resolvers.sql, 027_dbo.StateProvinces.sql, 028_dbo.StyledTypes.sql, 029_dbo.SystemFileTypes.sql, 030_dbo.SystemLogs.sql, 031_dbo.SystemValueTypes.sql, 032_dbo.ThemeDefinitions.sql, 033_Payments.Intent.sql, 034_Payments.ProviderSecret.sql, 035_dbo.API_Owners.sql, 036_dbo.Address.sql, 037_dbo.AspNetUserClaims.sql, 038_dbo.AspNetUserLogins.sql, 039_dbo.AspNetUserRoles.sql, 040_dbo.AspNetUserTokens.sql, 041_dbo.BankAccounts.sql, 042_dbo.CustomerProfile_Providers.sql, 043_dbo.DyFormDomains.sql, 044_dbo.DyFormExpression.sql, 045_dbo.DyFormFieldRule.sql, 046_dbo.DyFormSectionResolvers.sql, 047_dbo.DyFormSections.sql, 048_dbo.DyFormViewModelLineage.sql, 049_dbo.Layouts.sql, 050_dbo.Modules.sql, 051_dbo.PageDefinition.sql, 052_dbo.PaymentMethods.sql, 053_dbo.PortalOwners.sql, 054_dbo.PortalProfileProviders.sql, 055_dbo.PortalRoles.sql, 056_dbo.ProtosTemplateVersion.sql, 057_dbo.ProviderProfileFields.sql, 058_dbo.SubscriptionPlans.sql, 059_Payments.TargetLink.sql, 060_Payments.Txn.sql, 061_dbo.API_KEYS.sql, 062_dbo.DefaultUserRoles.sql, 063_dbo.DyFormDomainValues.sql, 064_dbo.DyFormField.sql, 065_dbo.DyFormRuleDefinition.sql, 066_dbo.PortalPageModules.sql, 067_dbo.ProtosTemplateLineage.sql, 068_dbo.ProtosTemplateLink.sql, 069_dbo.ProtosTemplateTree.sql, 070_dbo.SettingKeys.sql, 071_dbo.SkyLynxConfig_PackagedModules.sql, 072_dbo.Transactions.sql, 073_dbo.UserProfiles.sql, 074_dbo.UserProviderProfiles.sql, 075_dbo.DyFormFieldSectionDefinition.sql, 076_dbo.DyFormRuleTarget.sql, 077_dbo.GlobalModuleSettings.sql, 078_dbo.GlobalPortalSettings.sql, 079_dbo.ModuleSettings.sql, 080_dbo.PortalSettings.sql, 081_dbo.ProtosViewModelDefinition.sql, 082_dbo.SkyLynxConfig_PackagedManifest.sql
[2026-07-24T19:34:15.003Z] Transaction started.
[2026-07-24T19:34:15.010Z] Executing 01_schemas.sql batch 1.
[2026-07-24T19:34:15.015Z] Executing 01_schemas.sql batch 2.
[2026-07-24T19:34:15.025Z] Executing 02_types.sql batch 1.
[2026-07-24T19:34:15.029Z] Executing 02_types.sql batch 2.
[2026-07-24T19:34:15.036Z] Executing 02_types.sql batch 3.
[2026-07-24T19:34:15.044Z] Executing 02_types.sql batch 4.
[2026-07-24T19:34:15.050Z] Executing 02_types.sql batch 5.
[2026-07-24T19:34:15.063Z] Executing 03_tables.sql batch 1.
[2026-07-24T19:34:15.067Z] Executing 03_tables.sql batch 2.
[2026-07-24T19:34:15.075Z] Executing 03_tables.sql batch 3.
[2026-07-24T19:34:15.082Z] Executing 03_tables.sql batch 4.
[2026-07-24T19:34:15.088Z] Executing 03_tables.sql batch 5.
[2026-07-24T19:34:15.094Z] Executing 03_tables.sql batch 6.
[2026-07-24T19:34:15.100Z] Executing 03_tables.sql batch 7.
[2026-07-24T19:34:15.107Z] Executing 03_tables.sql batch 8.
[2026-07-24T19:34:15.113Z] Executing 03_tables.sql batch 9.
[2026-07-24T19:34:15.120Z] Executing 03_tables.sql batch 10.
[2026-07-24T19:34:15.126Z] Executing 03_tables.sql batch 11.
[2026-07-24T19:34:15.132Z] Executing 03_tables.sql batch 12.
[2026-07-24T19:34:15.139Z] Executing 03_tables.sql batch 13.
[2026-07-24T19:34:15.145Z] Executing 03_tables.sql batch 14.
[2026-07-24T19:34:15.150Z] Executing 03_tables.sql batch 15.
[2026-07-24T19:34:15.157Z] Executing 03_tables.sql batch 16.
[2026-07-24T19:34:15.163Z] Executing 03_tables.sql batch 17.
[2026-07-24T19:34:15.169Z] Executing 03_tables.sql batch 18.
[2026-07-24T19:34:15.176Z] Executing 03_tables.sql batch 19.
[2026-07-24T19:34:15.181Z] Executing 03_tables.sql batch 20.
[2026-07-24T19:34:15.187Z] Executing 03_tables.sql batch 21.
[2026-07-24T19:34:15.195Z] Executing 03_tables.sql batch 22.
[2026-07-24T19:34:15.200Z] Executing 03_tables.sql batch 23.
[2026-07-24T19:34:15.206Z] Executing 03_tables.sql batch 24.
[2026-07-24T19:34:15.212Z] Executing 03_tables.sql batch 25.
[2026-07-24T19:34:15.218Z] Executing 03_tables.sql batch 26.
[2026-07-24T19:34:15.224Z] Executing 03_tables.sql batch 27.
[2026-07-24T19:34:15.230Z] Executing 03_tables.sql batch 28.
[2026-07-24T19:34:15.237Z] Executing 03_tables.sql batch 29.
[2026-07-24T19:34:15.244Z] Executing 03_tables.sql batch 30.
[2026-07-24T19:34:15.251Z] Executing 03_tables.sql batch 31.
[2026-07-24T19:34:15.259Z] Executing 03_tables.sql batch 32.
[2026-07-24T19:34:15.266Z] Executing 03_tables.sql batch 33.
[2026-07-24T19:34:15.273Z] Executing 03_tables.sql batch 34.
[2026-07-24T19:34:15.280Z] Executing 03_tables.sql batch 35.
[2026-07-24T19:34:15.287Z] Executing 03_tables.sql batch 36.
[2026-07-24T19:34:15.294Z] Executing 03_tables.sql batch 37.
[2026-07-24T19:34:15.300Z] Executing 03_tables.sql batch 38.
[2026-07-24T19:34:15.308Z] Executing 03_tables.sql batch 39.
[2026-07-24T19:34:15.315Z] Executing 03_tables.sql batch 40.
[2026-07-24T19:34:15.322Z] Executing 03_tables.sql batch 41.
[2026-07-24T19:34:15.329Z] Executing 03_tables.sql batch 42.
[2026-07-24T19:34:15.336Z] Executing 03_tables.sql batch 43.
[2026-07-24T19:34:15.342Z] Executing 03_tables.sql batch 44.
[2026-07-24T19:34:15.347Z] Executing 03_tables.sql batch 45.
[2026-07-24T19:34:15.354Z] Executing 03_tables.sql batch 46.
[2026-07-24T19:34:15.360Z] Executing 03_tables.sql batch 47.
[2026-07-24T19:34:15.366Z] Executing 03_tables.sql batch 48.
[2026-07-24T19:34:15.373Z] Executing 03_tables.sql batch 49.
[2026-07-24T19:34:15.378Z] Executing 03_tables.sql batch 50.
[2026-07-24T19:34:15.383Z] Executing 03_tables.sql batch 51.
[2026-07-24T19:34:15.390Z] Executing 03_tables.sql batch 52.
[2026-07-24T19:34:15.398Z] Executing 03_tables.sql batch 53.
[2026-07-24T19:34:15.405Z] Executing 03_tables.sql batch 54.
[2026-07-24T19:34:15.412Z] Executing 03_tables.sql batch 55.
[2026-07-24T19:34:15.419Z] Executing 03_tables.sql batch 56.
[2026-07-24T19:34:15.426Z] Executing 03_tables.sql batch 57.
[2026-07-24T19:34:15.433Z] Executing 03_tables.sql batch 58.
[2026-07-24T19:34:15.440Z] Executing 03_tables.sql batch 59.
[2026-07-24T19:34:15.447Z] Executing 03_tables.sql batch 60.
[2026-07-24T19:34:15.454Z] Executing 03_tables.sql batch 61.
[2026-07-24T19:34:15.461Z] Executing 03_tables.sql batch 62.
[2026-07-24T19:34:15.471Z] Executing 03_tables.sql batch 63.
[2026-07-24T19:34:15.478Z] Executing 03_tables.sql batch 64.
[2026-07-24T19:34:15.485Z] Executing 03_tables.sql batch 65.
[2026-07-24T19:34:15.491Z] Executing 03_tables.sql batch 66.
[2026-07-24T19:34:15.497Z] Executing 03_tables.sql batch 67.
[2026-07-24T19:34:15.505Z] Executing 03_tables.sql batch 68.
[2026-07-24T19:34:15.511Z] Executing 03_tables.sql batch 69.
[2026-07-24T19:34:15.516Z] Executing 03_tables.sql batch 70.
[2026-07-24T19:34:15.523Z] Executing 03_tables.sql batch 71.
[2026-07-24T19:34:15.529Z] Executing 03_tables.sql batch 72.
[2026-07-24T19:34:15.535Z] Executing 03_tables.sql batch 73.
[2026-07-24T19:34:15.543Z] Executing 03_tables.sql batch 74.
[2026-07-24T19:34:15.551Z] Executing 03_tables.sql batch 75.
[2026-07-24T19:34:15.559Z] Executing 03_tables.sql batch 76.
[2026-07-24T19:34:15.567Z] Executing 03_tables.sql batch 77.
[2026-07-24T19:34:15.574Z] Executing 03_tables.sql batch 78.
[2026-07-24T19:34:15.582Z] Executing 03_tables.sql batch 79.
[2026-07-24T19:34:15.591Z] Executing 03_tables.sql batch 80.
[2026-07-24T19:34:15.600Z] Executing 03_tables.sql batch 81.
[2026-07-24T19:34:15.610Z] Executing 03_tables.sql batch 82.
[2026-07-24T19:34:15.620Z] Executing 03_tables.sql batch 83.
[2026-07-24T19:34:15.635Z] Executing 04_constraints.sql batch 1.
[2026-07-24T19:34:15.643Z] Executing 04_constraints.sql batch 2.
[2026-07-24T19:34:15.658Z] Executing 04_constraints.sql batch 3.
[2026-07-24T19:34:15.672Z] Executing 04_constraints.sql batch 4.
[2026-07-24T19:34:15.685Z] Executing 04_constraints.sql batch 5.
[2026-07-24T19:34:15.699Z] Executing 04_constraints.sql batch 6.
[2026-07-24T19:34:15.713Z] Executing 04_constraints.sql batch 7.
[2026-07-24T19:34:15.725Z] Executing 04_constraints.sql batch 8.
[2026-07-24T19:34:15.738Z] Executing 04_constraints.sql batch 9.
[2026-07-24T19:34:15.750Z] Executing 04_constraints.sql batch 10.
[2026-07-24T19:34:15.762Z] Executing 04_constraints.sql batch 11.
[2026-07-24T19:34:15.775Z] Executing 04_constraints.sql batch 12.
[2026-07-24T19:34:15.787Z] Executing 04_constraints.sql batch 13.
[2026-07-24T19:34:15.802Z] Executing 04_constraints.sql batch 14.
[2026-07-24T19:34:15.816Z] Executing 04_constraints.sql batch 15.
[2026-07-24T19:34:15.829Z] Executing 04_constraints.sql batch 16.
[2026-07-24T19:34:15.842Z] Executing 04_constraints.sql batch 17.
[2026-07-24T19:34:15.855Z] Executing 04_constraints.sql batch 18.
[2026-07-24T19:34:15.867Z] Executing 04_constraints.sql batch 19.
[2026-07-24T19:34:15.879Z] Executing 04_constraints.sql batch 20.
[2026-07-24T19:34:15.894Z] Executing 04_constraints.sql batch 21.
[2026-07-24T19:34:15.906Z] Executing 04_constraints.sql batch 22.
[2026-07-24T19:34:15.918Z] Executing 04_constraints.sql batch 23.
[2026-07-24T19:34:15.930Z] Executing 04_constraints.sql batch 24.
[2026-07-24T19:34:15.944Z] Executing 04_constraints.sql batch 25.
[2026-07-24T19:34:15.957Z] Executing 04_constraints.sql batch 26.
[2026-07-24T19:34:15.969Z] Executing 04_constraints.sql batch 27.
[2026-07-24T19:34:15.981Z] Executing 04_constraints.sql batch 28.
[2026-07-24T19:34:15.992Z] Executing 04_constraints.sql batch 29.
[2026-07-24T19:34:16.004Z] Executing 04_constraints.sql batch 30.
[2026-07-24T19:34:16.015Z] Executing 04_constraints.sql batch 31.
[2026-07-24T19:34:16.027Z] Executing 04_constraints.sql batch 32.
[2026-07-24T19:34:16.038Z] Executing 04_constraints.sql batch 33.
[2026-07-24T19:34:16.049Z] Executing 04_constraints.sql batch 34.
[2026-07-24T19:34:16.068Z] Executing 04_constraints.sql batch 35.
[2026-07-24T19:34:16.079Z] Executing 04_constraints.sql batch 36.
[2026-07-24T19:34:16.091Z] Executing 04_constraints.sql batch 37.
[2026-07-24T19:34:16.105Z] Executing 04_constraints.sql batch 38.
[2026-07-24T19:34:16.117Z] Executing 04_constraints.sql batch 39.
[2026-07-24T19:34:16.134Z] Executing 04_constraints.sql batch 40.
[2026-07-24T19:34:16.149Z] Executing 04_constraints.sql batch 41.
[2026-07-24T19:34:16.163Z] Executing 04_constraints.sql batch 42.
[2026-07-24T19:34:16.180Z] Executing 04_constraints.sql batch 43.
[2026-07-24T19:34:16.195Z] Executing 04_constraints.sql batch 44.
[2026-07-24T19:34:16.209Z] Executing 04_constraints.sql batch 45.
[2026-07-24T19:34:16.225Z] Executing 04_constraints.sql batch 46.
[2026-07-24T19:34:16.239Z] Executing 04_constraints.sql batch 47.
[2026-07-24T19:34:16.251Z] Executing 04_constraints.sql batch 48.
[2026-07-24T19:34:16.265Z] Executing 04_constraints.sql batch 49.
[2026-07-24T19:34:16.277Z] Executing 04_constraints.sql batch 50.
[2026-07-24T19:34:16.289Z] Executing 04_constraints.sql batch 51.
[2026-07-24T19:34:16.300Z] Executing 04_constraints.sql batch 52.
[2026-07-24T19:34:16.311Z] Executing 04_constraints.sql batch 53.
[2026-07-24T19:34:16.323Z] Executing 04_constraints.sql batch 54.
[2026-07-24T19:34:16.334Z] Executing 04_constraints.sql batch 55.
[2026-07-24T19:34:16.346Z] Executing 04_constraints.sql batch 56.
[2026-07-24T19:34:16.357Z] Executing 04_constraints.sql batch 57.
[2026-07-24T19:34:16.367Z] Executing 04_constraints.sql batch 58.
[2026-07-24T19:34:16.379Z] Executing 04_constraints.sql batch 59.
[2026-07-24T19:34:16.390Z] Executing 04_constraints.sql batch 60.
[2026-07-24T19:34:16.401Z] Executing 04_constraints.sql batch 61.
[2026-07-24T19:34:16.412Z] Executing 04_constraints.sql batch 62.
[2026-07-24T19:34:16.424Z] Executing 04_constraints.sql batch 63.
[2026-07-24T19:34:16.436Z] Executing 04_constraints.sql batch 64.
[2026-07-24T19:34:16.447Z] Executing 04_constraints.sql batch 65.
[2026-07-24T19:34:16.459Z] Executing 04_constraints.sql batch 66.
[2026-07-24T19:34:16.471Z] Executing 04_constraints.sql batch 67.
[2026-07-24T19:34:16.483Z] Executing 04_constraints.sql batch 68.
[2026-07-24T19:34:16.495Z] Executing 04_constraints.sql batch 69.
[2026-07-24T19:34:16.507Z] Executing 04_constraints.sql batch 70.
[2026-07-24T19:34:16.518Z] Executing 04_constraints.sql batch 71.
[2026-07-24T19:34:16.530Z] Executing 04_constraints.sql batch 72.
[2026-07-24T19:34:16.541Z] Executing 04_constraints.sql batch 73.
[2026-07-24T19:34:16.552Z] Executing 04_constraints.sql batch 74.
[2026-07-24T19:34:16.564Z] Executing 04_constraints.sql batch 75.
[2026-07-24T19:34:16.575Z] Executing 04_constraints.sql batch 76.
[2026-07-24T19:34:16.589Z] Executing 04_constraints.sql batch 77.
[2026-07-24T19:34:16.600Z] Executing 04_constraints.sql batch 78.
[2026-07-24T19:34:16.613Z] Executing 04_constraints.sql batch 79.
[2026-07-24T19:34:16.627Z] Executing 04_constraints.sql batch 80.
[2026-07-24T19:34:16.640Z] Executing 04_constraints.sql batch 81.
[2026-07-24T19:34:16.654Z] Executing 04_constraints.sql batch 82.
[2026-07-24T19:34:16.667Z] Executing 04_constraints.sql batch 83.
[2026-07-24T19:34:16.681Z] Executing 04_constraints.sql batch 84.
[2026-07-24T19:34:16.695Z] Executing 04_constraints.sql batch 85.
[2026-07-24T19:34:16.707Z] Executing 04_constraints.sql batch 86.
[2026-07-24T19:34:16.720Z] Executing 04_constraints.sql batch 87.
[2026-07-24T19:34:16.733Z] Executing 04_constraints.sql batch 88.
[2026-07-24T19:34:16.746Z] Executing 04_constraints.sql batch 89.
[2026-07-24T19:34:16.759Z] Executing 04_constraints.sql batch 90.
[2026-07-24T19:34:16.772Z] Executing 04_constraints.sql batch 91.
[2026-07-24T19:34:16.784Z] Executing 04_constraints.sql batch 92.
[2026-07-24T19:34:16.797Z] Executing 04_constraints.sql batch 93.
[2026-07-24T19:34:16.810Z] Executing 04_constraints.sql batch 94.
[2026-07-24T19:34:16.823Z] Executing 04_constraints.sql batch 95.
[2026-07-24T19:34:16.836Z] Executing 04_constraints.sql batch 96.
[2026-07-24T19:34:16.848Z] Executing 04_constraints.sql batch 97.
[2026-07-24T19:34:16.862Z] Executing 04_constraints.sql batch 98.
[2026-07-24T19:34:16.875Z] Executing 04_constraints.sql batch 99.
[2026-07-24T19:34:16.890Z] Executing 04_constraints.sql batch 100.
[2026-07-24T19:34:16.904Z] Executing 04_constraints.sql batch 101.
[2026-07-24T19:34:16.919Z] Executing 04_constraints.sql batch 102.
[2026-07-24T19:34:16.933Z] Executing 04_constraints.sql batch 103.
[2026-07-24T19:34:16.948Z] Executing 04_constraints.sql batch 104.
[2026-07-24T19:34:16.971Z] Executing 04_constraints.sql batch 105.
[2026-07-24T19:34:16.985Z] Executing 04_constraints.sql batch 106.
[2026-07-24T19:34:16.999Z] Executing 04_constraints.sql batch 107.
[2026-07-24T19:34:17.013Z] Executing 04_constraints.sql batch 108.
[2026-07-24T19:34:17.025Z] Executing 04_constraints.sql batch 109.
[2026-07-24T19:34:17.036Z] Executing 04_constraints.sql batch 110.
[2026-07-24T19:34:17.046Z] Executing 04_constraints.sql batch 111.
[2026-07-24T19:34:17.057Z] Executing 04_constraints.sql batch 112.
[2026-07-24T19:34:17.068Z] Executing 04_constraints.sql batch 113.
[2026-07-24T19:34:17.078Z] Executing 04_constraints.sql batch 114.
[2026-07-24T19:34:17.089Z] Executing 04_constraints.sql batch 115.
[2026-07-24T19:34:17.099Z] Executing 04_constraints.sql batch 116.
[2026-07-24T19:34:17.109Z] Executing 04_constraints.sql batch 117.
[2026-07-24T19:34:17.123Z] Executing 05_relationships.sql batch 1.
[2026-07-24T19:34:17.128Z] Executing 05_relationships.sql batch 2.
[2026-07-24T19:34:17.140Z] Executing 05_relationships.sql batch 3.
[2026-07-24T19:34:17.151Z] Executing 05_relationships.sql batch 4.
[2026-07-24T19:34:17.162Z] Executing 05_relationships.sql batch 5.
[2026-07-24T19:34:17.173Z] Executing 05_relationships.sql batch 6.
[2026-07-24T19:34:17.183Z] Executing 05_relationships.sql batch 7.
[2026-07-24T19:34:17.195Z] Executing 05_relationships.sql batch 8.
[2026-07-24T19:34:17.206Z] Executing 05_relationships.sql batch 9.
[2026-07-24T19:34:17.217Z] Executing 05_relationships.sql batch 10.
[2026-07-24T19:34:17.228Z] Executing 05_relationships.sql batch 11.
[2026-07-24T19:34:17.240Z] Executing 05_relationships.sql batch 12.
[2026-07-24T19:34:17.250Z] Executing 05_relationships.sql batch 13.
[2026-07-24T19:34:17.261Z] Executing 05_relationships.sql batch 14.
[2026-07-24T19:34:17.272Z] Executing 05_relationships.sql batch 15.
[2026-07-24T19:34:17.283Z] Executing 05_relationships.sql batch 16.
[2026-07-24T19:34:17.293Z] Executing 05_relationships.sql batch 17.
[2026-07-24T19:34:17.304Z] Executing 05_relationships.sql batch 18.
[2026-07-24T19:34:17.315Z] Executing 05_relationships.sql batch 19.
[2026-07-24T19:34:17.327Z] Executing 05_relationships.sql batch 20.
[2026-07-24T19:34:17.337Z] Executing 05_relationships.sql batch 21.
[2026-07-24T19:34:17.348Z] Executing 05_relationships.sql batch 22.
[2026-07-24T19:34:17.360Z] Executing 05_relationships.sql batch 23.
[2026-07-24T19:34:17.373Z] Executing 05_relationships.sql batch 24.
[2026-07-24T19:34:17.385Z] Executing 05_relationships.sql batch 25.
[2026-07-24T19:34:17.396Z] Executing 05_relationships.sql batch 26.
[2026-07-24T19:34:17.409Z] Executing 05_relationships.sql batch 27.
[2026-07-24T19:34:17.427Z] Executing 05_relationships.sql batch 28.
[2026-07-24T19:34:17.440Z] Executing 05_relationships.sql batch 29.
[2026-07-24T19:34:17.455Z] Executing 05_relationships.sql batch 30.
[2026-07-24T19:34:17.469Z] Executing 05_relationships.sql batch 31.
[2026-07-24T19:34:17.482Z] Executing 05_relationships.sql batch 32.
[2026-07-24T19:34:17.501Z] Executing 05_relationships.sql batch 33.
[2026-07-24T19:34:17.516Z] Executing 05_relationships.sql batch 34.
[2026-07-24T19:34:17.529Z] Executing 05_relationships.sql batch 35.
[2026-07-24T19:34:17.542Z] Executing 05_relationships.sql batch 36.
[2026-07-24T19:34:17.553Z] Executing 05_relationships.sql batch 37.
[2026-07-24T19:34:17.564Z] Executing 05_relationships.sql batch 38.
[2026-07-24T19:34:17.575Z] Executing 05_relationships.sql batch 39.
[2026-07-24T19:34:17.586Z] Executing 05_relationships.sql batch 40.
[2026-07-24T19:34:17.596Z] Executing 05_relationships.sql batch 41.
[2026-07-24T19:34:17.608Z] Executing 05_relationships.sql batch 42.
[2026-07-24T19:34:17.618Z] Executing 05_relationships.sql batch 43.
[2026-07-24T19:34:17.630Z] Executing 05_relationships.sql batch 44.
[2026-07-24T19:34:17.640Z] Executing 05_relationships.sql batch 45.
[2026-07-24T19:34:17.651Z] Executing 05_relationships.sql batch 46.
[2026-07-24T19:34:17.661Z] Executing 05_relationships.sql batch 47.
[2026-07-24T19:34:17.672Z] Executing 05_relationships.sql batch 48.
[2026-07-24T19:34:17.683Z] Executing 05_relationships.sql batch 49.
[2026-07-24T19:34:17.694Z] Executing 05_relationships.sql batch 50.
[2026-07-24T19:34:17.706Z] Executing 05_relationships.sql batch 51.
[2026-07-24T19:34:17.717Z] Executing 05_relationships.sql batch 52.
[2026-07-24T19:34:17.728Z] Executing 05_relationships.sql batch 53.
[2026-07-24T19:34:17.739Z] Executing 05_relationships.sql batch 54.
[2026-07-24T19:34:17.749Z] Executing 05_relationships.sql batch 55.
[2026-07-24T19:34:17.760Z] Executing 05_relationships.sql batch 56.
[2026-07-24T19:34:17.771Z] Executing 05_relationships.sql batch 57.
[2026-07-24T19:34:17.781Z] Executing 05_relationships.sql batch 58.
[2026-07-24T19:34:17.792Z] Executing 05_relationships.sql batch 59.
[2026-07-24T19:34:17.803Z] Executing 05_relationships.sql batch 60.
[2026-07-24T19:34:17.813Z] Executing 05_relationships.sql batch 61.
[2026-07-24T19:34:17.826Z] Executing 05_relationships.sql batch 62.
[2026-07-24T19:34:17.837Z] Executing 05_relationships.sql batch 63.
[2026-07-24T19:34:17.848Z] Executing 05_relationships.sql batch 64.
[2026-07-24T19:34:17.858Z] Executing 05_relationships.sql batch 65.
[2026-07-24T19:34:17.869Z] Executing 05_relationships.sql batch 66.
[2026-07-24T19:34:17.880Z] Executing 05_relationships.sql batch 67.
[2026-07-24T19:34:17.891Z] Executing 05_relationships.sql batch 68.
[2026-07-24T19:34:17.902Z] Executing 05_relationships.sql batch 69.
[2026-07-24T19:34:17.912Z] Executing 05_relationships.sql batch 70.
[2026-07-24T19:34:17.924Z] Executing 05_relationships.sql batch 71.
[2026-07-24T19:34:17.934Z] Executing 05_relationships.sql batch 72.
[2026-07-24T19:34:17.955Z] Executing 05_relationships.sql batch 73.
[2026-07-24T19:34:17.966Z] Executing 05_relationships.sql batch 74.
[2026-07-24T19:34:17.976Z] Executing 05_relationships.sql batch 75.
[2026-07-24T19:34:17.987Z] Executing 05_relationships.sql batch 76.
[2026-07-24T19:34:17.999Z] Executing 05_relationships.sql batch 77.
[2026-07-24T19:34:18.014Z] Executing 05_relationships.sql batch 78.
[2026-07-24T19:34:18.030Z] Executing 05_relationships.sql batch 79.
[2026-07-24T19:34:18.043Z] Executing 05_relationships.sql batch 80.
[2026-07-24T19:34:18.056Z] Executing 05_relationships.sql batch 81.
[2026-07-24T19:34:18.070Z] Executing 05_relationships.sql batch 82.
[2026-07-24T19:34:18.083Z] Executing 05_relationships.sql batch 83.
[2026-07-24T19:34:18.096Z] Executing 05_relationships.sql batch 84.
[2026-07-24T19:34:18.109Z] Executing 05_relationships.sql batch 85.
[2026-07-24T19:34:18.121Z] Executing 05_relationships.sql batch 86.
[2026-07-24T19:34:18.133Z] Executing 05_relationships.sql batch 87.
[2026-07-24T19:34:18.145Z] Executing 05_relationships.sql batch 88.
[2026-07-24T19:34:18.157Z] Executing 05_relationships.sql batch 89.
[2026-07-24T19:34:18.169Z] Executing 05_relationships.sql batch 90.
[2026-07-24T19:34:18.191Z] Executing 05_relationships.sql batch 91.
[2026-07-24T19:34:18.203Z] Executing 05_relationships.sql batch 92.
[2026-07-24T19:34:18.215Z] Executing 05_relationships.sql batch 93.
[2026-07-24T19:34:18.226Z] Executing 05_relationships.sql batch 94.
[2026-07-24T19:34:18.240Z] Executing 05_relationships.sql batch 95.
[2026-07-24T19:34:18.255Z] Executing 06_indexes.sql batch 1.
[2026-07-24T19:34:18.259Z] Executing 06_indexes.sql batch 2.
[2026-07-24T19:34:18.279Z] Executing 06_indexes.sql batch 3.
[2026-07-24T19:34:18.290Z] Executing 06_indexes.sql batch 4.
[2026-07-24T19:34:18.301Z] Executing 06_indexes.sql batch 5.
[2026-07-24T19:34:18.311Z] Executing 06_indexes.sql batch 6.
[2026-07-24T19:34:18.322Z] Executing 06_indexes.sql batch 7.
[2026-07-24T19:34:18.332Z] Executing 06_indexes.sql batch 8.
[2026-07-24T19:34:18.342Z] Executing 06_indexes.sql batch 9.
[2026-07-24T19:34:18.353Z] Executing 06_indexes.sql batch 10.
[2026-07-24T19:34:18.363Z] Executing 06_indexes.sql batch 11.
[2026-07-24T19:34:18.374Z] Executing 06_indexes.sql batch 12.
[2026-07-24T19:34:18.388Z] Executing 07_functions.sql batch 1.
[2026-07-24T19:34:18.392Z] Executing 07_functions.sql batch 2.
[2026-07-24T19:34:18.398Z] Executing 07_functions.sql batch 3.
[2026-07-24T19:34:18.404Z] Executing 07_functions.sql batch 4.
[2026-07-24T19:34:18.410Z] Executing 07_functions.sql batch 5.
[2026-07-24T19:34:18.415Z] Executing 07_functions.sql batch 6.
[2026-07-24T19:34:18.421Z] Executing 07_functions.sql batch 7.
[2026-07-24T19:34:18.426Z] Executing 07_functions.sql batch 8.
[2026-07-24T19:34:18.431Z] Executing 07_functions.sql batch 9.
[2026-07-24T19:34:18.437Z] Executing 07_functions.sql batch 10.
[2026-07-24T19:34:18.442Z] Executing 07_functions.sql batch 11.
[2026-07-24T19:34:18.451Z] Executing 08_views.sql batch 1.
[2026-07-24T19:34:18.456Z] Executing 08_views.sql batch 2.
[2026-07-24T19:34:18.461Z] Executing 08_views.sql batch 3.
[2026-07-24T19:34:18.467Z] Executing 08_views.sql batch 4.
[2026-07-24T19:34:18.473Z] Skipping 08_views.sql batch 5: legacy view vw_DyForm_ActiveDomainsUsed does not match current DyForm schema.
[2026-07-24T19:34:18.475Z] Skipping 08_views.sql batch 6: legacy view vw_DyForm_CompleteFieldMap does not match current DyForm schema.
[2026-07-24T19:34:18.476Z] Executing 08_views.sql batch 7.
[2026-07-24T19:34:18.482Z] Skipping 08_views.sql batch 8: legacy view vw_DyForm_FieldExpressions does not match current DyForm schema.
[2026-07-24T19:34:18.484Z] Skipping 08_views.sql batch 9: legacy view vw_DyForm_FieldRules does not match current DyForm schema.
[2026-07-24T19:34:18.486Z] Executing 08_views.sql batch 10.
[2026-07-24T19:34:18.491Z] Executing 08_views.sql batch 11.
[2026-07-24T19:34:18.497Z] Skipping 08_views.sql batch 12: legacy view vw_DyForm_UnusedTypesOrDomains does not match current DyForm schema.
[2026-07-24T19:34:18.500Z] Executing 08_views.sql batch 13.
[2026-07-24T19:34:18.509Z] Executing 08_views.sql batch 14.
[2026-07-24T19:34:18.515Z] Executing 08_views.sql batch 15.
[2026-07-24T19:34:18.521Z] Executing 08_views.sql batch 16.
[2026-07-24T19:34:18.529Z] Executing 08_views.sql batch 17.
[2026-07-24T19:34:18.537Z] Skipping 08_views.sql batch 18: legacy view vw_PortalModules does not match current DyForm schema.
[2026-07-24T19:34:18.539Z] Executing 08_views.sql batch 19.
[2026-07-24T19:34:18.545Z] Executing 08_views.sql batch 20.
[2026-07-24T19:34:18.551Z] Executing 08_views.sql batch 21.
[2026-07-24T19:34:18.557Z] Executing 08_views.sql batch 22.
[2026-07-24T19:34:18.563Z] Executing 08_views.sql batch 23.
[2026-07-24T19:34:18.569Z] Executing 08_views.sql batch 24.
[2026-07-24T19:34:18.574Z] Executing 08_views.sql batch 25.
[2026-07-24T19:34:18.579Z] Executing 08_views.sql batch 26.
[2026-07-24T19:34:18.585Z] Executing 08_views.sql batch 27.
[2026-07-24T19:34:18.591Z] Executing 08_views.sql batch 28.
[2026-07-24T19:34:18.596Z] Executing 08_views.sql batch 29.
[2026-07-24T19:34:18.603Z] Executing 08_views.sql batch 30.
[2026-07-24T19:34:18.608Z] Executing 08_views.sql batch 31.
[2026-07-24T19:34:18.614Z] Executing 08_views.sql batch 32.
[2026-07-24T19:34:18.620Z] Executing 08_views.sql batch 33.
[2026-07-24T19:34:18.626Z] Executing 08_views.sql batch 34.
[2026-07-24T19:34:18.631Z] Executing 08_views.sql batch 35.
[2026-07-24T19:34:18.645Z] Executing 09_stored_procedures.sql batch 1.
[2026-07-24T19:34:18.650Z] Skipping 09_stored_procedures.sql batch 2: legacy procedure AssignModuleToPortal references removed schema objects.
[2026-07-24T19:34:18.653Z] Executing 09_stored_procedures.sql batch 3.
[2026-07-24T19:34:18.658Z] Executing 09_stored_procedures.sql batch 4.
[2026-07-24T19:34:18.663Z] Executing 09_stored_procedures.sql batch 5.
[2026-07-24T19:34:18.669Z] Executing 09_stored_procedures.sql batch 6.
[2026-07-24T19:34:18.675Z] Executing 09_stored_procedures.sql batch 7.
[2026-07-24T19:34:18.681Z] Executing 09_stored_procedures.sql batch 8.
[2026-07-24T19:34:18.687Z] Executing 09_stored_procedures.sql batch 9.
[2026-07-24T19:34:18.693Z] Executing 09_stored_procedures.sql batch 10.
[2026-07-24T19:34:18.700Z] Executing 09_stored_procedures.sql batch 11.
[2026-07-24T19:34:18.706Z] Executing 09_stored_procedures.sql batch 12.
[2026-07-24T19:34:18.712Z] Executing 09_stored_procedures.sql batch 13.
[2026-07-24T19:34:18.718Z] Executing 09_stored_procedures.sql batch 14.
[2026-07-24T19:34:18.723Z] Executing 09_stored_procedures.sql batch 15.
[2026-07-24T19:34:18.728Z] Executing 09_stored_procedures.sql batch 16.
[2026-07-24T19:34:18.733Z] Executing 09_stored_procedures.sql batch 17.
[2026-07-24T19:34:18.738Z] Executing 09_stored_procedures.sql batch 18.
[2026-07-24T19:34:18.744Z] Executing 09_stored_procedures.sql batch 19.
[2026-07-24T19:34:18.750Z] Executing 09_stored_procedures.sql batch 20.
[2026-07-24T19:34:18.756Z] Executing 09_stored_procedures.sql batch 21.
[2026-07-24T19:34:18.761Z] Executing 09_stored_procedures.sql batch 22.
[2026-07-24T19:34:18.767Z] Executing 09_stored_procedures.sql batch 23.
[2026-07-24T19:34:18.772Z] Executing 09_stored_procedures.sql batch 24.
[2026-07-24T19:34:18.777Z] Executing 09_stored_procedures.sql batch 25.
[2026-07-24T19:34:18.784Z] Executing 09_stored_procedures.sql batch 26.
[2026-07-24T19:34:18.789Z] Executing 09_stored_procedures.sql batch 27.
[2026-07-24T19:34:18.795Z] Executing 09_stored_procedures.sql batch 28.
[2026-07-24T19:34:18.801Z] Executing 09_stored_procedures.sql batch 29.
[2026-07-24T19:34:18.807Z] Executing 09_stored_procedures.sql batch 30.
[2026-07-24T19:34:18.812Z] Executing 09_stored_procedures.sql batch 31.
[2026-07-24T19:34:18.818Z] Executing 09_stored_procedures.sql batch 32.
[2026-07-24T19:34:18.824Z] Executing 09_stored_procedures.sql batch 33.
[2026-07-24T19:34:18.830Z] Executing 09_stored_procedures.sql batch 34.
[2026-07-24T19:34:18.835Z] Executing 09_stored_procedures.sql batch 35.
[2026-07-24T19:34:18.840Z] Executing 09_stored_procedures.sql batch 36.
[2026-07-24T19:34:18.845Z] Executing 09_stored_procedures.sql batch 37.
[2026-07-24T19:34:18.851Z] Executing 09_stored_procedures.sql batch 38.
[2026-07-24T19:34:18.856Z] Executing 09_stored_procedures.sql batch 39.
[2026-07-24T19:34:18.862Z] Executing 09_stored_procedures.sql batch 40.
[2026-07-24T19:34:18.869Z] Executing 09_stored_procedures.sql batch 41.
[2026-07-24T19:34:18.874Z] Executing 09_stored_procedures.sql batch 42.
[2026-07-24T19:34:18.880Z] Executing 09_stored_procedures.sql batch 43.
[2026-07-24T19:34:18.886Z] Executing 09_stored_procedures.sql batch 44.
[2026-07-24T19:34:18.891Z] Executing 09_stored_procedures.sql batch 45.
[2026-07-24T19:34:18.898Z] Executing 09_stored_procedures.sql batch 46.
[2026-07-24T19:34:18.904Z] Executing 09_stored_procedures.sql batch 47.
[2026-07-24T19:34:18.909Z] Executing 09_stored_procedures.sql batch 48.
[2026-07-24T19:34:18.916Z] Executing 09_stored_procedures.sql batch 49.
[2026-07-24T19:34:18.921Z] Executing 09_stored_procedures.sql batch 50.
[2026-07-24T19:34:18.927Z] Executing 09_stored_procedures.sql batch 51.
[2026-07-24T19:34:18.933Z] Executing 09_stored_procedures.sql batch 52.
[2026-07-24T19:34:18.941Z] Executing 09_stored_procedures.sql batch 53.
[2026-07-24T19:34:18.947Z] Executing 09_stored_procedures.sql batch 54.
[2026-07-24T19:34:18.953Z] Executing 09_stored_procedures.sql batch 55.
[2026-07-24T19:34:18.958Z] Executing 09_stored_procedures.sql batch 56.
[2026-07-24T19:34:18.963Z] Executing 09_stored_procedures.sql batch 57.
[2026-07-24T19:34:18.969Z] Executing 09_stored_procedures.sql batch 58.
[2026-07-24T19:34:18.974Z] Executing 09_stored_procedures.sql batch 59.
[2026-07-24T19:34:18.980Z] Executing 09_stored_procedures.sql batch 60.
[2026-07-24T19:34:18.986Z] Executing 09_stored_procedures.sql batch 61.
[2026-07-24T19:34:18.992Z] Executing 09_stored_procedures.sql batch 62.
[2026-07-24T19:34:18.999Z] Executing 09_stored_procedures.sql batch 63.
[2026-07-24T19:34:19.007Z] Executing 09_stored_procedures.sql batch 64.
[2026-07-24T19:34:19.015Z] Executing 09_stored_procedures.sql batch 65.
[2026-07-24T19:34:19.022Z] Executing 09_stored_procedures.sql batch 66.
[2026-07-24T19:34:19.034Z] Executing 09_stored_procedures.sql batch 67.
[2026-07-24T19:34:19.041Z] Executing 09_stored_procedures.sql batch 68.
[2026-07-24T19:34:19.047Z] Executing 09_stored_procedures.sql batch 69.
[2026-07-24T19:34:19.054Z] Executing 09_stored_procedures.sql batch 70.
[2026-07-24T19:34:19.060Z] Executing 09_stored_procedures.sql batch 71.
[2026-07-24T19:34:19.068Z] Executing 09_stored_procedures.sql batch 72.
[2026-07-24T19:34:19.074Z] Executing 09_stored_procedures.sql batch 73.
[2026-07-24T19:34:19.081Z] Executing 09_stored_procedures.sql batch 74.
[2026-07-24T19:34:19.087Z] Executing 09_stored_procedures.sql batch 75.
[2026-07-24T19:34:19.093Z] Executing 09_stored_procedures.sql batch 76.
[2026-07-24T19:34:19.100Z] Executing 09_stored_procedures.sql batch 77.
[2026-07-24T19:34:19.105Z] Executing 09_stored_procedures.sql batch 78.
[2026-07-24T19:34:19.111Z] Executing 09_stored_procedures.sql batch 79.
[2026-07-24T19:34:19.118Z] Executing 09_stored_procedures.sql batch 80.
[2026-07-24T19:34:19.124Z] Executing 09_stored_procedures.sql batch 81.
[2026-07-24T19:34:19.131Z] Executing 09_stored_procedures.sql batch 82.
[2026-07-24T19:34:19.138Z] Executing 09_stored_procedures.sql batch 83.
[2026-07-24T19:34:19.146Z] Executing 09_stored_procedures.sql batch 84.
[2026-07-24T19:34:19.152Z] Executing 09_stored_procedures.sql batch 85.
[2026-07-24T19:34:19.158Z] Executing 09_stored_procedures.sql batch 86.
[2026-07-24T19:34:19.164Z] Executing 09_stored_procedures.sql batch 87.
[2026-07-24T19:34:19.170Z] Executing 09_stored_procedures.sql batch 88.
[2026-07-24T19:34:19.175Z] Executing 09_stored_procedures.sql batch 89.
[2026-07-24T19:34:19.181Z] Executing 09_stored_procedures.sql batch 90.
[2026-07-24T19:34:19.186Z] Executing 09_stored_procedures.sql batch 91.
[2026-07-24T19:34:19.192Z] Executing 09_stored_procedures.sql batch 92.
[2026-07-24T19:34:19.197Z] Executing 09_stored_procedures.sql batch 93.
[2026-07-24T19:34:19.203Z] Executing 09_stored_procedures.sql batch 94.
[2026-07-24T19:34:19.208Z] Executing 09_stored_procedures.sql batch 95.
[2026-07-24T19:34:19.214Z] Executing 09_stored_procedures.sql batch 96.
[2026-07-24T19:34:19.220Z] Executing 09_stored_procedures.sql batch 97.
[2026-07-24T19:34:19.225Z] Executing 09_stored_procedures.sql batch 98.
[2026-07-24T19:34:19.231Z] Executing 09_stored_procedures.sql batch 99.
[2026-07-24T19:34:19.237Z] Executing 09_stored_procedures.sql batch 100.
[2026-07-24T19:34:19.242Z] Executing 09_stored_procedures.sql batch 101.
[2026-07-24T19:34:19.248Z] Executing 09_stored_procedures.sql batch 102.
[2026-07-24T19:34:19.253Z] Executing 09_stored_procedures.sql batch 103.
[2026-07-24T19:34:19.259Z] Executing 09_stored_procedures.sql batch 104.
[2026-07-24T19:34:19.264Z] Executing 09_stored_procedures.sql batch 105.
[2026-07-24T19:34:19.270Z] Executing 09_stored_procedures.sql batch 106.
[2026-07-24T19:34:19.275Z] Executing 09_stored_procedures.sql batch 107.
[2026-07-24T19:34:19.281Z] Executing 09_stored_procedures.sql batch 108.
[2026-07-24T19:34:19.286Z] Executing 09_stored_procedures.sql batch 109.
[2026-07-24T19:34:19.291Z] Executing 09_stored_procedures.sql batch 110.
[2026-07-24T19:34:19.297Z] Executing 09_stored_procedures.sql batch 111.
[2026-07-24T19:34:19.302Z] Executing 09_stored_procedures.sql batch 112.
[2026-07-24T19:34:19.307Z] Executing 09_stored_procedures.sql batch 113.
[2026-07-24T19:34:19.313Z] Executing 09_stored_procedures.sql batch 114.
[2026-07-24T19:34:19.319Z] Executing 09_stored_procedures.sql batch 115.
[2026-07-24T19:34:19.324Z] Executing 09_stored_procedures.sql batch 116.
[2026-07-24T19:34:19.330Z] Executing 09_stored_procedures.sql batch 117.
[2026-07-24T19:34:19.337Z] Executing 09_stored_procedures.sql batch 118.
[2026-07-24T19:34:19.344Z] Executing 09_stored_procedures.sql batch 119.
[2026-07-24T19:34:19.352Z] Executing 09_stored_procedures.sql batch 120.
[2026-07-24T19:34:19.357Z] Executing 09_stored_procedures.sql batch 121.
[2026-07-24T19:34:19.362Z] Executing 09_stored_procedures.sql batch 122.
[2026-07-24T19:34:19.369Z] Executing 09_stored_procedures.sql batch 123.
[2026-07-24T19:34:19.374Z] Executing 09_stored_procedures.sql batch 124.
[2026-07-24T19:34:19.380Z] Executing 09_stored_procedures.sql batch 125.
[2026-07-24T19:34:19.386Z] Executing 09_stored_procedures.sql batch 126.
[2026-07-24T19:34:19.391Z] Executing 09_stored_procedures.sql batch 127.
[2026-07-24T19:34:19.396Z] Executing 09_stored_procedures.sql batch 128.
[2026-07-24T19:34:19.402Z] Executing 09_stored_procedures.sql batch 129.
[2026-07-24T19:34:19.407Z] Executing 09_stored_procedures.sql batch 130.
[2026-07-24T19:34:19.413Z] Executing 09_stored_procedures.sql batch 131.
[2026-07-24T19:34:19.419Z] Executing 09_stored_procedures.sql batch 132.
[2026-07-24T19:34:19.424Z] Executing 09_stored_procedures.sql batch 133.
[2026-07-24T19:34:19.429Z] Executing 09_stored_procedures.sql batch 134.
[2026-07-24T19:34:19.434Z] Executing 09_stored_procedures.sql batch 135.
[2026-07-24T19:34:19.441Z] Skipping 09_stored_procedures.sql batch 136: legacy procedure GenerateApiKey references removed schema objects.
[2026-07-24T19:34:19.443Z] Executing 09_stored_procedures.sql batch 137.
[2026-07-24T19:34:19.450Z] Executing 09_stored_procedures.sql batch 138.
[2026-07-24T19:34:19.455Z] Executing 09_stored_procedures.sql batch 139.
[2026-07-24T19:34:19.461Z] Skipping 09_stored_procedures.sql batch 140: legacy procedure GetAllDyFormDFormDomainss references removed schema objects.
[2026-07-24T19:34:19.463Z] Skipping 09_stored_procedures.sql batch 141: legacy procedure GetAllDyFormDFormDomainValuess references removed schema objects.
[2026-07-24T19:34:19.465Z] Skipping 09_stored_procedures.sql batch 142: legacy procedure GetAllDyFormDFormFieldRules references removed schema objects.
[2026-07-24T19:34:19.466Z] Skipping 09_stored_procedures.sql batch 143: legacy procedure GetAllDyFormDFormFields references removed schema objects.
[2026-07-24T19:34:19.468Z] Skipping 09_stored_procedures.sql batch 144: legacy procedure GetAllDyFormDForms references removed schema objects.
[2026-07-24T19:34:19.470Z] Skipping 09_stored_procedures.sql batch 145: legacy procedure GetAllDyFormDFormSections references removed schema objects.
[2026-07-24T19:34:19.471Z] Executing 09_stored_procedures.sql batch 146.
[2026-07-24T19:34:19.476Z] Executing 09_stored_procedures.sql batch 147.
[2026-07-24T19:34:19.482Z] Executing 09_stored_procedures.sql batch 148.
[2026-07-24T19:34:19.488Z] Executing 09_stored_procedures.sql batch 149.
[2026-07-24T19:34:19.493Z] Executing 09_stored_procedures.sql batch 150.
[2026-07-24T19:34:19.498Z] Executing 09_stored_procedures.sql batch 151.
[2026-07-24T19:34:19.504Z] Executing 09_stored_procedures.sql batch 152.
[2026-07-24T19:34:19.509Z] Executing 09_stored_procedures.sql batch 153.
[2026-07-24T19:34:19.515Z] Executing 09_stored_procedures.sql batch 154.
[2026-07-24T19:34:19.521Z] Executing 09_stored_procedures.sql batch 155.
[2026-07-24T19:34:19.527Z] Executing 09_stored_procedures.sql batch 156.
[2026-07-24T19:34:19.534Z] Executing 09_stored_procedures.sql batch 157.
[2026-07-24T19:34:19.540Z] Executing 09_stored_procedures.sql batch 158.
[2026-07-24T19:34:19.546Z] Executing 09_stored_procedures.sql batch 159.
[2026-07-24T19:34:19.553Z] Executing 09_stored_procedures.sql batch 160.
[2026-07-24T19:34:19.568Z] Executing 09_stored_procedures.sql batch 161.
[2026-07-24T19:34:19.574Z] Executing 09_stored_procedures.sql batch 162.
[2026-07-24T19:34:19.581Z] Executing 09_stored_procedures.sql batch 163.
[2026-07-24T19:34:19.587Z] Executing 09_stored_procedures.sql batch 164.
[2026-07-24T19:34:19.593Z] Executing 09_stored_procedures.sql batch 165.
[2026-07-24T19:34:19.601Z] Executing 09_stored_procedures.sql batch 166.
[2026-07-24T19:34:19.606Z] Executing 09_stored_procedures.sql batch 167.
[2026-07-24T19:34:19.613Z] Executing 09_stored_procedures.sql batch 168.
[2026-07-24T19:34:19.621Z] Executing 09_stored_procedures.sql batch 169.
[2026-07-24T19:34:19.628Z] Executing 09_stored_procedures.sql batch 170.
[2026-07-24T19:34:19.637Z] Executing 09_stored_procedures.sql batch 171.
[2026-07-24T19:34:19.645Z] Executing 09_stored_procedures.sql batch 172.
[2026-07-24T19:34:19.653Z] Executing 09_stored_procedures.sql batch 173.
[2026-07-24T19:34:19.659Z] Executing 09_stored_procedures.sql batch 174.
[2026-07-24T19:34:19.666Z] Executing 09_stored_procedures.sql batch 175.
[2026-07-24T19:34:19.672Z] Executing 09_stored_procedures.sql batch 176.
[2026-07-24T19:34:19.677Z] Executing 09_stored_procedures.sql batch 177.
[2026-07-24T19:34:19.685Z] Executing 09_stored_procedures.sql batch 178.
[2026-07-24T19:34:19.691Z] Executing 09_stored_procedures.sql batch 179.
[2026-07-24T19:34:19.698Z] Executing 09_stored_procedures.sql batch 180.
[2026-07-24T19:34:19.705Z] Executing 09_stored_procedures.sql batch 181.
[2026-07-24T19:34:19.711Z] Executing 09_stored_procedures.sql batch 182.
[2026-07-24T19:34:19.717Z] Executing 09_stored_procedures.sql batch 183.
[2026-07-24T19:34:19.723Z] Executing 09_stored_procedures.sql batch 184.
[2026-07-24T19:34:19.729Z] Executing 09_stored_procedures.sql batch 185.
[2026-07-24T19:34:19.735Z] Executing 09_stored_procedures.sql batch 186.
[2026-07-24T19:34:19.741Z] Executing 09_stored_procedures.sql batch 187.
[2026-07-24T19:34:19.748Z] Executing 09_stored_procedures.sql batch 188.
[2026-07-24T19:34:19.754Z] Executing 09_stored_procedures.sql batch 189.
[2026-07-24T19:34:19.760Z] Executing 09_stored_procedures.sql batch 190.
[2026-07-24T19:34:19.766Z] Executing 09_stored_procedures.sql batch 191.
[2026-07-24T19:34:19.772Z] Executing 09_stored_procedures.sql batch 192.
[2026-07-24T19:34:19.778Z] Executing 09_stored_procedures.sql batch 193.
[2026-07-24T19:34:19.785Z] Executing 09_stored_procedures.sql batch 194.
[2026-07-24T19:34:19.790Z] Executing 09_stored_procedures.sql batch 195.
[2026-07-24T19:34:19.797Z] Executing 09_stored_procedures.sql batch 196.
[2026-07-24T19:34:19.804Z] Executing 09_stored_procedures.sql batch 197.
[2026-07-24T19:34:19.809Z] Executing 09_stored_procedures.sql batch 198.
[2026-07-24T19:34:19.815Z] Executing 09_stored_procedures.sql batch 199.
[2026-07-24T19:34:19.821Z] Executing 09_stored_procedures.sql batch 200.
[2026-07-24T19:34:19.826Z] Executing 09_stored_procedures.sql batch 201.
[2026-07-24T19:34:19.832Z] Executing 09_stored_procedures.sql batch 202.
[2026-07-24T19:34:19.837Z] Executing 09_stored_procedures.sql batch 203.
[2026-07-24T19:34:19.843Z] Executing 09_stored_procedures.sql batch 204.
[2026-07-24T19:34:19.849Z] ERROR in 09_stored_procedures.sql batch 204: Invalid column name 'SortOrder'. | Invalid column name 'SectionID'.
[2026-07-24T19:34:20.038Z] Transaction rolled back.
[2026-07-24T19:34:20.041Z] SQL connection closed.
