[2026-07-24T19:21:57.484Z] Install started for core database skylynx_install_probe on host.docker.internal:1433.
[2026-07-24T19:21:57.487Z] Schema files: 01_schemas.sql, 02_types.sql, 03_tables.sql, 04_constraints.sql, 05_relationships.sql, 06_indexes.sql, 07_functions.sql, 08_views.sql, 09_stored_procedures.sql, 10_triggers.sql
[2026-07-24T19:21:57.490Z] Seed files: 001_Payments.Provider.sql, 002_Payments.Webhook.sql, 003_dbo.AspNetRoles.sql, 004_dbo.AspNetUsers.sql, 005_dbo.DyForm.sql, 006_dbo.DyFormDataSourceDefinition.sql, 007_dbo.DyFormDomainType.sql, 008_dbo.DyFormFieldType.sql, 009_dbo.DyFormResolverContext.sql, 010_dbo.DyFormResolverType.sql, 011_dbo.DyFormRuleSyntax.sql, 012_dbo.DyFormRuleType.sql, 013_dbo.DyFormSection.sql, 014_dbo.DyFormViewModelDefinition.sql, 015_dbo.ISO6391_Languages.sql, 016_dbo.LayoutTypes.sql, 017_dbo.OwnerTypes.sql, 018_dbo.Portals.sql, 019_dbo.ProfileProviders.sql, 020_dbo.ProtosDataModelDefinition.sql, 021_dbo.ProtosTargetType.sql, 022_dbo.ProtosTemplate.sql, 023_dbo.ProtosTemplateStatus.sql, 024_dbo.ProviderProfileFieldType.sql, 025_dbo.ResolverTypes.sql, 026_dbo.Resolvers.sql, 027_dbo.StateProvinces.sql, 028_dbo.StyledTypes.sql, 029_dbo.SystemFileTypes.sql, 030_dbo.SystemLogs.sql, 031_dbo.SystemValueTypes.sql, 032_dbo.ThemeDefinitions.sql, 033_Payments.Intent.sql, 034_Payments.ProviderSecret.sql, 035_dbo.API_Owners.sql, 036_dbo.Address.sql, 037_dbo.AspNetUserClaims.sql, 038_dbo.AspNetUserLogins.sql, 039_dbo.AspNetUserRoles.sql, 040_dbo.AspNetUserTokens.sql, 041_dbo.BankAccounts.sql, 042_dbo.CustomerProfile_Providers.sql, 043_dbo.DyFormDomains.sql, 044_dbo.DyFormExpression.sql, 045_dbo.DyFormFieldRule.sql, 046_dbo.DyFormSectionResolvers.sql, 047_dbo.DyFormSections.sql, 048_dbo.DyFormViewModelLineage.sql, 049_dbo.Layouts.sql, 050_dbo.Modules.sql, 051_dbo.PageDefinition.sql, 052_dbo.PaymentMethods.sql, 053_dbo.PortalOwners.sql, 054_dbo.PortalProfileProviders.sql, 055_dbo.PortalRoles.sql, 056_dbo.ProtosTemplateVersion.sql, 057_dbo.ProviderProfileFields.sql, 058_dbo.SubscriptionPlans.sql, 059_Payments.TargetLink.sql, 060_Payments.Txn.sql, 061_dbo.API_KEYS.sql, 062_dbo.DefaultUserRoles.sql, 063_dbo.DyFormDomainValues.sql, 064_dbo.DyFormField.sql, 065_dbo.DyFormRuleDefinition.sql, 066_dbo.PortalPageModules.sql, 067_dbo.ProtosTemplateLineage.sql, 068_dbo.ProtosTemplateLink.sql, 069_dbo.ProtosTemplateTree.sql, 070_dbo.SettingKeys.sql, 071_dbo.SkyLynxConfig_PackagedModules.sql, 072_dbo.Transactions.sql, 073_dbo.UserProfiles.sql, 074_dbo.UserProviderProfiles.sql, 075_dbo.DyFormFieldSectionDefinition.sql, 076_dbo.DyFormRuleTarget.sql, 077_dbo.GlobalModuleSettings.sql, 078_dbo.GlobalPortalSettings.sql, 079_dbo.ModuleSettings.sql, 080_dbo.PortalSettings.sql, 081_dbo.ProtosViewModelDefinition.sql, 082_dbo.SkyLynxConfig_PackagedManifest.sql
[2026-07-24T19:21:57.547Z] Transaction started.
[2026-07-24T19:21:57.557Z] Executing 01_schemas.sql batch 1.
[2026-07-24T19:21:57.565Z] Executing 01_schemas.sql batch 2.
[2026-07-24T19:21:57.579Z] Executing 02_types.sql batch 1.
[2026-07-24T19:21:57.585Z] Executing 02_types.sql batch 2.
[2026-07-24T19:21:57.596Z] Executing 02_types.sql batch 3.
[2026-07-24T19:21:57.606Z] Executing 02_types.sql batch 4.
[2026-07-24T19:21:57.616Z] Executing 02_types.sql batch 5.
[2026-07-24T19:21:57.635Z] Executing 03_tables.sql batch 1.
[2026-07-24T19:21:57.641Z] Executing 03_tables.sql batch 2.
[2026-07-24T19:21:57.651Z] Executing 03_tables.sql batch 3.
[2026-07-24T19:21:57.663Z] Executing 03_tables.sql batch 4.
[2026-07-24T19:21:57.673Z] Executing 03_tables.sql batch 5.
[2026-07-24T19:21:57.682Z] Executing 03_tables.sql batch 6.
[2026-07-24T19:21:57.690Z] Executing 03_tables.sql batch 7.
[2026-07-24T19:21:57.698Z] Executing 03_tables.sql batch 8.
[2026-07-24T19:21:57.705Z] Executing 03_tables.sql batch 9.
[2026-07-24T19:21:57.716Z] Executing 03_tables.sql batch 10.
[2026-07-24T19:21:57.728Z] Executing 03_tables.sql batch 11.
[2026-07-24T19:21:57.739Z] Executing 03_tables.sql batch 12.
[2026-07-24T19:21:57.747Z] Executing 03_tables.sql batch 13.
[2026-07-24T19:21:57.755Z] Executing 03_tables.sql batch 14.
[2026-07-24T19:21:57.763Z] Executing 03_tables.sql batch 15.
[2026-07-24T19:21:57.771Z] Executing 03_tables.sql batch 16.
[2026-07-24T19:21:57.779Z] Executing 03_tables.sql batch 17.
[2026-07-24T19:21:57.787Z] Executing 03_tables.sql batch 18.
[2026-07-24T19:21:57.795Z] Executing 03_tables.sql batch 19.
[2026-07-24T19:21:57.803Z] Executing 03_tables.sql batch 20.
[2026-07-24T19:21:57.812Z] Executing 03_tables.sql batch 21.
[2026-07-24T19:21:57.821Z] Executing 03_tables.sql batch 22.
[2026-07-24T19:21:57.829Z] Executing 03_tables.sql batch 23.
[2026-07-24T19:21:57.836Z] Executing 03_tables.sql batch 24.
[2026-07-24T19:21:57.844Z] Executing 03_tables.sql batch 25.
[2026-07-24T19:21:57.850Z] Executing 03_tables.sql batch 26.
[2026-07-24T19:21:57.858Z] Executing 03_tables.sql batch 27.
[2026-07-24T19:21:57.866Z] Executing 03_tables.sql batch 28.
[2026-07-24T19:21:57.873Z] Executing 03_tables.sql batch 29.
[2026-07-24T19:21:57.880Z] Executing 03_tables.sql batch 30.
[2026-07-24T19:21:57.888Z] Executing 03_tables.sql batch 31.
[2026-07-24T19:21:57.895Z] Executing 03_tables.sql batch 32.
[2026-07-24T19:21:57.901Z] Executing 03_tables.sql batch 33.
[2026-07-24T19:21:57.906Z] Executing 03_tables.sql batch 34.
[2026-07-24T19:21:57.913Z] Executing 03_tables.sql batch 35.
[2026-07-24T19:21:57.920Z] Executing 03_tables.sql batch 36.
[2026-07-24T19:21:57.927Z] Executing 03_tables.sql batch 37.
[2026-07-24T19:21:57.934Z] Executing 03_tables.sql batch 38.
[2026-07-24T19:21:57.943Z] Executing 03_tables.sql batch 39.
[2026-07-24T19:21:57.949Z] Executing 03_tables.sql batch 40.
[2026-07-24T19:21:57.955Z] Executing 03_tables.sql batch 41.
[2026-07-24T19:21:57.962Z] Executing 03_tables.sql batch 42.
[2026-07-24T19:21:57.968Z] Executing 03_tables.sql batch 43.
[2026-07-24T19:21:57.975Z] Executing 03_tables.sql batch 44.
[2026-07-24T19:21:57.981Z] Executing 03_tables.sql batch 45.
[2026-07-24T19:21:57.988Z] Executing 03_tables.sql batch 46.
[2026-07-24T19:21:57.995Z] Executing 03_tables.sql batch 47.
[2026-07-24T19:21:58.002Z] Executing 03_tables.sql batch 48.
[2026-07-24T19:21:58.010Z] Executing 03_tables.sql batch 49.
[2026-07-24T19:21:58.017Z] Executing 03_tables.sql batch 50.
[2026-07-24T19:21:58.023Z] Executing 03_tables.sql batch 51.
[2026-07-24T19:21:58.030Z] Executing 03_tables.sql batch 52.
[2026-07-24T19:21:58.037Z] Executing 03_tables.sql batch 53.
[2026-07-24T19:21:58.044Z] Executing 03_tables.sql batch 54.
[2026-07-24T19:21:58.051Z] Executing 03_tables.sql batch 55.
[2026-07-24T19:21:58.058Z] Executing 03_tables.sql batch 56.
[2026-07-24T19:21:58.065Z] Executing 03_tables.sql batch 57.
[2026-07-24T19:21:58.073Z] Executing 03_tables.sql batch 58.
[2026-07-24T19:21:58.080Z] Executing 03_tables.sql batch 59.
[2026-07-24T19:21:58.088Z] Executing 03_tables.sql batch 60.
[2026-07-24T19:21:58.097Z] Executing 03_tables.sql batch 61.
[2026-07-24T19:21:58.105Z] Executing 03_tables.sql batch 62.
[2026-07-24T19:21:58.113Z] Executing 03_tables.sql batch 63.
[2026-07-24T19:21:58.121Z] Executing 03_tables.sql batch 64.
[2026-07-24T19:21:58.128Z] Executing 03_tables.sql batch 65.
[2026-07-24T19:21:58.135Z] Executing 03_tables.sql batch 66.
[2026-07-24T19:21:58.143Z] Executing 03_tables.sql batch 67.
[2026-07-24T19:21:58.151Z] Executing 03_tables.sql batch 68.
[2026-07-24T19:21:58.160Z] Executing 03_tables.sql batch 69.
[2026-07-24T19:21:58.167Z] Executing 03_tables.sql batch 70.
[2026-07-24T19:21:58.177Z] Executing 03_tables.sql batch 71.
[2026-07-24T19:21:58.183Z] Executing 03_tables.sql batch 72.
[2026-07-24T19:21:58.191Z] Executing 03_tables.sql batch 73.
[2026-07-24T19:21:58.199Z] Executing 03_tables.sql batch 74.
[2026-07-24T19:21:58.206Z] Executing 03_tables.sql batch 75.
[2026-07-24T19:21:58.214Z] Executing 03_tables.sql batch 76.
[2026-07-24T19:21:58.220Z] Executing 03_tables.sql batch 77.
[2026-07-24T19:21:58.226Z] Executing 03_tables.sql batch 78.
[2026-07-24T19:21:58.232Z] Executing 03_tables.sql batch 79.
[2026-07-24T19:21:58.238Z] Executing 03_tables.sql batch 80.
[2026-07-24T19:21:58.244Z] Executing 03_tables.sql batch 81.
[2026-07-24T19:21:58.249Z] Executing 03_tables.sql batch 82.
[2026-07-24T19:21:58.254Z] Executing 03_tables.sql batch 83.
[2026-07-24T19:21:58.265Z] Executing 04_constraints.sql batch 1.
[2026-07-24T19:21:58.268Z] Executing 04_constraints.sql batch 2.
[2026-07-24T19:21:58.281Z] Executing 04_constraints.sql batch 3.
[2026-07-24T19:21:58.294Z] Executing 04_constraints.sql batch 4.
[2026-07-24T19:21:58.308Z] Executing 04_constraints.sql batch 5.
[2026-07-24T19:21:58.321Z] Executing 04_constraints.sql batch 6.
[2026-07-24T19:21:58.334Z] Executing 04_constraints.sql batch 7.
[2026-07-24T19:21:58.346Z] Executing 04_constraints.sql batch 8.
[2026-07-24T19:21:58.358Z] Executing 04_constraints.sql batch 9.
[2026-07-24T19:21:58.369Z] Executing 04_constraints.sql batch 10.
[2026-07-24T19:21:58.381Z] Executing 04_constraints.sql batch 11.
[2026-07-24T19:21:58.392Z] Executing 04_constraints.sql batch 12.
[2026-07-24T19:21:58.404Z] Executing 04_constraints.sql batch 13.
[2026-07-24T19:21:58.416Z] Executing 04_constraints.sql batch 14.
[2026-07-24T19:21:58.427Z] Executing 04_constraints.sql batch 15.
[2026-07-24T19:21:58.438Z] Executing 04_constraints.sql batch 16.
[2026-07-24T19:21:58.449Z] Executing 04_constraints.sql batch 17.
[2026-07-24T19:21:58.460Z] Executing 04_constraints.sql batch 18.
[2026-07-24T19:21:58.471Z] Executing 04_constraints.sql batch 19.
[2026-07-24T19:21:58.482Z] Executing 04_constraints.sql batch 20.
[2026-07-24T19:21:58.494Z] Executing 04_constraints.sql batch 21.
[2026-07-24T19:21:58.505Z] Executing 04_constraints.sql batch 22.
[2026-07-24T19:21:58.517Z] Executing 04_constraints.sql batch 23.
[2026-07-24T19:21:58.529Z] Executing 04_constraints.sql batch 24.
[2026-07-24T19:21:58.541Z] Executing 04_constraints.sql batch 25.
[2026-07-24T19:21:58.552Z] Executing 04_constraints.sql batch 26.
[2026-07-24T19:21:58.564Z] Executing 04_constraints.sql batch 27.
[2026-07-24T19:21:58.574Z] Executing 04_constraints.sql batch 28.
[2026-07-24T19:21:58.586Z] Executing 04_constraints.sql batch 29.
[2026-07-24T19:21:58.598Z] Executing 04_constraints.sql batch 30.
[2026-07-24T19:21:58.611Z] Executing 04_constraints.sql batch 31.
[2026-07-24T19:21:58.621Z] Executing 04_constraints.sql batch 32.
[2026-07-24T19:21:58.633Z] Executing 04_constraints.sql batch 33.
[2026-07-24T19:21:58.645Z] Executing 04_constraints.sql batch 34.
[2026-07-24T19:21:58.655Z] Executing 04_constraints.sql batch 35.
[2026-07-24T19:21:58.668Z] Executing 04_constraints.sql batch 36.
[2026-07-24T19:21:58.679Z] Executing 04_constraints.sql batch 37.
[2026-07-24T19:21:58.694Z] Executing 04_constraints.sql batch 38.
[2026-07-24T19:21:58.709Z] Executing 04_constraints.sql batch 39.
[2026-07-24T19:21:58.723Z] Executing 04_constraints.sql batch 40.
[2026-07-24T19:21:58.736Z] Executing 04_constraints.sql batch 41.
[2026-07-24T19:21:58.750Z] Executing 04_constraints.sql batch 42.
[2026-07-24T19:21:58.763Z] Executing 04_constraints.sql batch 43.
[2026-07-24T19:21:58.776Z] Executing 04_constraints.sql batch 44.
[2026-07-24T19:21:58.788Z] Executing 04_constraints.sql batch 45.
[2026-07-24T19:21:58.799Z] Executing 04_constraints.sql batch 46.
[2026-07-24T19:21:58.811Z] Executing 04_constraints.sql batch 47.
[2026-07-24T19:21:58.823Z] Executing 04_constraints.sql batch 48.
[2026-07-24T19:21:58.835Z] Executing 04_constraints.sql batch 49.
[2026-07-24T19:21:58.846Z] Executing 04_constraints.sql batch 50.
[2026-07-24T19:21:58.858Z] Executing 04_constraints.sql batch 51.
[2026-07-24T19:21:58.870Z] Executing 04_constraints.sql batch 52.
[2026-07-24T19:21:58.882Z] Executing 04_constraints.sql batch 53.
[2026-07-24T19:21:58.894Z] Executing 04_constraints.sql batch 54.
[2026-07-24T19:21:58.906Z] Executing 04_constraints.sql batch 55.
[2026-07-24T19:21:58.917Z] Executing 04_constraints.sql batch 56.
[2026-07-24T19:21:58.929Z] Executing 04_constraints.sql batch 57.
[2026-07-24T19:21:58.941Z] Executing 04_constraints.sql batch 58.
[2026-07-24T19:21:58.953Z] Executing 04_constraints.sql batch 59.
[2026-07-24T19:21:58.964Z] Executing 04_constraints.sql batch 60.
[2026-07-24T19:21:58.976Z] Executing 04_constraints.sql batch 61.
[2026-07-24T19:21:58.987Z] Executing 04_constraints.sql batch 62.
[2026-07-24T19:21:58.999Z] Executing 04_constraints.sql batch 63.
[2026-07-24T19:21:59.011Z] Executing 04_constraints.sql batch 64.
[2026-07-24T19:21:59.022Z] Executing 04_constraints.sql batch 65.
[2026-07-24T19:21:59.034Z] Executing 04_constraints.sql batch 66.
[2026-07-24T19:21:59.046Z] Executing 04_constraints.sql batch 67.
[2026-07-24T19:21:59.057Z] Executing 04_constraints.sql batch 68.
[2026-07-24T19:21:59.069Z] Executing 04_constraints.sql batch 69.
[2026-07-24T19:21:59.081Z] Executing 04_constraints.sql batch 70.
[2026-07-24T19:21:59.095Z] Executing 04_constraints.sql batch 71.
[2026-07-24T19:21:59.112Z] Executing 04_constraints.sql batch 72.
[2026-07-24T19:21:59.127Z] Executing 04_constraints.sql batch 73.
[2026-07-24T19:21:59.145Z] Executing 04_constraints.sql batch 74.
[2026-07-24T19:21:59.163Z] Executing 04_constraints.sql batch 75.
[2026-07-24T19:21:59.180Z] Executing 04_constraints.sql batch 76.
[2026-07-24T19:21:59.196Z] Executing 04_constraints.sql batch 77.
[2026-07-24T19:21:59.213Z] Executing 04_constraints.sql batch 78.
[2026-07-24T19:21:59.230Z] Executing 04_constraints.sql batch 79.
[2026-07-24T19:21:59.247Z] Executing 04_constraints.sql batch 80.
[2026-07-24T19:21:59.263Z] Executing 04_constraints.sql batch 81.
[2026-07-24T19:21:59.282Z] Executing 04_constraints.sql batch 82.
[2026-07-24T19:21:59.299Z] Executing 04_constraints.sql batch 83.
[2026-07-24T19:21:59.314Z] Executing 04_constraints.sql batch 84.
[2026-07-24T19:21:59.329Z] Executing 04_constraints.sql batch 85.
[2026-07-24T19:21:59.344Z] Executing 04_constraints.sql batch 86.
[2026-07-24T19:21:59.359Z] Executing 04_constraints.sql batch 87.
[2026-07-24T19:21:59.378Z] Executing 04_constraints.sql batch 88.
[2026-07-24T19:21:59.395Z] Executing 04_constraints.sql batch 89.
[2026-07-24T19:21:59.410Z] Executing 04_constraints.sql batch 90.
[2026-07-24T19:21:59.426Z] Executing 04_constraints.sql batch 91.
[2026-07-24T19:21:59.442Z] Executing 04_constraints.sql batch 92.
[2026-07-24T19:21:59.457Z] Executing 04_constraints.sql batch 93.
[2026-07-24T19:21:59.471Z] Executing 04_constraints.sql batch 94.
[2026-07-24T19:21:59.484Z] Executing 04_constraints.sql batch 95.
[2026-07-24T19:21:59.497Z] Executing 04_constraints.sql batch 96.
[2026-07-24T19:21:59.511Z] Executing 04_constraints.sql batch 97.
[2026-07-24T19:21:59.525Z] Executing 04_constraints.sql batch 98.
[2026-07-24T19:21:59.538Z] Executing 04_constraints.sql batch 99.
[2026-07-24T19:21:59.551Z] Executing 04_constraints.sql batch 100.
[2026-07-24T19:21:59.565Z] Executing 04_constraints.sql batch 101.
[2026-07-24T19:21:59.578Z] Executing 04_constraints.sql batch 102.
[2026-07-24T19:21:59.591Z] Executing 04_constraints.sql batch 103.
[2026-07-24T19:21:59.604Z] Executing 04_constraints.sql batch 104.
[2026-07-24T19:21:59.619Z] Executing 04_constraints.sql batch 105.
[2026-07-24T19:21:59.631Z] Executing 04_constraints.sql batch 106.
[2026-07-24T19:21:59.645Z] Executing 04_constraints.sql batch 107.
[2026-07-24T19:21:59.659Z] Executing 04_constraints.sql batch 108.
[2026-07-24T19:21:59.670Z] Executing 04_constraints.sql batch 109.
[2026-07-24T19:21:59.681Z] Executing 04_constraints.sql batch 110.
[2026-07-24T19:21:59.692Z] Executing 04_constraints.sql batch 111.
[2026-07-24T19:21:59.705Z] Executing 04_constraints.sql batch 112.
[2026-07-24T19:21:59.716Z] Executing 04_constraints.sql batch 113.
[2026-07-24T19:21:59.729Z] Executing 04_constraints.sql batch 114.
[2026-07-24T19:21:59.745Z] Executing 04_constraints.sql batch 115.
[2026-07-24T19:21:59.761Z] Executing 04_constraints.sql batch 116.
[2026-07-24T19:21:59.775Z] Executing 04_constraints.sql batch 117.
[2026-07-24T19:21:59.796Z] Executing 05_relationships.sql batch 1.
[2026-07-24T19:21:59.802Z] Executing 05_relationships.sql batch 2.
[2026-07-24T19:21:59.818Z] Executing 05_relationships.sql batch 3.
[2026-07-24T19:21:59.833Z] Executing 05_relationships.sql batch 4.
[2026-07-24T19:21:59.848Z] Executing 05_relationships.sql batch 5.
[2026-07-24T19:21:59.862Z] Executing 05_relationships.sql batch 6.
[2026-07-24T19:21:59.880Z] Executing 05_relationships.sql batch 7.
[2026-07-24T19:21:59.901Z] Executing 05_relationships.sql batch 8.
[2026-07-24T19:21:59.915Z] Executing 05_relationships.sql batch 9.
[2026-07-24T19:21:59.934Z] Executing 05_relationships.sql batch 10.
[2026-07-24T19:21:59.947Z] Executing 05_relationships.sql batch 11.
[2026-07-24T19:21:59.962Z] Executing 05_relationships.sql batch 12.
[2026-07-24T19:21:59.976Z] Executing 05_relationships.sql batch 13.
[2026-07-24T19:21:59.989Z] Executing 05_relationships.sql batch 14.
[2026-07-24T19:22:00.002Z] Executing 05_relationships.sql batch 15.
[2026-07-24T19:22:00.021Z] Executing 05_relationships.sql batch 16.
[2026-07-24T19:22:00.035Z] Executing 05_relationships.sql batch 17.
[2026-07-24T19:22:00.051Z] Executing 05_relationships.sql batch 18.
[2026-07-24T19:22:00.065Z] Executing 05_relationships.sql batch 19.
[2026-07-24T19:22:00.079Z] Executing 05_relationships.sql batch 20.
[2026-07-24T19:22:00.094Z] Executing 05_relationships.sql batch 21.
[2026-07-24T19:22:00.107Z] Executing 05_relationships.sql batch 22.
[2026-07-24T19:22:00.123Z] Executing 05_relationships.sql batch 23.
[2026-07-24T19:22:00.135Z] Executing 05_relationships.sql batch 24.
[2026-07-24T19:22:00.148Z] Executing 05_relationships.sql batch 25.
[2026-07-24T19:22:00.164Z] Executing 05_relationships.sql batch 26.
[2026-07-24T19:22:00.178Z] Executing 05_relationships.sql batch 27.
[2026-07-24T19:22:00.193Z] Executing 05_relationships.sql batch 28.
[2026-07-24T19:22:00.207Z] Executing 05_relationships.sql batch 29.
[2026-07-24T19:22:00.221Z] Executing 05_relationships.sql batch 30.
[2026-07-24T19:22:00.233Z] Executing 05_relationships.sql batch 31.
[2026-07-24T19:22:00.245Z] Executing 05_relationships.sql batch 32.
[2026-07-24T19:22:00.257Z] Executing 05_relationships.sql batch 33.
[2026-07-24T19:22:00.269Z] Executing 05_relationships.sql batch 34.
[2026-07-24T19:22:00.284Z] Executing 05_relationships.sql batch 35.
[2026-07-24T19:22:00.304Z] Executing 05_relationships.sql batch 36.
[2026-07-24T19:22:00.358Z] Executing 05_relationships.sql batch 37.
[2026-07-24T19:22:00.402Z] Executing 05_relationships.sql batch 38.
[2026-07-24T19:22:00.467Z] Executing 05_relationships.sql batch 39.
[2026-07-24T19:22:00.514Z] Executing 05_relationships.sql batch 40.
[2026-07-24T19:22:00.535Z] Executing 05_relationships.sql batch 41.
[2026-07-24T19:22:00.566Z] Executing 05_relationships.sql batch 42.
[2026-07-24T19:22:00.584Z] Executing 05_relationships.sql batch 43.
[2026-07-24T19:22:00.606Z] Executing 05_relationships.sql batch 44.
[2026-07-24T19:22:00.622Z] Executing 05_relationships.sql batch 45.
[2026-07-24T19:22:00.640Z] Executing 05_relationships.sql batch 46.
[2026-07-24T19:22:00.657Z] Executing 05_relationships.sql batch 47.
[2026-07-24T19:22:00.669Z] Executing 05_relationships.sql batch 48.
[2026-07-24T19:22:00.682Z] Executing 05_relationships.sql batch 49.
[2026-07-24T19:22:00.694Z] Executing 05_relationships.sql batch 50.
[2026-07-24T19:22:00.705Z] Executing 05_relationships.sql batch 51.
[2026-07-24T19:22:00.717Z] Executing 05_relationships.sql batch 52.
[2026-07-24T19:22:00.729Z] Executing 05_relationships.sql batch 53.
[2026-07-24T19:22:00.741Z] Executing 05_relationships.sql batch 54.
[2026-07-24T19:22:00.754Z] Executing 05_relationships.sql batch 55.
[2026-07-24T19:22:00.766Z] Executing 05_relationships.sql batch 56.
[2026-07-24T19:22:00.779Z] Executing 05_relationships.sql batch 57.
[2026-07-24T19:22:00.792Z] Executing 05_relationships.sql batch 58.
[2026-07-24T19:22:00.806Z] Executing 05_relationships.sql batch 59.
[2026-07-24T19:22:00.820Z] Executing 05_relationships.sql batch 60.
[2026-07-24T19:22:00.834Z] Executing 05_relationships.sql batch 61.
[2026-07-24T19:22:00.847Z] Executing 05_relationships.sql batch 62.
[2026-07-24T19:22:00.858Z] Executing 05_relationships.sql batch 63.
[2026-07-24T19:22:00.871Z] Executing 05_relationships.sql batch 64.
[2026-07-24T19:22:00.883Z] Executing 05_relationships.sql batch 65.
[2026-07-24T19:22:00.894Z] Executing 05_relationships.sql batch 66.
[2026-07-24T19:22:00.905Z] Executing 05_relationships.sql batch 67.
[2026-07-24T19:22:00.916Z] Executing 05_relationships.sql batch 68.
[2026-07-24T19:22:00.927Z] Executing 05_relationships.sql batch 69.
[2026-07-24T19:22:00.939Z] Executing 05_relationships.sql batch 70.
[2026-07-24T19:22:00.950Z] Executing 05_relationships.sql batch 71.
[2026-07-24T19:22:00.962Z] Executing 05_relationships.sql batch 72.
[2026-07-24T19:22:00.974Z] Executing 05_relationships.sql batch 73.
[2026-07-24T19:22:00.985Z] Executing 05_relationships.sql batch 74.
[2026-07-24T19:22:00.996Z] Executing 05_relationships.sql batch 75.
[2026-07-24T19:22:01.007Z] Executing 05_relationships.sql batch 76.
[2026-07-24T19:22:01.017Z] Executing 05_relationships.sql batch 77.
[2026-07-24T19:22:01.028Z] Executing 05_relationships.sql batch 78.
[2026-07-24T19:22:01.038Z] Executing 05_relationships.sql batch 79.
[2026-07-24T19:22:01.047Z] Executing 05_relationships.sql batch 80.
[2026-07-24T19:22:01.057Z] Executing 05_relationships.sql batch 81.
[2026-07-24T19:22:01.066Z] Executing 05_relationships.sql batch 82.
[2026-07-24T19:22:01.077Z] Executing 05_relationships.sql batch 83.
[2026-07-24T19:22:01.087Z] Executing 05_relationships.sql batch 84.
[2026-07-24T19:22:01.097Z] Executing 05_relationships.sql batch 85.
[2026-07-24T19:22:01.108Z] Executing 05_relationships.sql batch 86.
[2026-07-24T19:22:01.119Z] Executing 05_relationships.sql batch 87.
[2026-07-24T19:22:01.129Z] Executing 05_relationships.sql batch 88.
[2026-07-24T19:22:01.140Z] Executing 05_relationships.sql batch 89.
[2026-07-24T19:22:01.149Z] Executing 05_relationships.sql batch 90.
[2026-07-24T19:22:01.160Z] Executing 05_relationships.sql batch 91.
[2026-07-24T19:22:01.170Z] Executing 05_relationships.sql batch 92.
[2026-07-24T19:22:01.180Z] Executing 05_relationships.sql batch 93.
[2026-07-24T19:22:01.191Z] Executing 05_relationships.sql batch 94.
[2026-07-24T19:22:01.200Z] Executing 05_relationships.sql batch 95.
[2026-07-24T19:22:01.214Z] Executing 06_indexes.sql batch 1.
[2026-07-24T19:22:01.218Z] Executing 06_indexes.sql batch 2.
[2026-07-24T19:22:01.235Z] Executing 06_indexes.sql batch 3.
[2026-07-24T19:22:01.247Z] Executing 06_indexes.sql batch 4.
[2026-07-24T19:22:01.256Z] Executing 06_indexes.sql batch 5.
[2026-07-24T19:22:01.266Z] Executing 06_indexes.sql batch 6.
[2026-07-24T19:22:01.276Z] Executing 06_indexes.sql batch 7.
[2026-07-24T19:22:01.285Z] Executing 06_indexes.sql batch 8.
[2026-07-24T19:22:01.294Z] Executing 06_indexes.sql batch 9.
[2026-07-24T19:22:01.303Z] Executing 06_indexes.sql batch 10.
[2026-07-24T19:22:01.312Z] Executing 06_indexes.sql batch 11.
[2026-07-24T19:22:01.321Z] Executing 06_indexes.sql batch 12.
[2026-07-24T19:22:01.342Z] Executing 07_functions.sql batch 1.
[2026-07-24T19:22:01.346Z] Executing 07_functions.sql batch 2.
[2026-07-24T19:22:01.351Z] Executing 07_functions.sql batch 3.
[2026-07-24T19:22:01.356Z] Executing 07_functions.sql batch 4.
[2026-07-24T19:22:01.361Z] Executing 07_functions.sql batch 5.
[2026-07-24T19:22:01.365Z] Executing 07_functions.sql batch 6.
[2026-07-24T19:22:01.369Z] Executing 07_functions.sql batch 7.
[2026-07-24T19:22:01.374Z] Executing 07_functions.sql batch 8.
[2026-07-24T19:22:01.378Z] Executing 07_functions.sql batch 9.
[2026-07-24T19:22:01.382Z] Executing 07_functions.sql batch 10.
[2026-07-24T19:22:01.387Z] Executing 07_functions.sql batch 11.
[2026-07-24T19:22:01.395Z] Executing 08_views.sql batch 1.
[2026-07-24T19:22:01.399Z] Executing 08_views.sql batch 2.
[2026-07-24T19:22:01.404Z] Executing 08_views.sql batch 3.
[2026-07-24T19:22:01.410Z] Executing 08_views.sql batch 4.
[2026-07-24T19:22:01.415Z] Skipping 08_views.sql batch 5: legacy view vw_DyForm_ActiveDomainsUsed does not match current DyForm schema.
[2026-07-24T19:22:01.416Z] Skipping 08_views.sql batch 6: legacy view vw_DyForm_CompleteFieldMap does not match current DyForm schema.
[2026-07-24T19:22:01.418Z] Executing 08_views.sql batch 7.
[2026-07-24T19:22:01.424Z] Skipping 08_views.sql batch 8: legacy view vw_DyForm_FieldExpressions does not match current DyForm schema.
[2026-07-24T19:22:01.426Z] Skipping 08_views.sql batch 9: legacy view vw_DyForm_FieldRules does not match current DyForm schema.
[2026-07-24T19:22:01.427Z] Executing 08_views.sql batch 10.
[2026-07-24T19:22:01.432Z] Executing 08_views.sql batch 11.
[2026-07-24T19:22:01.438Z] Skipping 08_views.sql batch 12: legacy view vw_DyForm_UnusedTypesOrDomains does not match current DyForm schema.
[2026-07-24T19:22:01.440Z] Executing 08_views.sql batch 13.
[2026-07-24T19:22:01.447Z] Executing 08_views.sql batch 14.
[2026-07-24T19:22:01.452Z] Executing 08_views.sql batch 15.
[2026-07-24T19:22:01.458Z] Executing 08_views.sql batch 16.
[2026-07-24T19:22:01.465Z] Executing 08_views.sql batch 17.
[2026-07-24T19:22:01.471Z] Skipping 08_views.sql batch 18: legacy view vw_PortalModules does not match current DyForm schema.
[2026-07-24T19:22:01.473Z] Executing 08_views.sql batch 19.
[2026-07-24T19:22:01.478Z] Executing 08_views.sql batch 20.
[2026-07-24T19:22:01.482Z] Executing 08_views.sql batch 21.
[2026-07-24T19:22:01.488Z] Executing 08_views.sql batch 22.
[2026-07-24T19:22:01.494Z] Executing 08_views.sql batch 23.
[2026-07-24T19:22:01.498Z] Executing 08_views.sql batch 24.
[2026-07-24T19:22:01.502Z] Executing 08_views.sql batch 25.
[2026-07-24T19:22:01.507Z] Executing 08_views.sql batch 26.
[2026-07-24T19:22:01.512Z] Executing 08_views.sql batch 27.
[2026-07-24T19:22:01.518Z] Executing 08_views.sql batch 28.
[2026-07-24T19:22:01.524Z] Executing 08_views.sql batch 29.
[2026-07-24T19:22:01.528Z] Executing 08_views.sql batch 30.
[2026-07-24T19:22:01.533Z] Executing 08_views.sql batch 31.
[2026-07-24T19:22:01.539Z] Executing 08_views.sql batch 32.
[2026-07-24T19:22:01.543Z] Executing 08_views.sql batch 33.
[2026-07-24T19:22:01.548Z] Executing 08_views.sql batch 34.
[2026-07-24T19:22:01.553Z] Executing 08_views.sql batch 35.
[2026-07-24T19:22:01.565Z] Executing 09_stored_procedures.sql batch 1.
[2026-07-24T19:22:01.569Z] Skipping 09_stored_procedures.sql batch 2: legacy procedure AssignModuleToPortal references removed schema objects.
[2026-07-24T19:22:01.571Z] Executing 09_stored_procedures.sql batch 3.
[2026-07-24T19:22:01.576Z] Executing 09_stored_procedures.sql batch 4.
[2026-07-24T19:22:01.580Z] Executing 09_stored_procedures.sql batch 5.
[2026-07-24T19:22:01.585Z] Executing 09_stored_procedures.sql batch 6.
[2026-07-24T19:22:01.590Z] Executing 09_stored_procedures.sql batch 7.
[2026-07-24T19:22:01.602Z] Executing 09_stored_procedures.sql batch 8.
[2026-07-24T19:22:01.607Z] Executing 09_stored_procedures.sql batch 9.
[2026-07-24T19:22:01.612Z] Executing 09_stored_procedures.sql batch 10.
[2026-07-24T19:22:01.618Z] Executing 09_stored_procedures.sql batch 11.
[2026-07-24T19:22:01.623Z] Executing 09_stored_procedures.sql batch 12.
[2026-07-24T19:22:01.628Z] Executing 09_stored_procedures.sql batch 13.
[2026-07-24T19:22:01.633Z] Executing 09_stored_procedures.sql batch 14.
[2026-07-24T19:22:01.639Z] Executing 09_stored_procedures.sql batch 15.
[2026-07-24T19:22:01.644Z] Executing 09_stored_procedures.sql batch 16.
[2026-07-24T19:22:01.649Z] Executing 09_stored_procedures.sql batch 17.
[2026-07-24T19:22:01.655Z] Executing 09_stored_procedures.sql batch 18.
[2026-07-24T19:22:01.660Z] Executing 09_stored_procedures.sql batch 19.
[2026-07-24T19:22:01.665Z] Executing 09_stored_procedures.sql batch 20.
[2026-07-24T19:22:01.671Z] Executing 09_stored_procedures.sql batch 21.
[2026-07-24T19:22:01.676Z] Executing 09_stored_procedures.sql batch 22.
[2026-07-24T19:22:01.680Z] Executing 09_stored_procedures.sql batch 23.
[2026-07-24T19:22:01.685Z] Executing 09_stored_procedures.sql batch 24.
[2026-07-24T19:22:01.690Z] Executing 09_stored_procedures.sql batch 25.
[2026-07-24T19:22:01.695Z] Executing 09_stored_procedures.sql batch 26.
[2026-07-24T19:22:01.699Z] Executing 09_stored_procedures.sql batch 27.
[2026-07-24T19:22:01.704Z] Executing 09_stored_procedures.sql batch 28.
[2026-07-24T19:22:01.709Z] Executing 09_stored_procedures.sql batch 29.
[2026-07-24T19:22:01.713Z] Executing 09_stored_procedures.sql batch 30.
[2026-07-24T19:22:01.718Z] Executing 09_stored_procedures.sql batch 31.
[2026-07-24T19:22:01.723Z] Executing 09_stored_procedures.sql batch 32.
[2026-07-24T19:22:01.728Z] Executing 09_stored_procedures.sql batch 33.
[2026-07-24T19:22:01.732Z] Executing 09_stored_procedures.sql batch 34.
[2026-07-24T19:22:01.737Z] Executing 09_stored_procedures.sql batch 35.
[2026-07-24T19:22:01.742Z] Executing 09_stored_procedures.sql batch 36.
[2026-07-24T19:22:01.747Z] Executing 09_stored_procedures.sql batch 37.
[2026-07-24T19:22:01.752Z] Executing 09_stored_procedures.sql batch 38.
[2026-07-24T19:22:01.757Z] Executing 09_stored_procedures.sql batch 39.
[2026-07-24T19:22:01.762Z] Executing 09_stored_procedures.sql batch 40.
[2026-07-24T19:22:01.767Z] Executing 09_stored_procedures.sql batch 41.
[2026-07-24T19:22:01.774Z] Executing 09_stored_procedures.sql batch 42.
[2026-07-24T19:22:01.779Z] Executing 09_stored_procedures.sql batch 43.
[2026-07-24T19:22:01.783Z] Executing 09_stored_procedures.sql batch 44.
[2026-07-24T19:22:01.789Z] Executing 09_stored_procedures.sql batch 45.
[2026-07-24T19:22:01.793Z] Executing 09_stored_procedures.sql batch 46.
[2026-07-24T19:22:01.799Z] Executing 09_stored_procedures.sql batch 47.
[2026-07-24T19:22:01.804Z] Executing 09_stored_procedures.sql batch 48.
[2026-07-24T19:22:01.811Z] Executing 09_stored_procedures.sql batch 49.
[2026-07-24T19:22:01.816Z] Executing 09_stored_procedures.sql batch 50.
[2026-07-24T19:22:01.822Z] Executing 09_stored_procedures.sql batch 51.
[2026-07-24T19:22:01.827Z] Executing 09_stored_procedures.sql batch 52.
[2026-07-24T19:22:01.846Z] Executing 09_stored_procedures.sql batch 53.
[2026-07-24T19:22:01.852Z] Executing 09_stored_procedures.sql batch 54.
[2026-07-24T19:22:01.857Z] Executing 09_stored_procedures.sql batch 55.
[2026-07-24T19:22:01.862Z] Executing 09_stored_procedures.sql batch 56.
[2026-07-24T19:22:01.867Z] Executing 09_stored_procedures.sql batch 57.
[2026-07-24T19:22:01.873Z] Executing 09_stored_procedures.sql batch 58.
[2026-07-24T19:22:01.878Z] Executing 09_stored_procedures.sql batch 59.
[2026-07-24T19:22:01.883Z] Executing 09_stored_procedures.sql batch 60.
[2026-07-24T19:22:01.890Z] Executing 09_stored_procedures.sql batch 61.
[2026-07-24T19:22:01.898Z] Executing 09_stored_procedures.sql batch 62.
[2026-07-24T19:22:01.904Z] Executing 09_stored_procedures.sql batch 63.
[2026-07-24T19:22:01.910Z] Executing 09_stored_procedures.sql batch 64.
[2026-07-24T19:22:01.916Z] Executing 09_stored_procedures.sql batch 65.
[2026-07-24T19:22:01.922Z] Executing 09_stored_procedures.sql batch 66.
[2026-07-24T19:22:01.943Z] Executing 09_stored_procedures.sql batch 67.
[2026-07-24T19:22:01.947Z] Executing 09_stored_procedures.sql batch 68.
[2026-07-24T19:22:01.954Z] Executing 09_stored_procedures.sql batch 69.
[2026-07-24T19:22:01.960Z] Executing 09_stored_procedures.sql batch 70.
[2026-07-24T19:22:01.965Z] Executing 09_stored_procedures.sql batch 71.
[2026-07-24T19:22:01.972Z] Executing 09_stored_procedures.sql batch 72.
[2026-07-24T19:22:01.978Z] Executing 09_stored_procedures.sql batch 73.
[2026-07-24T19:22:01.982Z] Executing 09_stored_procedures.sql batch 74.
[2026-07-24T19:22:01.988Z] Executing 09_stored_procedures.sql batch 75.
[2026-07-24T19:22:01.992Z] Executing 09_stored_procedures.sql batch 76.
[2026-07-24T19:22:01.997Z] Executing 09_stored_procedures.sql batch 77.
[2026-07-24T19:22:02.002Z] Executing 09_stored_procedures.sql batch 78.
[2026-07-24T19:22:02.007Z] Executing 09_stored_procedures.sql batch 79.
[2026-07-24T19:22:02.011Z] Executing 09_stored_procedures.sql batch 80.
[2026-07-24T19:22:02.015Z] Executing 09_stored_procedures.sql batch 81.
[2026-07-24T19:22:02.020Z] Executing 09_stored_procedures.sql batch 82.
[2026-07-24T19:22:02.025Z] Executing 09_stored_procedures.sql batch 83.
[2026-07-24T19:22:02.030Z] Executing 09_stored_procedures.sql batch 84.
[2026-07-24T19:22:02.034Z] Executing 09_stored_procedures.sql batch 85.
[2026-07-24T19:22:02.039Z] Executing 09_stored_procedures.sql batch 86.
[2026-07-24T19:22:02.044Z] Executing 09_stored_procedures.sql batch 87.
[2026-07-24T19:22:02.048Z] Executing 09_stored_procedures.sql batch 88.
[2026-07-24T19:22:02.053Z] Executing 09_stored_procedures.sql batch 89.
[2026-07-24T19:22:02.058Z] Executing 09_stored_procedures.sql batch 90.
[2026-07-24T19:22:02.062Z] Executing 09_stored_procedures.sql batch 91.
[2026-07-24T19:22:02.067Z] Executing 09_stored_procedures.sql batch 92.
[2026-07-24T19:22:02.072Z] Executing 09_stored_procedures.sql batch 93.
[2026-07-24T19:22:02.076Z] Executing 09_stored_procedures.sql batch 94.
[2026-07-24T19:22:02.081Z] Executing 09_stored_procedures.sql batch 95.
[2026-07-24T19:22:02.087Z] Executing 09_stored_procedures.sql batch 96.
[2026-07-24T19:22:02.092Z] Executing 09_stored_procedures.sql batch 97.
[2026-07-24T19:22:02.096Z] Executing 09_stored_procedures.sql batch 98.
[2026-07-24T19:22:02.101Z] Executing 09_stored_procedures.sql batch 99.
[2026-07-24T19:22:02.106Z] Executing 09_stored_procedures.sql batch 100.
[2026-07-24T19:22:02.111Z] Executing 09_stored_procedures.sql batch 101.
[2026-07-24T19:22:02.116Z] Executing 09_stored_procedures.sql batch 102.
[2026-07-24T19:22:02.121Z] Executing 09_stored_procedures.sql batch 103.
[2026-07-24T19:22:02.126Z] Executing 09_stored_procedures.sql batch 104.
[2026-07-24T19:22:02.131Z] Executing 09_stored_procedures.sql batch 105.
[2026-07-24T19:22:02.138Z] ERROR in 09_stored_procedures.sql batch 105: Invalid column name 'OwnerTypeID'.
[2026-07-24T19:22:02.286Z] Transaction rolled back.
[2026-07-24T19:22:02.288Z] SQL connection closed.
