[2026-07-24T19:36:02.301Z] Install started for core database skylynx_install_probe on host.docker.internal:1433.
[2026-07-24T19:36:02.303Z] Schema files: 01_schemas.sql, 02_types.sql, 03_tables.sql, 04_constraints.sql, 05_relationships.sql, 06_indexes.sql, 07_functions.sql, 08_views.sql, 09_stored_procedures.sql, 10_triggers.sql
[2026-07-24T19:36:02.304Z] Seed files: 001_Payments.Provider.sql, 002_Payments.Webhook.sql, 003_dbo.AspNetRoles.sql, 004_dbo.AspNetUsers.sql, 005_dbo.DyForm.sql, 006_dbo.DyFormDataSourceDefinition.sql, 007_dbo.DyFormDomainType.sql, 008_dbo.DyFormFieldType.sql, 009_dbo.DyFormResolverContext.sql, 010_dbo.DyFormResolverType.sql, 011_dbo.DyFormRuleSyntax.sql, 012_dbo.DyFormRuleType.sql, 013_dbo.DyFormSection.sql, 014_dbo.DyFormViewModelDefinition.sql, 015_dbo.ISO6391_Languages.sql, 016_dbo.LayoutTypes.sql, 017_dbo.OwnerTypes.sql, 018_dbo.Portals.sql, 019_dbo.ProfileProviders.sql, 020_dbo.ProtosDataModelDefinition.sql, 021_dbo.ProtosTargetType.sql, 022_dbo.ProtosTemplate.sql, 023_dbo.ProtosTemplateStatus.sql, 024_dbo.ProviderProfileFieldType.sql, 025_dbo.ResolverTypes.sql, 026_dbo.Resolvers.sql, 027_dbo.StateProvinces.sql, 028_dbo.StyledTypes.sql, 029_dbo.SystemFileTypes.sql, 030_dbo.SystemLogs.sql, 031_dbo.SystemValueTypes.sql, 032_dbo.ThemeDefinitions.sql, 033_Payments.Intent.sql, 034_Payments.ProviderSecret.sql, 035_dbo.API_Owners.sql, 036_dbo.Address.sql, 037_dbo.AspNetUserClaims.sql, 038_dbo.AspNetUserLogins.sql, 039_dbo.AspNetUserRoles.sql, 040_dbo.AspNetUserTokens.sql, 041_dbo.BankAccounts.sql, 042_dbo.CustomerProfile_Providers.sql, 043_dbo.DyFormDomains.sql, 044_dbo.DyFormExpression.sql, 045_dbo.DyFormFieldRule.sql, 046_dbo.DyFormSectionResolvers.sql, 047_dbo.DyFormSections.sql, 048_dbo.DyFormViewModelLineage.sql, 049_dbo.Layouts.sql, 050_dbo.Modules.sql, 051_dbo.PageDefinition.sql, 052_dbo.PaymentMethods.sql, 053_dbo.PortalOwners.sql, 054_dbo.PortalProfileProviders.sql, 055_dbo.PortalRoles.sql, 056_dbo.ProtosTemplateVersion.sql, 057_dbo.ProviderProfileFields.sql, 058_dbo.SubscriptionPlans.sql, 059_Payments.TargetLink.sql, 060_Payments.Txn.sql, 061_dbo.API_KEYS.sql, 062_dbo.DefaultUserRoles.sql, 063_dbo.DyFormDomainValues.sql, 064_dbo.DyFormField.sql, 065_dbo.DyFormRuleDefinition.sql, 066_dbo.PortalPageModules.sql, 067_dbo.ProtosTemplateLineage.sql, 068_dbo.ProtosTemplateLink.sql, 069_dbo.ProtosTemplateTree.sql, 070_dbo.SettingKeys.sql, 071_dbo.SkyLynxConfig_PackagedModules.sql, 072_dbo.Transactions.sql, 073_dbo.UserProfiles.sql, 074_dbo.UserProviderProfiles.sql, 075_dbo.DyFormFieldSectionDefinition.sql, 076_dbo.DyFormRuleTarget.sql, 077_dbo.GlobalModuleSettings.sql, 078_dbo.GlobalPortalSettings.sql, 079_dbo.ModuleSettings.sql, 080_dbo.PortalSettings.sql, 081_dbo.ProtosViewModelDefinition.sql, 082_dbo.SkyLynxConfig_PackagedManifest.sql
[2026-07-24T19:36:02.335Z] Transaction started.
[2026-07-24T19:36:02.340Z] Executing 01_schemas.sql batch 1.
[2026-07-24T19:36:02.344Z] Executing 01_schemas.sql batch 2.
[2026-07-24T19:36:02.352Z] Executing 02_types.sql batch 1.
[2026-07-24T19:36:02.356Z] Executing 02_types.sql batch 2.
[2026-07-24T19:36:02.363Z] Executing 02_types.sql batch 3.
[2026-07-24T19:36:02.369Z] Executing 02_types.sql batch 4.
[2026-07-24T19:36:02.374Z] Executing 02_types.sql batch 5.
[2026-07-24T19:36:02.384Z] Executing 03_tables.sql batch 1.
[2026-07-24T19:36:02.388Z] Executing 03_tables.sql batch 2.
[2026-07-24T19:36:02.393Z] Executing 03_tables.sql batch 3.
[2026-07-24T19:36:02.400Z] Executing 03_tables.sql batch 4.
[2026-07-24T19:36:02.405Z] Executing 03_tables.sql batch 5.
[2026-07-24T19:36:02.410Z] Executing 03_tables.sql batch 6.
[2026-07-24T19:36:02.416Z] Executing 03_tables.sql batch 7.
[2026-07-24T19:36:02.421Z] Executing 03_tables.sql batch 8.
[2026-07-24T19:36:02.427Z] Executing 03_tables.sql batch 9.
[2026-07-24T19:36:02.434Z] Executing 03_tables.sql batch 10.
[2026-07-24T19:36:02.440Z] Executing 03_tables.sql batch 11.
[2026-07-24T19:36:02.446Z] Executing 03_tables.sql batch 12.
[2026-07-24T19:36:02.452Z] Executing 03_tables.sql batch 13.
[2026-07-24T19:36:02.457Z] Executing 03_tables.sql batch 14.
[2026-07-24T19:36:02.463Z] Executing 03_tables.sql batch 15.
[2026-07-24T19:36:02.469Z] Executing 03_tables.sql batch 16.
[2026-07-24T19:36:02.473Z] Executing 03_tables.sql batch 17.
[2026-07-24T19:36:02.479Z] Executing 03_tables.sql batch 18.
[2026-07-24T19:36:02.485Z] Executing 03_tables.sql batch 19.
[2026-07-24T19:36:02.489Z] Executing 03_tables.sql batch 20.
[2026-07-24T19:36:02.495Z] Executing 03_tables.sql batch 21.
[2026-07-24T19:36:02.502Z] Executing 03_tables.sql batch 22.
[2026-07-24T19:36:02.507Z] Executing 03_tables.sql batch 23.
[2026-07-24T19:36:02.512Z] Executing 03_tables.sql batch 24.
[2026-07-24T19:36:02.518Z] Executing 03_tables.sql batch 25.
[2026-07-24T19:36:02.522Z] Executing 03_tables.sql batch 26.
[2026-07-24T19:36:02.527Z] Executing 03_tables.sql batch 27.
[2026-07-24T19:36:02.534Z] Executing 03_tables.sql batch 28.
[2026-07-24T19:36:02.540Z] Executing 03_tables.sql batch 29.
[2026-07-24T19:36:02.545Z] Executing 03_tables.sql batch 30.
[2026-07-24T19:36:02.551Z] Executing 03_tables.sql batch 31.
[2026-07-24T19:36:02.556Z] Executing 03_tables.sql batch 32.
[2026-07-24T19:36:02.561Z] Executing 03_tables.sql batch 33.
[2026-07-24T19:36:02.567Z] Executing 03_tables.sql batch 34.
[2026-07-24T19:36:02.572Z] Executing 03_tables.sql batch 35.
[2026-07-24T19:36:02.577Z] Executing 03_tables.sql batch 36.
[2026-07-24T19:36:02.583Z] Executing 03_tables.sql batch 37.
[2026-07-24T19:36:02.588Z] Executing 03_tables.sql batch 38.
[2026-07-24T19:36:02.595Z] Executing 03_tables.sql batch 39.
[2026-07-24T19:36:02.600Z] Executing 03_tables.sql batch 40.
[2026-07-24T19:36:02.605Z] Executing 03_tables.sql batch 41.
[2026-07-24T19:36:02.611Z] Executing 03_tables.sql batch 42.
[2026-07-24T19:36:02.616Z] Executing 03_tables.sql batch 43.
[2026-07-24T19:36:02.621Z] Executing 03_tables.sql batch 44.
[2026-07-24T19:36:02.626Z] Executing 03_tables.sql batch 45.
[2026-07-24T19:36:02.633Z] Executing 03_tables.sql batch 46.
[2026-07-24T19:36:02.638Z] Executing 03_tables.sql batch 47.
[2026-07-24T19:36:02.644Z] Executing 03_tables.sql batch 48.
[2026-07-24T19:36:02.650Z] Executing 03_tables.sql batch 49.
[2026-07-24T19:36:02.655Z] Executing 03_tables.sql batch 50.
[2026-07-24T19:36:02.660Z] Executing 03_tables.sql batch 51.
[2026-07-24T19:36:02.667Z] Executing 03_tables.sql batch 52.
[2026-07-24T19:36:02.673Z] Executing 03_tables.sql batch 53.
[2026-07-24T19:36:02.679Z] Executing 03_tables.sql batch 54.
[2026-07-24T19:36:02.685Z] Executing 03_tables.sql batch 55.
[2026-07-24T19:36:02.690Z] Executing 03_tables.sql batch 56.
[2026-07-24T19:36:02.697Z] Executing 03_tables.sql batch 57.
[2026-07-24T19:36:02.703Z] Executing 03_tables.sql batch 58.
[2026-07-24T19:36:02.709Z] Executing 03_tables.sql batch 59.
[2026-07-24T19:36:02.715Z] Executing 03_tables.sql batch 60.
[2026-07-24T19:36:02.721Z] Executing 03_tables.sql batch 61.
[2026-07-24T19:36:02.726Z] Executing 03_tables.sql batch 62.
[2026-07-24T19:36:02.733Z] Executing 03_tables.sql batch 63.
[2026-07-24T19:36:02.738Z] Executing 03_tables.sql batch 64.
[2026-07-24T19:36:02.743Z] Executing 03_tables.sql batch 65.
[2026-07-24T19:36:02.749Z] Executing 03_tables.sql batch 66.
[2026-07-24T19:36:02.754Z] Executing 03_tables.sql batch 67.
[2026-07-24T19:36:02.759Z] Executing 03_tables.sql batch 68.
[2026-07-24T19:36:02.765Z] Executing 03_tables.sql batch 69.
[2026-07-24T19:36:02.770Z] Executing 03_tables.sql batch 70.
[2026-07-24T19:36:02.775Z] Executing 03_tables.sql batch 71.
[2026-07-24T19:36:02.781Z] Executing 03_tables.sql batch 72.
[2026-07-24T19:36:02.787Z] Executing 03_tables.sql batch 73.
[2026-07-24T19:36:02.792Z] Executing 03_tables.sql batch 74.
[2026-07-24T19:36:02.798Z] Executing 03_tables.sql batch 75.
[2026-07-24T19:36:02.804Z] Executing 03_tables.sql batch 76.
[2026-07-24T19:36:02.809Z] Executing 03_tables.sql batch 77.
[2026-07-24T19:36:02.815Z] Executing 03_tables.sql batch 78.
[2026-07-24T19:36:02.820Z] Executing 03_tables.sql batch 79.
[2026-07-24T19:36:02.825Z] Executing 03_tables.sql batch 80.
[2026-07-24T19:36:02.833Z] Executing 03_tables.sql batch 81.
[2026-07-24T19:36:02.839Z] Executing 03_tables.sql batch 82.
[2026-07-24T19:36:02.847Z] Executing 03_tables.sql batch 83.
[2026-07-24T19:36:02.856Z] Executing 04_constraints.sql batch 1.
[2026-07-24T19:36:02.860Z] Executing 04_constraints.sql batch 2.
[2026-07-24T19:36:02.871Z] Executing 04_constraints.sql batch 3.
[2026-07-24T19:36:02.883Z] Executing 04_constraints.sql batch 4.
[2026-07-24T19:36:02.895Z] Executing 04_constraints.sql batch 5.
[2026-07-24T19:36:02.907Z] Executing 04_constraints.sql batch 6.
[2026-07-24T19:36:02.920Z] Executing 04_constraints.sql batch 7.
[2026-07-24T19:36:02.932Z] Executing 04_constraints.sql batch 8.
[2026-07-24T19:36:02.944Z] Executing 04_constraints.sql batch 9.
[2026-07-24T19:36:02.956Z] Executing 04_constraints.sql batch 10.
[2026-07-24T19:36:02.969Z] Executing 04_constraints.sql batch 11.
[2026-07-24T19:36:02.981Z] Executing 04_constraints.sql batch 12.
[2026-07-24T19:36:02.992Z] Executing 04_constraints.sql batch 13.
[2026-07-24T19:36:03.004Z] Executing 04_constraints.sql batch 14.
[2026-07-24T19:36:03.016Z] Executing 04_constraints.sql batch 15.
[2026-07-24T19:36:03.027Z] Executing 04_constraints.sql batch 16.
[2026-07-24T19:36:03.039Z] Executing 04_constraints.sql batch 17.
[2026-07-24T19:36:03.050Z] Executing 04_constraints.sql batch 18.
[2026-07-24T19:36:03.060Z] Executing 04_constraints.sql batch 19.
[2026-07-24T19:36:03.071Z] Executing 04_constraints.sql batch 20.
[2026-07-24T19:36:03.082Z] Executing 04_constraints.sql batch 21.
[2026-07-24T19:36:03.092Z] Executing 04_constraints.sql batch 22.
[2026-07-24T19:36:03.103Z] Executing 04_constraints.sql batch 23.
[2026-07-24T19:36:03.114Z] Executing 04_constraints.sql batch 24.
[2026-07-24T19:36:03.126Z] Executing 04_constraints.sql batch 25.
[2026-07-24T19:36:03.138Z] Executing 04_constraints.sql batch 26.
[2026-07-24T19:36:03.149Z] Executing 04_constraints.sql batch 27.
[2026-07-24T19:36:03.159Z] Executing 04_constraints.sql batch 28.
[2026-07-24T19:36:03.170Z] Executing 04_constraints.sql batch 29.
[2026-07-24T19:36:03.181Z] Executing 04_constraints.sql batch 30.
[2026-07-24T19:36:03.191Z] Executing 04_constraints.sql batch 31.
[2026-07-24T19:36:03.203Z] Executing 04_constraints.sql batch 32.
[2026-07-24T19:36:03.214Z] Executing 04_constraints.sql batch 33.
[2026-07-24T19:36:03.225Z] Executing 04_constraints.sql batch 34.
[2026-07-24T19:36:03.236Z] Executing 04_constraints.sql batch 35.
[2026-07-24T19:36:03.247Z] Executing 04_constraints.sql batch 36.
[2026-07-24T19:36:03.257Z] Executing 04_constraints.sql batch 37.
[2026-07-24T19:36:03.268Z] Executing 04_constraints.sql batch 38.
[2026-07-24T19:36:03.279Z] Executing 04_constraints.sql batch 39.
[2026-07-24T19:36:03.290Z] Executing 04_constraints.sql batch 40.
[2026-07-24T19:36:03.301Z] Executing 04_constraints.sql batch 41.
[2026-07-24T19:36:03.313Z] Executing 04_constraints.sql batch 42.
[2026-07-24T19:36:03.324Z] Executing 04_constraints.sql batch 43.
[2026-07-24T19:36:03.336Z] Executing 04_constraints.sql batch 44.
[2026-07-24T19:36:03.347Z] Executing 04_constraints.sql batch 45.
[2026-07-24T19:36:03.358Z] Executing 04_constraints.sql batch 46.
[2026-07-24T19:36:03.381Z] Executing 04_constraints.sql batch 47.
[2026-07-24T19:36:03.393Z] Executing 04_constraints.sql batch 48.
[2026-07-24T19:36:03.407Z] Executing 04_constraints.sql batch 49.
[2026-07-24T19:36:03.420Z] Executing 04_constraints.sql batch 50.
[2026-07-24T19:36:03.434Z] Executing 04_constraints.sql batch 51.
[2026-07-24T19:36:03.450Z] Executing 04_constraints.sql batch 52.
[2026-07-24T19:36:03.466Z] Executing 04_constraints.sql batch 53.
[2026-07-24T19:36:03.480Z] Executing 04_constraints.sql batch 54.
[2026-07-24T19:36:03.494Z] Executing 04_constraints.sql batch 55.
[2026-07-24T19:36:03.508Z] Executing 04_constraints.sql batch 56.
[2026-07-24T19:36:03.521Z] Executing 04_constraints.sql batch 57.
[2026-07-24T19:36:03.534Z] Executing 04_constraints.sql batch 58.
[2026-07-24T19:36:03.548Z] Executing 04_constraints.sql batch 59.
[2026-07-24T19:36:03.560Z] Executing 04_constraints.sql batch 60.
[2026-07-24T19:36:03.572Z] Executing 04_constraints.sql batch 61.
[2026-07-24T19:36:03.584Z] Executing 04_constraints.sql batch 62.
[2026-07-24T19:36:03.596Z] Executing 04_constraints.sql batch 63.
[2026-07-24T19:36:03.607Z] Executing 04_constraints.sql batch 64.
[2026-07-24T19:36:03.618Z] Executing 04_constraints.sql batch 65.
[2026-07-24T19:36:03.630Z] Executing 04_constraints.sql batch 66.
[2026-07-24T19:36:03.641Z] Executing 04_constraints.sql batch 67.
[2026-07-24T19:36:03.652Z] Executing 04_constraints.sql batch 68.
[2026-07-24T19:36:03.664Z] Executing 04_constraints.sql batch 69.
[2026-07-24T19:36:03.675Z] Executing 04_constraints.sql batch 70.
[2026-07-24T19:36:03.686Z] Executing 04_constraints.sql batch 71.
[2026-07-24T19:36:03.698Z] Executing 04_constraints.sql batch 72.
[2026-07-24T19:36:03.709Z] Executing 04_constraints.sql batch 73.
[2026-07-24T19:36:03.721Z] Executing 04_constraints.sql batch 74.
[2026-07-24T19:36:03.733Z] Executing 04_constraints.sql batch 75.
[2026-07-24T19:36:03.746Z] Executing 04_constraints.sql batch 76.
[2026-07-24T19:36:03.758Z] Executing 04_constraints.sql batch 77.
[2026-07-24T19:36:03.770Z] Executing 04_constraints.sql batch 78.
[2026-07-24T19:36:03.782Z] Executing 04_constraints.sql batch 79.
[2026-07-24T19:36:03.793Z] Executing 04_constraints.sql batch 80.
[2026-07-24T19:36:03.805Z] Executing 04_constraints.sql batch 81.
[2026-07-24T19:36:03.817Z] Executing 04_constraints.sql batch 82.
[2026-07-24T19:36:03.828Z] Executing 04_constraints.sql batch 83.
[2026-07-24T19:36:03.838Z] Executing 04_constraints.sql batch 84.
[2026-07-24T19:36:03.850Z] Executing 04_constraints.sql batch 85.
[2026-07-24T19:36:03.862Z] Executing 04_constraints.sql batch 86.
[2026-07-24T19:36:03.874Z] Executing 04_constraints.sql batch 87.
[2026-07-24T19:36:03.887Z] Executing 04_constraints.sql batch 88.
[2026-07-24T19:36:03.899Z] Executing 04_constraints.sql batch 89.
[2026-07-24T19:36:03.910Z] Executing 04_constraints.sql batch 90.
[2026-07-24T19:36:03.922Z] Executing 04_constraints.sql batch 91.
[2026-07-24T19:36:03.934Z] Executing 04_constraints.sql batch 92.
[2026-07-24T19:36:03.945Z] Executing 04_constraints.sql batch 93.
[2026-07-24T19:36:03.957Z] Executing 04_constraints.sql batch 94.
[2026-07-24T19:36:03.969Z] Executing 04_constraints.sql batch 95.
[2026-07-24T19:36:03.981Z] Executing 04_constraints.sql batch 96.
[2026-07-24T19:36:03.992Z] Executing 04_constraints.sql batch 97.
[2026-07-24T19:36:04.004Z] Executing 04_constraints.sql batch 98.
[2026-07-24T19:36:04.016Z] Executing 04_constraints.sql batch 99.
[2026-07-24T19:36:04.028Z] Executing 04_constraints.sql batch 100.
[2026-07-24T19:36:04.040Z] Executing 04_constraints.sql batch 101.
[2026-07-24T19:36:04.051Z] Executing 04_constraints.sql batch 102.
[2026-07-24T19:36:04.063Z] Executing 04_constraints.sql batch 103.
[2026-07-24T19:36:04.073Z] Executing 04_constraints.sql batch 104.
[2026-07-24T19:36:04.085Z] Executing 04_constraints.sql batch 105.
[2026-07-24T19:36:04.096Z] Executing 04_constraints.sql batch 106.
[2026-07-24T19:36:04.108Z] Executing 04_constraints.sql batch 107.
[2026-07-24T19:36:04.119Z] Executing 04_constraints.sql batch 108.
[2026-07-24T19:36:04.129Z] Executing 04_constraints.sql batch 109.
[2026-07-24T19:36:04.138Z] Executing 04_constraints.sql batch 110.
[2026-07-24T19:36:04.147Z] Executing 04_constraints.sql batch 111.
[2026-07-24T19:36:04.155Z] Executing 04_constraints.sql batch 112.
[2026-07-24T19:36:04.164Z] Executing 04_constraints.sql batch 113.
[2026-07-24T19:36:04.173Z] Executing 04_constraints.sql batch 114.
[2026-07-24T19:36:04.182Z] Executing 04_constraints.sql batch 115.
[2026-07-24T19:36:04.191Z] Executing 04_constraints.sql batch 116.
[2026-07-24T19:36:04.200Z] Executing 04_constraints.sql batch 117.
[2026-07-24T19:36:04.212Z] Executing 05_relationships.sql batch 1.
[2026-07-24T19:36:04.217Z] Executing 05_relationships.sql batch 2.
[2026-07-24T19:36:04.226Z] Executing 05_relationships.sql batch 3.
[2026-07-24T19:36:04.236Z] Executing 05_relationships.sql batch 4.
[2026-07-24T19:36:04.246Z] Executing 05_relationships.sql batch 5.
[2026-07-24T19:36:04.256Z] Executing 05_relationships.sql batch 6.
[2026-07-24T19:36:04.267Z] Executing 05_relationships.sql batch 7.
[2026-07-24T19:36:04.278Z] Executing 05_relationships.sql batch 8.
[2026-07-24T19:36:04.288Z] Executing 05_relationships.sql batch 9.
[2026-07-24T19:36:04.299Z] Executing 05_relationships.sql batch 10.
[2026-07-24T19:36:04.311Z] Executing 05_relationships.sql batch 11.
[2026-07-24T19:36:04.322Z] Executing 05_relationships.sql batch 12.
[2026-07-24T19:36:04.334Z] Executing 05_relationships.sql batch 13.
[2026-07-24T19:36:04.345Z] Executing 05_relationships.sql batch 14.
[2026-07-24T19:36:04.356Z] Executing 05_relationships.sql batch 15.
[2026-07-24T19:36:04.367Z] Executing 05_relationships.sql batch 16.
[2026-07-24T19:36:04.379Z] Executing 05_relationships.sql batch 17.
[2026-07-24T19:36:04.391Z] Executing 05_relationships.sql batch 18.
[2026-07-24T19:36:04.402Z] Executing 05_relationships.sql batch 19.
[2026-07-24T19:36:04.413Z] Executing 05_relationships.sql batch 20.
[2026-07-24T19:36:04.423Z] Executing 05_relationships.sql batch 21.
[2026-07-24T19:36:04.433Z] Executing 05_relationships.sql batch 22.
[2026-07-24T19:36:04.443Z] Executing 05_relationships.sql batch 23.
[2026-07-24T19:36:04.453Z] Executing 05_relationships.sql batch 24.
[2026-07-24T19:36:04.462Z] Executing 05_relationships.sql batch 25.
[2026-07-24T19:36:04.472Z] Executing 05_relationships.sql batch 26.
[2026-07-24T19:36:04.482Z] Executing 05_relationships.sql batch 27.
[2026-07-24T19:36:04.491Z] Executing 05_relationships.sql batch 28.
[2026-07-24T19:36:04.500Z] Executing 05_relationships.sql batch 29.
[2026-07-24T19:36:04.510Z] Executing 05_relationships.sql batch 30.
[2026-07-24T19:36:04.520Z] Executing 05_relationships.sql batch 31.
[2026-07-24T19:36:04.530Z] Executing 05_relationships.sql batch 32.
[2026-07-24T19:36:04.539Z] Executing 05_relationships.sql batch 33.
[2026-07-24T19:36:04.549Z] Executing 05_relationships.sql batch 34.
[2026-07-24T19:36:04.558Z] Executing 05_relationships.sql batch 35.
[2026-07-24T19:36:04.568Z] Executing 05_relationships.sql batch 36.
[2026-07-24T19:36:04.578Z] Executing 05_relationships.sql batch 37.
[2026-07-24T19:36:04.587Z] Executing 05_relationships.sql batch 38.
[2026-07-24T19:36:04.596Z] Executing 05_relationships.sql batch 39.
[2026-07-24T19:36:04.605Z] Executing 05_relationships.sql batch 40.
[2026-07-24T19:36:04.615Z] Executing 05_relationships.sql batch 41.
[2026-07-24T19:36:04.625Z] Executing 05_relationships.sql batch 42.
[2026-07-24T19:36:04.634Z] Executing 05_relationships.sql batch 43.
[2026-07-24T19:36:04.644Z] Executing 05_relationships.sql batch 44.
[2026-07-24T19:36:04.653Z] Executing 05_relationships.sql batch 45.
[2026-07-24T19:36:04.663Z] Executing 05_relationships.sql batch 46.
[2026-07-24T19:36:04.672Z] Executing 05_relationships.sql batch 47.
[2026-07-24T19:36:04.681Z] Executing 05_relationships.sql batch 48.
[2026-07-24T19:36:04.690Z] Executing 05_relationships.sql batch 49.
[2026-07-24T19:36:04.701Z] Executing 05_relationships.sql batch 50.
[2026-07-24T19:36:04.710Z] Executing 05_relationships.sql batch 51.
[2026-07-24T19:36:04.720Z] Executing 05_relationships.sql batch 52.
[2026-07-24T19:36:04.730Z] Executing 05_relationships.sql batch 53.
[2026-07-24T19:36:04.740Z] Executing 05_relationships.sql batch 54.
[2026-07-24T19:36:04.749Z] Executing 05_relationships.sql batch 55.
[2026-07-24T19:36:04.759Z] Executing 05_relationships.sql batch 56.
[2026-07-24T19:36:04.768Z] Executing 05_relationships.sql batch 57.
[2026-07-24T19:36:04.778Z] Executing 05_relationships.sql batch 58.
[2026-07-24T19:36:04.790Z] Executing 05_relationships.sql batch 59.
[2026-07-24T19:36:04.800Z] Executing 05_relationships.sql batch 60.
[2026-07-24T19:36:04.810Z] Executing 05_relationships.sql batch 61.
[2026-07-24T19:36:04.820Z] Executing 05_relationships.sql batch 62.
[2026-07-24T19:36:04.830Z] Executing 05_relationships.sql batch 63.
[2026-07-24T19:36:04.839Z] Executing 05_relationships.sql batch 64.
[2026-07-24T19:36:04.849Z] Executing 05_relationships.sql batch 65.
[2026-07-24T19:36:04.858Z] Executing 05_relationships.sql batch 66.
[2026-07-24T19:36:04.868Z] Executing 05_relationships.sql batch 67.
[2026-07-24T19:36:04.878Z] Executing 05_relationships.sql batch 68.
[2026-07-24T19:36:04.888Z] Executing 05_relationships.sql batch 69.
[2026-07-24T19:36:04.898Z] Executing 05_relationships.sql batch 70.
[2026-07-24T19:36:04.909Z] Executing 05_relationships.sql batch 71.
[2026-07-24T19:36:04.919Z] Executing 05_relationships.sql batch 72.
[2026-07-24T19:36:04.931Z] Executing 05_relationships.sql batch 73.
[2026-07-24T19:36:04.941Z] Executing 05_relationships.sql batch 74.
[2026-07-24T19:36:04.951Z] Executing 05_relationships.sql batch 75.
[2026-07-24T19:36:04.962Z] Executing 05_relationships.sql batch 76.
[2026-07-24T19:36:04.971Z] Executing 05_relationships.sql batch 77.
[2026-07-24T19:36:04.981Z] Executing 05_relationships.sql batch 78.
[2026-07-24T19:36:04.990Z] Executing 05_relationships.sql batch 79.
[2026-07-24T19:36:04.999Z] Executing 05_relationships.sql batch 80.
[2026-07-24T19:36:05.010Z] Executing 05_relationships.sql batch 81.
[2026-07-24T19:36:05.022Z] Executing 05_relationships.sql batch 82.
[2026-07-24T19:36:05.034Z] Executing 05_relationships.sql batch 83.
[2026-07-24T19:36:05.044Z] Executing 05_relationships.sql batch 84.
[2026-07-24T19:36:05.055Z] Executing 05_relationships.sql batch 85.
[2026-07-24T19:36:05.065Z] Executing 05_relationships.sql batch 86.
[2026-07-24T19:36:05.076Z] Executing 05_relationships.sql batch 87.
[2026-07-24T19:36:05.087Z] Executing 05_relationships.sql batch 88.
[2026-07-24T19:36:05.098Z] Executing 05_relationships.sql batch 89.
[2026-07-24T19:36:05.111Z] Executing 05_relationships.sql batch 90.
[2026-07-24T19:36:05.121Z] Executing 05_relationships.sql batch 91.
[2026-07-24T19:36:05.132Z] Executing 05_relationships.sql batch 92.
[2026-07-24T19:36:05.143Z] Executing 05_relationships.sql batch 93.
[2026-07-24T19:36:05.154Z] Executing 05_relationships.sql batch 94.
[2026-07-24T19:36:05.165Z] Executing 05_relationships.sql batch 95.
[2026-07-24T19:36:05.180Z] Executing 06_indexes.sql batch 1.
[2026-07-24T19:36:05.184Z] Executing 06_indexes.sql batch 2.
[2026-07-24T19:36:05.203Z] Executing 06_indexes.sql batch 3.
[2026-07-24T19:36:05.213Z] Executing 06_indexes.sql batch 4.
[2026-07-24T19:36:05.224Z] Executing 06_indexes.sql batch 5.
[2026-07-24T19:36:05.235Z] Executing 06_indexes.sql batch 6.
[2026-07-24T19:36:05.245Z] Executing 06_indexes.sql batch 7.
[2026-07-24T19:36:05.254Z] Executing 06_indexes.sql batch 8.
[2026-07-24T19:36:05.265Z] Executing 06_indexes.sql batch 9.
[2026-07-24T19:36:05.274Z] Executing 06_indexes.sql batch 10.
[2026-07-24T19:36:05.284Z] Executing 06_indexes.sql batch 11.
[2026-07-24T19:36:05.293Z] Executing 06_indexes.sql batch 12.
[2026-07-24T19:36:05.304Z] Executing 07_functions.sql batch 1.
[2026-07-24T19:36:05.317Z] Executing 07_functions.sql batch 2.
[2026-07-24T19:36:05.322Z] Executing 07_functions.sql batch 3.
[2026-07-24T19:36:05.327Z] Executing 07_functions.sql batch 4.
[2026-07-24T19:36:05.331Z] Executing 07_functions.sql batch 5.
[2026-07-24T19:36:05.336Z] Executing 07_functions.sql batch 6.
[2026-07-24T19:36:05.339Z] Executing 07_functions.sql batch 7.
[2026-07-24T19:36:05.345Z] Executing 07_functions.sql batch 8.
[2026-07-24T19:36:05.349Z] Executing 07_functions.sql batch 9.
[2026-07-24T19:36:05.353Z] Executing 07_functions.sql batch 10.
[2026-07-24T19:36:05.358Z] Executing 07_functions.sql batch 11.
[2026-07-24T19:36:05.366Z] Executing 08_views.sql batch 1.
[2026-07-24T19:36:05.370Z] Executing 08_views.sql batch 2.
[2026-07-24T19:36:05.374Z] Executing 08_views.sql batch 3.
[2026-07-24T19:36:05.380Z] Executing 08_views.sql batch 4.
[2026-07-24T19:36:05.384Z] Skipping 08_views.sql batch 5: legacy view vw_DyForm_ActiveDomainsUsed does not match current DyForm schema.
[2026-07-24T19:36:05.386Z] Skipping 08_views.sql batch 6: legacy view vw_DyForm_CompleteFieldMap does not match current DyForm schema.
[2026-07-24T19:36:05.388Z] Executing 08_views.sql batch 7.
[2026-07-24T19:36:05.393Z] Skipping 08_views.sql batch 8: legacy view vw_DyForm_FieldExpressions does not match current DyForm schema.
[2026-07-24T19:36:05.394Z] Skipping 08_views.sql batch 9: legacy view vw_DyForm_FieldRules does not match current DyForm schema.
[2026-07-24T19:36:05.396Z] Executing 08_views.sql batch 10.
[2026-07-24T19:36:05.401Z] Executing 08_views.sql batch 11.
[2026-07-24T19:36:05.406Z] Skipping 08_views.sql batch 12: legacy view vw_DyForm_UnusedTypesOrDomains does not match current DyForm schema.
[2026-07-24T19:36:05.408Z] Executing 08_views.sql batch 13.
[2026-07-24T19:36:05.415Z] Executing 08_views.sql batch 14.
[2026-07-24T19:36:05.419Z] Executing 08_views.sql batch 15.
[2026-07-24T19:36:05.426Z] Executing 08_views.sql batch 16.
[2026-07-24T19:36:05.433Z] Executing 08_views.sql batch 17.
[2026-07-24T19:36:05.439Z] Skipping 08_views.sql batch 18: legacy view vw_PortalModules does not match current DyForm schema.
[2026-07-24T19:36:05.440Z] Executing 08_views.sql batch 19.
[2026-07-24T19:36:05.446Z] Executing 08_views.sql batch 20.
[2026-07-24T19:36:05.453Z] Executing 08_views.sql batch 21.
[2026-07-24T19:36:05.460Z] Executing 08_views.sql batch 22.
[2026-07-24T19:36:05.467Z] Executing 08_views.sql batch 23.
[2026-07-24T19:36:05.472Z] Executing 08_views.sql batch 24.
[2026-07-24T19:36:05.478Z] Executing 08_views.sql batch 25.
[2026-07-24T19:36:05.483Z] Executing 08_views.sql batch 26.
[2026-07-24T19:36:05.490Z] Executing 08_views.sql batch 27.
[2026-07-24T19:36:05.496Z] Executing 08_views.sql batch 28.
[2026-07-24T19:36:05.501Z] Executing 08_views.sql batch 29.
[2026-07-24T19:36:05.508Z] Executing 08_views.sql batch 30.
[2026-07-24T19:36:05.516Z] Executing 08_views.sql batch 31.
[2026-07-24T19:36:05.523Z] Executing 08_views.sql batch 32.
[2026-07-24T19:36:05.532Z] Executing 08_views.sql batch 33.
[2026-07-24T19:36:05.540Z] Executing 08_views.sql batch 34.
[2026-07-24T19:36:05.548Z] Executing 08_views.sql batch 35.
[2026-07-24T19:36:05.566Z] Executing 09_stored_procedures.sql batch 1.
[2026-07-24T19:36:05.571Z] Skipping 09_stored_procedures.sql batch 2: legacy procedure AssignModuleToPortal references removed schema objects.
[2026-07-24T19:36:05.573Z] Executing 09_stored_procedures.sql batch 3.
[2026-07-24T19:36:05.579Z] Executing 09_stored_procedures.sql batch 4.
[2026-07-24T19:36:05.585Z] Executing 09_stored_procedures.sql batch 5.
[2026-07-24T19:36:05.591Z] Executing 09_stored_procedures.sql batch 6.
[2026-07-24T19:36:05.597Z] Executing 09_stored_procedures.sql batch 7.
[2026-07-24T19:36:05.603Z] Executing 09_stored_procedures.sql batch 8.
[2026-07-24T19:36:05.610Z] Executing 09_stored_procedures.sql batch 9.
[2026-07-24T19:36:05.619Z] Executing 09_stored_procedures.sql batch 10.
[2026-07-24T19:36:05.633Z] Executing 09_stored_procedures.sql batch 11.
[2026-07-24T19:36:05.640Z] Executing 09_stored_procedures.sql batch 12.
[2026-07-24T19:36:05.647Z] Executing 09_stored_procedures.sql batch 13.
[2026-07-24T19:36:05.653Z] Executing 09_stored_procedures.sql batch 14.
[2026-07-24T19:36:05.659Z] Executing 09_stored_procedures.sql batch 15.
[2026-07-24T19:36:05.666Z] Executing 09_stored_procedures.sql batch 16.
[2026-07-24T19:36:05.672Z] Executing 09_stored_procedures.sql batch 17.
[2026-07-24T19:36:05.679Z] Executing 09_stored_procedures.sql batch 18.
[2026-07-24T19:36:05.685Z] Executing 09_stored_procedures.sql batch 19.
[2026-07-24T19:36:05.692Z] Executing 09_stored_procedures.sql batch 20.
[2026-07-24T19:36:05.698Z] Executing 09_stored_procedures.sql batch 21.
[2026-07-24T19:36:05.704Z] Executing 09_stored_procedures.sql batch 22.
[2026-07-24T19:36:05.713Z] Executing 09_stored_procedures.sql batch 23.
[2026-07-24T19:36:05.722Z] Executing 09_stored_procedures.sql batch 24.
[2026-07-24T19:36:05.733Z] Executing 09_stored_procedures.sql batch 25.
[2026-07-24T19:36:05.744Z] Executing 09_stored_procedures.sql batch 26.
[2026-07-24T19:36:05.753Z] Executing 09_stored_procedures.sql batch 27.
[2026-07-24T19:36:05.763Z] Executing 09_stored_procedures.sql batch 28.
[2026-07-24T19:36:05.773Z] Executing 09_stored_procedures.sql batch 29.
[2026-07-24T19:36:05.782Z] Executing 09_stored_procedures.sql batch 30.
[2026-07-24T19:36:05.790Z] Executing 09_stored_procedures.sql batch 31.
[2026-07-24T19:36:05.799Z] Executing 09_stored_procedures.sql batch 32.
[2026-07-24T19:36:05.807Z] Executing 09_stored_procedures.sql batch 33.
[2026-07-24T19:36:05.813Z] Executing 09_stored_procedures.sql batch 34.
[2026-07-24T19:36:05.818Z] Executing 09_stored_procedures.sql batch 35.
[2026-07-24T19:36:05.826Z] Executing 09_stored_procedures.sql batch 36.
[2026-07-24T19:36:05.832Z] Executing 09_stored_procedures.sql batch 37.
[2026-07-24T19:36:05.839Z] Executing 09_stored_procedures.sql batch 38.
[2026-07-24T19:36:05.846Z] Executing 09_stored_procedures.sql batch 39.
[2026-07-24T19:36:05.853Z] Executing 09_stored_procedures.sql batch 40.
[2026-07-24T19:36:05.860Z] Executing 09_stored_procedures.sql batch 41.
[2026-07-24T19:36:05.866Z] Executing 09_stored_procedures.sql batch 42.
[2026-07-24T19:36:05.871Z] Executing 09_stored_procedures.sql batch 43.
[2026-07-24T19:36:05.878Z] Executing 09_stored_procedures.sql batch 44.
[2026-07-24T19:36:05.883Z] Executing 09_stored_procedures.sql batch 45.
[2026-07-24T19:36:05.889Z] Executing 09_stored_procedures.sql batch 46.
[2026-07-24T19:36:05.895Z] Executing 09_stored_procedures.sql batch 47.
[2026-07-24T19:36:05.900Z] Executing 09_stored_procedures.sql batch 48.
[2026-07-24T19:36:05.906Z] Executing 09_stored_procedures.sql batch 49.
[2026-07-24T19:36:05.911Z] Executing 09_stored_procedures.sql batch 50.
[2026-07-24T19:36:05.916Z] Executing 09_stored_procedures.sql batch 51.
[2026-07-24T19:36:05.922Z] Executing 09_stored_procedures.sql batch 52.
[2026-07-24T19:36:05.931Z] Executing 09_stored_procedures.sql batch 53.
[2026-07-24T19:36:05.937Z] Executing 09_stored_procedures.sql batch 54.
[2026-07-24T19:36:05.944Z] Executing 09_stored_procedures.sql batch 55.
[2026-07-24T19:36:05.949Z] Executing 09_stored_procedures.sql batch 56.
[2026-07-24T19:36:05.956Z] Executing 09_stored_procedures.sql batch 57.
[2026-07-24T19:36:05.962Z] Executing 09_stored_procedures.sql batch 58.
[2026-07-24T19:36:05.968Z] Executing 09_stored_procedures.sql batch 59.
[2026-07-24T19:36:05.974Z] Executing 09_stored_procedures.sql batch 60.
[2026-07-24T19:36:05.980Z] Executing 09_stored_procedures.sql batch 61.
[2026-07-24T19:36:05.985Z] Executing 09_stored_procedures.sql batch 62.
[2026-07-24T19:36:05.991Z] Executing 09_stored_procedures.sql batch 63.
[2026-07-24T19:36:05.997Z] Executing 09_stored_procedures.sql batch 64.
[2026-07-24T19:36:06.002Z] Executing 09_stored_procedures.sql batch 65.
[2026-07-24T19:36:06.007Z] Executing 09_stored_procedures.sql batch 66.
[2026-07-24T19:36:06.018Z] Executing 09_stored_procedures.sql batch 67.
[2026-07-24T19:36:06.023Z] Executing 09_stored_procedures.sql batch 68.
[2026-07-24T19:36:06.030Z] Executing 09_stored_procedures.sql batch 69.
[2026-07-24T19:36:06.035Z] Executing 09_stored_procedures.sql batch 70.
[2026-07-24T19:36:06.041Z] Executing 09_stored_procedures.sql batch 71.
[2026-07-24T19:36:06.046Z] Executing 09_stored_procedures.sql batch 72.
[2026-07-24T19:36:06.051Z] Executing 09_stored_procedures.sql batch 73.
[2026-07-24T19:36:06.055Z] Executing 09_stored_procedures.sql batch 74.
[2026-07-24T19:36:06.061Z] Executing 09_stored_procedures.sql batch 75.
[2026-07-24T19:36:06.065Z] Executing 09_stored_procedures.sql batch 76.
[2026-07-24T19:36:06.069Z] Executing 09_stored_procedures.sql batch 77.
[2026-07-24T19:36:06.074Z] Executing 09_stored_procedures.sql batch 78.
[2026-07-24T19:36:06.078Z] Executing 09_stored_procedures.sql batch 79.
[2026-07-24T19:36:06.082Z] Executing 09_stored_procedures.sql batch 80.
[2026-07-24T19:36:06.087Z] Executing 09_stored_procedures.sql batch 81.
[2026-07-24T19:36:06.092Z] Executing 09_stored_procedures.sql batch 82.
[2026-07-24T19:36:06.097Z] Executing 09_stored_procedures.sql batch 83.
[2026-07-24T19:36:06.101Z] Executing 09_stored_procedures.sql batch 84.
[2026-07-24T19:36:06.105Z] Executing 09_stored_procedures.sql batch 85.
[2026-07-24T19:36:06.110Z] Executing 09_stored_procedures.sql batch 86.
[2026-07-24T19:36:06.115Z] Executing 09_stored_procedures.sql batch 87.
[2026-07-24T19:36:06.119Z] Executing 09_stored_procedures.sql batch 88.
[2026-07-24T19:36:06.123Z] Executing 09_stored_procedures.sql batch 89.
[2026-07-24T19:36:06.128Z] Executing 09_stored_procedures.sql batch 90.
[2026-07-24T19:36:06.133Z] Executing 09_stored_procedures.sql batch 91.
[2026-07-24T19:36:06.138Z] Executing 09_stored_procedures.sql batch 92.
[2026-07-24T19:36:06.143Z] Executing 09_stored_procedures.sql batch 93.
[2026-07-24T19:36:06.147Z] Executing 09_stored_procedures.sql batch 94.
[2026-07-24T19:36:06.152Z] Executing 09_stored_procedures.sql batch 95.
[2026-07-24T19:36:06.157Z] Executing 09_stored_procedures.sql batch 96.
[2026-07-24T19:36:06.161Z] Executing 09_stored_procedures.sql batch 97.
[2026-07-24T19:36:06.165Z] Executing 09_stored_procedures.sql batch 98.
[2026-07-24T19:36:06.170Z] Executing 09_stored_procedures.sql batch 99.
[2026-07-24T19:36:06.175Z] Executing 09_stored_procedures.sql batch 100.
[2026-07-24T19:36:06.180Z] Executing 09_stored_procedures.sql batch 101.
[2026-07-24T19:36:06.184Z] Executing 09_stored_procedures.sql batch 102.
[2026-07-24T19:36:06.189Z] Executing 09_stored_procedures.sql batch 103.
[2026-07-24T19:36:06.195Z] Executing 09_stored_procedures.sql batch 104.
[2026-07-24T19:36:06.201Z] Executing 09_stored_procedures.sql batch 105.
[2026-07-24T19:36:06.207Z] Executing 09_stored_procedures.sql batch 106.
[2026-07-24T19:36:06.213Z] Executing 09_stored_procedures.sql batch 107.
[2026-07-24T19:36:06.218Z] Executing 09_stored_procedures.sql batch 108.
[2026-07-24T19:36:06.225Z] Executing 09_stored_procedures.sql batch 109.
[2026-07-24T19:36:06.232Z] Executing 09_stored_procedures.sql batch 110.
[2026-07-24T19:36:06.238Z] Executing 09_stored_procedures.sql batch 111.
[2026-07-24T19:36:06.244Z] Executing 09_stored_procedures.sql batch 112.
[2026-07-24T19:36:06.250Z] Executing 09_stored_procedures.sql batch 113.
[2026-07-24T19:36:06.257Z] Executing 09_stored_procedures.sql batch 114.
[2026-07-24T19:36:06.264Z] Executing 09_stored_procedures.sql batch 115.
[2026-07-24T19:36:06.270Z] Executing 09_stored_procedures.sql batch 116.
[2026-07-24T19:36:06.278Z] Executing 09_stored_procedures.sql batch 117.
[2026-07-24T19:36:06.283Z] Executing 09_stored_procedures.sql batch 118.
[2026-07-24T19:36:06.289Z] Executing 09_stored_procedures.sql batch 119.
[2026-07-24T19:36:06.298Z] Executing 09_stored_procedures.sql batch 120.
[2026-07-24T19:36:06.305Z] Executing 09_stored_procedures.sql batch 121.
[2026-07-24T19:36:06.312Z] Executing 09_stored_procedures.sql batch 122.
[2026-07-24T19:36:06.318Z] Executing 09_stored_procedures.sql batch 123.
[2026-07-24T19:36:06.324Z] Executing 09_stored_procedures.sql batch 124.
[2026-07-24T19:36:06.331Z] Executing 09_stored_procedures.sql batch 125.
[2026-07-24T19:36:06.336Z] Executing 09_stored_procedures.sql batch 126.
[2026-07-24T19:36:06.341Z] Executing 09_stored_procedures.sql batch 127.
[2026-07-24T19:36:06.346Z] Executing 09_stored_procedures.sql batch 128.
[2026-07-24T19:36:06.350Z] Executing 09_stored_procedures.sql batch 129.
[2026-07-24T19:36:06.354Z] Executing 09_stored_procedures.sql batch 130.
[2026-07-24T19:36:06.360Z] Executing 09_stored_procedures.sql batch 131.
[2026-07-24T19:36:06.364Z] Executing 09_stored_procedures.sql batch 132.
[2026-07-24T19:36:06.368Z] Executing 09_stored_procedures.sql batch 133.
[2026-07-24T19:36:06.372Z] Executing 09_stored_procedures.sql batch 134.
[2026-07-24T19:36:06.377Z] Executing 09_stored_procedures.sql batch 135.
[2026-07-24T19:36:06.382Z] Skipping 09_stored_procedures.sql batch 136: legacy procedure GenerateApiKey references removed schema objects.
[2026-07-24T19:36:06.384Z] Executing 09_stored_procedures.sql batch 137.
[2026-07-24T19:36:06.389Z] Executing 09_stored_procedures.sql batch 138.
[2026-07-24T19:36:06.395Z] Executing 09_stored_procedures.sql batch 139.
[2026-07-24T19:36:06.400Z] Skipping 09_stored_procedures.sql batch 140: legacy procedure GetAllDyFormDFormDomainss references removed schema objects.
[2026-07-24T19:36:06.402Z] Skipping 09_stored_procedures.sql batch 141: legacy procedure GetAllDyFormDFormDomainValuess references removed schema objects.
[2026-07-24T19:36:06.404Z] Skipping 09_stored_procedures.sql batch 142: legacy procedure GetAllDyFormDFormFieldRules references removed schema objects.
[2026-07-24T19:36:06.405Z] Skipping 09_stored_procedures.sql batch 143: legacy procedure GetAllDyFormDFormFields references removed schema objects.
[2026-07-24T19:36:06.408Z] Skipping 09_stored_procedures.sql batch 144: legacy procedure GetAllDyFormDForms references removed schema objects.
[2026-07-24T19:36:06.409Z] Skipping 09_stored_procedures.sql batch 145: legacy procedure GetAllDyFormDFormSections references removed schema objects.
[2026-07-24T19:36:06.412Z] Executing 09_stored_procedures.sql batch 146.
[2026-07-24T19:36:06.417Z] Executing 09_stored_procedures.sql batch 147.
[2026-07-24T19:36:06.422Z] Executing 09_stored_procedures.sql batch 148.
[2026-07-24T19:36:06.428Z] Executing 09_stored_procedures.sql batch 149.
[2026-07-24T19:36:06.433Z] Executing 09_stored_procedures.sql batch 150.
[2026-07-24T19:36:06.439Z] Executing 09_stored_procedures.sql batch 151.
[2026-07-24T19:36:06.446Z] Executing 09_stored_procedures.sql batch 152.
[2026-07-24T19:36:06.451Z] Executing 09_stored_procedures.sql batch 153.
[2026-07-24T19:36:06.457Z] Executing 09_stored_procedures.sql batch 154.
[2026-07-24T19:36:06.463Z] Executing 09_stored_procedures.sql batch 155.
[2026-07-24T19:36:06.468Z] Executing 09_stored_procedures.sql batch 156.
[2026-07-24T19:36:06.474Z] Executing 09_stored_procedures.sql batch 157.
[2026-07-24T19:36:06.480Z] Executing 09_stored_procedures.sql batch 158.
[2026-07-24T19:36:06.485Z] Executing 09_stored_procedures.sql batch 159.
[2026-07-24T19:36:06.491Z] Executing 09_stored_procedures.sql batch 160.
[2026-07-24T19:36:06.496Z] Executing 09_stored_procedures.sql batch 161.
[2026-07-24T19:36:06.501Z] Executing 09_stored_procedures.sql batch 162.
[2026-07-24T19:36:06.506Z] Executing 09_stored_procedures.sql batch 163.
[2026-07-24T19:36:06.513Z] Executing 09_stored_procedures.sql batch 164.
[2026-07-24T19:36:06.518Z] Executing 09_stored_procedures.sql batch 165.
[2026-07-24T19:36:06.523Z] Executing 09_stored_procedures.sql batch 166.
[2026-07-24T19:36:06.528Z] Executing 09_stored_procedures.sql batch 167.
[2026-07-24T19:36:06.532Z] Executing 09_stored_procedures.sql batch 168.
[2026-07-24T19:36:06.537Z] Executing 09_stored_procedures.sql batch 169.
[2026-07-24T19:36:06.542Z] Executing 09_stored_procedures.sql batch 170.
[2026-07-24T19:36:06.550Z] Executing 09_stored_procedures.sql batch 171.
[2026-07-24T19:36:06.555Z] Executing 09_stored_procedures.sql batch 172.
[2026-07-24T19:36:06.560Z] Executing 09_stored_procedures.sql batch 173.
[2026-07-24T19:36:06.564Z] Executing 09_stored_procedures.sql batch 174.
[2026-07-24T19:36:06.568Z] Executing 09_stored_procedures.sql batch 175.
[2026-07-24T19:36:06.573Z] Executing 09_stored_procedures.sql batch 176.
[2026-07-24T19:36:06.578Z] Executing 09_stored_procedures.sql batch 177.
[2026-07-24T19:36:06.582Z] Executing 09_stored_procedures.sql batch 178.
[2026-07-24T19:36:06.586Z] Executing 09_stored_procedures.sql batch 179.
[2026-07-24T19:36:06.591Z] Executing 09_stored_procedures.sql batch 180.
[2026-07-24T19:36:06.596Z] Executing 09_stored_procedures.sql batch 181.
[2026-07-24T19:36:06.600Z] Executing 09_stored_procedures.sql batch 182.
[2026-07-24T19:36:06.604Z] Executing 09_stored_procedures.sql batch 183.
[2026-07-24T19:36:06.608Z] Executing 09_stored_procedures.sql batch 184.
[2026-07-24T19:36:06.613Z] Executing 09_stored_procedures.sql batch 185.
[2026-07-24T19:36:06.616Z] Executing 09_stored_procedures.sql batch 186.
[2026-07-24T19:36:06.620Z] Executing 09_stored_procedures.sql batch 187.
[2026-07-24T19:36:06.625Z] Executing 09_stored_procedures.sql batch 188.
[2026-07-24T19:36:06.629Z] Executing 09_stored_procedures.sql batch 189.
[2026-07-24T19:36:06.633Z] Executing 09_stored_procedures.sql batch 190.
[2026-07-24T19:36:06.637Z] Executing 09_stored_procedures.sql batch 191.
[2026-07-24T19:36:06.643Z] Executing 09_stored_procedures.sql batch 192.
[2026-07-24T19:36:06.648Z] Executing 09_stored_procedures.sql batch 193.
[2026-07-24T19:36:06.654Z] Executing 09_stored_procedures.sql batch 194.
[2026-07-24T19:36:06.659Z] Executing 09_stored_procedures.sql batch 195.
[2026-07-24T19:36:06.666Z] Executing 09_stored_procedures.sql batch 196.
[2026-07-24T19:36:06.673Z] Executing 09_stored_procedures.sql batch 197.
[2026-07-24T19:36:06.680Z] Executing 09_stored_procedures.sql batch 198.
[2026-07-24T19:36:06.685Z] Executing 09_stored_procedures.sql batch 199.
[2026-07-24T19:36:06.690Z] Executing 09_stored_procedures.sql batch 200.
[2026-07-24T19:36:06.695Z] Executing 09_stored_procedures.sql batch 201.
[2026-07-24T19:36:06.700Z] Executing 09_stored_procedures.sql batch 202.
[2026-07-24T19:36:06.705Z] Executing 09_stored_procedures.sql batch 203.
[2026-07-24T19:36:06.710Z] Executing 09_stored_procedures.sql batch 204.
[2026-07-24T19:36:06.715Z] Executing 09_stored_procedures.sql batch 205.
[2026-07-24T19:36:06.720Z] Executing 09_stored_procedures.sql batch 206.
[2026-07-24T19:36:06.725Z] Executing 09_stored_procedures.sql batch 207.
[2026-07-24T19:36:06.729Z] Executing 09_stored_procedures.sql batch 208.
[2026-07-24T19:36:06.733Z] Executing 09_stored_procedures.sql batch 209.
[2026-07-24T19:36:06.738Z] Executing 09_stored_procedures.sql batch 210.
[2026-07-24T19:36:06.743Z] Executing 09_stored_procedures.sql batch 211.
[2026-07-24T19:36:06.747Z] Executing 09_stored_procedures.sql batch 212.
[2026-07-24T19:36:06.750Z] Executing 09_stored_procedures.sql batch 213.
[2026-07-24T19:36:06.754Z] Executing 09_stored_procedures.sql batch 214.
[2026-07-24T19:36:06.759Z] Executing 09_stored_procedures.sql batch 215.
[2026-07-24T19:36:06.764Z] Executing 09_stored_procedures.sql batch 216.
[2026-07-24T19:36:06.768Z] Executing 09_stored_procedures.sql batch 217.
[2026-07-24T19:36:06.772Z] Executing 09_stored_procedures.sql batch 218.
[2026-07-24T19:36:06.777Z] Executing 09_stored_procedures.sql batch 219.
[2026-07-24T19:36:06.781Z] Executing 09_stored_procedures.sql batch 220.
[2026-07-24T19:36:06.785Z] Executing 09_stored_procedures.sql batch 221.
[2026-07-24T19:36:06.790Z] Executing 09_stored_procedures.sql batch 222.
[2026-07-24T19:36:06.794Z] Executing 09_stored_procedures.sql batch 223.
[2026-07-24T19:36:06.798Z] Executing 09_stored_procedures.sql batch 224.
[2026-07-24T19:36:06.802Z] Skipping 09_stored_procedures.sql batch 225: legacy procedure GetModuleIDbyKey references removed schema objects.
[2026-07-24T19:36:06.804Z] Skipping 09_stored_procedures.sql batch 226: legacy procedure GetModulesByPortal references removed schema objects.
[2026-07-24T19:36:06.805Z] Executing 09_stored_procedures.sql batch 227.
[2026-07-24T19:36:06.812Z] Executing 09_stored_procedures.sql batch 228.
[2026-07-24T19:36:06.818Z] Executing 09_stored_procedures.sql batch 229.
[2026-07-24T19:36:06.826Z] Executing 09_stored_procedures.sql batch 230.
[2026-07-24T19:36:06.831Z] Executing 09_stored_procedures.sql batch 231.
[2026-07-24T19:36:06.836Z] Executing 09_stored_procedures.sql batch 232.
[2026-07-24T19:36:06.841Z] Executing 09_stored_procedures.sql batch 233.
[2026-07-24T19:36:06.846Z] Skipping 09_stored_procedures.sql batch 234: legacy procedure GetPortalIDbyKey references removed schema objects.
[2026-07-24T19:36:06.848Z] Executing 09_stored_procedures.sql batch 235.
[2026-07-24T19:36:06.852Z] Executing 09_stored_procedures.sql batch 236.
[2026-07-24T19:36:06.858Z] Executing 09_stored_procedures.sql batch 237.
[2026-07-24T19:36:06.862Z] Executing 09_stored_procedures.sql batch 238.
[2026-07-24T19:36:06.867Z] Executing 09_stored_procedures.sql batch 239.
[2026-07-24T19:36:06.871Z] Executing 09_stored_procedures.sql batch 240.
[2026-07-24T19:36:06.877Z] Executing 09_stored_procedures.sql batch 241.
[2026-07-24T19:36:06.881Z] Executing 09_stored_procedures.sql batch 242.
[2026-07-24T19:36:06.885Z] Executing 09_stored_procedures.sql batch 243.
[2026-07-24T19:36:06.890Z] Executing 09_stored_procedures.sql batch 244.
[2026-07-24T19:36:06.894Z] Executing 09_stored_procedures.sql batch 245.
[2026-07-24T19:36:06.899Z] Executing 09_stored_procedures.sql batch 246.
[2026-07-24T19:36:06.903Z] Executing 09_stored_procedures.sql batch 247.
[2026-07-24T19:36:06.908Z] Executing 09_stored_procedures.sql batch 248.
[2026-07-24T19:36:06.912Z] Executing 09_stored_procedures.sql batch 249.
[2026-07-24T19:36:06.916Z] Executing 09_stored_procedures.sql batch 250.
[2026-07-24T19:36:06.920Z] Executing 09_stored_procedures.sql batch 251.
[2026-07-24T19:36:06.926Z] Executing 09_stored_procedures.sql batch 252.
[2026-07-24T19:36:06.930Z] Executing 09_stored_procedures.sql batch 253.
[2026-07-24T19:36:06.934Z] Executing 09_stored_procedures.sql batch 254.
[2026-07-24T19:36:06.939Z] Executing 09_stored_procedures.sql batch 255.
[2026-07-24T19:36:06.944Z] Executing 09_stored_procedures.sql batch 256.
[2026-07-24T19:36:06.949Z] Executing 09_stored_procedures.sql batch 257.
[2026-07-24T19:36:06.952Z] Executing 09_stored_procedures.sql batch 258.
[2026-07-24T19:36:06.958Z] Executing 09_stored_procedures.sql batch 259.
[2026-07-24T19:36:06.963Z] Skipping 09_stored_procedures.sql batch 260: legacy procedure GetUserIDbyKey references removed schema objects.
[2026-07-24T19:36:06.965Z] Executing 09_stored_procedures.sql batch 261.
[2026-07-24T19:36:06.969Z] Executing 09_stored_procedures.sql batch 262.
[2026-07-24T19:36:06.974Z] Executing 09_stored_procedures.sql batch 263.
[2026-07-24T19:36:06.979Z] Executing 09_stored_procedures.sql batch 264.
[2026-07-24T19:36:06.986Z] Executing 09_stored_procedures.sql batch 265.
[2026-07-24T19:36:06.991Z] Executing 09_stored_procedures.sql batch 266.
[2026-07-24T19:36:06.995Z] Executing 09_stored_procedures.sql batch 267.
[2026-07-24T19:36:06.999Z] Executing 09_stored_procedures.sql batch 268.
[2026-07-24T19:36:07.003Z] Executing 09_stored_procedures.sql batch 269.
[2026-07-24T19:36:07.009Z] Executing 09_stored_procedures.sql batch 270.
[2026-07-24T19:36:07.014Z] Executing 09_stored_procedures.sql batch 271.
[2026-07-24T19:36:07.020Z] Executing 09_stored_procedures.sql batch 272.
[2026-07-24T19:36:07.027Z] Executing 09_stored_procedures.sql batch 273.
[2026-07-24T19:36:07.035Z] Executing 09_stored_procedures.sql batch 274.
[2026-07-24T19:36:07.040Z] Executing 09_stored_procedures.sql batch 275.
[2026-07-24T19:36:07.045Z] Skipping 09_stored_procedures.sql batch 276: legacy procedure RemoveModuleFromPortal references removed schema objects.
[2026-07-24T19:36:07.047Z] Executing 09_stored_procedures.sql batch 277.
[2026-07-24T19:36:07.051Z] Executing 09_stored_procedures.sql batch 278.
[2026-07-24T19:36:07.057Z] Executing 09_stored_procedures.sql batch 279.
[2026-07-24T19:36:07.062Z] Executing 09_stored_procedures.sql batch 280.
[2026-07-24T19:36:07.067Z] Executing 09_stored_procedures.sql batch 281.
[2026-07-24T19:36:07.072Z] Executing 09_stored_procedures.sql batch 282.
[2026-07-24T19:36:07.077Z] Executing 09_stored_procedures.sql batch 283.
[2026-07-24T19:36:07.082Z] Executing 09_stored_procedures.sql batch 284.
[2026-07-24T19:36:07.087Z] Executing 09_stored_procedures.sql batch 285.
[2026-07-24T19:36:07.093Z] Executing 09_stored_procedures.sql batch 286.
[2026-07-24T19:36:07.098Z] Executing 09_stored_procedures.sql batch 287.
[2026-07-24T19:36:07.102Z] Executing 09_stored_procedures.sql batch 288.
[2026-07-24T19:36:07.108Z] Executing 09_stored_procedures.sql batch 289.
[2026-07-24T19:36:07.112Z] Executing 09_stored_procedures.sql batch 290.
[2026-07-24T19:36:07.117Z] Executing 09_stored_procedures.sql batch 291.
[2026-07-24T19:36:07.121Z] Executing 09_stored_procedures.sql batch 292.
[2026-07-24T19:36:07.128Z] Executing 09_stored_procedures.sql batch 293.
[2026-07-24T19:36:07.132Z] Executing 09_stored_procedures.sql batch 294.
[2026-07-24T19:36:07.137Z] Executing 09_stored_procedures.sql batch 295.
[2026-07-24T19:36:07.142Z] Executing 09_stored_procedures.sql batch 296.
[2026-07-24T19:36:07.146Z] Executing 09_stored_procedures.sql batch 297.
[2026-07-24T19:36:07.150Z] Executing 09_stored_procedures.sql batch 298.
[2026-07-24T19:36:07.154Z] Executing 09_stored_procedures.sql batch 299.
[2026-07-24T19:36:07.160Z] Executing 09_stored_procedures.sql batch 300.
[2026-07-24T19:36:07.164Z] Executing 09_stored_procedures.sql batch 301.
[2026-07-24T19:36:07.168Z] Executing 09_stored_procedures.sql batch 302.
[2026-07-24T19:36:07.173Z] Executing 09_stored_procedures.sql batch 303.
[2026-07-24T19:36:07.178Z] Executing 09_stored_procedures.sql batch 304.
[2026-07-24T19:36:07.183Z] Executing 09_stored_procedures.sql batch 305.
[2026-07-24T19:36:07.187Z] Executing 09_stored_procedures.sql batch 306.
[2026-07-24T19:36:07.193Z] Executing 09_stored_procedures.sql batch 307.
[2026-07-24T19:36:07.197Z] Executing 09_stored_procedures.sql batch 308.
[2026-07-24T19:36:07.201Z] Executing 09_stored_procedures.sql batch 309.
[2026-07-24T19:36:07.205Z] Executing 09_stored_procedures.sql batch 310.
[2026-07-24T19:36:07.210Z] Executing 09_stored_procedures.sql batch 311.
[2026-07-24T19:36:07.214Z] Executing 09_stored_procedures.sql batch 312.
[2026-07-24T19:36:07.219Z] Executing 09_stored_procedures.sql batch 313.
[2026-07-24T19:36:07.224Z] Executing 09_stored_procedures.sql batch 314.
[2026-07-24T19:36:07.229Z] Executing 09_stored_procedures.sql batch 315.
[2026-07-24T19:36:07.233Z] Executing 09_stored_procedures.sql batch 316.
[2026-07-24T19:36:07.237Z] Executing 09_stored_procedures.sql batch 317.
[2026-07-24T19:36:07.242Z] Executing 09_stored_procedures.sql batch 318.
[2026-07-24T19:36:07.246Z] Executing 09_stored_procedures.sql batch 319.
[2026-07-24T19:36:07.250Z] Executing 09_stored_procedures.sql batch 320.
[2026-07-24T19:36:07.255Z] Executing 09_stored_procedures.sql batch 321.
[2026-07-24T19:36:07.260Z] Executing 09_stored_procedures.sql batch 322.
[2026-07-24T19:36:07.264Z] Executing 09_stored_procedures.sql batch 323.
[2026-07-24T19:36:07.268Z] Executing 09_stored_procedures.sql batch 324.
[2026-07-24T19:36:07.273Z] Executing 09_stored_procedures.sql batch 325.
[2026-07-24T19:36:07.278Z] Executing 09_stored_procedures.sql batch 326.
[2026-07-24T19:36:07.283Z] Executing 09_stored_procedures.sql batch 327.
[2026-07-24T19:36:07.287Z] Executing 09_stored_procedures.sql batch 328.
[2026-07-24T19:36:07.296Z] Executing 09_stored_procedures.sql batch 329.
[2026-07-24T19:36:07.300Z] Executing 09_stored_procedures.sql batch 330.
[2026-07-24T19:36:07.304Z] Executing 09_stored_procedures.sql batch 331.
[2026-07-24T19:36:07.309Z] Executing 09_stored_procedures.sql batch 332.
[2026-07-24T19:36:07.315Z] ERROR in 09_stored_procedures.sql batch 332: Invalid column name 'UserProviderProfileID'.
[2026-07-24T19:36:07.507Z] Transaction rolled back.
[2026-07-24T19:36:07.510Z] SQL connection closed.
