[2026-07-24T19:39:20.845Z] Install started for core database skylynx_install_probe on host.docker.internal:1433.
[2026-07-24T19:39:20.848Z] Schema files: 01_schemas.sql, 02_types.sql, 03_tables.sql, 04_constraints.sql, 05_relationships.sql, 06_indexes.sql, 07_functions.sql, 08_views.sql, 09_stored_procedures.sql, 10_triggers.sql
[2026-07-24T19:39:20.850Z] Seed files: 001_Payments.Provider.sql, 002_Payments.Webhook.sql, 003_dbo.AspNetRoles.sql, 004_dbo.AspNetUsers.sql, 005_dbo.DyForm.sql, 006_dbo.DyFormDataSourceDefinition.sql, 007_dbo.DyFormDomainType.sql, 008_dbo.DyFormFieldType.sql, 009_dbo.DyFormResolverContext.sql, 010_dbo.DyFormResolverType.sql, 011_dbo.DyFormRuleSyntax.sql, 012_dbo.DyFormRuleType.sql, 013_dbo.DyFormSection.sql, 014_dbo.DyFormViewModelDefinition.sql, 015_dbo.ISO6391_Languages.sql, 016_dbo.LayoutTypes.sql, 017_dbo.OwnerTypes.sql, 018_dbo.Portals.sql, 019_dbo.ProfileProviders.sql, 020_dbo.ProtosDataModelDefinition.sql, 021_dbo.ProtosTargetType.sql, 022_dbo.ProtosTemplate.sql, 023_dbo.ProtosTemplateStatus.sql, 024_dbo.ProviderProfileFieldType.sql, 025_dbo.ResolverTypes.sql, 026_dbo.Resolvers.sql, 027_dbo.StateProvinces.sql, 028_dbo.StyledTypes.sql, 029_dbo.SystemFileTypes.sql, 030_dbo.SystemLogs.sql, 031_dbo.SystemValueTypes.sql, 032_dbo.ThemeDefinitions.sql, 033_Payments.Intent.sql, 034_Payments.ProviderSecret.sql, 035_dbo.API_Owners.sql, 036_dbo.Address.sql, 037_dbo.AspNetUserClaims.sql, 038_dbo.AspNetUserLogins.sql, 039_dbo.AspNetUserRoles.sql, 040_dbo.AspNetUserTokens.sql, 041_dbo.BankAccounts.sql, 042_dbo.CustomerProfile_Providers.sql, 043_dbo.DyFormDomains.sql, 044_dbo.DyFormExpression.sql, 045_dbo.DyFormFieldRule.sql, 046_dbo.DyFormSectionResolvers.sql, 047_dbo.DyFormSections.sql, 048_dbo.DyFormViewModelLineage.sql, 049_dbo.Layouts.sql, 050_dbo.Modules.sql, 051_dbo.PageDefinition.sql, 052_dbo.PaymentMethods.sql, 053_dbo.PortalOwners.sql, 054_dbo.PortalProfileProviders.sql, 055_dbo.PortalRoles.sql, 056_dbo.ProtosTemplateVersion.sql, 057_dbo.ProviderProfileFields.sql, 058_dbo.SubscriptionPlans.sql, 059_Payments.TargetLink.sql, 060_Payments.Txn.sql, 061_dbo.API_KEYS.sql, 062_dbo.DefaultUserRoles.sql, 063_dbo.DyFormDomainValues.sql, 064_dbo.DyFormField.sql, 065_dbo.DyFormRuleDefinition.sql, 066_dbo.PortalPageModules.sql, 067_dbo.ProtosTemplateLineage.sql, 068_dbo.ProtosTemplateLink.sql, 069_dbo.ProtosTemplateTree.sql, 070_dbo.SettingKeys.sql, 071_dbo.SkyLynxConfig_PackagedModules.sql, 072_dbo.Transactions.sql, 073_dbo.UserProfiles.sql, 074_dbo.UserProviderProfiles.sql, 075_dbo.DyFormFieldSectionDefinition.sql, 076_dbo.DyFormRuleTarget.sql, 077_dbo.GlobalModuleSettings.sql, 078_dbo.GlobalPortalSettings.sql, 079_dbo.ModuleSettings.sql, 080_dbo.PortalSettings.sql, 081_dbo.ProtosViewModelDefinition.sql, 082_dbo.SkyLynxConfig_PackagedManifest.sql
[2026-07-24T19:39:20.892Z] Transaction started.
[2026-07-24T19:39:20.898Z] Executing 01_schemas.sql batch 1.
[2026-07-24T19:39:20.903Z] Executing 01_schemas.sql batch 2.
[2026-07-24T19:39:20.911Z] Executing 02_types.sql batch 1.
[2026-07-24T19:39:20.916Z] Executing 02_types.sql batch 2.
[2026-07-24T19:39:20.923Z] Executing 02_types.sql batch 3.
[2026-07-24T19:39:20.930Z] Executing 02_types.sql batch 4.
[2026-07-24T19:39:20.937Z] Executing 02_types.sql batch 5.
[2026-07-24T19:39:20.947Z] Executing 03_tables.sql batch 1.
[2026-07-24T19:39:20.952Z] Executing 03_tables.sql batch 2.
[2026-07-24T19:39:20.959Z] Executing 03_tables.sql batch 3.
[2026-07-24T19:39:20.967Z] Executing 03_tables.sql batch 4.
[2026-07-24T19:39:20.973Z] Executing 03_tables.sql batch 5.
[2026-07-24T19:39:20.979Z] Executing 03_tables.sql batch 6.
[2026-07-24T19:39:20.985Z] Executing 03_tables.sql batch 7.
[2026-07-24T19:39:20.991Z] Executing 03_tables.sql batch 8.
[2026-07-24T19:39:20.997Z] Executing 03_tables.sql batch 9.
[2026-07-24T19:39:21.004Z] Executing 03_tables.sql batch 10.
[2026-07-24T19:39:21.010Z] Executing 03_tables.sql batch 11.
[2026-07-24T19:39:21.017Z] Executing 03_tables.sql batch 12.
[2026-07-24T19:39:21.024Z] Executing 03_tables.sql batch 13.
[2026-07-24T19:39:21.030Z] Executing 03_tables.sql batch 14.
[2026-07-24T19:39:21.037Z] Executing 03_tables.sql batch 15.
[2026-07-24T19:39:21.043Z] Executing 03_tables.sql batch 16.
[2026-07-24T19:39:21.051Z] Executing 03_tables.sql batch 17.
[2026-07-24T19:39:21.058Z] Executing 03_tables.sql batch 18.
[2026-07-24T19:39:21.065Z] Executing 03_tables.sql batch 19.
[2026-07-24T19:39:21.073Z] Executing 03_tables.sql batch 20.
[2026-07-24T19:39:21.079Z] Executing 03_tables.sql batch 21.
[2026-07-24T19:39:21.088Z] Executing 03_tables.sql batch 22.
[2026-07-24T19:39:21.094Z] Executing 03_tables.sql batch 23.
[2026-07-24T19:39:21.101Z] Executing 03_tables.sql batch 24.
[2026-07-24T19:39:21.106Z] Executing 03_tables.sql batch 25.
[2026-07-24T19:39:21.111Z] Executing 03_tables.sql batch 26.
[2026-07-24T19:39:21.117Z] Executing 03_tables.sql batch 27.
[2026-07-24T19:39:21.124Z] Executing 03_tables.sql batch 28.
[2026-07-24T19:39:21.129Z] Executing 03_tables.sql batch 29.
[2026-07-24T19:39:21.137Z] Executing 03_tables.sql batch 30.
[2026-07-24T19:39:21.143Z] Executing 03_tables.sql batch 31.
[2026-07-24T19:39:21.150Z] Executing 03_tables.sql batch 32.
[2026-07-24T19:39:21.156Z] Executing 03_tables.sql batch 33.
[2026-07-24T19:39:21.162Z] Executing 03_tables.sql batch 34.
[2026-07-24T19:39:21.169Z] Executing 03_tables.sql batch 35.
[2026-07-24T19:39:21.175Z] Executing 03_tables.sql batch 36.
[2026-07-24T19:39:21.181Z] Executing 03_tables.sql batch 37.
[2026-07-24T19:39:21.187Z] Executing 03_tables.sql batch 38.
[2026-07-24T19:39:21.194Z] Executing 03_tables.sql batch 39.
[2026-07-24T19:39:21.201Z] Executing 03_tables.sql batch 40.
[2026-07-24T19:39:21.208Z] Executing 03_tables.sql batch 41.
[2026-07-24T19:39:21.214Z] Executing 03_tables.sql batch 42.
[2026-07-24T19:39:21.222Z] Executing 03_tables.sql batch 43.
[2026-07-24T19:39:21.229Z] Executing 03_tables.sql batch 44.
[2026-07-24T19:39:21.236Z] Executing 03_tables.sql batch 45.
[2026-07-24T19:39:21.242Z] Executing 03_tables.sql batch 46.
[2026-07-24T19:39:21.248Z] Executing 03_tables.sql batch 47.
[2026-07-24T19:39:21.255Z] Executing 03_tables.sql batch 48.
[2026-07-24T19:39:21.261Z] Executing 03_tables.sql batch 49.
[2026-07-24T19:39:21.269Z] Executing 03_tables.sql batch 50.
[2026-07-24T19:39:21.275Z] Executing 03_tables.sql batch 51.
[2026-07-24T19:39:21.281Z] Executing 03_tables.sql batch 52.
[2026-07-24T19:39:21.289Z] Executing 03_tables.sql batch 53.
[2026-07-24T19:39:21.295Z] Executing 03_tables.sql batch 54.
[2026-07-24T19:39:21.303Z] Executing 03_tables.sql batch 55.
[2026-07-24T19:39:21.310Z] Executing 03_tables.sql batch 56.
[2026-07-24T19:39:21.318Z] Executing 03_tables.sql batch 57.
[2026-07-24T19:39:21.326Z] Executing 03_tables.sql batch 58.
[2026-07-24T19:39:21.335Z] Executing 03_tables.sql batch 59.
[2026-07-24T19:39:21.343Z] Executing 03_tables.sql batch 60.
[2026-07-24T19:39:21.351Z] Executing 03_tables.sql batch 61.
[2026-07-24T19:39:21.359Z] Executing 03_tables.sql batch 62.
[2026-07-24T19:39:21.367Z] Executing 03_tables.sql batch 63.
[2026-07-24T19:39:21.375Z] Executing 03_tables.sql batch 64.
[2026-07-24T19:39:21.381Z] Executing 03_tables.sql batch 65.
[2026-07-24T19:39:21.388Z] Executing 03_tables.sql batch 66.
[2026-07-24T19:39:21.395Z] Executing 03_tables.sql batch 67.
[2026-07-24T19:39:21.402Z] Executing 03_tables.sql batch 68.
[2026-07-24T19:39:21.409Z] Executing 03_tables.sql batch 69.
[2026-07-24T19:39:21.416Z] Executing 03_tables.sql batch 70.
[2026-07-24T19:39:21.424Z] Executing 03_tables.sql batch 71.
[2026-07-24T19:39:21.430Z] Executing 03_tables.sql batch 72.
[2026-07-24T19:39:21.437Z] Executing 03_tables.sql batch 73.
[2026-07-24T19:39:21.444Z] Executing 03_tables.sql batch 74.
[2026-07-24T19:39:21.452Z] Executing 03_tables.sql batch 75.
[2026-07-24T19:39:21.459Z] Executing 03_tables.sql batch 76.
[2026-07-24T19:39:21.467Z] Executing 03_tables.sql batch 77.
[2026-07-24T19:39:21.473Z] Executing 03_tables.sql batch 78.
[2026-07-24T19:39:21.481Z] Executing 03_tables.sql batch 79.
[2026-07-24T19:39:21.489Z] Executing 03_tables.sql batch 80.
[2026-07-24T19:39:21.496Z] Executing 03_tables.sql batch 81.
[2026-07-24T19:39:21.503Z] Executing 03_tables.sql batch 82.
[2026-07-24T19:39:21.512Z] Executing 03_tables.sql batch 83.
[2026-07-24T19:39:21.524Z] Executing 04_constraints.sql batch 1.
[2026-07-24T19:39:21.531Z] Executing 04_constraints.sql batch 2.
[2026-07-24T19:39:21.546Z] Executing 04_constraints.sql batch 3.
[2026-07-24T19:39:21.558Z] Executing 04_constraints.sql batch 4.
[2026-07-24T19:39:21.570Z] Executing 04_constraints.sql batch 5.
[2026-07-24T19:39:21.582Z] Executing 04_constraints.sql batch 6.
[2026-07-24T19:39:21.593Z] Executing 04_constraints.sql batch 7.
[2026-07-24T19:39:21.604Z] Executing 04_constraints.sql batch 8.
[2026-07-24T19:39:21.615Z] Executing 04_constraints.sql batch 9.
[2026-07-24T19:39:21.627Z] Executing 04_constraints.sql batch 10.
[2026-07-24T19:39:21.639Z] Executing 04_constraints.sql batch 11.
[2026-07-24T19:39:21.651Z] Executing 04_constraints.sql batch 12.
[2026-07-24T19:39:21.663Z] Executing 04_constraints.sql batch 13.
[2026-07-24T19:39:21.676Z] Executing 04_constraints.sql batch 14.
[2026-07-24T19:39:21.688Z] Executing 04_constraints.sql batch 15.
[2026-07-24T19:39:21.699Z] Executing 04_constraints.sql batch 16.
[2026-07-24T19:39:21.711Z] Executing 04_constraints.sql batch 17.
[2026-07-24T19:39:21.723Z] Executing 04_constraints.sql batch 18.
[2026-07-24T19:39:21.733Z] Executing 04_constraints.sql batch 19.
[2026-07-24T19:39:21.744Z] Executing 04_constraints.sql batch 20.
[2026-07-24T19:39:21.755Z] Executing 04_constraints.sql batch 21.
[2026-07-24T19:39:21.766Z] Executing 04_constraints.sql batch 22.
[2026-07-24T19:39:21.776Z] Executing 04_constraints.sql batch 23.
[2026-07-24T19:39:21.787Z] Executing 04_constraints.sql batch 24.
[2026-07-24T19:39:21.797Z] Executing 04_constraints.sql batch 25.
[2026-07-24T19:39:21.807Z] Executing 04_constraints.sql batch 26.
[2026-07-24T19:39:21.818Z] Executing 04_constraints.sql batch 27.
[2026-07-24T19:39:21.827Z] Executing 04_constraints.sql batch 28.
[2026-07-24T19:39:21.838Z] Executing 04_constraints.sql batch 29.
[2026-07-24T19:39:21.849Z] Executing 04_constraints.sql batch 30.
[2026-07-24T19:39:21.859Z] Executing 04_constraints.sql batch 31.
[2026-07-24T19:39:21.870Z] Executing 04_constraints.sql batch 32.
[2026-07-24T19:39:21.880Z] Executing 04_constraints.sql batch 33.
[2026-07-24T19:39:21.891Z] Executing 04_constraints.sql batch 34.
[2026-07-24T19:39:21.902Z] Executing 04_constraints.sql batch 35.
[2026-07-24T19:39:21.911Z] Executing 04_constraints.sql batch 36.
[2026-07-24T19:39:21.922Z] Executing 04_constraints.sql batch 37.
[2026-07-24T19:39:21.933Z] Executing 04_constraints.sql batch 38.
[2026-07-24T19:39:21.944Z] Executing 04_constraints.sql batch 39.
[2026-07-24T19:39:21.956Z] Executing 04_constraints.sql batch 40.
[2026-07-24T19:39:21.966Z] Executing 04_constraints.sql batch 41.
[2026-07-24T19:39:21.977Z] Executing 04_constraints.sql batch 42.
[2026-07-24T19:39:21.990Z] Executing 04_constraints.sql batch 43.
[2026-07-24T19:39:22.003Z] Executing 04_constraints.sql batch 44.
[2026-07-24T19:39:22.016Z] Executing 04_constraints.sql batch 45.
[2026-07-24T19:39:22.028Z] Executing 04_constraints.sql batch 46.
[2026-07-24T19:39:22.040Z] Executing 04_constraints.sql batch 47.
[2026-07-24T19:39:22.054Z] Executing 04_constraints.sql batch 48.
[2026-07-24T19:39:22.066Z] Executing 04_constraints.sql batch 49.
[2026-07-24T19:39:22.078Z] Executing 04_constraints.sql batch 50.
[2026-07-24T19:39:22.089Z] Executing 04_constraints.sql batch 51.
[2026-07-24T19:39:22.100Z] Executing 04_constraints.sql batch 52.
[2026-07-24T19:39:22.111Z] Executing 04_constraints.sql batch 53.
[2026-07-24T19:39:22.122Z] Executing 04_constraints.sql batch 54.
[2026-07-24T19:39:22.134Z] Executing 04_constraints.sql batch 55.
[2026-07-24T19:39:22.144Z] Executing 04_constraints.sql batch 56.
[2026-07-24T19:39:22.155Z] Executing 04_constraints.sql batch 57.
[2026-07-24T19:39:22.167Z] Executing 04_constraints.sql batch 58.
[2026-07-24T19:39:22.177Z] Executing 04_constraints.sql batch 59.
[2026-07-24T19:39:22.189Z] Executing 04_constraints.sql batch 60.
[2026-07-24T19:39:22.200Z] Executing 04_constraints.sql batch 61.
[2026-07-24T19:39:22.211Z] Executing 04_constraints.sql batch 62.
[2026-07-24T19:39:22.222Z] Executing 04_constraints.sql batch 63.
[2026-07-24T19:39:22.234Z] Executing 04_constraints.sql batch 64.
[2026-07-24T19:39:22.244Z] Executing 04_constraints.sql batch 65.
[2026-07-24T19:39:22.256Z] Executing 04_constraints.sql batch 66.
[2026-07-24T19:39:22.269Z] Executing 04_constraints.sql batch 67.
[2026-07-24T19:39:22.279Z] Executing 04_constraints.sql batch 68.
[2026-07-24T19:39:22.290Z] Executing 04_constraints.sql batch 69.
[2026-07-24T19:39:22.303Z] Executing 04_constraints.sql batch 70.
[2026-07-24T19:39:22.314Z] Executing 04_constraints.sql batch 71.
[2026-07-24T19:39:22.326Z] Executing 04_constraints.sql batch 72.
[2026-07-24T19:39:22.337Z] Executing 04_constraints.sql batch 73.
[2026-07-24T19:39:22.348Z] Executing 04_constraints.sql batch 74.
[2026-07-24T19:39:22.360Z] Executing 04_constraints.sql batch 75.
[2026-07-24T19:39:22.372Z] Executing 04_constraints.sql batch 76.
[2026-07-24T19:39:22.384Z] Executing 04_constraints.sql batch 77.
[2026-07-24T19:39:22.395Z] Executing 04_constraints.sql batch 78.
[2026-07-24T19:39:22.407Z] Executing 04_constraints.sql batch 79.
[2026-07-24T19:39:22.419Z] Executing 04_constraints.sql batch 80.
[2026-07-24T19:39:22.430Z] Executing 04_constraints.sql batch 81.
[2026-07-24T19:39:22.441Z] Executing 04_constraints.sql batch 82.
[2026-07-24T19:39:22.453Z] Executing 04_constraints.sql batch 83.
[2026-07-24T19:39:22.464Z] Executing 04_constraints.sql batch 84.
[2026-07-24T19:39:22.475Z] Executing 04_constraints.sql batch 85.
[2026-07-24T19:39:22.487Z] Executing 04_constraints.sql batch 86.
[2026-07-24T19:39:22.499Z] Executing 04_constraints.sql batch 87.
[2026-07-24T19:39:22.511Z] Executing 04_constraints.sql batch 88.
[2026-07-24T19:39:22.523Z] Executing 04_constraints.sql batch 89.
[2026-07-24T19:39:22.534Z] Executing 04_constraints.sql batch 90.
[2026-07-24T19:39:22.544Z] Executing 04_constraints.sql batch 91.
[2026-07-24T19:39:22.555Z] Executing 04_constraints.sql batch 92.
[2026-07-24T19:39:22.567Z] Executing 04_constraints.sql batch 93.
[2026-07-24T19:39:22.578Z] Executing 04_constraints.sql batch 94.
[2026-07-24T19:39:22.589Z] Executing 04_constraints.sql batch 95.
[2026-07-24T19:39:22.601Z] Executing 04_constraints.sql batch 96.
[2026-07-24T19:39:22.612Z] Executing 04_constraints.sql batch 97.
[2026-07-24T19:39:22.624Z] Executing 04_constraints.sql batch 98.
[2026-07-24T19:39:22.635Z] Executing 04_constraints.sql batch 99.
[2026-07-24T19:39:22.646Z] Executing 04_constraints.sql batch 100.
[2026-07-24T19:39:22.658Z] Executing 04_constraints.sql batch 101.
[2026-07-24T19:39:22.670Z] Executing 04_constraints.sql batch 102.
[2026-07-24T19:39:22.680Z] Executing 04_constraints.sql batch 103.
[2026-07-24T19:39:22.692Z] Executing 04_constraints.sql batch 104.
[2026-07-24T19:39:22.703Z] Executing 04_constraints.sql batch 105.
[2026-07-24T19:39:22.715Z] Executing 04_constraints.sql batch 106.
[2026-07-24T19:39:22.726Z] Executing 04_constraints.sql batch 107.
[2026-07-24T19:39:22.738Z] Executing 04_constraints.sql batch 108.
[2026-07-24T19:39:22.749Z] Executing 04_constraints.sql batch 109.
[2026-07-24T19:39:22.758Z] Executing 04_constraints.sql batch 110.
[2026-07-24T19:39:22.767Z] Executing 04_constraints.sql batch 111.
[2026-07-24T19:39:22.776Z] Executing 04_constraints.sql batch 112.
[2026-07-24T19:39:22.785Z] Executing 04_constraints.sql batch 113.
[2026-07-24T19:39:22.793Z] Executing 04_constraints.sql batch 114.
[2026-07-24T19:39:22.803Z] Executing 04_constraints.sql batch 115.
[2026-07-24T19:39:22.811Z] Executing 04_constraints.sql batch 116.
[2026-07-24T19:39:22.821Z] Executing 04_constraints.sql batch 117.
[2026-07-24T19:39:22.833Z] Executing 05_relationships.sql batch 1.
[2026-07-24T19:39:22.837Z] Executing 05_relationships.sql batch 2.
[2026-07-24T19:39:22.848Z] Executing 05_relationships.sql batch 3.
[2026-07-24T19:39:22.857Z] Executing 05_relationships.sql batch 4.
[2026-07-24T19:39:22.867Z] Executing 05_relationships.sql batch 5.
[2026-07-24T19:39:22.877Z] Executing 05_relationships.sql batch 6.
[2026-07-24T19:39:22.888Z] Executing 05_relationships.sql batch 7.
[2026-07-24T19:39:22.899Z] Executing 05_relationships.sql batch 8.
[2026-07-24T19:39:22.911Z] Executing 05_relationships.sql batch 9.
[2026-07-24T19:39:22.923Z] Executing 05_relationships.sql batch 10.
[2026-07-24T19:39:22.935Z] Executing 05_relationships.sql batch 11.
[2026-07-24T19:39:22.947Z] Executing 05_relationships.sql batch 12.
[2026-07-24T19:39:22.957Z] Executing 05_relationships.sql batch 13.
[2026-07-24T19:39:22.969Z] Executing 05_relationships.sql batch 14.
[2026-07-24T19:39:22.980Z] Executing 05_relationships.sql batch 15.
[2026-07-24T19:39:22.992Z] Executing 05_relationships.sql batch 16.
[2026-07-24T19:39:23.002Z] Executing 05_relationships.sql batch 17.
[2026-07-24T19:39:23.013Z] Executing 05_relationships.sql batch 18.
[2026-07-24T19:39:23.023Z] Executing 05_relationships.sql batch 19.
[2026-07-24T19:39:23.034Z] Executing 05_relationships.sql batch 20.
[2026-07-24T19:39:23.043Z] Executing 05_relationships.sql batch 21.
[2026-07-24T19:39:23.053Z] Executing 05_relationships.sql batch 22.
[2026-07-24T19:39:23.063Z] Executing 05_relationships.sql batch 23.
[2026-07-24T19:39:23.072Z] Executing 05_relationships.sql batch 24.
[2026-07-24T19:39:23.082Z] Executing 05_relationships.sql batch 25.
[2026-07-24T19:39:23.091Z] Executing 05_relationships.sql batch 26.
[2026-07-24T19:39:23.100Z] Executing 05_relationships.sql batch 27.
[2026-07-24T19:39:23.109Z] Executing 05_relationships.sql batch 28.
[2026-07-24T19:39:23.118Z] Executing 05_relationships.sql batch 29.
[2026-07-24T19:39:23.129Z] Executing 05_relationships.sql batch 30.
[2026-07-24T19:39:23.139Z] Executing 05_relationships.sql batch 31.
[2026-07-24T19:39:23.150Z] Executing 05_relationships.sql batch 32.
[2026-07-24T19:39:23.160Z] Executing 05_relationships.sql batch 33.
[2026-07-24T19:39:23.170Z] Executing 05_relationships.sql batch 34.
[2026-07-24T19:39:23.180Z] Executing 05_relationships.sql batch 35.
[2026-07-24T19:39:23.189Z] Executing 05_relationships.sql batch 36.
[2026-07-24T19:39:23.200Z] Executing 05_relationships.sql batch 37.
[2026-07-24T19:39:23.210Z] Executing 05_relationships.sql batch 38.
[2026-07-24T19:39:23.221Z] Executing 05_relationships.sql batch 39.
[2026-07-24T19:39:23.231Z] Executing 05_relationships.sql batch 40.
[2026-07-24T19:39:23.240Z] Executing 05_relationships.sql batch 41.
[2026-07-24T19:39:23.251Z] Executing 05_relationships.sql batch 42.
[2026-07-24T19:39:23.261Z] Executing 05_relationships.sql batch 43.
[2026-07-24T19:39:23.272Z] Executing 05_relationships.sql batch 44.
[2026-07-24T19:39:23.283Z] Executing 05_relationships.sql batch 45.
[2026-07-24T19:39:23.292Z] Executing 05_relationships.sql batch 46.
[2026-07-24T19:39:23.304Z] Executing 05_relationships.sql batch 47.
[2026-07-24T19:39:23.315Z] Executing 05_relationships.sql batch 48.
[2026-07-24T19:39:23.324Z] Executing 05_relationships.sql batch 49.
[2026-07-24T19:39:23.335Z] Executing 05_relationships.sql batch 50.
[2026-07-24T19:39:23.345Z] Executing 05_relationships.sql batch 51.
[2026-07-24T19:39:23.355Z] Executing 05_relationships.sql batch 52.
[2026-07-24T19:39:23.366Z] Executing 05_relationships.sql batch 53.
[2026-07-24T19:39:23.375Z] Executing 05_relationships.sql batch 54.
[2026-07-24T19:39:23.386Z] Executing 05_relationships.sql batch 55.
[2026-07-24T19:39:23.395Z] Executing 05_relationships.sql batch 56.
[2026-07-24T19:39:23.405Z] Executing 05_relationships.sql batch 57.
[2026-07-24T19:39:23.416Z] Executing 05_relationships.sql batch 58.
[2026-07-24T19:39:23.425Z] Executing 05_relationships.sql batch 59.
[2026-07-24T19:39:23.436Z] Executing 05_relationships.sql batch 60.
[2026-07-24T19:39:23.447Z] Executing 05_relationships.sql batch 61.
[2026-07-24T19:39:23.457Z] Executing 05_relationships.sql batch 62.
[2026-07-24T19:39:23.468Z] Executing 05_relationships.sql batch 63.
[2026-07-24T19:39:23.480Z] Executing 05_relationships.sql batch 64.
[2026-07-24T19:39:23.492Z] Executing 05_relationships.sql batch 65.
[2026-07-24T19:39:23.504Z] Executing 05_relationships.sql batch 66.
[2026-07-24T19:39:23.516Z] Executing 05_relationships.sql batch 67.
[2026-07-24T19:39:23.528Z] Executing 05_relationships.sql batch 68.
[2026-07-24T19:39:23.539Z] Executing 05_relationships.sql batch 69.
[2026-07-24T19:39:23.550Z] Executing 05_relationships.sql batch 70.
[2026-07-24T19:39:23.562Z] Executing 05_relationships.sql batch 71.
[2026-07-24T19:39:23.573Z] Executing 05_relationships.sql batch 72.
[2026-07-24T19:39:23.583Z] Executing 05_relationships.sql batch 73.
[2026-07-24T19:39:23.593Z] Executing 05_relationships.sql batch 74.
[2026-07-24T19:39:23.604Z] Executing 05_relationships.sql batch 75.
[2026-07-24T19:39:23.614Z] Executing 05_relationships.sql batch 76.
[2026-07-24T19:39:23.623Z] Executing 05_relationships.sql batch 77.
[2026-07-24T19:39:23.634Z] Executing 05_relationships.sql batch 78.
[2026-07-24T19:39:23.643Z] Executing 05_relationships.sql batch 79.
[2026-07-24T19:39:23.653Z] Executing 05_relationships.sql batch 80.
[2026-07-24T19:39:23.662Z] Executing 05_relationships.sql batch 81.
[2026-07-24T19:39:23.672Z] Executing 05_relationships.sql batch 82.
[2026-07-24T19:39:23.682Z] Executing 05_relationships.sql batch 83.
[2026-07-24T19:39:23.691Z] Executing 05_relationships.sql batch 84.
[2026-07-24T19:39:23.701Z] Executing 05_relationships.sql batch 85.
[2026-07-24T19:39:23.710Z] Executing 05_relationships.sql batch 86.
[2026-07-24T19:39:23.721Z] Executing 05_relationships.sql batch 87.
[2026-07-24T19:39:23.732Z] Executing 05_relationships.sql batch 88.
[2026-07-24T19:39:23.742Z] Executing 05_relationships.sql batch 89.
[2026-07-24T19:39:23.751Z] Executing 05_relationships.sql batch 90.
[2026-07-24T19:39:23.761Z] Executing 05_relationships.sql batch 91.
[2026-07-24T19:39:23.771Z] Executing 05_relationships.sql batch 92.
[2026-07-24T19:39:23.781Z] Executing 05_relationships.sql batch 93.
[2026-07-24T19:39:23.801Z] Executing 05_relationships.sql batch 94.
[2026-07-24T19:39:23.810Z] Executing 05_relationships.sql batch 95.
[2026-07-24T19:39:23.823Z] Executing 06_indexes.sql batch 1.
[2026-07-24T19:39:23.827Z] Executing 06_indexes.sql batch 2.
[2026-07-24T19:39:23.843Z] Executing 06_indexes.sql batch 3.
[2026-07-24T19:39:23.852Z] Executing 06_indexes.sql batch 4.
[2026-07-24T19:39:23.861Z] Executing 06_indexes.sql batch 5.
[2026-07-24T19:39:23.870Z] Executing 06_indexes.sql batch 6.
[2026-07-24T19:39:23.879Z] Executing 06_indexes.sql batch 7.
[2026-07-24T19:39:23.888Z] Executing 06_indexes.sql batch 8.
[2026-07-24T19:39:23.897Z] Executing 06_indexes.sql batch 9.
[2026-07-24T19:39:23.906Z] Executing 06_indexes.sql batch 10.
[2026-07-24T19:39:23.915Z] Executing 06_indexes.sql batch 11.
[2026-07-24T19:39:23.924Z] Executing 06_indexes.sql batch 12.
[2026-07-24T19:39:23.937Z] Executing 07_functions.sql batch 1.
[2026-07-24T19:39:23.940Z] Executing 07_functions.sql batch 2.
[2026-07-24T19:39:23.946Z] Executing 07_functions.sql batch 3.
[2026-07-24T19:39:23.950Z] Executing 07_functions.sql batch 4.
[2026-07-24T19:39:23.954Z] Executing 07_functions.sql batch 5.
[2026-07-24T19:39:23.959Z] Executing 07_functions.sql batch 6.
[2026-07-24T19:39:23.964Z] Executing 07_functions.sql batch 7.
[2026-07-24T19:39:23.968Z] Executing 07_functions.sql batch 8.
[2026-07-24T19:39:23.972Z] Executing 07_functions.sql batch 9.
[2026-07-24T19:39:23.977Z] Executing 07_functions.sql batch 10.
[2026-07-24T19:39:23.982Z] Executing 07_functions.sql batch 11.
[2026-07-24T19:39:23.990Z] Executing 08_views.sql batch 1.
[2026-07-24T19:39:23.993Z] Executing 08_views.sql batch 2.
[2026-07-24T19:39:23.999Z] Executing 08_views.sql batch 3.
[2026-07-24T19:39:24.004Z] Executing 08_views.sql batch 4.
[2026-07-24T19:39:24.008Z] Skipping 08_views.sql batch 5: legacy view vw_DyForm_ActiveDomainsUsed does not match current DyForm schema.
[2026-07-24T19:39:24.010Z] Skipping 08_views.sql batch 6: legacy view vw_DyForm_CompleteFieldMap does not match current DyForm schema.
[2026-07-24T19:39:24.012Z] Executing 08_views.sql batch 7.
[2026-07-24T19:39:24.019Z] Skipping 08_views.sql batch 8: legacy view vw_DyForm_FieldExpressions does not match current DyForm schema.
[2026-07-24T19:39:24.021Z] Skipping 08_views.sql batch 9: legacy view vw_DyForm_FieldRules does not match current DyForm schema.
[2026-07-24T19:39:24.023Z] Executing 08_views.sql batch 10.
[2026-07-24T19:39:24.031Z] Executing 08_views.sql batch 11.
[2026-07-24T19:39:24.037Z] Skipping 08_views.sql batch 12: legacy view vw_DyForm_UnusedTypesOrDomains does not match current DyForm schema.
[2026-07-24T19:39:24.039Z] Executing 08_views.sql batch 13.
[2026-07-24T19:39:24.047Z] Executing 08_views.sql batch 14.
[2026-07-24T19:39:24.053Z] Executing 08_views.sql batch 15.
[2026-07-24T19:39:24.059Z] Executing 08_views.sql batch 16.
[2026-07-24T19:39:24.066Z] Executing 08_views.sql batch 17.
[2026-07-24T19:39:24.072Z] Skipping 08_views.sql batch 18: legacy view vw_PortalModules does not match current DyForm schema.
[2026-07-24T19:39:24.074Z] Executing 08_views.sql batch 19.
[2026-07-24T19:39:24.079Z] Executing 08_views.sql batch 20.
[2026-07-24T19:39:24.084Z] Executing 08_views.sql batch 21.
[2026-07-24T19:39:24.088Z] Executing 08_views.sql batch 22.
[2026-07-24T19:39:24.094Z] Executing 08_views.sql batch 23.
[2026-07-24T19:39:24.099Z] Executing 08_views.sql batch 24.
[2026-07-24T19:39:24.104Z] Executing 08_views.sql batch 25.
[2026-07-24T19:39:24.108Z] Executing 08_views.sql batch 26.
[2026-07-24T19:39:24.114Z] Executing 08_views.sql batch 27.
[2026-07-24T19:39:24.118Z] Executing 08_views.sql batch 28.
[2026-07-24T19:39:24.123Z] Executing 08_views.sql batch 29.
[2026-07-24T19:39:24.128Z] Executing 08_views.sql batch 30.
[2026-07-24T19:39:24.133Z] Executing 08_views.sql batch 31.
[2026-07-24T19:39:24.138Z] Executing 08_views.sql batch 32.
[2026-07-24T19:39:24.142Z] Executing 08_views.sql batch 33.
[2026-07-24T19:39:24.147Z] Executing 08_views.sql batch 34.
[2026-07-24T19:39:24.151Z] Executing 08_views.sql batch 35.
[2026-07-24T19:39:24.163Z] Executing 09_stored_procedures.sql batch 1.
[2026-07-24T19:39:24.167Z] Skipping 09_stored_procedures.sql batch 2: legacy procedure AssignModuleToPortal references removed schema objects.
[2026-07-24T19:39:24.169Z] Executing 09_stored_procedures.sql batch 3.
[2026-07-24T19:39:24.173Z] Executing 09_stored_procedures.sql batch 4.
[2026-07-24T19:39:24.177Z] Executing 09_stored_procedures.sql batch 5.
[2026-07-24T19:39:24.182Z] Executing 09_stored_procedures.sql batch 6.
[2026-07-24T19:39:24.187Z] Executing 09_stored_procedures.sql batch 7.
[2026-07-24T19:39:24.191Z] Executing 09_stored_procedures.sql batch 8.
[2026-07-24T19:39:24.197Z] Executing 09_stored_procedures.sql batch 9.
[2026-07-24T19:39:24.202Z] Executing 09_stored_procedures.sql batch 10.
[2026-07-24T19:39:24.208Z] Executing 09_stored_procedures.sql batch 11.
[2026-07-24T19:39:24.214Z] Executing 09_stored_procedures.sql batch 12.
[2026-07-24T19:39:24.220Z] Executing 09_stored_procedures.sql batch 13.
[2026-07-24T19:39:24.225Z] Executing 09_stored_procedures.sql batch 14.
[2026-07-24T19:39:24.230Z] Executing 09_stored_procedures.sql batch 15.
[2026-07-24T19:39:24.235Z] Executing 09_stored_procedures.sql batch 16.
[2026-07-24T19:39:24.240Z] Executing 09_stored_procedures.sql batch 17.
[2026-07-24T19:39:24.245Z] Executing 09_stored_procedures.sql batch 18.
[2026-07-24T19:39:24.251Z] Executing 09_stored_procedures.sql batch 19.
[2026-07-24T19:39:24.256Z] Executing 09_stored_procedures.sql batch 20.
[2026-07-24T19:39:24.262Z] Executing 09_stored_procedures.sql batch 21.
[2026-07-24T19:39:24.268Z] Executing 09_stored_procedures.sql batch 22.
[2026-07-24T19:39:24.272Z] Executing 09_stored_procedures.sql batch 23.
[2026-07-24T19:39:24.277Z] Executing 09_stored_procedures.sql batch 24.
[2026-07-24T19:39:24.283Z] Executing 09_stored_procedures.sql batch 25.
[2026-07-24T19:39:24.287Z] Executing 09_stored_procedures.sql batch 26.
[2026-07-24T19:39:24.292Z] Executing 09_stored_procedures.sql batch 27.
[2026-07-24T19:39:24.298Z] Executing 09_stored_procedures.sql batch 28.
[2026-07-24T19:39:24.304Z] Executing 09_stored_procedures.sql batch 29.
[2026-07-24T19:39:24.308Z] Executing 09_stored_procedures.sql batch 30.
[2026-07-24T19:39:24.314Z] Executing 09_stored_procedures.sql batch 31.
[2026-07-24T19:39:24.319Z] Executing 09_stored_procedures.sql batch 32.
[2026-07-24T19:39:24.324Z] Executing 09_stored_procedures.sql batch 33.
[2026-07-24T19:39:24.330Z] Executing 09_stored_procedures.sql batch 34.
[2026-07-24T19:39:24.334Z] Executing 09_stored_procedures.sql batch 35.
[2026-07-24T19:39:24.339Z] Executing 09_stored_procedures.sql batch 36.
[2026-07-24T19:39:24.344Z] Executing 09_stored_procedures.sql batch 37.
[2026-07-24T19:39:24.350Z] Executing 09_stored_procedures.sql batch 38.
[2026-07-24T19:39:24.354Z] Executing 09_stored_procedures.sql batch 39.
[2026-07-24T19:39:24.359Z] Executing 09_stored_procedures.sql batch 40.
[2026-07-24T19:39:24.365Z] Executing 09_stored_procedures.sql batch 41.
[2026-07-24T19:39:24.369Z] Executing 09_stored_procedures.sql batch 42.
[2026-07-24T19:39:24.374Z] Executing 09_stored_procedures.sql batch 43.
[2026-07-24T19:39:24.379Z] Executing 09_stored_procedures.sql batch 44.
[2026-07-24T19:39:24.384Z] Executing 09_stored_procedures.sql batch 45.
[2026-07-24T19:39:24.388Z] Executing 09_stored_procedures.sql batch 46.
[2026-07-24T19:39:24.393Z] Executing 09_stored_procedures.sql batch 47.
[2026-07-24T19:39:24.399Z] Executing 09_stored_procedures.sql batch 48.
[2026-07-24T19:39:24.404Z] Executing 09_stored_procedures.sql batch 49.
[2026-07-24T19:39:24.409Z] Executing 09_stored_procedures.sql batch 50.
[2026-07-24T19:39:24.414Z] Executing 09_stored_procedures.sql batch 51.
[2026-07-24T19:39:24.418Z] Executing 09_stored_procedures.sql batch 52.
[2026-07-24T19:39:24.426Z] Executing 09_stored_procedures.sql batch 53.
[2026-07-24T19:39:24.431Z] Executing 09_stored_procedures.sql batch 54.
[2026-07-24T19:39:24.436Z] Executing 09_stored_procedures.sql batch 55.
[2026-07-24T19:39:24.440Z] Executing 09_stored_procedures.sql batch 56.
[2026-07-24T19:39:24.445Z] Executing 09_stored_procedures.sql batch 57.
[2026-07-24T19:39:24.449Z] Executing 09_stored_procedures.sql batch 58.
[2026-07-24T19:39:24.454Z] Executing 09_stored_procedures.sql batch 59.
[2026-07-24T19:39:24.459Z] Executing 09_stored_procedures.sql batch 60.
[2026-07-24T19:39:24.464Z] Executing 09_stored_procedures.sql batch 61.
[2026-07-24T19:39:24.469Z] Executing 09_stored_procedures.sql batch 62.
[2026-07-24T19:39:24.474Z] Executing 09_stored_procedures.sql batch 63.
[2026-07-24T19:39:24.479Z] Executing 09_stored_procedures.sql batch 64.
[2026-07-24T19:39:24.484Z] Executing 09_stored_procedures.sql batch 65.
[2026-07-24T19:39:24.489Z] Executing 09_stored_procedures.sql batch 66.
[2026-07-24T19:39:24.497Z] Executing 09_stored_procedures.sql batch 67.
[2026-07-24T19:39:24.502Z] Executing 09_stored_procedures.sql batch 68.
[2026-07-24T19:39:24.506Z] Executing 09_stored_procedures.sql batch 69.
[2026-07-24T19:39:24.511Z] Executing 09_stored_procedures.sql batch 70.
[2026-07-24T19:39:24.516Z] Executing 09_stored_procedures.sql batch 71.
[2026-07-24T19:39:24.520Z] Executing 09_stored_procedures.sql batch 72.
[2026-07-24T19:39:24.524Z] Executing 09_stored_procedures.sql batch 73.
[2026-07-24T19:39:24.528Z] Executing 09_stored_procedures.sql batch 74.
[2026-07-24T19:39:24.533Z] Executing 09_stored_procedures.sql batch 75.
[2026-07-24T19:39:24.537Z] Executing 09_stored_procedures.sql batch 76.
[2026-07-24T19:39:24.541Z] Executing 09_stored_procedures.sql batch 77.
[2026-07-24T19:39:24.573Z] Executing 09_stored_procedures.sql batch 78.
[2026-07-24T19:39:24.601Z] Executing 09_stored_procedures.sql batch 79.
[2026-07-24T19:39:24.610Z] Executing 09_stored_procedures.sql batch 80.
[2026-07-24T19:39:24.619Z] Executing 09_stored_procedures.sql batch 81.
[2026-07-24T19:39:24.627Z] Executing 09_stored_procedures.sql batch 82.
[2026-07-24T19:39:24.635Z] Executing 09_stored_procedures.sql batch 83.
[2026-07-24T19:39:24.642Z] Executing 09_stored_procedures.sql batch 84.
[2026-07-24T19:39:24.649Z] Executing 09_stored_procedures.sql batch 85.
[2026-07-24T19:39:24.655Z] Executing 09_stored_procedures.sql batch 86.
[2026-07-24T19:39:24.664Z] Executing 09_stored_procedures.sql batch 87.
[2026-07-24T19:39:24.673Z] Executing 09_stored_procedures.sql batch 88.
[2026-07-24T19:39:24.681Z] Executing 09_stored_procedures.sql batch 89.
[2026-07-24T19:39:24.689Z] Executing 09_stored_procedures.sql batch 90.
[2026-07-24T19:39:24.697Z] Executing 09_stored_procedures.sql batch 91.
[2026-07-24T19:39:24.703Z] Executing 09_stored_procedures.sql batch 92.
[2026-07-24T19:39:24.710Z] Executing 09_stored_procedures.sql batch 93.
[2026-07-24T19:39:24.717Z] Executing 09_stored_procedures.sql batch 94.
[2026-07-24T19:39:24.725Z] Executing 09_stored_procedures.sql batch 95.
[2026-07-24T19:39:24.733Z] Executing 09_stored_procedures.sql batch 96.
[2026-07-24T19:39:24.741Z] Executing 09_stored_procedures.sql batch 97.
[2026-07-24T19:39:24.748Z] Executing 09_stored_procedures.sql batch 98.
[2026-07-24T19:39:24.755Z] Executing 09_stored_procedures.sql batch 99.
[2026-07-24T19:39:24.762Z] Executing 09_stored_procedures.sql batch 100.
[2026-07-24T19:39:24.769Z] Executing 09_stored_procedures.sql batch 101.
[2026-07-24T19:39:24.775Z] Executing 09_stored_procedures.sql batch 102.
[2026-07-24T19:39:24.782Z] Executing 09_stored_procedures.sql batch 103.
[2026-07-24T19:39:24.788Z] Executing 09_stored_procedures.sql batch 104.
[2026-07-24T19:39:24.794Z] Executing 09_stored_procedures.sql batch 105.
[2026-07-24T19:39:24.801Z] Executing 09_stored_procedures.sql batch 106.
[2026-07-24T19:39:24.806Z] Executing 09_stored_procedures.sql batch 107.
[2026-07-24T19:39:24.813Z] Executing 09_stored_procedures.sql batch 108.
[2026-07-24T19:39:24.819Z] Executing 09_stored_procedures.sql batch 109.
[2026-07-24T19:39:24.825Z] Executing 09_stored_procedures.sql batch 110.
[2026-07-24T19:39:24.831Z] Executing 09_stored_procedures.sql batch 111.
[2026-07-24T19:39:24.837Z] Executing 09_stored_procedures.sql batch 112.
[2026-07-24T19:39:24.842Z] Executing 09_stored_procedures.sql batch 113.
[2026-07-24T19:39:24.848Z] Executing 09_stored_procedures.sql batch 114.
[2026-07-24T19:39:24.853Z] Executing 09_stored_procedures.sql batch 115.
[2026-07-24T19:39:24.859Z] Executing 09_stored_procedures.sql batch 116.
[2026-07-24T19:39:24.865Z] Executing 09_stored_procedures.sql batch 117.
[2026-07-24T19:39:24.869Z] Executing 09_stored_procedures.sql batch 118.
[2026-07-24T19:39:24.874Z] Executing 09_stored_procedures.sql batch 119.
[2026-07-24T19:39:24.879Z] Executing 09_stored_procedures.sql batch 120.
[2026-07-24T19:39:24.884Z] Executing 09_stored_procedures.sql batch 121.
[2026-07-24T19:39:24.888Z] Executing 09_stored_procedures.sql batch 122.
[2026-07-24T19:39:24.892Z] Executing 09_stored_procedures.sql batch 123.
[2026-07-24T19:39:24.898Z] Executing 09_stored_procedures.sql batch 124.
[2026-07-24T19:39:24.902Z] Executing 09_stored_procedures.sql batch 125.
[2026-07-24T19:39:24.907Z] Executing 09_stored_procedures.sql batch 126.
[2026-07-24T19:39:24.911Z] Executing 09_stored_procedures.sql batch 127.
[2026-07-24T19:39:24.916Z] Executing 09_stored_procedures.sql batch 128.
[2026-07-24T19:39:24.920Z] Executing 09_stored_procedures.sql batch 129.
[2026-07-24T19:39:24.924Z] Executing 09_stored_procedures.sql batch 130.
[2026-07-24T19:39:24.929Z] Executing 09_stored_procedures.sql batch 131.
[2026-07-24T19:39:24.933Z] Executing 09_stored_procedures.sql batch 132.
[2026-07-24T19:39:24.937Z] Executing 09_stored_procedures.sql batch 133.
[2026-07-24T19:39:24.942Z] Executing 09_stored_procedures.sql batch 134.
[2026-07-24T19:39:24.947Z] Executing 09_stored_procedures.sql batch 135.
[2026-07-24T19:39:24.952Z] Skipping 09_stored_procedures.sql batch 136: legacy procedure GenerateApiKey references removed schema objects.
[2026-07-24T19:39:24.954Z] Executing 09_stored_procedures.sql batch 137.
[2026-07-24T19:39:24.959Z] Executing 09_stored_procedures.sql batch 138.
[2026-07-24T19:39:24.964Z] Executing 09_stored_procedures.sql batch 139.
[2026-07-24T19:39:24.969Z] Skipping 09_stored_procedures.sql batch 140: legacy procedure GetAllDyFormDFormDomainss references removed schema objects.
[2026-07-24T19:39:24.970Z] Skipping 09_stored_procedures.sql batch 141: legacy procedure GetAllDyFormDFormDomainValuess references removed schema objects.
[2026-07-24T19:39:24.972Z] Skipping 09_stored_procedures.sql batch 142: legacy procedure GetAllDyFormDFormFieldRules references removed schema objects.
[2026-07-24T19:39:24.973Z] Skipping 09_stored_procedures.sql batch 143: legacy procedure GetAllDyFormDFormFields references removed schema objects.
[2026-07-24T19:39:24.975Z] Skipping 09_stored_procedures.sql batch 144: legacy procedure GetAllDyFormDForms references removed schema objects.
[2026-07-24T19:39:24.977Z] Skipping 09_stored_procedures.sql batch 145: legacy procedure GetAllDyFormDFormSections references removed schema objects.
[2026-07-24T19:39:24.979Z] Executing 09_stored_procedures.sql batch 146.
[2026-07-24T19:39:24.984Z] Executing 09_stored_procedures.sql batch 147.
[2026-07-24T19:39:24.988Z] Executing 09_stored_procedures.sql batch 148.
[2026-07-24T19:39:24.993Z] Executing 09_stored_procedures.sql batch 149.
[2026-07-24T19:39:24.998Z] Executing 09_stored_procedures.sql batch 150.
[2026-07-24T19:39:25.003Z] Executing 09_stored_procedures.sql batch 151.
[2026-07-24T19:39:25.007Z] Executing 09_stored_procedures.sql batch 152.
[2026-07-24T19:39:25.013Z] Executing 09_stored_procedures.sql batch 153.
[2026-07-24T19:39:25.018Z] Executing 09_stored_procedures.sql batch 154.
[2026-07-24T19:39:25.023Z] Executing 09_stored_procedures.sql batch 155.
[2026-07-24T19:39:25.028Z] Executing 09_stored_procedures.sql batch 156.
[2026-07-24T19:39:25.034Z] Executing 09_stored_procedures.sql batch 157.
[2026-07-24T19:39:25.040Z] Executing 09_stored_procedures.sql batch 158.
[2026-07-24T19:39:25.046Z] Executing 09_stored_procedures.sql batch 159.
[2026-07-24T19:39:25.052Z] Executing 09_stored_procedures.sql batch 160.
[2026-07-24T19:39:25.057Z] Executing 09_stored_procedures.sql batch 161.
[2026-07-24T19:39:25.063Z] Executing 09_stored_procedures.sql batch 162.
[2026-07-24T19:39:25.068Z] Executing 09_stored_procedures.sql batch 163.
[2026-07-24T19:39:25.075Z] Executing 09_stored_procedures.sql batch 164.
[2026-07-24T19:39:25.081Z] Executing 09_stored_procedures.sql batch 165.
[2026-07-24T19:39:25.087Z] Executing 09_stored_procedures.sql batch 166.
[2026-07-24T19:39:25.092Z] Executing 09_stored_procedures.sql batch 167.
[2026-07-24T19:39:25.097Z] Executing 09_stored_procedures.sql batch 168.
[2026-07-24T19:39:25.103Z] Executing 09_stored_procedures.sql batch 169.
[2026-07-24T19:39:25.108Z] Executing 09_stored_procedures.sql batch 170.
[2026-07-24T19:39:25.115Z] Executing 09_stored_procedures.sql batch 171.
[2026-07-24T19:39:25.123Z] Executing 09_stored_procedures.sql batch 172.
[2026-07-24T19:39:25.130Z] Executing 09_stored_procedures.sql batch 173.
[2026-07-24T19:39:25.136Z] Executing 09_stored_procedures.sql batch 174.
[2026-07-24T19:39:25.141Z] Executing 09_stored_procedures.sql batch 175.
[2026-07-24T19:39:25.147Z] Executing 09_stored_procedures.sql batch 176.
[2026-07-24T19:39:25.153Z] Executing 09_stored_procedures.sql batch 177.
[2026-07-24T19:39:25.158Z] Executing 09_stored_procedures.sql batch 178.
[2026-07-24T19:39:25.164Z] Executing 09_stored_procedures.sql batch 179.
[2026-07-24T19:39:25.169Z] Executing 09_stored_procedures.sql batch 180.
[2026-07-24T19:39:25.174Z] Executing 09_stored_procedures.sql batch 181.
[2026-07-24T19:39:25.180Z] Executing 09_stored_procedures.sql batch 182.
[2026-07-24T19:39:25.185Z] Executing 09_stored_procedures.sql batch 183.
[2026-07-24T19:39:25.190Z] Executing 09_stored_procedures.sql batch 184.
[2026-07-24T19:39:25.195Z] Executing 09_stored_procedures.sql batch 185.
[2026-07-24T19:39:25.201Z] Executing 09_stored_procedures.sql batch 186.
[2026-07-24T19:39:25.206Z] Executing 09_stored_procedures.sql batch 187.
[2026-07-24T19:39:25.212Z] Executing 09_stored_procedures.sql batch 188.
[2026-07-24T19:39:25.217Z] Executing 09_stored_procedures.sql batch 189.
[2026-07-24T19:39:25.221Z] Executing 09_stored_procedures.sql batch 190.
[2026-07-24T19:39:25.226Z] Executing 09_stored_procedures.sql batch 191.
[2026-07-24T19:39:25.231Z] Executing 09_stored_procedures.sql batch 192.
[2026-07-24T19:39:25.237Z] Executing 09_stored_procedures.sql batch 193.
[2026-07-24T19:39:25.243Z] Executing 09_stored_procedures.sql batch 194.
[2026-07-24T19:39:25.249Z] Executing 09_stored_procedures.sql batch 195.
[2026-07-24T19:39:25.256Z] Executing 09_stored_procedures.sql batch 196.
[2026-07-24T19:39:25.262Z] Executing 09_stored_procedures.sql batch 197.
[2026-07-24T19:39:25.267Z] Executing 09_stored_procedures.sql batch 198.
[2026-07-24T19:39:25.272Z] Executing 09_stored_procedures.sql batch 199.
[2026-07-24T19:39:25.278Z] Executing 09_stored_procedures.sql batch 200.
[2026-07-24T19:39:25.283Z] Executing 09_stored_procedures.sql batch 201.
[2026-07-24T19:39:25.288Z] Executing 09_stored_procedures.sql batch 202.
[2026-07-24T19:39:25.294Z] Executing 09_stored_procedures.sql batch 203.
[2026-07-24T19:39:25.300Z] Executing 09_stored_procedures.sql batch 204.
[2026-07-24T19:39:25.304Z] Executing 09_stored_procedures.sql batch 205.
[2026-07-24T19:39:25.308Z] Executing 09_stored_procedures.sql batch 206.
[2026-07-24T19:39:25.313Z] Executing 09_stored_procedures.sql batch 207.
[2026-07-24T19:39:25.318Z] Executing 09_stored_procedures.sql batch 208.
[2026-07-24T19:39:25.322Z] Executing 09_stored_procedures.sql batch 209.
[2026-07-24T19:39:25.326Z] Executing 09_stored_procedures.sql batch 210.
[2026-07-24T19:39:25.332Z] Executing 09_stored_procedures.sql batch 211.
[2026-07-24T19:39:25.337Z] Executing 09_stored_procedures.sql batch 212.
[2026-07-24T19:39:25.342Z] Executing 09_stored_procedures.sql batch 213.
[2026-07-24T19:39:25.347Z] Executing 09_stored_procedures.sql batch 214.
[2026-07-24T19:39:25.352Z] Executing 09_stored_procedures.sql batch 215.
[2026-07-24T19:39:25.357Z] Executing 09_stored_procedures.sql batch 216.
[2026-07-24T19:39:25.363Z] Executing 09_stored_procedures.sql batch 217.
[2026-07-24T19:39:25.367Z] Executing 09_stored_procedures.sql batch 218.
[2026-07-24T19:39:25.372Z] Executing 09_stored_procedures.sql batch 219.
[2026-07-24T19:39:25.377Z] Executing 09_stored_procedures.sql batch 220.
[2026-07-24T19:39:25.382Z] Executing 09_stored_procedures.sql batch 221.
[2026-07-24T19:39:25.387Z] Executing 09_stored_procedures.sql batch 222.
[2026-07-24T19:39:25.390Z] Executing 09_stored_procedures.sql batch 223.
[2026-07-24T19:39:25.396Z] Executing 09_stored_procedures.sql batch 224.
[2026-07-24T19:39:25.400Z] Skipping 09_stored_procedures.sql batch 225: legacy procedure GetModuleIDbyKey references removed schema objects.
[2026-07-24T19:39:25.401Z] Skipping 09_stored_procedures.sql batch 226: legacy procedure GetModulesByPortal references removed schema objects.
[2026-07-24T19:39:25.403Z] Executing 09_stored_procedures.sql batch 227.
[2026-07-24T19:39:25.407Z] Executing 09_stored_procedures.sql batch 228.
[2026-07-24T19:39:25.412Z] Executing 09_stored_procedures.sql batch 229.
[2026-07-24T19:39:25.416Z] Executing 09_stored_procedures.sql batch 230.
[2026-07-24T19:39:25.420Z] Executing 09_stored_procedures.sql batch 231.
[2026-07-24T19:39:25.424Z] Executing 09_stored_procedures.sql batch 232.
[2026-07-24T19:39:25.429Z] Executing 09_stored_procedures.sql batch 233.
[2026-07-24T19:39:25.434Z] Skipping 09_stored_procedures.sql batch 234: legacy procedure GetPortalIDbyKey references removed schema objects.
[2026-07-24T19:39:25.436Z] Executing 09_stored_procedures.sql batch 235.
[2026-07-24T19:39:25.440Z] Executing 09_stored_procedures.sql batch 236.
[2026-07-24T19:39:25.444Z] Executing 09_stored_procedures.sql batch 237.
[2026-07-24T19:39:25.449Z] Executing 09_stored_procedures.sql batch 238.
[2026-07-24T19:39:25.454Z] Executing 09_stored_procedures.sql batch 239.
[2026-07-24T19:39:25.458Z] Executing 09_stored_procedures.sql batch 240.
[2026-07-24T19:39:25.463Z] Executing 09_stored_procedures.sql batch 241.
[2026-07-24T19:39:25.468Z] Executing 09_stored_procedures.sql batch 242.
[2026-07-24T19:39:25.472Z] Executing 09_stored_procedures.sql batch 243.
[2026-07-24T19:39:25.477Z] Executing 09_stored_procedures.sql batch 244.
[2026-07-24T19:39:25.482Z] Executing 09_stored_procedures.sql batch 245.
[2026-07-24T19:39:25.486Z] Executing 09_stored_procedures.sql batch 246.
[2026-07-24T19:39:25.490Z] Executing 09_stored_procedures.sql batch 247.
[2026-07-24T19:39:25.495Z] Executing 09_stored_procedures.sql batch 248.
[2026-07-24T19:39:25.499Z] Executing 09_stored_procedures.sql batch 249.
[2026-07-24T19:39:25.503Z] Executing 09_stored_procedures.sql batch 250.
[2026-07-24T19:39:25.507Z] Executing 09_stored_procedures.sql batch 251.
[2026-07-24T19:39:25.513Z] Executing 09_stored_procedures.sql batch 252.
[2026-07-24T19:39:25.518Z] Executing 09_stored_procedures.sql batch 253.
[2026-07-24T19:39:25.522Z] Executing 09_stored_procedures.sql batch 254.
[2026-07-24T19:39:25.527Z] Executing 09_stored_procedures.sql batch 255.
[2026-07-24T19:39:25.532Z] Executing 09_stored_procedures.sql batch 256.
[2026-07-24T19:39:25.536Z] Executing 09_stored_procedures.sql batch 257.
[2026-07-24T19:39:25.542Z] Executing 09_stored_procedures.sql batch 258.
[2026-07-24T19:39:25.549Z] Executing 09_stored_procedures.sql batch 259.
[2026-07-24T19:39:25.554Z] Skipping 09_stored_procedures.sql batch 260: legacy procedure GetUserIDbyKey references removed schema objects.
[2026-07-24T19:39:25.556Z] Executing 09_stored_procedures.sql batch 261.
[2026-07-24T19:39:25.562Z] Executing 09_stored_procedures.sql batch 262.
[2026-07-24T19:39:25.567Z] Executing 09_stored_procedures.sql batch 263.
[2026-07-24T19:39:25.573Z] Executing 09_stored_procedures.sql batch 264.
[2026-07-24T19:39:25.580Z] Executing 09_stored_procedures.sql batch 265.
[2026-07-24T19:39:25.585Z] Executing 09_stored_procedures.sql batch 266.
[2026-07-24T19:39:25.590Z] Executing 09_stored_procedures.sql batch 267.
[2026-07-24T19:39:25.596Z] Executing 09_stored_procedures.sql batch 268.
[2026-07-24T19:39:25.601Z] Executing 09_stored_procedures.sql batch 269.
[2026-07-24T19:39:25.606Z] Executing 09_stored_procedures.sql batch 270.
[2026-07-24T19:39:25.611Z] Executing 09_stored_procedures.sql batch 271.
[2026-07-24T19:39:25.618Z] Executing 09_stored_procedures.sql batch 272.
[2026-07-24T19:39:25.627Z] Executing 09_stored_procedures.sql batch 273.
[2026-07-24T19:39:25.636Z] Executing 09_stored_procedures.sql batch 274.
[2026-07-24T19:39:25.644Z] Executing 09_stored_procedures.sql batch 275.
[2026-07-24T19:39:25.650Z] Skipping 09_stored_procedures.sql batch 276: legacy procedure RemoveModuleFromPortal references removed schema objects.
[2026-07-24T19:39:25.653Z] Executing 09_stored_procedures.sql batch 277.
[2026-07-24T19:39:25.658Z] Executing 09_stored_procedures.sql batch 278.
[2026-07-24T19:39:25.665Z] Executing 09_stored_procedures.sql batch 279.
[2026-07-24T19:39:25.669Z] Executing 09_stored_procedures.sql batch 280.
[2026-07-24T19:39:25.674Z] Executing 09_stored_procedures.sql batch 281.
[2026-07-24T19:39:25.681Z] Executing 09_stored_procedures.sql batch 282.
[2026-07-24T19:39:25.686Z] Executing 09_stored_procedures.sql batch 283.
[2026-07-24T19:39:25.691Z] Executing 09_stored_procedures.sql batch 284.
[2026-07-24T19:39:25.697Z] Executing 09_stored_procedures.sql batch 285.
[2026-07-24T19:39:25.702Z] Executing 09_stored_procedures.sql batch 286.
[2026-07-24T19:39:25.707Z] Executing 09_stored_procedures.sql batch 287.
[2026-07-24T19:39:25.713Z] Executing 09_stored_procedures.sql batch 288.
[2026-07-24T19:39:25.718Z] Executing 09_stored_procedures.sql batch 289.
[2026-07-24T19:39:25.724Z] Executing 09_stored_procedures.sql batch 290.
[2026-07-24T19:39:25.731Z] Executing 09_stored_procedures.sql batch 291.
[2026-07-24T19:39:25.737Z] Executing 09_stored_procedures.sql batch 292.
[2026-07-24T19:39:25.742Z] Executing 09_stored_procedures.sql batch 293.
[2026-07-24T19:39:25.748Z] Executing 09_stored_procedures.sql batch 294.
[2026-07-24T19:39:25.753Z] Executing 09_stored_procedures.sql batch 295.
[2026-07-24T19:39:25.758Z] Executing 09_stored_procedures.sql batch 296.
[2026-07-24T19:39:25.765Z] Executing 09_stored_procedures.sql batch 297.
[2026-07-24T19:39:25.771Z] Executing 09_stored_procedures.sql batch 298.
[2026-07-24T19:39:25.778Z] Executing 09_stored_procedures.sql batch 299.
[2026-07-24T19:39:25.784Z] Executing 09_stored_procedures.sql batch 300.
[2026-07-24T19:39:25.790Z] Executing 09_stored_procedures.sql batch 301.
[2026-07-24T19:39:25.797Z] Executing 09_stored_procedures.sql batch 302.
[2026-07-24T19:39:25.803Z] Executing 09_stored_procedures.sql batch 303.
[2026-07-24T19:39:25.808Z] Executing 09_stored_procedures.sql batch 304.
[2026-07-24T19:39:25.814Z] Executing 09_stored_procedures.sql batch 305.
[2026-07-24T19:39:25.819Z] Executing 09_stored_procedures.sql batch 306.
[2026-07-24T19:39:25.825Z] Executing 09_stored_procedures.sql batch 307.
[2026-07-24T19:39:25.831Z] Executing 09_stored_procedures.sql batch 308.
[2026-07-24T19:39:25.836Z] Executing 09_stored_procedures.sql batch 309.
[2026-07-24T19:39:25.842Z] Executing 09_stored_procedures.sql batch 310.
[2026-07-24T19:39:25.848Z] Executing 09_stored_procedures.sql batch 311.
[2026-07-24T19:39:25.853Z] Executing 09_stored_procedures.sql batch 312.
[2026-07-24T19:39:25.859Z] Executing 09_stored_procedures.sql batch 313.
[2026-07-24T19:39:25.864Z] Executing 09_stored_procedures.sql batch 314.
[2026-07-24T19:39:25.870Z] Executing 09_stored_procedures.sql batch 315.
[2026-07-24T19:39:25.875Z] Executing 09_stored_procedures.sql batch 316.
[2026-07-24T19:39:25.880Z] Executing 09_stored_procedures.sql batch 317.
[2026-07-24T19:39:25.886Z] Executing 09_stored_procedures.sql batch 318.
[2026-07-24T19:39:25.891Z] Executing 09_stored_procedures.sql batch 319.
[2026-07-24T19:39:25.898Z] Executing 09_stored_procedures.sql batch 320.
[2026-07-24T19:39:25.903Z] Executing 09_stored_procedures.sql batch 321.
[2026-07-24T19:39:25.908Z] Executing 09_stored_procedures.sql batch 322.
[2026-07-24T19:39:25.914Z] Executing 09_stored_procedures.sql batch 323.
[2026-07-24T19:39:25.920Z] Executing 09_stored_procedures.sql batch 324.
[2026-07-24T19:39:25.925Z] Executing 09_stored_procedures.sql batch 325.
[2026-07-24T19:39:25.931Z] Executing 09_stored_procedures.sql batch 326.
[2026-07-24T19:39:25.936Z] Executing 09_stored_procedures.sql batch 327.
[2026-07-24T19:39:25.942Z] Executing 09_stored_procedures.sql batch 328.
[2026-07-24T19:39:25.951Z] Executing 09_stored_procedures.sql batch 329.
[2026-07-24T19:39:25.957Z] Executing 09_stored_procedures.sql batch 330.
[2026-07-24T19:39:25.963Z] Executing 09_stored_procedures.sql batch 331.
[2026-07-24T19:39:25.968Z] Skipping 09_stored_procedures.sql batch 332: legacy procedure UpdateUserProviderProfileDataField references removed schema objects.
[2026-07-24T19:39:25.970Z] Executing 09_stored_procedures.sql batch 333.
[2026-07-24T19:39:25.978Z] Executing 09_stored_procedures.sql batch 334.
[2026-07-24T19:39:25.983Z] Executing 09_stored_procedures.sql batch 335.
[2026-07-24T19:39:25.989Z] Executing 09_stored_procedures.sql batch 336.
[2026-07-24T19:39:25.995Z] Executing 09_stored_procedures.sql batch 337.
[2026-07-24T19:39:26.001Z] Executing 09_stored_procedures.sql batch 338.
[2026-07-24T19:39:26.006Z] Executing 09_stored_procedures.sql batch 339.
[2026-07-24T19:39:26.012Z] Executing 09_stored_procedures.sql batch 340.
[2026-07-24T19:39:26.018Z] Executing 09_stored_procedures.sql batch 341.
[2026-07-24T19:39:26.024Z] Executing 09_stored_procedures.sql batch 342.
[2026-07-24T19:39:26.030Z] Executing 09_stored_procedures.sql batch 343.
[2026-07-24T19:39:26.035Z] Executing 09_stored_procedures.sql batch 344.
[2026-07-24T19:39:26.040Z] Executing 09_stored_procedures.sql batch 345.
[2026-07-24T19:39:26.046Z] Executing 09_stored_procedures.sql batch 346.
[2026-07-24T19:39:26.051Z] Executing 09_stored_procedures.sql batch 347.
[2026-07-24T19:39:26.057Z] Executing 09_stored_procedures.sql batch 348.
[2026-07-24T19:39:26.063Z] Executing 09_stored_procedures.sql batch 349.
[2026-07-24T19:39:26.068Z] Executing 09_stored_procedures.sql batch 350.
[2026-07-24T19:39:26.073Z] Executing 09_stored_procedures.sql batch 351.
[2026-07-24T19:39:26.080Z] Executing 09_stored_procedures.sql batch 352.
[2026-07-24T19:39:26.085Z] Executing 09_stored_procedures.sql batch 353.
[2026-07-24T19:39:26.092Z] Executing 09_stored_procedures.sql batch 354.
[2026-07-24T19:39:26.097Z] Executing 09_stored_procedures.sql batch 355.
[2026-07-24T19:39:26.104Z] Executing 09_stored_procedures.sql batch 356.
[2026-07-24T19:39:26.110Z] Executing 09_stored_procedures.sql batch 357.
[2026-07-24T19:39:26.115Z] Executing 09_stored_procedures.sql batch 358.
[2026-07-24T19:39:26.125Z] Executing 10_triggers.sql batch 1.
[2026-07-24T19:39:26.130Z] Executing 10_triggers.sql batch 2.
[2026-07-24T19:39:26.137Z] Executing 10_triggers.sql batch 3.
[2026-07-24T19:39:26.143Z] Executing 10_triggers.sql batch 4.
[2026-07-24T19:39:26.150Z] Executing 10_triggers.sql batch 5.
[2026-07-24T19:39:26.156Z] Executing 10_triggers.sql batch 6.
[2026-07-24T19:39:26.165Z] Executing 10_triggers.sql batch 7.
[2026-07-24T19:39:26.176Z] Executing seed/001_Payments.Provider.sql batch 1.
[2026-07-24T19:39:26.180Z] Executing seed/001_Payments.Provider.sql batch 2.
[2026-07-24T19:39:26.190Z] Executing seed/002_Payments.Webhook.sql batch 1.
[2026-07-24T19:39:26.195Z] Executing seed/002_Payments.Webhook.sql batch 2.
[2026-07-24T19:39:26.205Z] Executing seed/003_dbo.AspNetRoles.sql batch 1.
[2026-07-24T19:39:26.209Z] Executing seed/003_dbo.AspNetRoles.sql batch 2.
[2026-07-24T19:39:26.219Z] Executing seed/004_dbo.AspNetUsers.sql batch 1.
[2026-07-24T19:39:26.223Z] Executing seed/004_dbo.AspNetUsers.sql batch 2.
[2026-07-24T19:39:26.235Z] Executing seed/005_dbo.DyForm.sql batch 1.
[2026-07-24T19:39:26.239Z] Executing seed/005_dbo.DyForm.sql batch 2.
[2026-07-24T19:39:26.249Z] Executing seed/006_dbo.DyFormDataSourceDefinition.sql batch 1.
[2026-07-24T19:39:26.253Z] Executing seed/006_dbo.DyFormDataSourceDefinition.sql batch 2.
[2026-07-24T19:39:26.263Z] Executing seed/007_dbo.DyFormDomainType.sql batch 1.
[2026-07-24T19:39:26.267Z] Executing seed/007_dbo.DyFormDomainType.sql batch 2.
[2026-07-24T19:39:26.275Z] Executing seed/008_dbo.DyFormFieldType.sql batch 1.
[2026-07-24T19:39:26.279Z] Executing seed/008_dbo.DyFormFieldType.sql batch 2.
[2026-07-24T19:39:26.288Z] Executing seed/009_dbo.DyFormResolverContext.sql batch 1.
[2026-07-24T19:39:26.292Z] Executing seed/009_dbo.DyFormResolverContext.sql batch 2.
[2026-07-24T19:39:26.301Z] Executing seed/010_dbo.DyFormResolverType.sql batch 1.
[2026-07-24T19:39:26.305Z] Executing seed/010_dbo.DyFormResolverType.sql batch 2.
[2026-07-24T19:39:26.316Z] Executing seed/011_dbo.DyFormRuleSyntax.sql batch 1.
[2026-07-24T19:39:26.321Z] Executing seed/011_dbo.DyFormRuleSyntax.sql batch 2.
[2026-07-24T19:39:26.333Z] Executing seed/012_dbo.DyFormRuleType.sql batch 1.
[2026-07-24T19:39:26.338Z] Executing seed/012_dbo.DyFormRuleType.sql batch 2.
[2026-07-24T19:39:26.350Z] Executing seed/013_dbo.DyFormSection.sql batch 1.
[2026-07-24T19:39:26.355Z] Executing seed/013_dbo.DyFormSection.sql batch 2.
[2026-07-24T19:39:26.366Z] Executing seed/014_dbo.DyFormViewModelDefinition.sql batch 1.
[2026-07-24T19:39:26.370Z] Executing seed/014_dbo.DyFormViewModelDefinition.sql batch 2.
[2026-07-24T19:39:26.384Z] Executing seed/015_dbo.ISO6391_Languages.sql batch 1.
[2026-07-24T19:39:26.389Z] Executing seed/015_dbo.ISO6391_Languages.sql batch 2.
[2026-07-24T19:39:26.417Z] Executing seed/016_dbo.LayoutTypes.sql batch 1.
[2026-07-24T19:39:26.421Z] Executing seed/016_dbo.LayoutTypes.sql batch 2.
[2026-07-24T19:39:26.431Z] Executing seed/017_dbo.OwnerTypes.sql batch 1.
[2026-07-24T19:39:26.434Z] Executing seed/017_dbo.OwnerTypes.sql batch 2.
[2026-07-24T19:39:26.443Z] Executing seed/018_dbo.Portals.sql batch 1.
[2026-07-24T19:39:26.447Z] Executing seed/018_dbo.Portals.sql batch 2.
[2026-07-24T19:39:26.455Z] Executing seed/019_dbo.ProfileProviders.sql batch 1.
[2026-07-24T19:39:26.459Z] Executing seed/019_dbo.ProfileProviders.sql batch 2.
[2026-07-24T19:39:26.468Z] Executing seed/020_dbo.ProtosDataModelDefinition.sql batch 1.
[2026-07-24T19:39:26.472Z] Executing seed/020_dbo.ProtosDataModelDefinition.sql batch 2.
[2026-07-24T19:39:26.480Z] Executing seed/021_dbo.ProtosTargetType.sql batch 1.
[2026-07-24T19:39:26.484Z] Executing seed/021_dbo.ProtosTargetType.sql batch 2.
[2026-07-24T19:39:26.493Z] Executing seed/022_dbo.ProtosTemplate.sql batch 1.
[2026-07-24T19:39:26.497Z] Executing seed/022_dbo.ProtosTemplate.sql batch 2.
[2026-07-24T19:39:26.512Z] Executing seed/023_dbo.ProtosTemplateStatus.sql batch 1.
[2026-07-24T19:39:26.516Z] Executing seed/023_dbo.ProtosTemplateStatus.sql batch 2.
[2026-07-24T19:39:26.525Z] Executing seed/024_dbo.ProviderProfileFieldType.sql batch 1.
[2026-07-24T19:39:26.529Z] Executing seed/024_dbo.ProviderProfileFieldType.sql batch 2.
[2026-07-24T19:39:26.539Z] Executing seed/025_dbo.ResolverTypes.sql batch 1.
[2026-07-24T19:39:26.543Z] Executing seed/025_dbo.ResolverTypes.sql batch 2.
[2026-07-24T19:39:26.554Z] Executing seed/026_dbo.Resolvers.sql batch 1.
[2026-07-24T19:39:26.558Z] Executing seed/026_dbo.Resolvers.sql batch 2.
[2026-07-24T19:39:26.569Z] Executing seed/027_dbo.StateProvinces.sql batch 1.
[2026-07-24T19:39:26.572Z] Executing seed/027_dbo.StateProvinces.sql batch 2.
[2026-07-24T19:39:26.586Z] Executing seed/028_dbo.StyledTypes.sql batch 1.
[2026-07-24T19:39:26.590Z] Executing seed/028_dbo.StyledTypes.sql batch 2.
[2026-07-24T19:39:26.606Z] Executing seed/029_dbo.SystemFileTypes.sql batch 1.
[2026-07-24T19:39:26.611Z] Executing seed/029_dbo.SystemFileTypes.sql batch 2.
[2026-07-24T19:39:26.618Z] Executing seed/030_dbo.SystemLogs.sql batch 1.
[2026-07-24T19:39:26.622Z] Executing seed/030_dbo.SystemLogs.sql batch 2.
[2026-07-24T19:39:26.641Z] Executing seed/031_dbo.SystemValueTypes.sql batch 1.
[2026-07-24T19:39:26.645Z] Executing seed/031_dbo.SystemValueTypes.sql batch 2.
[2026-07-24T19:39:26.654Z] Executing seed/032_dbo.ThemeDefinitions.sql batch 1.
[2026-07-24T19:39:26.659Z] Executing seed/032_dbo.ThemeDefinitions.sql batch 2.
[2026-07-24T19:39:26.667Z] Executing seed/033_Payments.Intent.sql batch 1.
[2026-07-24T19:39:26.671Z] Executing seed/033_Payments.Intent.sql batch 2.
[2026-07-24T19:39:26.677Z] Executing seed/034_Payments.ProviderSecret.sql batch 1.
[2026-07-24T19:39:26.680Z] Executing seed/034_Payments.ProviderSecret.sql batch 2.
[2026-07-24T19:39:26.689Z] Executing seed/035_dbo.API_Owners.sql batch 1.
[2026-07-24T19:39:26.693Z] Executing seed/035_dbo.API_Owners.sql batch 2.
[2026-07-24T19:39:26.705Z] Executing seed/036_dbo.Address.sql batch 1.
[2026-07-24T19:39:26.709Z] Executing seed/036_dbo.Address.sql batch 2.
[2026-07-24T19:39:26.722Z] Executing seed/037_dbo.AspNetUserClaims.sql batch 1.
[2026-07-24T19:39:26.725Z] Executing seed/037_dbo.AspNetUserClaims.sql batch 2.
[2026-07-24T19:39:26.732Z] Executing seed/038_dbo.AspNetUserLogins.sql batch 1.
[2026-07-24T19:39:26.735Z] Executing seed/038_dbo.AspNetUserLogins.sql batch 2.
[2026-07-24T19:39:26.742Z] Executing seed/039_dbo.AspNetUserRoles.sql batch 1.
[2026-07-24T19:39:26.746Z] Executing seed/039_dbo.AspNetUserRoles.sql batch 2.
[2026-07-24T19:39:26.754Z] Executing seed/040_dbo.AspNetUserTokens.sql batch 1.
[2026-07-24T19:39:26.758Z] Executing seed/040_dbo.AspNetUserTokens.sql batch 2.
[2026-07-24T19:39:26.765Z] Executing seed/041_dbo.BankAccounts.sql batch 1.
[2026-07-24T19:39:26.769Z] Executing seed/041_dbo.BankAccounts.sql batch 2.
[2026-07-24T19:39:26.775Z] Executing seed/042_dbo.CustomerProfile_Providers.sql batch 1.
[2026-07-24T19:39:26.779Z] Executing seed/042_dbo.CustomerProfile_Providers.sql batch 2.
[2026-07-24T19:39:26.786Z] Executing seed/043_dbo.DyFormDomains.sql batch 1.
[2026-07-24T19:39:26.789Z] Executing seed/043_dbo.DyFormDomains.sql batch 2.
[2026-07-24T19:39:26.798Z] Executing seed/044_dbo.DyFormExpression.sql batch 1.
[2026-07-24T19:39:26.802Z] Executing seed/044_dbo.DyFormExpression.sql batch 2.
[2026-07-24T19:39:26.810Z] Executing seed/045_dbo.DyFormFieldRule.sql batch 1.
[2026-07-24T19:39:26.814Z] Executing seed/045_dbo.DyFormFieldRule.sql batch 2.
[2026-07-24T19:39:26.820Z] Executing seed/046_dbo.DyFormSectionResolvers.sql batch 1.
[2026-07-24T19:39:26.823Z] Executing seed/046_dbo.DyFormSectionResolvers.sql batch 2.
[2026-07-24T19:39:26.830Z] Executing seed/047_dbo.DyFormSections.sql batch 1.
[2026-07-24T19:39:26.833Z] Executing seed/047_dbo.DyFormSections.sql batch 2.
[2026-07-24T19:39:26.864Z] ERROR in seed/047_dbo.DyFormSections.sql batch 2: The INSERT statement conflicted with the FOREIGN KEY SAME TABLE constraint "FK_DyFormSections_Parent". The conflict occurred in database "skylynx_install_probe", table "dbo.DyFormSections", column 'FormSectionID'.
[2026-07-24T19:39:27.062Z] Transaction rolled back.
[2026-07-24T19:39:27.064Z] SQL connection closed.
