[2026-07-24T19:35:08.904Z] Install started for core database skylynx_install_probe on host.docker.internal:1433.
[2026-07-24T19:35:08.905Z] Schema files: 01_schemas.sql, 02_types.sql, 03_tables.sql, 04_constraints.sql, 05_relationships.sql, 06_indexes.sql, 07_functions.sql, 08_views.sql, 09_stored_procedures.sql, 10_triggers.sql
[2026-07-24T19:35:08.907Z] Seed files: 001_Payments.Provider.sql, 002_Payments.Webhook.sql, 003_dbo.AspNetRoles.sql, 004_dbo.AspNetUsers.sql, 005_dbo.DyForm.sql, 006_dbo.DyFormDataSourceDefinition.sql, 007_dbo.DyFormDomainType.sql, 008_dbo.DyFormFieldType.sql, 009_dbo.DyFormResolverContext.sql, 010_dbo.DyFormResolverType.sql, 011_dbo.DyFormRuleSyntax.sql, 012_dbo.DyFormRuleType.sql, 013_dbo.DyFormSection.sql, 014_dbo.DyFormViewModelDefinition.sql, 015_dbo.ISO6391_Languages.sql, 016_dbo.LayoutTypes.sql, 017_dbo.OwnerTypes.sql, 018_dbo.Portals.sql, 019_dbo.ProfileProviders.sql, 020_dbo.ProtosDataModelDefinition.sql, 021_dbo.ProtosTargetType.sql, 022_dbo.ProtosTemplate.sql, 023_dbo.ProtosTemplateStatus.sql, 024_dbo.ProviderProfileFieldType.sql, 025_dbo.ResolverTypes.sql, 026_dbo.Resolvers.sql, 027_dbo.StateProvinces.sql, 028_dbo.StyledTypes.sql, 029_dbo.SystemFileTypes.sql, 030_dbo.SystemLogs.sql, 031_dbo.SystemValueTypes.sql, 032_dbo.ThemeDefinitions.sql, 033_Payments.Intent.sql, 034_Payments.ProviderSecret.sql, 035_dbo.API_Owners.sql, 036_dbo.Address.sql, 037_dbo.AspNetUserClaims.sql, 038_dbo.AspNetUserLogins.sql, 039_dbo.AspNetUserRoles.sql, 040_dbo.AspNetUserTokens.sql, 041_dbo.BankAccounts.sql, 042_dbo.CustomerProfile_Providers.sql, 043_dbo.DyFormDomains.sql, 044_dbo.DyFormExpression.sql, 045_dbo.DyFormFieldRule.sql, 046_dbo.DyFormSectionResolvers.sql, 047_dbo.DyFormSections.sql, 048_dbo.DyFormViewModelLineage.sql, 049_dbo.Layouts.sql, 050_dbo.Modules.sql, 051_dbo.PageDefinition.sql, 052_dbo.PaymentMethods.sql, 053_dbo.PortalOwners.sql, 054_dbo.PortalProfileProviders.sql, 055_dbo.PortalRoles.sql, 056_dbo.ProtosTemplateVersion.sql, 057_dbo.ProviderProfileFields.sql, 058_dbo.SubscriptionPlans.sql, 059_Payments.TargetLink.sql, 060_Payments.Txn.sql, 061_dbo.API_KEYS.sql, 062_dbo.DefaultUserRoles.sql, 063_dbo.DyFormDomainValues.sql, 064_dbo.DyFormField.sql, 065_dbo.DyFormRuleDefinition.sql, 066_dbo.PortalPageModules.sql, 067_dbo.ProtosTemplateLineage.sql, 068_dbo.ProtosTemplateLink.sql, 069_dbo.ProtosTemplateTree.sql, 070_dbo.SettingKeys.sql, 071_dbo.SkyLynxConfig_PackagedModules.sql, 072_dbo.Transactions.sql, 073_dbo.UserProfiles.sql, 074_dbo.UserProviderProfiles.sql, 075_dbo.DyFormFieldSectionDefinition.sql, 076_dbo.DyFormRuleTarget.sql, 077_dbo.GlobalModuleSettings.sql, 078_dbo.GlobalPortalSettings.sql, 079_dbo.ModuleSettings.sql, 080_dbo.PortalSettings.sql, 081_dbo.ProtosViewModelDefinition.sql, 082_dbo.SkyLynxConfig_PackagedManifest.sql
[2026-07-24T19:35:08.934Z] Transaction started.
[2026-07-24T19:35:08.939Z] Executing 01_schemas.sql batch 1.
[2026-07-24T19:35:08.943Z] Executing 01_schemas.sql batch 2.
[2026-07-24T19:35:08.949Z] Executing 02_types.sql batch 1.
[2026-07-24T19:35:08.953Z] Executing 02_types.sql batch 2.
[2026-07-24T19:35:08.958Z] Executing 02_types.sql batch 3.
[2026-07-24T19:35:08.963Z] Executing 02_types.sql batch 4.
[2026-07-24T19:35:08.970Z] Executing 02_types.sql batch 5.
[2026-07-24T19:35:08.978Z] Executing 03_tables.sql batch 1.
[2026-07-24T19:35:08.982Z] Executing 03_tables.sql batch 2.
[2026-07-24T19:35:08.989Z] Executing 03_tables.sql batch 3.
[2026-07-24T19:35:08.996Z] Executing 03_tables.sql batch 4.
[2026-07-24T19:35:09.002Z] Executing 03_tables.sql batch 5.
[2026-07-24T19:35:09.007Z] Executing 03_tables.sql batch 6.
[2026-07-24T19:35:09.012Z] Executing 03_tables.sql batch 7.
[2026-07-24T19:35:09.017Z] Executing 03_tables.sql batch 8.
[2026-07-24T19:35:09.022Z] Executing 03_tables.sql batch 9.
[2026-07-24T19:35:09.030Z] Executing 03_tables.sql batch 10.
[2026-07-24T19:35:09.036Z] Executing 03_tables.sql batch 11.
[2026-07-24T19:35:09.043Z] Executing 03_tables.sql batch 12.
[2026-07-24T19:35:09.050Z] Executing 03_tables.sql batch 13.
[2026-07-24T19:35:09.056Z] Executing 03_tables.sql batch 14.
[2026-07-24T19:35:09.062Z] Executing 03_tables.sql batch 15.
[2026-07-24T19:35:09.070Z] Executing 03_tables.sql batch 16.
[2026-07-24T19:35:09.077Z] Executing 03_tables.sql batch 17.
[2026-07-24T19:35:09.084Z] Executing 03_tables.sql batch 18.
[2026-07-24T19:35:09.092Z] Executing 03_tables.sql batch 19.
[2026-07-24T19:35:09.098Z] Executing 03_tables.sql batch 20.
[2026-07-24T19:35:09.104Z] Executing 03_tables.sql batch 21.
[2026-07-24T19:35:09.112Z] Executing 03_tables.sql batch 22.
[2026-07-24T19:35:09.120Z] Executing 03_tables.sql batch 23.
[2026-07-24T19:35:09.126Z] Executing 03_tables.sql batch 24.
[2026-07-24T19:35:09.132Z] Executing 03_tables.sql batch 25.
[2026-07-24T19:35:09.138Z] Executing 03_tables.sql batch 26.
[2026-07-24T19:35:09.144Z] Executing 03_tables.sql batch 27.
[2026-07-24T19:35:09.152Z] Executing 03_tables.sql batch 28.
[2026-07-24T19:35:09.158Z] Executing 03_tables.sql batch 29.
[2026-07-24T19:35:09.163Z] Executing 03_tables.sql batch 30.
[2026-07-24T19:35:09.170Z] Executing 03_tables.sql batch 31.
[2026-07-24T19:35:09.176Z] Executing 03_tables.sql batch 32.
[2026-07-24T19:35:09.181Z] Executing 03_tables.sql batch 33.
[2026-07-24T19:35:09.187Z] Executing 03_tables.sql batch 34.
[2026-07-24T19:35:09.192Z] Executing 03_tables.sql batch 35.
[2026-07-24T19:35:09.198Z] Executing 03_tables.sql batch 36.
[2026-07-24T19:35:09.203Z] Executing 03_tables.sql batch 37.
[2026-07-24T19:35:09.208Z] Executing 03_tables.sql batch 38.
[2026-07-24T19:35:09.215Z] Executing 03_tables.sql batch 39.
[2026-07-24T19:35:09.221Z] Executing 03_tables.sql batch 40.
[2026-07-24T19:35:09.226Z] Executing 03_tables.sql batch 41.
[2026-07-24T19:35:09.231Z] Executing 03_tables.sql batch 42.
[2026-07-24T19:35:09.237Z] Executing 03_tables.sql batch 43.
[2026-07-24T19:35:09.243Z] Executing 03_tables.sql batch 44.
[2026-07-24T19:35:09.249Z] Executing 03_tables.sql batch 45.
[2026-07-24T19:35:09.255Z] Executing 03_tables.sql batch 46.
[2026-07-24T19:35:09.260Z] Executing 03_tables.sql batch 47.
[2026-07-24T19:35:09.266Z] Executing 03_tables.sql batch 48.
[2026-07-24T19:35:09.272Z] Executing 03_tables.sql batch 49.
[2026-07-24T19:35:09.277Z] Executing 03_tables.sql batch 50.
[2026-07-24T19:35:09.283Z] Executing 03_tables.sql batch 51.
[2026-07-24T19:35:09.289Z] Executing 03_tables.sql batch 52.
[2026-07-24T19:35:09.295Z] Executing 03_tables.sql batch 53.
[2026-07-24T19:35:09.301Z] Executing 03_tables.sql batch 54.
[2026-07-24T19:35:09.306Z] Executing 03_tables.sql batch 55.
[2026-07-24T19:35:09.311Z] Executing 03_tables.sql batch 56.
[2026-07-24T19:35:09.318Z] Executing 03_tables.sql batch 57.
[2026-07-24T19:35:09.324Z] Executing 03_tables.sql batch 58.
[2026-07-24T19:35:09.329Z] Executing 03_tables.sql batch 59.
[2026-07-24T19:35:09.335Z] Executing 03_tables.sql batch 60.
[2026-07-24T19:35:09.341Z] Executing 03_tables.sql batch 61.
[2026-07-24T19:35:09.346Z] Executing 03_tables.sql batch 62.
[2026-07-24T19:35:09.353Z] Executing 03_tables.sql batch 63.
[2026-07-24T19:35:09.358Z] Executing 03_tables.sql batch 64.
[2026-07-24T19:35:09.363Z] Executing 03_tables.sql batch 65.
[2026-07-24T19:35:09.368Z] Executing 03_tables.sql batch 66.
[2026-07-24T19:35:09.373Z] Executing 03_tables.sql batch 67.
[2026-07-24T19:35:09.379Z] Executing 03_tables.sql batch 68.
[2026-07-24T19:35:09.384Z] Executing 03_tables.sql batch 69.
[2026-07-24T19:35:09.389Z] Executing 03_tables.sql batch 70.
[2026-07-24T19:35:09.394Z] Executing 03_tables.sql batch 71.
[2026-07-24T19:35:09.400Z] Executing 03_tables.sql batch 72.
[2026-07-24T19:35:09.406Z] Executing 03_tables.sql batch 73.
[2026-07-24T19:35:09.411Z] Executing 03_tables.sql batch 74.
[2026-07-24T19:35:09.417Z] Executing 03_tables.sql batch 75.
[2026-07-24T19:35:09.423Z] Executing 03_tables.sql batch 76.
[2026-07-24T19:35:09.428Z] Executing 03_tables.sql batch 77.
[2026-07-24T19:35:09.434Z] Executing 03_tables.sql batch 78.
[2026-07-24T19:35:09.439Z] Executing 03_tables.sql batch 79.
[2026-07-24T19:35:09.444Z] Executing 03_tables.sql batch 80.
[2026-07-24T19:35:09.451Z] Executing 03_tables.sql batch 81.
[2026-07-24T19:35:09.456Z] Executing 03_tables.sql batch 82.
[2026-07-24T19:35:09.461Z] Executing 03_tables.sql batch 83.
[2026-07-24T19:35:09.471Z] Executing 04_constraints.sql batch 1.
[2026-07-24T19:35:09.475Z] Executing 04_constraints.sql batch 2.
[2026-07-24T19:35:09.486Z] Executing 04_constraints.sql batch 3.
[2026-07-24T19:35:09.497Z] Executing 04_constraints.sql batch 4.
[2026-07-24T19:35:09.509Z] Executing 04_constraints.sql batch 5.
[2026-07-24T19:35:09.520Z] Executing 04_constraints.sql batch 6.
[2026-07-24T19:35:09.533Z] Executing 04_constraints.sql batch 7.
[2026-07-24T19:35:09.544Z] Executing 04_constraints.sql batch 8.
[2026-07-24T19:35:09.557Z] Executing 04_constraints.sql batch 9.
[2026-07-24T19:35:09.569Z] Executing 04_constraints.sql batch 10.
[2026-07-24T19:35:09.580Z] Executing 04_constraints.sql batch 11.
[2026-07-24T19:35:09.592Z] Executing 04_constraints.sql batch 12.
[2026-07-24T19:35:09.604Z] Executing 04_constraints.sql batch 13.
[2026-07-24T19:35:09.615Z] Executing 04_constraints.sql batch 14.
[2026-07-24T19:35:09.627Z] Executing 04_constraints.sql batch 15.
[2026-07-24T19:35:09.639Z] Executing 04_constraints.sql batch 16.
[2026-07-24T19:35:09.652Z] Executing 04_constraints.sql batch 17.
[2026-07-24T19:35:09.665Z] Executing 04_constraints.sql batch 18.
[2026-07-24T19:35:09.676Z] Executing 04_constraints.sql batch 19.
[2026-07-24T19:35:09.689Z] Executing 04_constraints.sql batch 20.
[2026-07-24T19:35:09.703Z] Executing 04_constraints.sql batch 21.
[2026-07-24T19:35:09.715Z] Executing 04_constraints.sql batch 22.
[2026-07-24T19:35:09.728Z] Executing 04_constraints.sql batch 23.
[2026-07-24T19:35:09.740Z] Executing 04_constraints.sql batch 24.
[2026-07-24T19:35:09.753Z] Executing 04_constraints.sql batch 25.
[2026-07-24T19:35:09.766Z] Executing 04_constraints.sql batch 26.
[2026-07-24T19:35:09.780Z] Executing 04_constraints.sql batch 27.
[2026-07-24T19:35:09.792Z] Executing 04_constraints.sql batch 28.
[2026-07-24T19:35:09.805Z] Executing 04_constraints.sql batch 29.
[2026-07-24T19:35:09.817Z] Executing 04_constraints.sql batch 30.
[2026-07-24T19:35:09.830Z] Executing 04_constraints.sql batch 31.
[2026-07-24T19:35:09.842Z] Executing 04_constraints.sql batch 32.
[2026-07-24T19:35:09.854Z] Executing 04_constraints.sql batch 33.
[2026-07-24T19:35:09.866Z] Executing 04_constraints.sql batch 34.
[2026-07-24T19:35:09.877Z] Executing 04_constraints.sql batch 35.
[2026-07-24T19:35:09.888Z] Executing 04_constraints.sql batch 36.
[2026-07-24T19:35:09.898Z] Executing 04_constraints.sql batch 37.
[2026-07-24T19:35:09.919Z] Executing 04_constraints.sql batch 38.
[2026-07-24T19:35:09.930Z] Executing 04_constraints.sql batch 39.
[2026-07-24T19:35:09.940Z] Executing 04_constraints.sql batch 40.
[2026-07-24T19:35:09.950Z] Executing 04_constraints.sql batch 41.
[2026-07-24T19:35:09.960Z] Executing 04_constraints.sql batch 42.
[2026-07-24T19:35:09.972Z] Executing 04_constraints.sql batch 43.
[2026-07-24T19:35:09.983Z] Executing 04_constraints.sql batch 44.
[2026-07-24T19:35:09.994Z] Executing 04_constraints.sql batch 45.
[2026-07-24T19:35:10.007Z] Executing 04_constraints.sql batch 46.
[2026-07-24T19:35:10.020Z] Executing 04_constraints.sql batch 47.
[2026-07-24T19:35:10.031Z] Executing 04_constraints.sql batch 48.
[2026-07-24T19:35:10.043Z] Executing 04_constraints.sql batch 49.
[2026-07-24T19:35:10.055Z] Executing 04_constraints.sql batch 50.
[2026-07-24T19:35:10.066Z] Executing 04_constraints.sql batch 51.
[2026-07-24T19:35:10.077Z] Executing 04_constraints.sql batch 52.
[2026-07-24T19:35:10.089Z] Executing 04_constraints.sql batch 53.
[2026-07-24T19:35:10.102Z] Executing 04_constraints.sql batch 54.
[2026-07-24T19:35:10.113Z] Executing 04_constraints.sql batch 55.
[2026-07-24T19:35:10.125Z] Executing 04_constraints.sql batch 56.
[2026-07-24T19:35:10.137Z] Executing 04_constraints.sql batch 57.
[2026-07-24T19:35:10.149Z] Executing 04_constraints.sql batch 58.
[2026-07-24T19:35:10.162Z] Executing 04_constraints.sql batch 59.
[2026-07-24T19:35:10.174Z] Executing 04_constraints.sql batch 60.
[2026-07-24T19:35:10.188Z] Executing 04_constraints.sql batch 61.
[2026-07-24T19:35:10.200Z] Executing 04_constraints.sql batch 62.
[2026-07-24T19:35:10.213Z] Executing 04_constraints.sql batch 63.
[2026-07-24T19:35:10.227Z] Executing 04_constraints.sql batch 64.
[2026-07-24T19:35:10.240Z] Executing 04_constraints.sql batch 65.
[2026-07-24T19:35:10.254Z] Executing 04_constraints.sql batch 66.
[2026-07-24T19:35:10.268Z] Executing 04_constraints.sql batch 67.
[2026-07-24T19:35:10.283Z] Executing 04_constraints.sql batch 68.
[2026-07-24T19:35:10.296Z] Executing 04_constraints.sql batch 69.
[2026-07-24T19:35:10.309Z] Executing 04_constraints.sql batch 70.
[2026-07-24T19:35:10.322Z] Executing 04_constraints.sql batch 71.
[2026-07-24T19:35:10.335Z] Executing 04_constraints.sql batch 72.
[2026-07-24T19:35:10.350Z] Executing 04_constraints.sql batch 73.
[2026-07-24T19:35:10.362Z] Executing 04_constraints.sql batch 74.
[2026-07-24T19:35:10.376Z] Executing 04_constraints.sql batch 75.
[2026-07-24T19:35:10.390Z] Executing 04_constraints.sql batch 76.
[2026-07-24T19:35:10.404Z] Executing 04_constraints.sql batch 77.
[2026-07-24T19:35:10.419Z] Executing 04_constraints.sql batch 78.
[2026-07-24T19:35:10.431Z] Executing 04_constraints.sql batch 79.
[2026-07-24T19:35:10.444Z] Executing 04_constraints.sql batch 80.
[2026-07-24T19:35:10.457Z] Executing 04_constraints.sql batch 81.
[2026-07-24T19:35:10.469Z] Executing 04_constraints.sql batch 82.
[2026-07-24T19:35:10.482Z] Executing 04_constraints.sql batch 83.
[2026-07-24T19:35:10.494Z] Executing 04_constraints.sql batch 84.
[2026-07-24T19:35:10.508Z] Executing 04_constraints.sql batch 85.
[2026-07-24T19:35:10.522Z] Executing 04_constraints.sql batch 86.
[2026-07-24T19:35:10.535Z] Executing 04_constraints.sql batch 87.
[2026-07-24T19:35:10.549Z] Executing 04_constraints.sql batch 88.
[2026-07-24T19:35:10.563Z] Executing 04_constraints.sql batch 89.
[2026-07-24T19:35:10.576Z] Executing 04_constraints.sql batch 90.
[2026-07-24T19:35:10.591Z] Executing 04_constraints.sql batch 91.
[2026-07-24T19:35:10.609Z] Executing 04_constraints.sql batch 92.
[2026-07-24T19:35:10.630Z] Executing 04_constraints.sql batch 93.
[2026-07-24T19:35:10.651Z] Executing 04_constraints.sql batch 94.
[2026-07-24T19:35:10.673Z] Executing 04_constraints.sql batch 95.
[2026-07-24T19:35:10.692Z] Executing 04_constraints.sql batch 96.
[2026-07-24T19:35:10.713Z] Executing 04_constraints.sql batch 97.
[2026-07-24T19:35:10.733Z] Executing 04_constraints.sql batch 98.
[2026-07-24T19:35:10.754Z] Executing 04_constraints.sql batch 99.
[2026-07-24T19:35:10.772Z] Executing 04_constraints.sql batch 100.
[2026-07-24T19:35:10.790Z] Executing 04_constraints.sql batch 101.
[2026-07-24T19:35:10.806Z] Executing 04_constraints.sql batch 102.
[2026-07-24T19:35:10.823Z] Executing 04_constraints.sql batch 103.
[2026-07-24T19:35:10.839Z] Executing 04_constraints.sql batch 104.
[2026-07-24T19:35:10.853Z] Executing 04_constraints.sql batch 105.
[2026-07-24T19:35:10.866Z] Executing 04_constraints.sql batch 106.
[2026-07-24T19:35:10.878Z] Executing 04_constraints.sql batch 107.
[2026-07-24T19:35:10.890Z] Executing 04_constraints.sql batch 108.
[2026-07-24T19:35:10.901Z] Executing 04_constraints.sql batch 109.
[2026-07-24T19:35:10.910Z] Executing 04_constraints.sql batch 110.
[2026-07-24T19:35:10.920Z] Executing 04_constraints.sql batch 111.
[2026-07-24T19:35:10.929Z] Executing 04_constraints.sql batch 112.
[2026-07-24T19:35:10.938Z] Executing 04_constraints.sql batch 113.
[2026-07-24T19:35:10.947Z] Executing 04_constraints.sql batch 114.
[2026-07-24T19:35:10.956Z] Executing 04_constraints.sql batch 115.
[2026-07-24T19:35:10.965Z] Executing 04_constraints.sql batch 116.
[2026-07-24T19:35:10.974Z] Executing 04_constraints.sql batch 117.
[2026-07-24T19:35:10.986Z] Executing 05_relationships.sql batch 1.
[2026-07-24T19:35:10.990Z] Executing 05_relationships.sql batch 2.
[2026-07-24T19:35:11.000Z] Executing 05_relationships.sql batch 3.
[2026-07-24T19:35:11.011Z] Executing 05_relationships.sql batch 4.
[2026-07-24T19:35:11.021Z] Executing 05_relationships.sql batch 5.
[2026-07-24T19:35:11.032Z] Executing 05_relationships.sql batch 6.
[2026-07-24T19:35:11.043Z] Executing 05_relationships.sql batch 7.
[2026-07-24T19:35:11.055Z] Executing 05_relationships.sql batch 8.
[2026-07-24T19:35:11.066Z] Executing 05_relationships.sql batch 9.
[2026-07-24T19:35:11.077Z] Executing 05_relationships.sql batch 10.
[2026-07-24T19:35:11.087Z] Executing 05_relationships.sql batch 11.
[2026-07-24T19:35:11.097Z] Executing 05_relationships.sql batch 12.
[2026-07-24T19:35:11.106Z] Executing 05_relationships.sql batch 13.
[2026-07-24T19:35:11.116Z] Executing 05_relationships.sql batch 14.
[2026-07-24T19:35:11.125Z] Executing 05_relationships.sql batch 15.
[2026-07-24T19:35:11.135Z] Executing 05_relationships.sql batch 16.
[2026-07-24T19:35:11.143Z] Executing 05_relationships.sql batch 17.
[2026-07-24T19:35:11.153Z] Executing 05_relationships.sql batch 18.
[2026-07-24T19:35:11.163Z] Executing 05_relationships.sql batch 19.
[2026-07-24T19:35:11.173Z] Executing 05_relationships.sql batch 20.
[2026-07-24T19:35:11.183Z] Executing 05_relationships.sql batch 21.
[2026-07-24T19:35:11.194Z] Executing 05_relationships.sql batch 22.
[2026-07-24T19:35:11.206Z] Executing 05_relationships.sql batch 23.
[2026-07-24T19:35:11.220Z] Executing 05_relationships.sql batch 24.
[2026-07-24T19:35:11.235Z] Executing 05_relationships.sql batch 25.
[2026-07-24T19:35:11.253Z] Executing 05_relationships.sql batch 26.
[2026-07-24T19:35:11.269Z] Executing 05_relationships.sql batch 27.
[2026-07-24T19:35:11.286Z] Executing 05_relationships.sql batch 28.
[2026-07-24T19:35:11.299Z] Executing 05_relationships.sql batch 29.
[2026-07-24T19:35:11.313Z] Executing 05_relationships.sql batch 30.
[2026-07-24T19:35:11.325Z] Executing 05_relationships.sql batch 31.
[2026-07-24T19:35:11.336Z] Executing 05_relationships.sql batch 32.
[2026-07-24T19:35:11.346Z] Executing 05_relationships.sql batch 33.
[2026-07-24T19:35:11.356Z] Executing 05_relationships.sql batch 34.
[2026-07-24T19:35:11.366Z] Executing 05_relationships.sql batch 35.
[2026-07-24T19:35:11.375Z] Executing 05_relationships.sql batch 36.
[2026-07-24T19:35:11.385Z] Executing 05_relationships.sql batch 37.
[2026-07-24T19:35:11.395Z] Executing 05_relationships.sql batch 38.
[2026-07-24T19:35:11.404Z] Executing 05_relationships.sql batch 39.
[2026-07-24T19:35:11.414Z] Executing 05_relationships.sql batch 40.
[2026-07-24T19:35:11.423Z] Executing 05_relationships.sql batch 41.
[2026-07-24T19:35:11.433Z] Executing 05_relationships.sql batch 42.
[2026-07-24T19:35:11.442Z] Executing 05_relationships.sql batch 43.
[2026-07-24T19:35:11.452Z] Executing 05_relationships.sql batch 44.
[2026-07-24T19:35:11.460Z] Executing 05_relationships.sql batch 45.
[2026-07-24T19:35:11.470Z] Executing 05_relationships.sql batch 46.
[2026-07-24T19:35:11.479Z] Executing 05_relationships.sql batch 47.
[2026-07-24T19:35:11.489Z] Executing 05_relationships.sql batch 48.
[2026-07-24T19:35:11.499Z] Executing 05_relationships.sql batch 49.
[2026-07-24T19:35:11.508Z] Executing 05_relationships.sql batch 50.
[2026-07-24T19:35:11.518Z] Executing 05_relationships.sql batch 51.
[2026-07-24T19:35:11.528Z] Executing 05_relationships.sql batch 52.
[2026-07-24T19:35:11.538Z] Executing 05_relationships.sql batch 53.
[2026-07-24T19:35:11.548Z] Executing 05_relationships.sql batch 54.
[2026-07-24T19:35:11.558Z] Executing 05_relationships.sql batch 55.
[2026-07-24T19:35:11.569Z] Executing 05_relationships.sql batch 56.
[2026-07-24T19:35:11.578Z] Executing 05_relationships.sql batch 57.
[2026-07-24T19:35:11.589Z] Executing 05_relationships.sql batch 58.
[2026-07-24T19:35:11.599Z] Executing 05_relationships.sql batch 59.
[2026-07-24T19:35:11.609Z] Executing 05_relationships.sql batch 60.
[2026-07-24T19:35:11.618Z] Executing 05_relationships.sql batch 61.
[2026-07-24T19:35:11.627Z] Executing 05_relationships.sql batch 62.
[2026-07-24T19:35:11.638Z] Executing 05_relationships.sql batch 63.
[2026-07-24T19:35:11.648Z] Executing 05_relationships.sql batch 64.
[2026-07-24T19:35:11.658Z] Executing 05_relationships.sql batch 65.
[2026-07-24T19:35:11.670Z] Executing 05_relationships.sql batch 66.
[2026-07-24T19:35:11.679Z] Executing 05_relationships.sql batch 67.
[2026-07-24T19:35:11.689Z] Executing 05_relationships.sql batch 68.
[2026-07-24T19:35:11.700Z] Executing 05_relationships.sql batch 69.
[2026-07-24T19:35:11.709Z] Executing 05_relationships.sql batch 70.
[2026-07-24T19:35:11.719Z] Executing 05_relationships.sql batch 71.
[2026-07-24T19:35:11.729Z] Executing 05_relationships.sql batch 72.
[2026-07-24T19:35:11.739Z] Executing 05_relationships.sql batch 73.
[2026-07-24T19:35:11.748Z] Executing 05_relationships.sql batch 74.
[2026-07-24T19:35:11.757Z] Executing 05_relationships.sql batch 75.
[2026-07-24T19:35:11.767Z] Executing 05_relationships.sql batch 76.
[2026-07-24T19:35:11.775Z] Executing 05_relationships.sql batch 77.
[2026-07-24T19:35:11.785Z] Executing 05_relationships.sql batch 78.
[2026-07-24T19:35:11.794Z] Executing 05_relationships.sql batch 79.
[2026-07-24T19:35:11.804Z] Executing 05_relationships.sql batch 80.
[2026-07-24T19:35:11.813Z] Executing 05_relationships.sql batch 81.
[2026-07-24T19:35:11.822Z] Executing 05_relationships.sql batch 82.
[2026-07-24T19:35:11.832Z] Executing 05_relationships.sql batch 83.
[2026-07-24T19:35:11.841Z] Executing 05_relationships.sql batch 84.
[2026-07-24T19:35:11.851Z] Executing 05_relationships.sql batch 85.
[2026-07-24T19:35:11.860Z] Executing 05_relationships.sql batch 86.
[2026-07-24T19:35:11.869Z] Executing 05_relationships.sql batch 87.
[2026-07-24T19:35:11.879Z] Executing 05_relationships.sql batch 88.
[2026-07-24T19:35:11.898Z] Executing 05_relationships.sql batch 89.
[2026-07-24T19:35:11.915Z] Executing 05_relationships.sql batch 90.
[2026-07-24T19:35:11.933Z] Executing 05_relationships.sql batch 91.
[2026-07-24T19:35:11.948Z] Executing 05_relationships.sql batch 92.
[2026-07-24T19:35:11.964Z] Executing 05_relationships.sql batch 93.
[2026-07-24T19:35:11.977Z] Executing 05_relationships.sql batch 94.
[2026-07-24T19:35:11.988Z] Executing 05_relationships.sql batch 95.
[2026-07-24T19:35:12.001Z] Executing 06_indexes.sql batch 1.
[2026-07-24T19:35:12.004Z] Executing 06_indexes.sql batch 2.
[2026-07-24T19:35:12.021Z] Executing 06_indexes.sql batch 3.
[2026-07-24T19:35:12.031Z] Executing 06_indexes.sql batch 4.
[2026-07-24T19:35:12.041Z] Executing 06_indexes.sql batch 5.
[2026-07-24T19:35:12.051Z] Executing 06_indexes.sql batch 6.
[2026-07-24T19:35:12.060Z] Executing 06_indexes.sql batch 7.
[2026-07-24T19:35:12.071Z] Executing 06_indexes.sql batch 8.
[2026-07-24T19:35:12.081Z] Executing 06_indexes.sql batch 9.
[2026-07-24T19:35:12.090Z] Executing 06_indexes.sql batch 10.
[2026-07-24T19:35:12.100Z] Executing 06_indexes.sql batch 11.
[2026-07-24T19:35:12.108Z] Executing 06_indexes.sql batch 12.
[2026-07-24T19:35:12.125Z] Executing 07_functions.sql batch 1.
[2026-07-24T19:35:12.131Z] Executing 07_functions.sql batch 2.
[2026-07-24T19:35:12.137Z] Executing 07_functions.sql batch 3.
[2026-07-24T19:35:12.142Z] Executing 07_functions.sql batch 4.
[2026-07-24T19:35:12.147Z] Executing 07_functions.sql batch 5.
[2026-07-24T19:35:12.152Z] Executing 07_functions.sql batch 6.
[2026-07-24T19:35:12.156Z] Executing 07_functions.sql batch 7.
[2026-07-24T19:35:12.161Z] Executing 07_functions.sql batch 8.
[2026-07-24T19:35:12.166Z] Executing 07_functions.sql batch 9.
[2026-07-24T19:35:12.170Z] Executing 07_functions.sql batch 10.
[2026-07-24T19:35:12.174Z] Executing 07_functions.sql batch 11.
[2026-07-24T19:35:12.182Z] Executing 08_views.sql batch 1.
[2026-07-24T19:35:12.186Z] Executing 08_views.sql batch 2.
[2026-07-24T19:35:12.190Z] Executing 08_views.sql batch 3.
[2026-07-24T19:35:12.195Z] Executing 08_views.sql batch 4.
[2026-07-24T19:35:12.200Z] Skipping 08_views.sql batch 5: legacy view vw_DyForm_ActiveDomainsUsed does not match current DyForm schema.
[2026-07-24T19:35:12.201Z] Skipping 08_views.sql batch 6: legacy view vw_DyForm_CompleteFieldMap does not match current DyForm schema.
[2026-07-24T19:35:12.203Z] Executing 08_views.sql batch 7.
[2026-07-24T19:35:12.207Z] Skipping 08_views.sql batch 8: legacy view vw_DyForm_FieldExpressions does not match current DyForm schema.
[2026-07-24T19:35:12.209Z] Skipping 08_views.sql batch 9: legacy view vw_DyForm_FieldRules does not match current DyForm schema.
[2026-07-24T19:35:12.210Z] Executing 08_views.sql batch 10.
[2026-07-24T19:35:12.216Z] Executing 08_views.sql batch 11.
[2026-07-24T19:35:12.220Z] Skipping 08_views.sql batch 12: legacy view vw_DyForm_UnusedTypesOrDomains does not match current DyForm schema.
[2026-07-24T19:35:12.222Z] Executing 08_views.sql batch 13.
[2026-07-24T19:35:12.230Z] Executing 08_views.sql batch 14.
[2026-07-24T19:35:12.235Z] Executing 08_views.sql batch 15.
[2026-07-24T19:35:12.240Z] Executing 08_views.sql batch 16.
[2026-07-24T19:35:12.248Z] Executing 08_views.sql batch 17.
[2026-07-24T19:35:12.254Z] Skipping 08_views.sql batch 18: legacy view vw_PortalModules does not match current DyForm schema.
[2026-07-24T19:35:12.255Z] Executing 08_views.sql batch 19.
[2026-07-24T19:35:12.260Z] Executing 08_views.sql batch 20.
[2026-07-24T19:35:12.265Z] Executing 08_views.sql batch 21.
[2026-07-24T19:35:12.270Z] Executing 08_views.sql batch 22.
[2026-07-24T19:35:12.276Z] Executing 08_views.sql batch 23.
[2026-07-24T19:35:12.281Z] Executing 08_views.sql batch 24.
[2026-07-24T19:35:12.287Z] Executing 08_views.sql batch 25.
[2026-07-24T19:35:12.293Z] Executing 08_views.sql batch 26.
[2026-07-24T19:35:12.299Z] Executing 08_views.sql batch 27.
[2026-07-24T19:35:12.304Z] Executing 08_views.sql batch 28.
[2026-07-24T19:35:12.308Z] Executing 08_views.sql batch 29.
[2026-07-24T19:35:12.314Z] Executing 08_views.sql batch 30.
[2026-07-24T19:35:12.319Z] Executing 08_views.sql batch 31.
[2026-07-24T19:35:12.324Z] Executing 08_views.sql batch 32.
[2026-07-24T19:35:12.328Z] Executing 08_views.sql batch 33.
[2026-07-24T19:35:12.334Z] Executing 08_views.sql batch 34.
[2026-07-24T19:35:12.340Z] Executing 08_views.sql batch 35.
[2026-07-24T19:35:12.354Z] Executing 09_stored_procedures.sql batch 1.
[2026-07-24T19:35:12.358Z] Skipping 09_stored_procedures.sql batch 2: legacy procedure AssignModuleToPortal references removed schema objects.
[2026-07-24T19:35:12.361Z] Executing 09_stored_procedures.sql batch 3.
[2026-07-24T19:35:12.367Z] Executing 09_stored_procedures.sql batch 4.
[2026-07-24T19:35:12.372Z] Executing 09_stored_procedures.sql batch 5.
[2026-07-24T19:35:12.377Z] Executing 09_stored_procedures.sql batch 6.
[2026-07-24T19:35:12.383Z] Executing 09_stored_procedures.sql batch 7.
[2026-07-24T19:35:12.389Z] Executing 09_stored_procedures.sql batch 8.
[2026-07-24T19:35:12.396Z] Executing 09_stored_procedures.sql batch 9.
[2026-07-24T19:35:12.401Z] Executing 09_stored_procedures.sql batch 10.
[2026-07-24T19:35:12.406Z] Executing 09_stored_procedures.sql batch 11.
[2026-07-24T19:35:12.411Z] Executing 09_stored_procedures.sql batch 12.
[2026-07-24T19:35:12.417Z] Executing 09_stored_procedures.sql batch 13.
[2026-07-24T19:35:12.421Z] Executing 09_stored_procedures.sql batch 14.
[2026-07-24T19:35:12.426Z] Executing 09_stored_procedures.sql batch 15.
[2026-07-24T19:35:12.430Z] Executing 09_stored_procedures.sql batch 16.
[2026-07-24T19:35:12.434Z] Executing 09_stored_procedures.sql batch 17.
[2026-07-24T19:35:12.438Z] Executing 09_stored_procedures.sql batch 18.
[2026-07-24T19:35:12.444Z] Executing 09_stored_procedures.sql batch 19.
[2026-07-24T19:35:12.449Z] Executing 09_stored_procedures.sql batch 20.
[2026-07-24T19:35:12.454Z] Executing 09_stored_procedures.sql batch 21.
[2026-07-24T19:35:12.458Z] Executing 09_stored_procedures.sql batch 22.
[2026-07-24T19:35:12.463Z] Executing 09_stored_procedures.sql batch 23.
[2026-07-24T19:35:12.468Z] Executing 09_stored_procedures.sql batch 24.
[2026-07-24T19:35:12.472Z] Executing 09_stored_procedures.sql batch 25.
[2026-07-24T19:35:12.479Z] Executing 09_stored_procedures.sql batch 26.
[2026-07-24T19:35:12.485Z] Executing 09_stored_procedures.sql batch 27.
[2026-07-24T19:35:12.491Z] Executing 09_stored_procedures.sql batch 28.
[2026-07-24T19:35:12.496Z] Executing 09_stored_procedures.sql batch 29.
[2026-07-24T19:35:12.501Z] Executing 09_stored_procedures.sql batch 30.
[2026-07-24T19:35:12.506Z] Executing 09_stored_procedures.sql batch 31.
[2026-07-24T19:35:12.511Z] Executing 09_stored_procedures.sql batch 32.
[2026-07-24T19:35:12.517Z] Executing 09_stored_procedures.sql batch 33.
[2026-07-24T19:35:12.522Z] Executing 09_stored_procedures.sql batch 34.
[2026-07-24T19:35:12.526Z] Executing 09_stored_procedures.sql batch 35.
[2026-07-24T19:35:12.532Z] Executing 09_stored_procedures.sql batch 36.
[2026-07-24T19:35:12.537Z] Executing 09_stored_procedures.sql batch 37.
[2026-07-24T19:35:12.541Z] Executing 09_stored_procedures.sql batch 38.
[2026-07-24T19:35:12.546Z] Executing 09_stored_procedures.sql batch 39.
[2026-07-24T19:35:12.551Z] Executing 09_stored_procedures.sql batch 40.
[2026-07-24T19:35:12.555Z] Executing 09_stored_procedures.sql batch 41.
[2026-07-24T19:35:12.561Z] Executing 09_stored_procedures.sql batch 42.
[2026-07-24T19:35:12.566Z] Executing 09_stored_procedures.sql batch 43.
[2026-07-24T19:35:12.570Z] Executing 09_stored_procedures.sql batch 44.
[2026-07-24T19:35:12.575Z] Executing 09_stored_procedures.sql batch 45.
[2026-07-24T19:35:12.580Z] Executing 09_stored_procedures.sql batch 46.
[2026-07-24T19:35:12.584Z] Executing 09_stored_procedures.sql batch 47.
[2026-07-24T19:35:12.588Z] Executing 09_stored_procedures.sql batch 48.
[2026-07-24T19:35:12.593Z] Executing 09_stored_procedures.sql batch 49.
[2026-07-24T19:35:12.598Z] Executing 09_stored_procedures.sql batch 50.
[2026-07-24T19:35:12.603Z] Executing 09_stored_procedures.sql batch 51.
[2026-07-24T19:35:12.607Z] Executing 09_stored_procedures.sql batch 52.
[2026-07-24T19:35:12.621Z] Executing 09_stored_procedures.sql batch 53.
[2026-07-24T19:35:12.626Z] Executing 09_stored_procedures.sql batch 54.
[2026-07-24T19:35:12.631Z] Executing 09_stored_procedures.sql batch 55.
[2026-07-24T19:35:12.635Z] Executing 09_stored_procedures.sql batch 56.
[2026-07-24T19:35:12.639Z] Executing 09_stored_procedures.sql batch 57.
[2026-07-24T19:35:12.643Z] Executing 09_stored_procedures.sql batch 58.
[2026-07-24T19:35:12.648Z] Executing 09_stored_procedures.sql batch 59.
[2026-07-24T19:35:12.654Z] Executing 09_stored_procedures.sql batch 60.
[2026-07-24T19:35:12.658Z] Executing 09_stored_procedures.sql batch 61.
[2026-07-24T19:35:12.663Z] Executing 09_stored_procedures.sql batch 62.
[2026-07-24T19:35:12.667Z] Executing 09_stored_procedures.sql batch 63.
[2026-07-24T19:35:12.672Z] Executing 09_stored_procedures.sql batch 64.
[2026-07-24T19:35:12.677Z] Executing 09_stored_procedures.sql batch 65.
[2026-07-24T19:35:12.681Z] Executing 09_stored_procedures.sql batch 66.
[2026-07-24T19:35:12.689Z] Executing 09_stored_procedures.sql batch 67.
[2026-07-24T19:35:12.696Z] Executing 09_stored_procedures.sql batch 68.
[2026-07-24T19:35:12.701Z] Executing 09_stored_procedures.sql batch 69.
[2026-07-24T19:35:12.705Z] Executing 09_stored_procedures.sql batch 70.
[2026-07-24T19:35:12.710Z] Executing 09_stored_procedures.sql batch 71.
[2026-07-24T19:35:12.714Z] Executing 09_stored_procedures.sql batch 72.
[2026-07-24T19:35:12.719Z] Executing 09_stored_procedures.sql batch 73.
[2026-07-24T19:35:12.723Z] Executing 09_stored_procedures.sql batch 74.
[2026-07-24T19:35:12.728Z] Executing 09_stored_procedures.sql batch 75.
[2026-07-24T19:35:12.733Z] Executing 09_stored_procedures.sql batch 76.
[2026-07-24T19:35:12.737Z] Executing 09_stored_procedures.sql batch 77.
[2026-07-24T19:35:12.743Z] Executing 09_stored_procedures.sql batch 78.
[2026-07-24T19:35:12.750Z] Executing 09_stored_procedures.sql batch 79.
[2026-07-24T19:35:12.756Z] Executing 09_stored_procedures.sql batch 80.
[2026-07-24T19:35:12.761Z] Executing 09_stored_procedures.sql batch 81.
[2026-07-24T19:35:12.766Z] Executing 09_stored_procedures.sql batch 82.
[2026-07-24T19:35:12.770Z] Executing 09_stored_procedures.sql batch 83.
[2026-07-24T19:35:12.774Z] Executing 09_stored_procedures.sql batch 84.
[2026-07-24T19:35:12.780Z] Executing 09_stored_procedures.sql batch 85.
[2026-07-24T19:35:12.784Z] Executing 09_stored_procedures.sql batch 86.
[2026-07-24T19:35:12.788Z] Executing 09_stored_procedures.sql batch 87.
[2026-07-24T19:35:12.792Z] Executing 09_stored_procedures.sql batch 88.
[2026-07-24T19:35:12.798Z] Executing 09_stored_procedures.sql batch 89.
[2026-07-24T19:35:12.802Z] Executing 09_stored_procedures.sql batch 90.
[2026-07-24T19:35:12.806Z] Executing 09_stored_procedures.sql batch 91.
[2026-07-24T19:35:12.810Z] Executing 09_stored_procedures.sql batch 92.
[2026-07-24T19:35:12.817Z] Executing 09_stored_procedures.sql batch 93.
[2026-07-24T19:35:12.824Z] Executing 09_stored_procedures.sql batch 94.
[2026-07-24T19:35:12.832Z] Executing 09_stored_procedures.sql batch 95.
[2026-07-24T19:35:12.837Z] Executing 09_stored_procedures.sql batch 96.
[2026-07-24T19:35:12.843Z] Executing 09_stored_procedures.sql batch 97.
[2026-07-24T19:35:12.849Z] Executing 09_stored_procedures.sql batch 98.
[2026-07-24T19:35:12.855Z] Executing 09_stored_procedures.sql batch 99.
[2026-07-24T19:35:12.861Z] Executing 09_stored_procedures.sql batch 100.
[2026-07-24T19:35:12.867Z] Executing 09_stored_procedures.sql batch 101.
[2026-07-24T19:35:12.873Z] Executing 09_stored_procedures.sql batch 102.
[2026-07-24T19:35:12.880Z] Executing 09_stored_procedures.sql batch 103.
[2026-07-24T19:35:12.885Z] Executing 09_stored_procedures.sql batch 104.
[2026-07-24T19:35:12.891Z] Executing 09_stored_procedures.sql batch 105.
[2026-07-24T19:35:12.897Z] Executing 09_stored_procedures.sql batch 106.
[2026-07-24T19:35:12.903Z] Executing 09_stored_procedures.sql batch 107.
[2026-07-24T19:35:12.909Z] Executing 09_stored_procedures.sql batch 108.
[2026-07-24T19:35:12.914Z] Executing 09_stored_procedures.sql batch 109.
[2026-07-24T19:35:12.919Z] Executing 09_stored_procedures.sql batch 110.
[2026-07-24T19:35:12.924Z] Executing 09_stored_procedures.sql batch 111.
[2026-07-24T19:35:12.929Z] Executing 09_stored_procedures.sql batch 112.
[2026-07-24T19:35:12.935Z] Executing 09_stored_procedures.sql batch 113.
[2026-07-24T19:35:12.941Z] Executing 09_stored_procedures.sql batch 114.
[2026-07-24T19:35:12.948Z] Executing 09_stored_procedures.sql batch 115.
[2026-07-24T19:35:12.953Z] Executing 09_stored_procedures.sql batch 116.
[2026-07-24T19:35:12.958Z] Executing 09_stored_procedures.sql batch 117.
[2026-07-24T19:35:12.964Z] Executing 09_stored_procedures.sql batch 118.
[2026-07-24T19:35:12.969Z] Executing 09_stored_procedures.sql batch 119.
[2026-07-24T19:35:12.974Z] Executing 09_stored_procedures.sql batch 120.
[2026-07-24T19:35:12.979Z] Executing 09_stored_procedures.sql batch 121.
[2026-07-24T19:35:12.984Z] Executing 09_stored_procedures.sql batch 122.
[2026-07-24T19:35:12.988Z] Executing 09_stored_procedures.sql batch 123.
[2026-07-24T19:35:12.993Z] Executing 09_stored_procedures.sql batch 124.
[2026-07-24T19:35:12.998Z] Executing 09_stored_procedures.sql batch 125.
[2026-07-24T19:35:13.003Z] Executing 09_stored_procedures.sql batch 126.
[2026-07-24T19:35:13.007Z] Executing 09_stored_procedures.sql batch 127.
[2026-07-24T19:35:13.013Z] Executing 09_stored_procedures.sql batch 128.
[2026-07-24T19:35:13.018Z] Executing 09_stored_procedures.sql batch 129.
[2026-07-24T19:35:13.022Z] Executing 09_stored_procedures.sql batch 130.
[2026-07-24T19:35:13.026Z] Executing 09_stored_procedures.sql batch 131.
[2026-07-24T19:35:13.032Z] Executing 09_stored_procedures.sql batch 132.
[2026-07-24T19:35:13.036Z] Executing 09_stored_procedures.sql batch 133.
[2026-07-24T19:35:13.040Z] Executing 09_stored_procedures.sql batch 134.
[2026-07-24T19:35:13.045Z] Executing 09_stored_procedures.sql batch 135.
[2026-07-24T19:35:13.051Z] Skipping 09_stored_procedures.sql batch 136: legacy procedure GenerateApiKey references removed schema objects.
[2026-07-24T19:35:13.052Z] Executing 09_stored_procedures.sql batch 137.
[2026-07-24T19:35:13.057Z] Executing 09_stored_procedures.sql batch 138.
[2026-07-24T19:35:13.063Z] Executing 09_stored_procedures.sql batch 139.
[2026-07-24T19:35:13.067Z] Skipping 09_stored_procedures.sql batch 140: legacy procedure GetAllDyFormDFormDomainss references removed schema objects.
[2026-07-24T19:35:13.069Z] Skipping 09_stored_procedures.sql batch 141: legacy procedure GetAllDyFormDFormDomainValuess references removed schema objects.
[2026-07-24T19:35:13.070Z] Skipping 09_stored_procedures.sql batch 142: legacy procedure GetAllDyFormDFormFieldRules references removed schema objects.
[2026-07-24T19:35:13.072Z] Skipping 09_stored_procedures.sql batch 143: legacy procedure GetAllDyFormDFormFields references removed schema objects.
[2026-07-24T19:35:13.073Z] Skipping 09_stored_procedures.sql batch 144: legacy procedure GetAllDyFormDForms references removed schema objects.
[2026-07-24T19:35:13.075Z] Skipping 09_stored_procedures.sql batch 145: legacy procedure GetAllDyFormDFormSections references removed schema objects.
[2026-07-24T19:35:13.076Z] Executing 09_stored_procedures.sql batch 146.
[2026-07-24T19:35:13.081Z] Executing 09_stored_procedures.sql batch 147.
[2026-07-24T19:35:13.086Z] Executing 09_stored_procedures.sql batch 148.
[2026-07-24T19:35:13.090Z] Executing 09_stored_procedures.sql batch 149.
[2026-07-24T19:35:13.094Z] Executing 09_stored_procedures.sql batch 150.
[2026-07-24T19:35:13.099Z] Executing 09_stored_procedures.sql batch 151.
[2026-07-24T19:35:13.104Z] Executing 09_stored_procedures.sql batch 152.
[2026-07-24T19:35:13.109Z] Executing 09_stored_procedures.sql batch 153.
[2026-07-24T19:35:13.114Z] Executing 09_stored_procedures.sql batch 154.
[2026-07-24T19:35:13.119Z] Executing 09_stored_procedures.sql batch 155.
[2026-07-24T19:35:13.123Z] Executing 09_stored_procedures.sql batch 156.
[2026-07-24T19:35:13.128Z] Executing 09_stored_procedures.sql batch 157.
[2026-07-24T19:35:13.133Z] Executing 09_stored_procedures.sql batch 158.
[2026-07-24T19:35:13.137Z] Executing 09_stored_procedures.sql batch 159.
[2026-07-24T19:35:13.142Z] Executing 09_stored_procedures.sql batch 160.
[2026-07-24T19:35:13.147Z] Executing 09_stored_procedures.sql batch 161.
[2026-07-24T19:35:13.152Z] Executing 09_stored_procedures.sql batch 162.
[2026-07-24T19:35:13.156Z] Executing 09_stored_procedures.sql batch 163.
[2026-07-24T19:35:13.160Z] Executing 09_stored_procedures.sql batch 164.
[2026-07-24T19:35:13.165Z] Executing 09_stored_procedures.sql batch 165.
[2026-07-24T19:35:13.170Z] Executing 09_stored_procedures.sql batch 166.
[2026-07-24T19:35:13.174Z] Executing 09_stored_procedures.sql batch 167.
[2026-07-24T19:35:13.179Z] Executing 09_stored_procedures.sql batch 168.
[2026-07-24T19:35:13.184Z] Executing 09_stored_procedures.sql batch 169.
[2026-07-24T19:35:13.188Z] Executing 09_stored_procedures.sql batch 170.
[2026-07-24T19:35:13.192Z] Executing 09_stored_procedures.sql batch 171.
[2026-07-24T19:35:13.197Z] Executing 09_stored_procedures.sql batch 172.
[2026-07-24T19:35:13.201Z] Executing 09_stored_procedures.sql batch 173.
[2026-07-24T19:35:13.205Z] Executing 09_stored_procedures.sql batch 174.
[2026-07-24T19:35:13.209Z] Executing 09_stored_procedures.sql batch 175.
[2026-07-24T19:35:13.214Z] Executing 09_stored_procedures.sql batch 176.
[2026-07-24T19:35:13.218Z] Executing 09_stored_procedures.sql batch 177.
[2026-07-24T19:35:13.222Z] Executing 09_stored_procedures.sql batch 178.
[2026-07-24T19:35:13.226Z] Executing 09_stored_procedures.sql batch 179.
[2026-07-24T19:35:13.231Z] Executing 09_stored_procedures.sql batch 180.
[2026-07-24T19:35:13.235Z] Executing 09_stored_procedures.sql batch 181.
[2026-07-24T19:35:13.239Z] Executing 09_stored_procedures.sql batch 182.
[2026-07-24T19:35:13.244Z] Executing 09_stored_procedures.sql batch 183.
[2026-07-24T19:35:13.248Z] Executing 09_stored_procedures.sql batch 184.
[2026-07-24T19:35:13.252Z] Executing 09_stored_procedures.sql batch 185.
[2026-07-24T19:35:13.256Z] Executing 09_stored_procedures.sql batch 186.
[2026-07-24T19:35:13.260Z] Executing 09_stored_procedures.sql batch 187.
[2026-07-24T19:35:13.264Z] Executing 09_stored_procedures.sql batch 188.
[2026-07-24T19:35:13.268Z] Executing 09_stored_procedures.sql batch 189.
[2026-07-24T19:35:13.273Z] Executing 09_stored_procedures.sql batch 190.
[2026-07-24T19:35:13.277Z] Executing 09_stored_procedures.sql batch 191.
[2026-07-24T19:35:13.282Z] Executing 09_stored_procedures.sql batch 192.
[2026-07-24T19:35:13.287Z] Executing 09_stored_procedures.sql batch 193.
[2026-07-24T19:35:13.291Z] Executing 09_stored_procedures.sql batch 194.
[2026-07-24T19:35:13.296Z] Executing 09_stored_procedures.sql batch 195.
[2026-07-24T19:35:13.301Z] Executing 09_stored_procedures.sql batch 196.
[2026-07-24T19:35:13.305Z] Executing 09_stored_procedures.sql batch 197.
[2026-07-24T19:35:13.310Z] Executing 09_stored_procedures.sql batch 198.
[2026-07-24T19:35:13.314Z] Executing 09_stored_procedures.sql batch 199.
[2026-07-24T19:35:13.319Z] Executing 09_stored_procedures.sql batch 200.
[2026-07-24T19:35:13.324Z] Executing 09_stored_procedures.sql batch 201.
[2026-07-24T19:35:13.329Z] Executing 09_stored_procedures.sql batch 202.
[2026-07-24T19:35:13.334Z] Executing 09_stored_procedures.sql batch 203.
[2026-07-24T19:35:13.339Z] Executing 09_stored_procedures.sql batch 204.
[2026-07-24T19:35:13.346Z] Executing 09_stored_procedures.sql batch 205.
[2026-07-24T19:35:13.351Z] Executing 09_stored_procedures.sql batch 206.
[2026-07-24T19:35:13.356Z] Executing 09_stored_procedures.sql batch 207.
[2026-07-24T19:35:13.363Z] Executing 09_stored_procedures.sql batch 208.
[2026-07-24T19:35:13.369Z] Executing 09_stored_procedures.sql batch 209.
[2026-07-24T19:35:13.376Z] Executing 09_stored_procedures.sql batch 210.
[2026-07-24T19:35:13.382Z] Executing 09_stored_procedures.sql batch 211.
[2026-07-24T19:35:13.387Z] Executing 09_stored_procedures.sql batch 212.
[2026-07-24T19:35:13.392Z] Executing 09_stored_procedures.sql batch 213.
[2026-07-24T19:35:13.398Z] Executing 09_stored_procedures.sql batch 214.
[2026-07-24T19:35:13.404Z] Executing 09_stored_procedures.sql batch 215.
[2026-07-24T19:35:13.408Z] Executing 09_stored_procedures.sql batch 216.
[2026-07-24T19:35:13.415Z] Executing 09_stored_procedures.sql batch 217.
[2026-07-24T19:35:13.420Z] Executing 09_stored_procedures.sql batch 218.
[2026-07-24T19:35:13.425Z] Executing 09_stored_procedures.sql batch 219.
[2026-07-24T19:35:13.432Z] Executing 09_stored_procedures.sql batch 220.
[2026-07-24T19:35:13.438Z] Executing 09_stored_procedures.sql batch 221.
[2026-07-24T19:35:13.443Z] Executing 09_stored_procedures.sql batch 222.
[2026-07-24T19:35:13.448Z] Executing 09_stored_procedures.sql batch 223.
[2026-07-24T19:35:13.452Z] Executing 09_stored_procedures.sql batch 224.
[2026-07-24T19:35:13.456Z] Skipping 09_stored_procedures.sql batch 225: legacy procedure GetModuleIDbyKey references removed schema objects.
[2026-07-24T19:35:13.458Z] Skipping 09_stored_procedures.sql batch 226: legacy procedure GetModulesByPortal references removed schema objects.
[2026-07-24T19:35:13.460Z] Executing 09_stored_procedures.sql batch 227.
[2026-07-24T19:35:13.465Z] Executing 09_stored_procedures.sql batch 228.
[2026-07-24T19:35:13.470Z] Executing 09_stored_procedures.sql batch 229.
[2026-07-24T19:35:13.475Z] Executing 09_stored_procedures.sql batch 230.
[2026-07-24T19:35:13.480Z] Executing 09_stored_procedures.sql batch 231.
[2026-07-24T19:35:13.484Z] Executing 09_stored_procedures.sql batch 232.
[2026-07-24T19:35:13.488Z] Executing 09_stored_procedures.sql batch 233.
[2026-07-24T19:35:13.492Z] Skipping 09_stored_procedures.sql batch 234: legacy procedure GetPortalIDbyKey references removed schema objects.
[2026-07-24T19:35:13.494Z] Executing 09_stored_procedures.sql batch 235.
[2026-07-24T19:35:13.499Z] Executing 09_stored_procedures.sql batch 236.
[2026-07-24T19:35:13.503Z] Executing 09_stored_procedures.sql batch 237.
[2026-07-24T19:35:13.507Z] Executing 09_stored_procedures.sql batch 238.
[2026-07-24T19:35:13.512Z] Executing 09_stored_procedures.sql batch 239.
[2026-07-24T19:35:13.516Z] Executing 09_stored_procedures.sql batch 240.
[2026-07-24T19:35:13.521Z] Executing 09_stored_procedures.sql batch 241.
[2026-07-24T19:35:13.525Z] Executing 09_stored_procedures.sql batch 242.
[2026-07-24T19:35:13.531Z] Executing 09_stored_procedures.sql batch 243.
[2026-07-24T19:35:13.537Z] Executing 09_stored_procedures.sql batch 244.
[2026-07-24T19:35:13.541Z] Executing 09_stored_procedures.sql batch 245.
[2026-07-24T19:35:13.546Z] Executing 09_stored_procedures.sql batch 246.
[2026-07-24T19:35:13.550Z] Executing 09_stored_procedures.sql batch 247.
[2026-07-24T19:35:13.555Z] Executing 09_stored_procedures.sql batch 248.
[2026-07-24T19:35:13.559Z] Executing 09_stored_procedures.sql batch 249.
[2026-07-24T19:35:13.564Z] Executing 09_stored_procedures.sql batch 250.
[2026-07-24T19:35:13.568Z] Executing 09_stored_procedures.sql batch 251.
[2026-07-24T19:35:13.572Z] Executing 09_stored_procedures.sql batch 252.
[2026-07-24T19:35:13.576Z] Executing 09_stored_procedures.sql batch 253.
[2026-07-24T19:35:13.581Z] Executing 09_stored_procedures.sql batch 254.
[2026-07-24T19:35:13.586Z] Executing 09_stored_procedures.sql batch 255.
[2026-07-24T19:35:13.590Z] Executing 09_stored_procedures.sql batch 256.
[2026-07-24T19:35:13.596Z] Executing 09_stored_procedures.sql batch 257.
[2026-07-24T19:35:13.600Z] Executing 09_stored_procedures.sql batch 258.
[2026-07-24T19:35:13.604Z] Executing 09_stored_procedures.sql batch 259.
[2026-07-24T19:35:13.609Z] Skipping 09_stored_procedures.sql batch 260: legacy procedure GetUserIDbyKey references removed schema objects.
[2026-07-24T19:35:13.611Z] Executing 09_stored_procedures.sql batch 261.
[2026-07-24T19:35:13.616Z] Executing 09_stored_procedures.sql batch 262.
[2026-07-24T19:35:13.621Z] Executing 09_stored_procedures.sql batch 263.
[2026-07-24T19:35:13.625Z] ERROR in 09_stored_procedures.sql batch 263: Invalid column name 'PrimaryProviderID'.
[2026-07-24T19:35:13.796Z] Transaction rolled back.
[2026-07-24T19:35:13.799Z] SQL connection closed.
